06-23 11:41:53.580   235   235 I irsc_util: file_parser Number of element :3
06-23 11:41:53.580   235   235 I irsc_util: file_parser Number of element :3
06-23 11:41:53.580   235   235 I irsc_util: file_parser Number of element :3
06-23 11:41:53.580   235   235 I irsc_util: file_parser Number of element :3
06-23 11:41:53.580   235   235 I irsc_util: file_parser Number of element :3
06-23 11:41:53.580   235   235 I irsc_util: file_parser Number of element :3
06-23 11:41:53.580   235   235 I irsc_util: file_parser Number of element :3
06-23 11:41:53.580   235   235 I irsc_util: file_parser Number of element :3
06-23 11:41:53.580   235   235 I irsc_util: file_parser Number of element :3
06-23 11:41:53.580   235   235 I irsc_util: file_parser Number of element :3
06-23 11:41:53.580   235   235 I irsc_util: file_parser Number of element :3
06-23 11:41:53.580   235   235 I irsc_util: file_parser Number of element :3
06-23 11:41:53.580   235   235 I irsc_util: file_parser Number of element :3
06-23 11:41:53.580   235   235 I irsc_util: file_parser Number of element :3
06-23 11:41:53.580   235   235 I irsc_util: file_parser Number of element :3
06-23 11:41:53.580   235   235 I irsc_util: file_parser Number of element :3
06-23 11:41:53.580   235   235 I irsc_util: file_parser Number of element :3
06-23 11:41:53.580   235   235 I irsc_util: file_parser Number of element :3
06-23 11:41:53.580   235   235 I irsc_util: file_parser Number of element :3
06-23 11:41:53.580   235   235 I irsc_util: file_parser Number of element :3
06-23 11:41:53.580   235   235 I irsc_util: file_parser Number of element :3
06-23 11:41:53.580   235   235 I irsc_util: file_parser Number of element :3
06-23 11:41:53.580   235   235 I irsc_util: file_parser Number of element :3
06-23 11:41:53.580   235   235 I irsc_util: file_parser Number of element :3
06-23 11:41:53.580   235   235 I irsc_util: file_parser Number of element :3
06-23 11:41:53.580   235   235 I irsc_util: file_parser Number of element :3
06-23 11:41:53.580   235   235 I irsc_util: file_parser Number of element :3
06-23 11:41:53.580   235   235 I irsc_util: file_parser Number of element :3
06-23 11:41:53.580   235   235 I irsc_util: file_parser Number of element :3
06-23 11:41:53.580   235   235 I irsc_util: file_parser Number of element :3
06-23 11:41:53.580   235   235 I irsc_util: file_parser Number of element :3
06-23 11:41:53.580   235   235 I irsc_util: file_parser Number of element :3
06-23 11:41:53.580   235   235 I irsc_util: file_parser Number of element :3
06-23 11:41:53.580   235   235 I irsc_util: file_parser Number of element :3
06-23 11:41:53.580   235   235 I irsc_util: file_parser Number of element :3
06-23 11:41:53.580   235   235 I irsc_util: file_parser Number of element :3
06-23 11:41:53.580   235   235 I irsc_util: file_parser Number of element :3
06-23 11:41:53.580   235   235 I irsc_util: file_parser Number of element :3
06-23 11:41:53.580   235   235 I irsc_util: file_parser Number of element :3
06-23 11:41:53.580   235   235 I irsc_util: file_parser Number of element :3
06-23 11:41:53.580   235   235 I irsc_util: file_parser Number of element :3
06-23 11:41:53.580   235   235 I irsc_util: file_parser Number of element :3
06-23 11:41:53.580   235   235 I irsc_util: file_parser Number of element :3
06-23 11:41:53.580   235   235 I irsc_util: file_parser Number of element :3
06-23 11:41:53.580   235   235 I irsc_util: file_parser Number of element :3
06-23 11:41:53.580   235   235 I irsc_util: file_parser Number of element :3
06-23 11:41:53.580   235   235 I irsc_util: file_parser Number of element :3
06-23 11:41:53.580   235   235 I irsc_util: file_parser Number of element :3
06-23 11:41:53.580   235   235 I irsc_util: file_parser Number of element :3
06-23 11:41:53.580   235   235 I irsc_util: file_parser Number of element :3
06-23 11:41:53.580   235   235 I irsc_util: file_parser Number of element :3
06-23 11:41:53.580   235   235 I irsc_util: file_parser Number of element :3
06-23 11:41:53.580   235   235 I irsc_util: file_parser Number of element :3
06-23 11:41:53.580   235   235 I irsc_util: file_parser Number of element :3
06-23 11:41:53.580   235   235 I irsc_util: file_parser Number of element :3
06-23 11:41:53.580   235   235 I irsc_util: file_parser Number of element :3
06-23 11:41:53.580   235   235 I irsc_util: file_parser Number of element :3
06-23 11:41:53.580   235   235 I irsc_util: file_parser Number of element :3
06-23 11:41:53.580   235   235 I irsc_util: file_parser Number of element :3
06-23 11:41:53.580   235   235 I irsc_util: file_parser Number of element :3
06-23 11:41:53.580   235   235 I irsc_util: file_parser Number of element :3
06-23 11:41:53.580   235   235 I irsc_util: file_parser Number of element :3
06-23 11:41:53.580   235   235 I irsc_util: file_parser Number of element :3
06-23 11:41:53.580   235   235 I irsc_util: file_parser Number of element :3
06-23 11:41:53.580   235   235 I irsc_util: file_parser Number of element :3
06-23 11:41:53.580   235   235 I irsc_util: file_parser Number of element :3
06-23 11:41:53.580   235   235 I irsc_util: file_parser Number of element :3
06-23 11:41:53.580   235   235 I irsc_util: file_parser Number of element :3
06-23 11:41:53.580   235   235 I irsc_util: file_parser Number of element :3
06-23 11:41:53.580   235   235 I irsc_util: file_parser Number of element :3
06-23 11:41:53.580   235   235 I irsc_util: file_parser Number of element :3
06-23 11:41:53.580   235   235 I irsc_util: file_parser Number of element :3
06-23 11:41:53.580   235   235 I irsc_util: file_parser Number of element :3
06-23 11:41:53.580   235   235 I irsc_util: file_parser Number of element :3
06-23 11:41:53.580   235   235 I irsc_util: file_parser Number of element :3
06-23 11:41:53.580   235   235 I irsc_util: file_parser Number of element :3
06-23 11:41:53.580   235   235 I irsc_util: file_parser Number of element :3
06-23 11:41:53.580   235   235 I irsc_util: file_parser Number of element :3
06-23 11:41:53.580   235   235 I irsc_util: file_parser Number of element :3
06-23 11:41:53.580   235   235 I irsc_util: file_parser Number of element :3
06-23 11:41:53.580   235   235 I irsc_util: file_parser Number of element :3
06-23 11:41:53.580   235   235 I irsc_util: file_parser Number of element :3
06-23 11:41:53.580   235   235 I irsc_util: file_parser Number of element :3
06-23 11:41:53.580   235   235 I irsc_util: file_parser Number of element :3
06-23 11:41:53.580   235   235 I irsc_util: file_parser Number of element :3
06-23 11:41:53.580   235   235 I irsc_util: file_parser Number of element :3
06-23 11:41:53.580   235   235 I irsc_util: file_parser Number of element :3
06-23 11:41:53.580   235   235 I irsc_util: file_parser Number of element :3
06-23 11:41:53.580   235   235 I irsc_util: file_parser Number of element :3
06-23 11:41:53.580   235   235 I irsc_util: file_parser Number of element :3
06-23 11:41:53.580   235   235 I irsc_util: file_parser Number of element :3
06-23 11:41:53.580   235   235 I irsc_util: file_parser Number of element :3
06-23 11:41:53.580   235   235 I irsc_util: file_parser Number of element :3
06-23 11:41:53.580   235   235 I irsc_util: file_parser Number of element :3
06-23 11:41:53.580   235   235 I irsc_util: file_parser Number of element :3
06-23 11:41:53.580   235   235 I irsc_util: file_parser Number of element :3
06-23 11:41:53.580   235   235 I irsc_util: file_parser Number of element :3
06-23 11:41:53.580   235   235 I irsc_util: file_parser Number of element :3
06-23 11:41:53.580   235   235 I irsc_util: file_parser Number of element :3
06-23 11:41:53.580   235   235 I irsc_util: file_parser Number of element :3
06-23 11:41:53.580   235   235 I irsc_util: file_parser Number of element :3
06-23 11:41:53.580   235   235 I irsc_util: file_parser Number of element :3
06-23 11:41:53.580   235   235 I irsc_util: file_parser Number of element :3
06-23 11:41:53.580   235   235 I irsc_util: file_parser Number of element :3
06-23 11:41:53.580   235   235 I irsc_util: file_parser Number of element :3
06-23 11:41:53.580   235   235 I irsc_util: file_parser Number of element :3
06-23 11:41:53.580   235   235 I irsc_util: file_parser Number of element :3
06-23 11:41:53.580   235   235 I irsc_util: file_parser Number of element :3
06-23 11:41:53.580   235   235 I irsc_util: file_parser Number of element :3
06-23 11:41:53.580   235   235 I irsc_util: file_parser Number of element :3
06-23 11:41:53.580   235   235 I irsc_util: file_parser Number of element :3
06-23 11:41:53.580   235   235 I irsc_util: file_parser Number of element :3
06-23 11:41:53.580   235   235 I irsc_util: file_parser Number of element :3
06-23 11:41:53.580   235   235 I irsc_util: file_parser Number of element :3
06-23 11:41:53.580   235   235 I irsc_util: file_parser Number of element :3
06-23 11:41:53.580   235   235 I irsc_util: file_parser Number of element :3
06-23 11:41:53.580   235   235 I irsc_util: file_parser Number of element :3
06-23 11:41:53.580   235   235 I irsc_util: file_parser Number of element :3
06-23 11:41:53.580   235   235 I irsc_util: file_parser Number of element :3
06-23 11:41:53.580   235   235 I irsc_util: file_parser Number of element :3
06-23 11:41:53.580   235   235 I irsc_util: file_parser Number of element :3
06-23 11:41:53.580   235   235 I irsc_util: file_parser Number of element :3
06-23 11:41:53.580   235   235 I irsc_util: file_parser Number of element :3
06-23 11:41:53.580   235   235 I irsc_util: file_parser Number of element :3
06-23 11:41:53.580   235   235 I irsc_util: file_parser Number of element :3
06-23 11:41:53.580   235   235 I irsc_util: file_parser Number of element :3
06-23 11:41:53.580   235   235 I irsc_util: file_parser Number of element :3
06-23 11:41:53.580   235   235 I irsc_util: file_parser Number of element :3
06-23 11:41:53.580   235   235 I irsc_util: file_parser Number of element :3
06-23 11:41:53.580   235   235 I irsc_util: file_parser Number of element :3
06-23 11:41:53.580   235   235 I irsc_util: file_parser Number of element :3
06-23 11:41:53.580   235   235 I irsc_util: file_parser Number of element :3
06-23 11:41:53.580   235   235 I irsc_util: file_parser Number of element :3
06-23 11:41:53.580   235   235 I irsc_util: file_parser Number of element :3
06-23 11:41:53.580   235   235 I irsc_util: file_parser Number of element :3
06-23 11:41:53.580   235   235 I irsc_util: file_parser Number of element :3
06-23 11:41:53.580   235   235 I irsc_util: file_parser Number of element :3
06-23 11:41:53.580   235   235 I irsc_util: file_parser Number of element :3
06-23 11:41:53.580   235   235 I irsc_util: file_parser Number of element :3
06-23 11:41:53.580   235   235 I irsc_util: file_parser Number of element :3
06-23 11:41:53.580   235   235 I irsc_util: file_parser Number of element :3
06-23 11:41:53.580   235   235 I irsc_util: file_parser Number of element :3
06-23 11:41:53.580   235   235 I irsc_util: file_parser Number of element :3
06-23 11:41:53.580   235   235 I irsc_util: file_parser Number of element :3
06-23 11:41:53.580   235   235 I irsc_util: file_parser Number of element :3
06-23 11:41:53.580   235   235 I irsc_util: file_parser Number of element :3
06-23 11:41:53.580   235   235 I irsc_util: file_parser Number of element :3
06-23 11:41:53.580   235   235 I irsc_util: file_parser Number of element :3
06-23 11:41:53.580   235   235 I irsc_util: file_parser Number of element :3
06-23 11:41:53.580   235   235 I irsc_util: file_parser Number of element :3
06-23 11:41:53.580   235   235 I irsc_util: file_parser Number of element :3
06-23 11:41:53.580   235   235 I irsc_util: file_parser Number of element :3
06-23 11:41:53.580   235   235 I irsc_util: file_parser Number of element :3
06-23 11:41:53.580   235   235 I irsc_util: file_parser Number of element :3
06-23 11:41:53.580   235   235 I irsc_util: file_parser Number of element :3
06-23 11:41:53.580   235   235 I irsc_util: file_parser Number of element :3
06-23 11:41:53.580   235   235 I irsc_util: file_parser Number of element :3
06-23 11:41:53.580   235   235 I irsc_util: file_parser Number of element :3
06-23 11:41:53.580   235   235 I irsc_util: file_parser Number of element :3
06-23 11:41:53.580   235   235 I irsc_util: file_parser Number of element :3
06-23 11:41:53.580   235   235 I irsc_util: file_parser Number of element :3
06-23 11:41:53.580   235   235 I irsc_util: file_parser Number of element :3
06-23 11:41:53.580   235   235 I irsc_util: file_parser Number of element :3
06-23 11:41:53.580   235   235 I irsc_util: file_parser Number of element :3
06-23 11:41:53.580   235   235 I irsc_util: file_parser Number of element :3
06-23 11:41:53.580   235   235 I irsc_util: file_parser Number of element :3
06-23 11:41:53.580   235   235 I irsc_util: file_parser Number of element :3
06-23 11:41:53.580   235   235 I irsc_util: file_parser Number of element :3
06-23 11:41:53.580   235   235 I irsc_util: file_parser Number of element :3
06-23 11:41:53.580   235   235 I irsc_util: file_parser Number of element :3
06-23 11:41:53.580   235   235 I irsc_util: file_parser Number of element :3
06-23 11:41:53.580   235   235 I irsc_util: file_parser Number of element :3
06-23 11:41:53.580   235   235 I irsc_util: file_parser Number of element :3
06-23 11:41:53.580   235   235 I irsc_util: file_parser Number of element :3
06-23 11:41:53.580   235   235 I irsc_util: file_parser Number of element :3
06-23 11:41:53.580   235   235 I irsc_util: file_parser Number of element :3
06-23 11:41:53.580   235   235 I irsc_util: file_parser Number of element :3
06-23 11:41:53.580   235   235 I irsc_util: file_parser Number of element :3
06-23 11:41:53.580   235   235 I irsc_util: file_parser Number of element :3
06-23 11:41:53.580   235   235 I irsc_util: file_parser Number of element :3
06-23 11:41:53.580   235   235 I irsc_util: file_parser Number of element :3
06-23 11:41:53.580   235   235 I irsc_util: file_parser Number of element :3
06-23 11:41:53.580   235   235 I irsc_util: file_parser Number of element :3
06-23 11:41:53.580   235   235 I irsc_util: file_parser Number of element :3
06-23 11:41:53.580   235   235 I irsc_util: file_parser Number of element :3
06-23 11:41:53.580   235   235 I irsc_util: file_parser Number of element :3
06-23 11:41:53.580   235   235 I irsc_util: file_parser Number of element :3
06-23 11:41:53.580   235   235 I irsc_util: file_parser Number of element :3
06-23 11:41:53.580   235   235 I irsc_util: file_parser Number of element :3
06-23 11:41:53.587   240   240 V PrintK  : [    3.102302] 'opened /dev/adsprpc-smd c 243 0'
06-23 11:41:53.590   235   235 I irsc_util: file_parser Number of element :3
06-23 11:41:53.590   235   235 I irsc_util: file_parser Number of element :3
06-23 11:41:53.590   235   235 I irsc_util: file_parser Number of element :3
06-23 11:41:53.590   235   235 I irsc_util: file_parser Number of element :3
06-23 11:41:53.590   240   240 D adsprpc : vendor/qcom/proprietary/adsprpc/src/adsprpcd.c:21::info: passed: 0 == adsp_default_listener_register()
06-23 11:41:53.590   235   235 I irsc_util: file_parser Number of element :3
06-23 11:41:53.590   235   235 I irsc_util: file_parser Number of element :3
06-23 11:41:53.590   235   235 I irsc_util: file_parser Number of element :3
06-23 11:41:53.590   235   235 I irsc_util: file_parser Number of element :3
06-23 11:41:53.590   235   235 I irsc_util: file_parser Number of element :3
06-23 11:41:53.590   235   235 I irsc_util: file_parser Number of element :3
06-23 11:41:53.590   235   235 I irsc_util: file_parser Number of element :3
06-23 11:41:53.590   235   235 I irsc_util: file_parser Number of element :3
06-23 11:41:53.590   235   235 I irsc_util: file_parser Number of element :3
06-23 11:41:53.590   235   235 I irsc_util: file_parser Number of element :3
06-23 11:41:53.590   235   235 I irsc_util: file_parser Number of element :3
06-23 11:41:53.590   235   235 I irsc_util: file_parser Number of element :3
06-23 11:41:53.590   235   235 I irsc_util: file_parser Number of element :3
06-23 11:41:53.590   235   235 I irsc_util: file_parser Number of element :3
06-23 11:41:53.590   235   235 I irsc_util: file_parser Number of element :3
06-23 11:41:53.590   235   235 I irsc_util: file_parser Number of element :3
06-23 11:41:53.590   235   235 I irsc_util: file_parser Number of element :3
06-23 11:41:53.590   235   235 I irsc_util: file_parser Number of element :3
06-23 11:41:53.590   235   235 I irsc_util: file_parser Number of element :3
06-23 11:41:53.590   235   235 I irsc_util: file_parser Number of element :3
06-23 11:41:53.590   235   235 I irsc_util: file_parser Number of element :3
06-23 11:41:53.590   235   235 I irsc_util: file_parser Number of element :3
06-23 11:41:53.590   235   235 I irsc_util: file_parser Number of element :3
06-23 11:41:53.590   235   235 I irsc_util: file_parser Number of element :3
06-23 11:41:53.590   235   235 I irsc_util: file_parser Number of element :3
06-23 11:41:53.590   235   235 I irsc_util: file_parser Number of element :3
06-23 11:41:53.590   235   235 I irsc_util: file_parser Number of element :3
06-23 11:41:53.590   235   235 I irsc_util: file_parser Number of element :3
06-23 11:41:53.590   235   235 I irsc_util: file_parser Number of element :3
06-23 11:41:53.590   235   235 I irsc_util: file_parser Number of element :3
06-23 11:41:53.590   235   235 I irsc_util: file_parser Number of element :3
06-23 11:41:53.590   235   235 I irsc_util: file_parser Number of element :3
06-23 11:41:53.590   235   235 I irsc_util: file_parser Number of element :3
06-23 11:41:53.590   235   235 I irsc_util: file_parser Number of element :3
06-23 11:41:53.590   235   235 I irsc_util: file_parser Number of element :3
06-23 11:41:53.590   235   235 I irsc_util: file_parser Number of element :3
06-23 11:41:53.590   235   235 I irsc_util: file_parser Number of element :3
06-23 11:41:53.590   235   235 I irsc_util: file_parser Number of element :3
06-23 11:41:53.590   235   235 I irsc_util: file_parser Number of element :3
06-23 11:41:53.590   235   235 I irsc_util: file_parser Number of element :3
06-23 11:41:53.590   235   235 I irsc_util: file_parser Number of element :3
06-23 11:41:53.590   235   235 I irsc_util: file_parser Number of element :3
06-23 11:41:53.590   235   235 I irsc_util: file_parser Number of element :3
06-23 11:41:53.590   235   235 I irsc_util: file_parser Number of element :3
06-23 11:41:53.590   235   235 I irsc_util: file_parser Number of element :3
06-23 11:41:53.590   235   235 I irsc_util: file_parser Number of element :3
06-23 11:41:53.590   235   235 I irsc_util: file_parser Number of element :0
06-23 11:41:53.590   235   235 I irsc_util: file_parser Invalid Format or Comment - '/* IPC Security Config */
06-23 11:41:53.590   240   280 E adsprpc : vendor/qcom/proprietary/adsprpc/src/apps_std_imp.c:33:apps_std fopen failed: ./oemconfig.so No such file or directory
06-23 11:41:53.590   240   280 E adsprpc : vendor/qcom/proprietary/adsprpc/src/apps_std_imp.c:33:apps_std fopen failed: /system/lib/rfsa/adsp/./oemconfig.so No such file or directory
06-23 11:41:53.590   235   235 I irsc_util: '
06-23 11:41:53.590   235   235 I irsc_util: file_parser Number of element :0
06-23 11:41:53.590   235   235 I irsc_util: file_parser Invalid Format or Comment - '/* <GPS QMI Service ID - 16>:<GPS QMI Instance ID - all instances>:<Client Group ID> */
06-23 11:41:53.590   235   235 I irsc_util: '
06-23 11:41:53.590   235   235 I irsc_util: file_parser Number of element :4
06-23 11:41:53.590   235   235 I irsc_util: file_parser Number of element :0
06-23 11:41:53.590   235   235 I irsc_util: file_parser Invalid Format or Comment - '/* Allow SS CTL service to be used by system and net_raw processes */
06-23 11:41:53.590   235   235 I irsc_util: '
06-23 11:41:53.590   235   235 I irsc_util: file_parser Number of element :4
06-23 11:41:53.590   235   235 I irsc_util: file_parser Number of element :0
06-23 11:41:53.590   235   235 I irsc_util: file_parser Invalid Format or Comment - '/* Allow Sensor services to be used by sensor process */
06-23 11:41:53.590   235   235 I irsc_util: '
06-23 11:41:53.590   235   235 I irsc_util: file_parser Number of element :3
06-23 11:41:53.590   235   235 I irsc_util: file_parser Number of element :3
06-23 11:41:53.590   235   235 I irsc_util: file_parser Number of element :3
06-23 11:41:53.590   235   235 I irsc_util: file_parser Number of element :3
06-23 11:41:53.590   235   235 I irsc_util: file_parser Number of element :3
06-23 11:41:53.590   235   235 I irsc_util: file_parser Number of element :3
06-23 11:41:53.590   235   235 I irsc_util: file_parser Number of element :3
06-23 11:41:53.590   235   235 I irsc_util: file_parser Number of element :3
06-23 11:41:53.590   235   235 I irsc_util: file_parser Number of element :3
06-23 11:41:53.590   235   235 I irsc_util: file_parser Number of element :3
06-23 11:41:53.590   235   235 I irsc_util: file_parser Number of element :3
06-23 11:41:53.590   235   235 I irsc_util: file_parser Number of element :3
06-23 11:41:53.590   235   235 I irsc_util: file_parser Number of element :3
06-23 11:41:53.590   235   235 I irsc_util: file_parser Number of element :3
06-23 11:41:53.590   235   235 I irsc_util: file_parser Number of element :3
06-23 11:41:53.590   235   235 I irsc_util: file_parser Number of element :3
06-23 11:41:53.590   235   235 I irsc_util: file_parser Number of element :3
06-23 11:41:53.590   235   235 I irsc_util: file_parser Number of element :3
06-23 11:41:53.590   235   235 I irsc_util: file_parser Number of element :3
06-23 11:41:53.592    39    39 V PrintK  : [    3.106878] taiko-slim taiko-slim-pgd: wcd9xxx_slim_device_up: slim device up
06-23 11:41:53.598   148   148 V PrintK  : [    3.112884] taiko-slim taiko-slim-pgd: wcd9xxx_check_codec_type: detected taiko_codec, major 0x102, minor 0x1, ver 0x2
06-23 11:41:53.590   235   235 I irsc_util: file_parser Number of element :3
06-23 11:41:53.590   235   235 I irsc_util: file_parser Number of element :3
06-23 11:41:53.590   235   235 I irsc_util: file_parser Number of element :3
06-23 11:41:53.590   235   235 I irsc_util: file_parser Number of element :3
06-23 11:41:53.590   235   235 I irsc_util: file_parser Number of element :3
06-23 11:41:53.590   235   235 I irsc_util: file_parser Number of element :3
06-23 11:41:53.590   235   235 I irsc_util: file_parser Number of element :3
06-23 11:41:53.590   235   235 I irsc_util: file_parser Number of element :3
06-23 11:41:53.590   235   235 I irsc_util: file_parser Number of element :3
06-23 11:41:53.590   235   235 I irsc_util: file_parser Number of element :3
06-23 11:41:53.590   235   235 I irsc_util: file_parser Number of element :3
06-23 11:41:53.590   235   235 I irsc_util: file_parser Number of element :3
06-23 11:41:53.590   235   235 I irsc_util: file_parser Number of element :3
06-23 11:41:53.598   148   148 V PrintK  : [    3.112899] wcd9xxx_core_res_init: num_irqs = 31, num_irq_regs = 4
06-23 11:41:53.590   235   235 I irsc_util: file_parser Number of element :3
06-23 11:41:53.590   235   235 I irsc_util: file_parser Number of element :3
06-23 11:41:53.600   235   235 I irsc_util: file_parser Number of element :3
06-23 11:41:53.600   235   235 I irsc_util: file_parser Number of element :3
06-23 11:41:53.600   235   235 I irsc_util: file_parser Number of element :3
06-23 11:41:53.600   235   235 I irsc_util: file_parser Number of element :3
06-23 11:41:53.600   235   235 I irsc_util: file_parser Number of element :3
06-23 11:41:53.600   235   235 I irsc_util: file_parser Number of element :3
06-23 11:41:53.600   235   235 I irsc_util: file_parser Number of element :3
06-23 11:41:53.600   235   235 I irsc_util: file_parser Number of element :3
06-23 11:41:53.600   235   235 I irsc_util: file_parser Number of element :3
06-23 11:41:53.600   235   235 I irsc_util: file_parser Number of element :3
06-23 11:41:53.601   144   144 V PrintK  : [    3.116153] msm8974-asoc-taiko fe02c000.sound: msm8974_asoc_machine_probe(): hdmi audio support present
06-23 11:41:53.600   235   235 I irsc_util: file_parser Number of element :3
06-23 11:41:53.600   235   235 I irsc_util: file_parser Number of element :3
06-23 11:41:53.600   235   235 I irsc_util: file_parser Number of element :3
06-23 11:41:53.600   235   235 I irsc_util: file_parser Number of element :3
06-23 11:41:53.600   235   235 I irsc_util: file_parser Number of element :3
06-23 11:41:53.600   235   235 I irsc_util: file_parser Number of element :3
06-23 11:41:53.600   235   235 I irsc_util: file_parser Number of element :3
06-23 11:41:53.600   235   235 I irsc_util: file_parser Number of element :3
06-23 11:41:53.600   235   235 I irsc_util: file_parser Number of element :3
06-23 11:41:53.600   235   235 I irsc_util: file_parser Number of element :3
06-23 11:41:53.600   235   235 I irsc_util: file_parser Number of element :3
06-23 11:41:53.600   235   235 I irsc_util: file_parser Number of element :3
06-23 11:41:53.600   235   235 I irsc_util: file_parser Number of element :3
06-23 11:41:53.600   235   235 I irsc_util: file_parser Number of element :3
06-23 11:41:53.600   235   235 I irsc_util: file_parser Number of element :3
06-23 11:41:53.600   235   235 I irsc_util: file_parser Number of element :3
06-23 11:41:53.600   235   235 I irsc_util: file_parser Number of element :3
06-23 11:41:53.600   235   235 I irsc_util: file_parser Number of element :3
06-23 11:41:53.600   235   235 I irsc_util: file_parser Number of element :3
06-23 11:41:53.600   235   235 I irsc_util: file_parser Number of element :3
06-23 11:41:53.600   235   235 I irsc_util: file_parser Number of element :3
06-23 11:41:53.600   235   235 I irsc_util: file_parser Number of element :3
06-23 11:41:53.600   235   235 I irsc_util: file_parser Number of element :3
06-23 11:41:53.600   235   235 I irsc_util: file_parser Number of element :3
06-23 11:41:53.600   235   235 I irsc_util: file_parser Number of element :3
06-23 11:41:53.600   235   235 I irsc_util: file_parser Number of element :3
06-23 11:41:53.600   235   235 I irsc_util: file_parser Number of element :3
06-23 11:41:53.600   235   235 I irsc_util: file_parser Number of element :3
06-23 11:41:53.600   235   235 I irsc_util: file_parser Number of element :3
06-23 11:41:53.600   235   235 I irsc_util: file_parser Number of element :3
06-23 11:41:53.600   235   235 I irsc_util: file_parser Number of element :3
06-23 11:41:53.600   235   235 I irsc_util: file_parser Number of element :3
06-23 11:41:53.600   235   235 I irsc_util: file_parser Number of element :3
06-23 11:41:53.600   235   235 I irsc_util: file_parser Number of element :3
06-23 11:41:53.600   235   235 I irsc_util: file_parser Number of element :3
06-23 11:41:53.600   235   235 I irsc_util: file_parser Number of element :3
06-23 11:41:53.600   235   235 I irsc_util: file_parser Number of element :3
06-23 11:41:53.600   235   235 I irsc_util: file_parser Number of element :3
06-23 11:41:53.600   235   235 I irsc_util: file_parser Number of element :3
06-23 11:41:53.600   235   235 I irsc_util: file_parser Number of element :3
06-23 11:41:53.600   235   235 I irsc_util: file_parser Number of element :3
06-23 11:41:53.600   235   235 I irsc_util: file_parser Number of element :3
06-23 11:41:53.600   235   235 I irsc_util: file_parser Number of element :3
06-23 11:41:53.600   235   235 I irsc_util: file_parser Number of element :3
06-23 11:41:53.600   235   235 I irsc_util: file_parser Number of element :3
06-23 11:41:53.600   235   235 I irsc_util: file_parser Number of element :3
06-23 11:41:53.600   235   235 I irsc_util: file_parser Number of element :3
06-23 11:41:53.600   235   235 I irsc_util: file_parser Number of element :3
06-23 11:41:53.600   235   235 I irsc_util: file_parser Number of element :3
06-23 11:41:53.600   235   235 I irsc_util: file_parser Number of element :3
06-23 11:41:53.600   235   235 I irsc_util: file_parser Number of element :3
06-23 11:41:53.600   235   235 I irsc_util: file_parser Number of element :3
06-23 11:41:53.600   235   235 I irsc_util: file_parser Number of element :3
06-23 11:41:53.600   235   235 I irsc_util: file_parser Number of element :3
06-23 11:41:53.600   235   235 I irsc_util: file_parser Number of element :3
06-23 11:41:53.600   235   235 I irsc_util: file_parser Number of element :3
06-23 11:41:53.600   235   235 I irsc_util: file_parser Number of element :3
06-23 11:41:53.600   235   235 I irsc_util: file_parser Number of element :3
06-23 11:41:53.600   235   235 I irsc_util: file_parser Number of element :3
06-23 11:41:53.600   235   235 I irsc_util: file_parser Number of element :3
06-23 11:41:53.600   235   235 I irsc_util: file_parser Number of element :3
06-23 11:41:53.600   235   235 I irsc_util: file_parser Number of element :3
06-23 11:41:53.600   235   235 I irsc_util: file_parser Number of element :3
06-23 11:41:53.600   235   235 I irsc_util: file_parser Number of element :3
06-23 11:41:53.600   235   235 I irsc_util: file_parser Number of element :3
06-23 11:41:53.600   235   235 I irsc_util: file_parser Number of element :3
06-23 11:41:53.600   235   235 I irsc_util: file_parser Number of element :3
06-23 11:41:53.600   235   235 I irsc_util: file_parser Number of element :3
06-23 11:41:53.600   235   235 I irsc_util: file_parser Number of element :3
06-23 11:41:53.600   235   235 I irsc_util: file_parser Number of element :3
06-23 11:41:53.600   235   235 I irsc_util: file_parser Number of element :3
06-23 11:41:53.600   235   235 I irsc_util: file_parser Number of element :3
06-23 11:41:53.600   235   235 I irsc_util: file_parser Number of element :3
06-23 11:41:53.600   235   235 I irsc_util: file_parser Number of element :3
06-23 11:41:53.600   235   235 I irsc_util: file_parser Number of element :3
06-23 11:41:53.600   235   235 I irsc_util: file_parser Number of element :3
06-23 11:41:53.600   235   235 I irsc_util: file_parser Number of element :3
06-23 11:41:53.600   235   235 I irsc_util: file_parser Number of element :3
06-23 11:41:53.600   228   228 D installd: Upgrading to shared /data/media/obb
06-23 11:41:53.600   235   235 I irsc_util: file_parser Number of element :3
06-23 11:41:53.600   235   235 I irsc_util: file_parser Number of element :3
06-23 11:41:53.600   235   235 I irsc_util: file_parser Number of element :3
06-23 11:41:53.600   235   235 I irsc_util: file_parser Number of element :3
06-23 11:41:53.600   235   235 I irsc_util: file_parser Number of element :3
06-23 11:41:53.600   235   235 I irsc_util: file_parser Number of element :3
06-23 11:41:53.600   235   235 I irsc_util: file_parser Number of element :3
06-23 11:41:53.600   235   235 I irsc_util: file_parser Number of element :3
06-23 11:41:53.600   235   235 I irsc_util: file_parser Number of element :3
06-23 11:41:53.600   235   235 I irsc_util: file_parser Number of element :3
06-23 11:41:53.600   235   235 I irsc_util: file_parser Number of element :3
06-23 11:41:53.600   235   235 I irsc_util: file_parser Number of element :3
06-23 11:41:53.600   217   217 D QSEECOMD: : qseecom listener services process entry PPID = 1
06-23 11:41:53.600   217   217 E QSEECOMD: : Listener: index = 0, hierarchy = 0
06-23 11:41:53.600   235   235 I irsc_util: file_parser Number of element :3
06-23 11:41:53.600   235   235 I irsc_util: file_parser Number of element :3
06-23 11:41:53.600   235   235 I irsc_util: file_parser Number of element :3
06-23 11:41:53.602   144   144 V PrintK  : [    3.117427] taiko_codec taiko_codec: taiko_codec_probe()
06-23 11:41:53.610   235   235 I irsc_util: file_parser Number of element :3
06-23 11:41:53.610   235   235 I irsc_util: file_parser Number of element :3
06-23 11:41:53.610   235   235 I irsc_util: file_parser Number of element :3
06-23 11:41:53.610   235   235 I irsc_util: file_parser Number of element :3
06-23 11:41:53.610   235   235 I irsc_util: file_parser Number of element :3
06-23 11:41:53.610   235   235 I irsc_util: file_parser Number of element :3
06-23 11:41:53.610   235   235 I irsc_util: file_parser Number of element :3
06-23 11:41:53.610   235   235 I irsc_util: file_parser Number of element :3
06-23 11:41:53.610   235   235 I irsc_util: file_parser Number of element :3
06-23 11:41:53.610   235   235 I irsc_util: file_parser Number of element :3
06-23 11:41:53.610   235   235 I irsc_util: file_parser Number of element :3
06-23 11:41:53.610   235   235 I irsc_util: file_parser Number of element :3
06-23 11:41:53.610   235   235 I irsc_util: file_parser Number of element :3
06-23 11:41:53.610   217   217 D QSEECOMD: : Init dlopen(librpmb.so, RTLD_NOW) succeeds
06-23 11:41:53.610   217   217 D QSEECOMD: : Init::Init dlsym(g_FSHandle rpmb_init_service) succeeds
06-23 11:41:53.610   235   235 I irsc_util: file_parser Number of element :3
06-23 11:41:53.610   235   235 I irsc_util: file_parser Number of element :3
06-23 11:41:53.610   235   235 I irsc_util: file_parser Number of element :3
06-23 11:41:53.610   235   235 I irsc_util: file_parser Number of element :3
06-23 11:41:53.610   235   235 I irsc_util: file_parser Number of element :3
06-23 11:41:53.610   217   217 I rpmb    : RPMB Mult = 16384, Rel_sec_cnt = 1
06-23 11:41:53.610   217   217 E DrmLibRpmb: rpmb_init succeeded! with ret = 0
06-23 11:41:53.610   217   217 D QSEECOMD: : Init rpmb_init_service ret = 0
06-23 11:41:53.610   235   235 I irsc_util: file_parser Number of element :3
06-23 11:41:53.610   217   217 D QSEECOMD: : RPMB system services: init (Listener ID = 8192)
06-23 11:41:53.610   217   217 E QSEECOMD: : Listener: index = 1, hierarchy = 0
06-23 11:41:53.610   235   235 I irsc_util: file_parser Number of element :3
06-23 11:41:53.610   235   235 I irsc_util: file_parser Number of element :3
06-23 11:41:53.610   235   235 I irsc_util: file_parser Number of element :3
06-23 11:41:53.610   235   235 I irsc_util: file_parser Number of element :3
06-23 11:41:53.610   235   235 I irsc_util: file_parser Number of element :3
06-23 11:41:53.610   235   235 I irsc_util: file_parser Number of element :3
06-23 11:41:53.610   235   235 I irsc_util: file_parser Number of element :3
06-23 11:41:53.610   235   235 I irsc_util: file_parser Number of element :3
06-23 11:41:53.610   235   235 I irsc_util: file_parser Number of element :3
06-23 11:41:53.610   235   235 I irsc_util: file_parser Number of element :3
06-23 11:41:53.610   235   235 I irsc_util: file_parser Number of element :3
06-23 11:41:53.610   235   235 I irsc_util: file_parser Number of element :3
06-23 11:41:53.610   240   280 E adsprpc : vendor/qcom/proprietary/adsprpc/src/apps_std_imp.c:33:apps_std fopen failed: /system/vendor/lib/rfsa/adsp/./oemconfig.so No such file or directory
06-23 11:41:53.610   235   235 I irsc_util: file_parser Number of element :3
06-23 11:41:53.610   240   280 E adsprpc : vendor/qcom/proprietary/adsprpc/src/../inc/mod_table_imp.h:346::error: 2: 0 == (nErr = invoke_func_ptr(sc, pra))
06-23 11:41:53.610   235   235 I irsc_util: file_parser Number of element :3
06-23 11:41:53.610   217   217 D QSEECOMD: : Init dlopen(libssd.so, RTLD_NOW) succeeds
06-23 11:41:53.610   217   217 D QSEECOMD: : Init::Init dlsym(g_FSHandle ssd_init_service) succeeds
06-23 11:41:53.610   217   217 E SSD     : ssd_init_service succeeded!
06-23 11:41:53.610   217   217 D QSEECOMD: : Init ssd_init_service ret = 0
06-23 11:41:53.610   217   217 D QSEECOMD: : SSD system services: init (Listener ID = 12288)
06-23 11:41:53.610   217   217 E QSEECOMD: : Listener: index = 2, hierarchy = 0
06-23 11:41:53.610   240   280 E adsprpc : vendor/qcom/proprietary/adsprpc/src/apps_std_imp.c:33:apps_std fopen failed: ./voiceproc_tx.so No such file or directory
06-23 11:41:53.610   240   280 E adsprpc : vendor/qcom/proprietary/adsprpc/src/apps_std_imp.c:33:apps_std fopen failed: /system/lib/rfsa/adsp/./voiceproc_tx.so No such file or directory
06-23 11:41:53.610   240   280 E adsprpc : vendor/qcom/proprietary/adsprpc/src/apps_std_imp.c:33:apps_std fopen failed: /system/vendor/lib/rfsa/adsp/./voiceproc_tx.so No such file or directory
06-23 11:41:53.610   240   280 E adsprpc : vendor/qcom/proprietary/adsprpc/src/../inc/mod_table_imp.h:346::error: 2: 0 == (nErr = invoke_func_ptr(sc, pra))
06-23 11:41:53.610   240   280 E adsprpc : vendor/qcom/proprietary/adsprpc/src/apps_std_imp.c:33:apps_std fopen failed: ./voiceproc_rx.so No such file or directory
06-23 11:41:53.610   240   280 E adsprpc : vendor/qcom/proprietary/adsprpc/src/apps_std_imp.c:33:apps_std fopen failed: /system/lib/rfsa/adsp/./voiceproc_rx.so No such file or directory
06-23 11:41:53.610   240   280 E adsprpc : vendor/qcom/proprietary/adsprpc/src/apps_std_imp.c:33:apps_std fopen failed: /system/vendor/lib/rfsa/adsp/./voiceproc_rx.so No such file or directory
06-23 11:41:53.610   240   280 E adsprpc : vendor/qcom/proprietary/adsprpc/src/../inc/mod_table_imp.h:346::error: 2: 0 == (nErr = invoke_func_ptr(sc, pra))
06-23 11:41:53.616   214   214 V PrintK  : [    3.131265] pil-q6v5-mss fc880000.qcom,mss: mba: loading from 0x0d100000 to 0x0d149000
06-23 11:41:53.610   235   235 I irsc_util: file_parser Number of element :3
06-23 11:41:53.610   235   235 I irsc_util: file_parser Number of element :3
06-23 11:41:53.610   235   235 I irsc_util: file_parser Number of element :3
06-23 11:41:53.610   235   235 I irsc_util: file_parser Number of element :3
06-23 11:41:53.610   235   235 I irsc_util: file_parser Number of element :3
06-23 11:41:53.610   235   235 I irsc_util: file_parser Number of element :3
06-23 11:41:53.610   235   235 I irsc_util: file_parser Number of element :3
06-23 11:41:53.610   235   235 I irsc_util: file_parser Number of element :3
06-23 11:41:53.610   235   235 I irsc_util: file_parser Number of element :3
06-23 11:41:53.610   235   235 I irsc_util: file_parser Number of element :3
06-23 11:41:53.610   235   235 I irsc_util: file_parser Number of element :3
06-23 11:41:53.610   235   235 I irsc_util: file_parser Number of element :3
06-23 11:41:53.610   235   235 I irsc_util: file_parser Number of element :3
06-23 11:41:53.610   235   235 I irsc_util: file_parser Number of element :3
06-23 11:41:53.610   235   235 I irsc_util: file_parser Number of element :3
06-23 11:41:53.610   235   235 I irsc_util: file_parser Number of element :3
06-23 11:41:53.610   235   235 I irsc_util: file_parser Number of element :3
06-23 11:41:53.619   268   268 I PrintK  : [    3.133932] btnvtool used greatest stack depth: 5288 bytes left
06-23 11:41:53.620   235   235 I irsc_util: file_parser Number of element :3
06-23 11:41:53.620   235   235 I irsc_util: file_parser Number of element :3
06-23 11:41:53.620   235   235 I irsc_util: file_parser Number of element :3
06-23 11:41:53.620   235   235 I irsc_util: file_parser Number of element :3
06-23 11:41:53.620   235   235 I irsc_util: file_parser Number of element :3
06-23 11:41:53.620   235   235 I irsc_util: file_parser Number of element :3
06-23 11:41:53.620   235   235 I irsc_util: file_parser Number of element :3
06-23 11:41:53.620   235   235 I irsc_util: file_parser Number of element :3
06-23 11:41:53.620   235   235 I irsc_util: file_parser Number of element :3
06-23 11:41:53.620   235   235 I irsc_util: file_parser Number of element :3
06-23 11:41:53.620   235   235 I irsc_util: file_parser Number of element :3
06-23 11:41:53.620   235   235 I irsc_util: file_parser Number of element :3
06-23 11:41:53.620   235   235 I irsc_util: file_parser Number of element :3
06-23 11:41:53.620   235   235 I irsc_util: file_parser Number of element :3
06-23 11:41:53.620   235   235 I irsc_util: file_parser Number of element :3
06-23 11:41:53.620   235   235 I irsc_util: file_parser Number of element :3
06-23 11:41:53.620   235   235 I irsc_util: file_parser Number of element :3
06-23 11:41:53.620   235   235 I irsc_util: file_parser Number of element :3
06-23 11:41:53.620   235   235 I irsc_util: file_parser Number of element :3
06-23 11:41:53.620   235   235 I irsc_util: file_parser Number of element :3
06-23 11:41:53.620   235   235 I irsc_util: file_parser Number of element :3
06-23 11:41:53.620   235   235 I irsc_util: file_parser Number of element :3
06-23 11:41:53.620   235   235 I irsc_util: file_parser Number of element :3
06-23 11:41:53.620   235   235 I irsc_util: file_parser Number of element :3
06-23 11:41:53.620   235   235 I irsc_util: file_parser Number of element :3
06-23 11:41:53.620   235   235 I irsc_util: file_parser Number of element :3
06-23 11:41:53.620   285   285 I qcom-bluetooth: /system/etc/init.qcom.bt.sh: Bluetooth Address programmed successfully 
06-23 11:41:53.620   235   235 I irsc_util: file_parser Number of element :3
06-23 11:41:53.620   235   235 I irsc_util: file_parser Number of element :3
06-23 11:41:53.620   235   235 I irsc_util: file_parser Number of element :3
06-23 11:41:53.620   235   235 I irsc_util: file_parser Number of element :3
06-23 11:41:53.620   235   235 I irsc_util: file_parser Number of element :3
06-23 11:41:53.620   235   235 I irsc_util: file_parser Number of element :3
06-23 11:41:53.620   235   235 I irsc_util: file_parser Number of element :3
06-23 11:41:53.620   235   235 I irsc_util: file_parser Number of element :3
06-23 11:41:53.620   235   235 I irsc_util: file_parser Number of element :3
06-23 11:41:53.620   235   235 I irsc_util: file_parser Number of element :3
06-23 11:41:53.620   235   235 I irsc_util: file_parser Number of element :3
06-23 11:41:53.620   235   235 I irsc_util: file_parser Number of element :3
06-23 11:41:53.620   235   235 I irsc_util: file_parser Number of element :3
06-23 11:41:53.620   235   235 I irsc_util: file_parser Number of element :3
06-23 11:41:53.620   235   235 I irsc_util: file_parser Number of element :3
06-23 11:41:53.620   235   235 I irsc_util: file_parser Number of element :3
06-23 11:41:53.620   235   235 I irsc_util: file_parser Number of element :3
06-23 11:41:53.620   235   235 I irsc_util: file_parser Number of element :3
06-23 11:41:53.620   235   235 I irsc_util: file_parser Number of element :3
06-23 11:41:53.620   235   235 I irsc_util: file_parser Number of element :3
06-23 11:41:53.620   235   235 I irsc_util: file_parser Number of element :3
06-23 11:41:53.620   235   235 I irsc_util: file_parser Number of element :3
06-23 11:41:53.620   235   235 I irsc_util: file_parser Number of element :3
06-23 11:41:53.620   235   235 I irsc_util: file_parser Number of element :3
06-23 11:41:53.620   235   235 I irsc_util: file_parser Number of element :3
06-23 11:41:53.620   235   235 I irsc_util: file_parser Number of element :3
06-23 11:41:53.620   235   235 I irsc_util: file_parser Number of element :3
06-23 11:41:53.620   235   235 I irsc_util: file_parser Number of element :3
06-23 11:41:53.620   235   235 I irsc_util: file_parser Number of element :3
06-23 11:41:53.620   235   235 I irsc_util: file_parser Number of element :3
06-23 11:41:53.620   235   235 I irsc_util: file_parser Number of element :3
06-23 11:41:53.620   235   235 I irsc_util: file_parser Number of element :3
06-23 11:41:53.620   235   235 I irsc_util: file_parser Number of element :3
06-23 11:41:53.620   235   235 I irsc_util: file_parser Number of element :3
06-23 11:41:53.620   235   235 I irsc_util: file_parser Number of element :3
06-23 11:41:53.620   235   235 I irsc_util: file_parser Number of element :3
06-23 11:41:53.620   235   235 I irsc_util: file_parser Number of element :3
06-23 11:41:53.620   235   235 I irsc_util: file_parser Number of element :3
06-23 11:41:53.620   235   235 I irsc_util: file_parser Number of element :3
06-23 11:41:53.620   235   235 I irsc_util: file_parser Number of element :3
06-23 11:41:53.620   235   235 I irsc_util: file_parser Number of element :3
06-23 11:41:53.620   235   235 I irsc_util: file_parser Number of element :3
06-23 11:41:53.620   235   235 I irsc_util: file_parser Number of element :3
06-23 11:41:53.620   235   235 I irsc_util: Feed the sec config info to the router
06-23 11:41:53.620   235   235 I irsc_util: Num of entries:258
06-23 11:41:53.660   222   222 I SurfaceFlinger: SurfaceFlinger is starting
06-23 11:41:53.660   222   222 I SurfaceFlinger: SurfaceFlinger's main thread ready to run. Initializing graphics H/W...
06-23 11:41:53.684   144   144 V PrintK  : [    3.199081] asoc: snd-soc-dummy-dai <-> MultiMedia1 mapping ok
06-23 11:41:53.685   144   144 V PrintK  : [    3.200041] asoc: snd-soc-dummy-dai <-> MultiMedia2 mapping ok
06-23 11:41:53.685   144   144 V PrintK  : [    3.200803] asoc: snd-soc-dummy-dai <-> CS-VOICE mapping ok
06-23 11:41:53.686   144   144 V PrintK  : [    3.201433] asoc: snd-soc-dummy-dai <-> VoIP mapping ok
06-23 11:41:53.687   144   144 V PrintK  : [    3.202189] asoc: snd-soc-dummy-dai <-> MultiMedia3 mapping ok
06-23 11:41:53.688   144   144 V PrintK  : [    3.202921] asoc: snd-soc-dummy-dai <-> SLIMBUS0_HOSTLESS mapping ok
06-23 11:41:53.688   144   144 V PrintK  : [    3.203644] asoc: snd-soc-dummy-dai <-> INT_FM_HOSTLESS mapping ok
06-23 11:41:53.689   144   144 V PrintK  : [    3.204249] asoc: msm-stub-rx <-> msm-dai-q6-dev.241 mapping ok
06-23 11:41:53.689   144   144 V PrintK  : [    3.204844] asoc: msm-stub-tx <-> msm-dai-q6-dev.240 mapping ok
06-23 11:41:53.690   144   144 V PrintK  : [    3.205579] compress asoc: snd-soc-dummy-dai <-> MultiMedia4 mapping ok
06-23 11:41:53.691   144   144 V PrintK  : [    3.206324] asoc: snd-soc-dummy-dai <-> AUXPCM_HOSTLESS mapping ok
06-23 11:41:53.692   144   144 V PrintK  : [    3.207029] asoc: snd-soc-dummy-dai <-> SLIMBUS1_HOSTLESS mapping ok
06-23 11:41:53.692   144   144 V PrintK  : [    3.207683] asoc: snd-soc-dummy-dai <-> SLIMBUS3_HOSTLESS mapping ok
06-23 11:41:53.693   144   144 V PrintK  : [    3.208335] asoc: snd-soc-dummy-dai <-> SLIMBUS4_HOSTLESS mapping ok
06-23 11:41:53.694   144   144 V PrintK  : [    3.208999] asoc: snd-soc-dummy-dai <-> VoLTE mapping ok
06-23 11:41:53.694   144   144 V PrintK  : [    3.209718] asoc: snd-soc-dummy-dai <-> MultiMedia5 mapping ok
06-23 11:41:53.695   144   144 V PrintK  : [    3.210325] asoc: snd-soc-dummy-dai <-> LSM1 mapping ok
06-23 11:41:53.696   144   144 V PrintK  : [    3.211399] asoc: snd-soc-dummy-dai <-> MultiMedia6 mapping ok
06-23 11:41:53.697   144   144 V PrintK  : [    3.212445] asoc: snd-soc-dummy-dai <-> MultiMedia7 mapping ok
06-23 11:41:53.698   144   144 V PrintK  : [    3.213342] asoc: snd-soc-dummy-dai <-> MultiMedia8 mapping ok
06-23 11:41:53.699   144   144 V PrintK  : [    3.214071] asoc: snd-soc-dummy-dai <-> QCHAT mapping ok
06-23 11:41:53.699   144   144 V PrintK  : [    3.214679] asoc: snd-soc-dummy-dai <-> HDMI_HOSTLESS mapping ok
06-23 11:41:53.700   144   144 V PrintK  : [    3.215312] asoc: snd-soc-dummy-dai <-> Voice2 mapping ok
06-23 11:41:53.701   144   144 V PrintK  : [    3.215955] asoc: snd-soc-dummy-dai <-> INT_HFP_BT_HOSTLESS mapping ok
06-23 11:41:53.701   144   144 V PrintK  : [    3.216681] asoc: snd-soc-dummy-dai <-> MultiMedia6 mapping ok
06-23 11:41:53.702   144   144 V PrintK  : [    3.217287] asoc: snd-soc-dummy-dai <-> LSM2 mapping ok
06-23 11:41:53.703   144   144 V PrintK  : [    3.217998] asoc: snd-soc-dummy-dai <-> LSM3 mapping ok
06-23 11:41:53.704   144   144 V PrintK  : [    3.218937] asoc: snd-soc-dummy-dai <-> LSM4 mapping ok
06-23 11:41:53.705   144   144 V PrintK  : [    3.220406] asoc: snd-soc-dummy-dai <-> LSM5 mapping ok
06-23 11:41:53.707   144   144 V PrintK  : [    3.221923] asoc: snd-soc-dummy-dai <-> LSM6 mapping ok
06-23 11:41:53.708   144   144 V PrintK  : [    3.223527] asoc: snd-soc-dummy-dai <-> LSM7 mapping ok
06-23 11:41:53.709   144   144 V PrintK  : [    3.224247] asoc: snd-soc-dummy-dai <-> LSM8 mapping ok
06-23 11:41:53.700   212   212 E DirectVolume: Vold managed volumes must have auto mount point; ignoring /storage/sdcard1
06-23 11:41:53.710   144   144 V PrintK  : [    3.225117] asoc: taiko_vifeedback <-> msm-dai-q6-dev.16393 mapping ok
06-23 11:41:53.711   144   144 V PrintK  : [    3.225995] asoc: taiko_rx2 <-> msm-dai-q6-dev.16388 mapping ok
06-23 11:41:53.711   144   144 V PrintK  : [    3.226632] asoc: taiko_tx2 <-> msm-dai-q6-dev.16389 mapping ok
06-23 11:41:53.712   144   144 V PrintK  : [    3.227140] asoc: snd-soc-dummy-dai <-> MultiMedia9 mapping ok
06-23 11:41:53.712   144   144 V PrintK  : [    3.227492] asoc: snd-soc-dummy-dai <-> VoWLAN mapping ok
06-23 11:41:53.712   144   144 V PrintK  : [    3.227824] asoc: msm-stub-rx <-> msm-dai-q6-dev.12288 mapping ok
06-23 11:41:53.713   144   144 V PrintK  : [    3.228054] asoc: msm-stub-tx <-> msm-dai-q6-dev.12289 mapping ok
06-23 11:41:53.713   144   144 V PrintK  : [    3.228357] asoc: msm-stub-rx <-> msm-dai-q6-dev.12292 mapping ok
06-23 11:41:53.713   144   144 V PrintK  : [    3.228599] asoc: msm-stub-tx <-> msm-dai-q6-dev.12293 mapping ok
06-23 11:41:53.713   144   144 V PrintK  : [    3.228833] asoc: msm-stub-rx <-> msm-dai-q6-dev.224 mapping ok
06-23 11:41:53.714   144   144 V PrintK  : [    3.229033] asoc: msm-stub-tx <-> msm-dai-q6-dev.225 mapping ok
06-23 11:41:53.714   144   144 V PrintK  : [    3.229326] asoc: msm-stub-rx <-> msm-dai-q6-auxpcm.1 mapping ok
06-23 11:41:53.714   144   144 V PrintK  : [    3.229585] asoc: msm-stub-tx <-> msm-dai-q6-auxpcm.1 mapping ok
06-23 11:41:53.710   227   227 I mediaserver: ServiceManager: 0xb88c1448
06-23 11:41:53.710   227   227 I AudioFlinger: Using default 3000 mSec as standby time.
06-23 11:41:53.714   144   144 V PrintK  : [    3.229780] asoc: msm-stub-rx <-> msm-dai-q6-auxpcm.2 mapping ok
06-23 11:41:53.710   227   227 E MediaPlayerFactory: calling dlopen on FACTORY_LIB
06-23 11:41:53.715   144   144 V PrintK  : [    3.230047] asoc: msm-stub-tx <-> msm-dai-q6-auxpcm.2 mapping ok
06-23 11:41:53.710   227   227 E MediaPlayerFactory: calling dlsym on pFactoryLib for FACTORY_CREATE_FN 
