06-23 11:42:05.049   987   987 V OneTimeInitializerRece: OneTimeInitializerReceiver.onReceive
06-23 11:42:05.049   502   521 D BluetoothManagerService: Message: 20
06-23 11:42:05.049   502   521 D BluetoothManagerService: Added callback: android.bluetooth.IBluetoothManagerCallback$Stub$Proxy@421326a8:true
06-23 11:42:05.049   963   963 D BluetoothAdapterState: make
06-23 11:42:05.059   963  1000 I BluetoothAdapterState: Entering OffState
06-23 11:42:05.059   963   963 I bluedroid: init
06-23 11:42:05.059   963   963 E bt-btif : btif_config_get(L189): assert failed: section && *section && key && *key && name && *name && bytes && type
06-23 11:42:05.059   963   963 I bte_conf: Attempt to load stack conf from /etc/bluetooth/bt_stack.conf
06-23 11:42:05.059   987  1002 I OneTimeInitializerServ: Updating to version 1.
06-23 11:42:05.069   963   963 I bluedroid: get_profile_interface socket
06-23 11:42:05.069   963  1005 I GKI_LINUX: gki_task_entry: gki_task_entry task_id=1 [BTIF] starting
06-23 11:42:05.069   963   963 I bluedroid: get_profile_interface map_client
06-23 11:42:05.069   963  1005 I BluetoothAdapterProperties: adapterPropertyChangedCallback with type:2 len:6
06-23 11:42:05.069   963   963 D BluetoothAdapterService(1099772392): onBind
06-23 11:42:05.069   963  1005 D BluetoothAdapterProperties: Address is:22:22:42:2E:2A:8E
06-23 11:42:05.069   963  1005 I BluetoothAdapterProperties: adapterPropertyChangedCallback with type:1 len:8
06-23 11:42:05.079   502   502 D BluetoothManagerService: BluetoothServiceConnection: com.android.bluetooth.btservice.AdapterService
06-23 11:42:05.079   502   502 D BluetoothManagerService: Bluetooth Adapter name changed to QCOM-BTD
06-23 11:42:05.079   963  1005 D BluetoothAdapterProperties: Name is: QCOM-BTD
06-23 11:42:05.079   502   521 D BluetoothManagerService: Message: 40
06-23 11:42:05.079   502   521 D BluetoothManagerService: MESSAGE_BLUETOOTH_SERVICE_CONNECTED: 1
06-23 11:42:05.079   963   978 I bluedroid: config_hci_snoop_log
06-23 11:42:05.079   502   521 D BluetoothManagerService: Message: 200
06-23 11:42:05.079   502   521 D BluetoothManagerService: MESSAGE_GET_NAME_AND_ADDRESS
06-23 11:42:05.079   502   521 D BluetoothManagerService: Message: 201
06-23 11:42:05.079   502   521 D BluetoothManagerService: MESSAGE_SAVE_NAME_AND_ADDRESS
06-23 11:42:05.079   963   979 D BluetoothAdapterService(1099772392): Enable called with quiet mode status =  false
06-23 11:42:05.079   963  1000 D BluetoothAdapterState: CURRENT_STATE=OFF, MESSAGE = USER_TURN_ON
06-23 11:42:05.079   963  1000 D BluetoothAdapterProperties: Setting state to 11
06-23 11:42:05.079   963  1000 I BluetoothAdapterState: Bluetooth adapter state changed: 10-> 11
06-23 11:42:05.079   963  1000 D BluetoothAdapterService: Broadcasting updateAdapterState() to 0 receivers.
06-23 11:42:05.079   963  1000 D BluetoothAdapterService(1099772392): processStart()
06-23 11:42:05.079   963   979 D BluetoothAdapterService(1099772392): getState(): mAdapterProperties: com.android.bluetooth.btservice.AdapterProperties@418d5398
06-23 11:42:05.079   963  1000 D BluetoothAdapterService(1099772392): processStart(): Make Bond State Machine
06-23 11:42:05.079   963  1000 D BluetoothBondStateMachine: make
06-23 11:42:05.079   963  1019 I BluetoothBondStateMachine: StableState(): Entering Off State
06-23 11:42:05.079   963  1000 D BluetoothAdapterService: setAdapterService(): set to: null
06-23 11:42:05.079   963  1000 D BluetoothAdapterService: checkHidState: isHidDev = false
06-23 11:42:05.079   963  1000 E BluetoothAdapterService: checkHidState: returning
06-23 11:42:05.079   963  1000 W BluetoothAdapterService: Starting service com.android.bluetooth.hfp.HeadsetService
06-23 11:42:05.089   963   963 D HeadsetService: Received start request. Starting profile...
06-23 11:42:05.089   963   963 I BluetoothHeadsetServiceJni: classInitNative: succeeds
06-23 11:42:05.089   963   963 D HeadsetStateMachine: Version 1.6
06-23 11:42:05.089   963   963 D HeadsetStateMachine: make
06-23 11:42:05.089   963  1000 W BluetoothAdapterService: Starting service com.android.bluetooth.a2dp.A2dpService
06-23 11:42:05.089   963  1000 W BluetoothAdapterService: Starting service com.android.bluetooth.hid.HidService
06-23 11:42:05.089   963  1000 W BluetoothAdapterService: Starting service com.android.bluetooth.hdp.HealthService
06-23 11:42:05.099   963   963 E HeadsetStateMachine: Could not bind to Bluetooth Headset Phone Service
06-23 11:42:05.099   963   963 I bluedroid: get_profile_interface handsfree
06-23 11:42:05.099   963  1000 W BluetoothAdapterService: Starting service com.android.bluetooth.pan.PanService
06-23 11:42:05.099   963  1000 W BluetoothAdapterService: Starting service com.android.bluetooth.gatt.GattService
06-23 11:42:05.099   502   502 D BluetoothManagerService: Stored Bluetooth name: QCOM-BTD
06-23 11:42:05.099   502   502 D BluetoothHeadset: Proxy object connected
06-23 11:42:05.099   502   502 D BluetoothAdapter: 1104319360: getState() :  mService = null. Returning STATE_OFF
06-23 11:42:05.099   963  1000 W BluetoothAdapterService: Starting service com.android.bluetooth.map.BluetoothMapService
06-23 11:42:05.099   747   985 I MediaProvider: Upgrading media database from version 0 to 700, which will destroy all old data
06-23 11:42:05.099   963  1000 W BluetoothAdapterService: Starting service com.android.bluetooth.hfpclient.HandsfreeClientService
06-23 11:42:05.099   963   963 D BluetoothAdapterService: getAdapterService(): returning com.android.bluetooth.btservice.AdapterService@418d31e8
06-23 11:42:05.109   963  1000 I BluetoothAdapterService: skipping com.android.bluetooth.hid.HidDevService (disabled)
06-23 11:42:05.109   963  1000 I BluetoothAdapterState: Entering PendingCommandState State: isTurningOn()=true, isTurningOff()=false
06-23 11:42:05.109   502   502 D BluetoothA2dp: Proxy object connected
06-23 11:42:05.109   502   502 D BluetoothAdapter: 1104319360: getState() :  mService = null. Returning STATE_OFF
06-23 11:42:05.109   963   963 D A2dpService: Received start request. Starting profile...
06-23 11:42:05.109   963   963 I BluetoothAvrcpServiceJni: classInitNative: succeeds
06-23 11:42:05.109   963   963 V Avrcp   : make
06-23 11:42:05.109   963   963 V Avrcp   : Avrcp
06-23 11:42:05.109   963   963 I bluedroid: get_profile_interface avrcp
06-23 11:42:05.109   963   963 V Avrcp   : start
06-23 11:42:05.109   502   548 V MediaFocusControl: updating focussed RCC change to RCD: CallingPackageName:com.android.music isFocussed:false isAvailable:true
06-23 11:42:05.109   502   548 V MediaFocusControl: updating focussed RCC change to RCD: CallingPackageName:com.android.music isFocussed:true isAvailable:true
06-23 11:42:05.109   963   963 V Avrcp   : registerMediaPlayers
06-23 11:42:05.109   963   963 V Avrcp   : MediaPlayerInfo: mPlayerId=1
06-23 11:42:05.109   963   963 V Avrcp   : mMajorPlayerType=1 mPlayerSubType=0
06-23 11:42:05.109   963   963 V Avrcp   : mPlayState=2 mCharsetId=106
06-23 11:42:05.109   963   963 V Avrcp   : mPlayerPackageName=com.android.music mDisplayableNameLength=5
06-23 11:42:05.109   963   963 V Avrcp   : mItemLength=33mEntryLength=34
06-23 11:42:05.109   963   963 V Avrcp   : mFeatureMask=
06-23 11:42:05.109   963   963 V Avrcp   : 0
06-23 11:42:05.109   963   963 V Avrcp   : 0
06-23 11:42:05.109   963   963 V Avrcp   : 0
06-23 11:42:05.109   963   963 V Avrcp   : 0
06-23 11:42:05.109   963   963 V Avrcp   : 12
06-23 11:42:05.109   963   963 V Avrcp   : 55
06-23 11:42:05.109   963   963 V Avrcp   : 0
06-23 11:42:05.109   963   963 V Avrcp   : 5
06-23 11:42:05.109   963   963 V Avrcp   : 0
06-23 11:42:05.109   963   963 V Avrcp   : 0
06-23 11:42:05.109   963   963 V Avrcp   : 0
06-23 11:42:05.109   963   963 V Avrcp   : 0
06-23 11:42:05.109   963   963 V Avrcp   : 0
06-23 11:42:05.109   963   963 V Avrcp   : 0
06-23 11:42:05.109   963   963 V Avrcp   : 0
06-23 11:42:05.109   963   963 V Avrcp   : 0
06-23 11:42:05.109   963   963 V Avrcp   : mDisplayableName=
06-23 11:42:05.109   963   963 V Avrcp   : 77
06-23 11:42:05.109   963   963 V Avrcp   : 117
06-23 11:42:05.109   963   963 V Avrcp   : 115
06-23 11:42:05.109   963   963 V Avrcp   : 105
06-23 11:42:05.109   963   963 V Avrcp   : 99
06-23 11:42:05.109   963   963 V Avrcp   : MediaPlayerInfo: mPlayerId=2
06-23 11:42:05.109   963   963 V Avrcp   : mMajorPlayerType=1 mPlayerSubType=0
06-23 11:42:05.109   963   963 V Avrcp   : mPlayState=2 mCharsetId=106
06-23 11:42:05.109   963   963 V Avrcp   : mPlayerPackageName=com.google.android.music mDisplayableNameLength=6
06-23 11:42:05.109   963   963 V Avrcp   : mItemLength=34mEntryLength=35
06-23 11:42:05.109   963   963 V Avrcp   : mFeatureMask=
06-23 11:42:05.119   963   963 V Avrcp   : 0
06-23 11:42:05.119   963   963 V Avrcp   : 0
06-23 11:42:05.119   963   963 V Avrcp   : 0
06-23 11:42:05.119   963   963 V Avrcp   : 0
06-23 11:42:05.119   963   963 V Avrcp   : 12
06-23 11:42:05.119   963   963 V Avrcp   : 55
06-23 11:42:05.119   963   963 V Avrcp   : 0
06-23 11:42:05.119   963   963 V Avrcp   : 5
06-23 11:42:05.119   963   963 V Avrcp   : 0
06-23 11:42:05.119   963   963 V Avrcp   : 0
06-23 11:42:05.119   963   963 V Avrcp   : 0
06-23 11:42:05.119   963   963 V Avrcp   : 0
06-23 11:42:05.119   963   963 V Avrcp   : 0
06-23 11:42:05.119   963   963 V Avrcp   : 0
06-23 11:42:05.119   963   963 V Avrcp   : 0
06-23 11:42:05.119   963   963 V Avrcp   : 0
06-23 11:42:05.119   963   963 V Avrcp   : mDisplayableName=
06-23 11:42:05.119   963   963 V Avrcp   : 77
06-23 11:42:05.119   963   963 V Avrcp   : 117
06-23 11:42:05.119   963   963 V Avrcp   : 115
06-23 11:42:05.119   963   963 V Avrcp   : 105
06-23 11:42:05.119   963   963 V Avrcp   : 99
06-23 11:42:05.119   963   963 V Avrcp   : 50
06-23 11:42:05.119   963   963 I BluetoothA2dpServiceJni: classInitNative: succeeds
06-23 11:42:05.119   963   963 D A2dpStateMachine: make
06-23 11:42:05.119   963   963 I bluedroid: get_profile_interface a2dp
06-23 11:42:05.119   963  1024 I GKI_LINUX: gki_task_entry: gki_task_entry task_id=2 [A2DP-MEDIA] starting
06-23 11:42:05.119   963   963 D bt-btif : btif_av_state_idle_handler event:BTIF_SM_ENTER_EVT flags 0
06-23 11:42:05.119   963  1024 E bt-btif : warning : no command pending, ignore ack
06-23 11:42:05.119   963  1023 D A2dpStateMachine: Enter Disconnected: -2
06-23 11:42:05.119   963   963 D A2dpService: setA2dpService(): set to: null
06-23 11:42:05.119   963   963 D BluetoothAdapterService: getAdapterService(): returning com.android.bluetooth.btservice.AdapterService@418d31e8
06-23 11:42:05.129   963   963 I BluetoothHidServiceJni: classInitNative: succeeds
06-23 11:42:05.129   687   687 D BluetoothInputDevice: Proxy object connected
06-23 11:42:05.129   687   687 D HidProfile: Bluetooth service connected
06-23 11:42:05.129   687   687 D BluetoothAdapter: 1099851880: getState() :  mService = null. Returning STATE_OFF
06-23 11:42:05.129   963   963 D HidService: Received start request. Starting profile...
06-23 11:42:05.129   963   963 I bluedroid: get_profile_interface hidhost
06-23 11:42:05.129   963   963 D BluetoothAdapterService: getAdapterService(): returning com.android.bluetooth.btservice.AdapterService@418d31e8
06-23 11:42:05.129   963   963 I BluetoothHealthServiceJni: classInitNative: succeeds
06-23 11:42:05.129   963   963 D HealthService: Received start request. Starting profile...
06-23 11:42:05.129   963   963 I bluedroid: get_profile_interface health
06-23 11:42:05.129   963   963 D BluetoothAdapterService: getAdapterService(): returning com.android.bluetooth.btservice.AdapterService@418d31e8
06-23 11:42:05.129   963   963 I BluetoothPanServiceJni: classInitNative(L105): succeeds
06-23 11:42:05.129   502   502 D BluetoothPan: BluetoothPAN Proxy object connected
06-23 11:42:05.129   687   687 D BluetoothPan: BluetoothPAN Proxy object connected
06-23 11:42:05.129   687   687 D PanProfile: Bluetooth service connected
06-23 11:42:05.129   963   963 D PanService: Received start request. Starting profile...
06-23 11:42:05.129   963   963 D BluetoothPanServiceJni: initializeNative(L110): pan
06-23 11:42:05.129   963   963 I bluedroid: get_profile_interface pan
06-23 11:42:05.129   502   578 D BluetoothTethering: got CMD_CHANNEL_HALF_CONNECTED
06-23 11:42:05.129   502   578 D BluetoothTethering: CMD_CHANNEL_HALF_CONNECTED: com.android.internal.util.AsyncChannel@41b0b6d8
06-23 11:42:05.129   963   963 D BluetoothAdapterService: getAdapterService(): returning com.android.bluetooth.btservice.AdapterService@418d31e8
06-23 11:42:05.139   963   963 D HeadsetPhoneState: sendDeviceStateChanged. mService=0 mSignal=0 mRoam=0 mBatteryCharge=0
06-23 11:42:05.139   963   963 I BtGatt.JNI: classInitNative(L684): classInitNative: Success!
06-23 11:42:05.139   963   963 D BtGatt.DebugUtils: handleDebugAction() action=null
06-23 11:42:05.139   963   963 D BtGatt.GattService: Received start request. Starting profile...
06-23 11:42:05.139   963   963 D BtGatt.GattService: start()
06-23 11:42:05.139   963   963 I bluedroid: get_profile_interface gatt
06-23 11:42:05.139   963   963 D BluetoothAdapterService: getAdapterService(): returning com.android.bluetooth.btservice.AdapterService@418d31e8
06-23 11:42:05.139   963   963 V BluetoothMapService: BluetoothMapObexConnectionManager: mIsEmailEnabled: true
06-23 11:42:05.139   963   963 D BluetoothMapService: inside BluetoothMapObexConnection
06-23 11:42:05.139   963   963 D BluetoothMapService: supportedMessageTypes 14
06-23 11:42:05.139   963   963 D BluetoothMapService: masId 0
06-23 11:42:05.139   963   963 D BluetoothMapService: inside BluetoothMapObexConnection
06-23 11:42:05.139   963   963 D BluetoothMapService: supportedMessageTypes 1
06-23 11:42:05.139   963   963 D BluetoothMapService: masId 1
06-23 11:42:05.139   963   963 V BluetoothMapService: BluetoothMapService: mIsEmailEnabled: true
06-23 11:42:05.139   963   963 D BluetoothMapService: Inside initBinder
06-23 11:42:05.139   963   963 V BluetoothMapService: BluetoothMapBinder()
06-23 11:42:05.139   687   687 D BluetoothMap: Proxy object connected
06-23 11:42:05.139   963   963 D BluetoothMapService: Received start request. Starting profile...
06-23 11:42:05.139   963   963 D BluetoothMapService: start()
06-23 11:42:05.149   687   687 D MapProfile: Bluetooth service connected
06-23 11:42:05.149   687   687 D BluetoothMap: getConnectedDevices()
06-23 11:42:05.149   963   963 D BluetoothAdapterService: getAdapterService(): returning com.android.bluetooth.btservice.AdapterService@418d31e8
06-23 11:42:05.149   687   687 D BluetoothAdapter: 1099851880: getState() :  mService = null. Returning STATE_OFF
06-23 11:42:05.149   687   687 D BluetoothMap: Bluetooth is Not enabled
06-23 11:42:05.149   963   963 D BluetoothAdapterService(1099772392): Message: 1
06-23 11:42:05.149   963   963 D BluetoothAdapterService(1099772392): MESSAGE_PROFILE_SERVICE_STATE_CHANGED
06-23 11:42:05.149   963   963 D BluetoothAdapterService: onProfileServiceStateChange: serviceName=com.android.bluetooth.hfp.HeadsetService, state = 12, doUpdate = true
06-23 11:42:05.149   963   963 D BluetoothAdapterService: Profile still not running:com.android.bluetooth.map.BluetoothMapService
06-23 11:42:05.149   963   963 D HandsfreeClientService: Received start request. Starting profile...
06-23 11:42:05.149   963   963 I BluetoothHandsfreeClientServiceJni: classInitNative succeeds
06-23 11:42:05.149   963   963 D HandsfreeClientStateMachine: make
06-23 11:42:05.149   963   963 E ExtMediaPlayer-JNI: QCMediaPlayer could not be located....
06-23 11:42:05.149   963   963 E MediaPlayer-JNI: QCMediaPlayer mediaplayer NOT present
06-23 11:42:05.159   963   963 D MediaPlayer: Couldn't open file on client side, trying server side
06-23 11:42:05.159   227   227 E MediaPlayerService: Couldn't open fd for content://settings/system/alarm_alert
06-23 11:42:05.159   963   963 E MediaPlayer: Unable to create media player
06-23 11:42:05.159   963   963 D Ringtone: Problem opening; delegating to remote player
06-23 11:42:05.159   963   963 I bluedroid: get_profile_interface handsfree_client
06-23 11:42:05.159   963  1029 D HandsfreeClientStateMachine: Enter Disconnected: -2
06-23 11:42:05.159   963   963 D BluetoothAdapterService: getAdapterService(): returning com.android.bluetooth.btservice.AdapterService@418d31e8
06-23 11:42:05.159   963  1020 D HeadsetPhoneState: sendDeviceStateChanged. mService=0 mSignal=0 mRoam=0 mBatteryCharge=4
06-23 11:42:05.159   963   963 D BluetoothAdapterService(1099772392): Message: 1
06-23 11:42:05.159   963   963 D BluetoothAdapterService(1099772392): MESSAGE_PROFILE_SERVICE_STATE_CHANGED
06-23 11:42:05.159   963   963 D BluetoothAdapterService: onProfileServiceStateChange: serviceName=com.android.bluetooth.a2dp.A2dpService, state = 12, doUpdate = true
06-23 11:42:05.159   963   963 D BluetoothAdapterService: Profile still not running:com.android.bluetooth.map.BluetoothMapService
06-23 11:42:05.159   963   963 D BluetoothAdapterService(1099772392): Message: 1
06-23 11:42:05.159   963   963 D BluetoothAdapterService(1099772392): MESSAGE_PROFILE_SERVICE_STATE_CHANGED
06-23 11:42:05.159   963   963 D BluetoothAdapterService: onProfileServiceStateChange: serviceName=com.android.bluetooth.hid.HidService, state = 12, doUpdate = true
06-23 11:42:05.159   963   963 D BluetoothAdapterService: Profile still not running:com.android.bluetooth.map.BluetoothMapService
06-23 11:42:05.159   963   963 D BluetoothAdapterService(1099772392): Message: 1
06-23 11:42:05.159   963   963 D BluetoothAdapterService(1099772392): MESSAGE_PROFILE_SERVICE_STATE_CHANGED
06-23 11:42:05.159   963   963 D BluetoothAdapterService: onProfileServiceStateChange: serviceName=com.android.bluetooth.hdp.HealthService, state = 12, doUpdate = true
06-23 11:42:05.159   963   963 D BluetoothAdapterService: Profile still not running:com.android.bluetooth.map.BluetoothMapService
06-23 11:42:05.159   963   963 D BluetoothAdapterService(1099772392): Message: 1
06-23 11:42:05.159   963   963 D BluetoothAdapterService(1099772392): MESSAGE_PROFILE_SERVICE_STATE_CHANGED
06-23 11:42:05.159   963   963 D BluetoothAdapterService: onProfileServiceStateChange: serviceName=com.android.bluetooth.pan.PanService, state = 12, doUpdate = true
06-23 11:42:05.159   963   963 D BluetoothAdapterService: Profile still not running:com.android.bluetooth.map.BluetoothMapService
06-23 11:42:05.159   963   963 D BluetoothAdapterService(1099772392): Message: 1
06-23 11:42:05.159   963   963 D BluetoothAdapterService(1099772392): MESSAGE_PROFILE_SERVICE_STATE_CHANGED
06-23 11:42:05.159   963   963 D BluetoothAdapterService: onProfileServiceStateChange: serviceName=com.android.bluetooth.gatt.GattService, state = 12, doUpdate = true
06-23 11:42:05.159   963   963 D BluetoothAdapterService: Profile still not running:com.android.bluetooth.map.BluetoothMapService
06-23 11:42:05.159   963   963 V BluetoothMapService: Handler(): got msg=1
06-23 11:42:05.159   963   963 D BluetoothAdapterService(1099772392): Message: 1
06-23 11:42:05.159   963   963 D BluetoothAdapterService(1099772392): MESSAGE_PROFILE_SERVICE_STATE_CHANGED
06-23 11:42:05.159   963   963 D BluetoothAdapterService: onProfileServiceStateChange: serviceName=com.android.bluetooth.map.BluetoothMapService, state = 12, doUpdate = true
06-23 11:42:05.159   963   963 D BluetoothAdapterService: Profile still not running:com.android.bluetooth.hfpclient.HandsfreeClientService
06-23 11:42:05.159   963   963 D BluetoothAdapterService(1099772392): Message: 1
06-23 11:42:05.159   963   963 D BluetoothAdapterService(1099772392): MESSAGE_PROFILE_SERVICE_STATE_CHANGED
06-23 11:42:05.159   963   963 D BluetoothAdapterService: onProfileServiceStateChange: serviceName=com.android.bluetooth.hfpclient.HandsfreeClientService, state = 12, doUpdate = true
06-23 11:42:05.159   963   963 D BluetoothAdapterService: All profile services started.
06-23 11:42:05.159   963  1000 D BluetoothAdapterState: CURRENT_STATE=PENDING, MESSAGE = STARTED, isTurningOn=true, isTurningOff=false
06-23 11:42:05.159   963  1000 I bluedroid: enable
06-23 11:42:05.159   963  1000 I bt_hci_bdroid: init
06-23 11:42:05.159   963  1000 I bt_vendor: bt-vendor : init
06-23 11:42:05.159   963  1000 I bt_vendor: bt-vendor : get_bt_soc_type
06-23 11:42:05.159   963  1000 E bt_vendor: get_bt_soc_type: Failed to get soc type
06-23 11:42:05.159   963  1000 I bt_vendor: init: Local BD Address : 8e:2a:2e:42:22:22
06-23 11:42:05.159   963  1000 I bt_hci_bdroid: ro.qualcomm.hci_transport set to smd
06-23 11:42:05.159   963  1000 D BTSNOOP-DISP: btsnoop_init
06-23 11:42:05.159   963  1000 D bt_userial_mct: userial_init
06-23 11:42:05.159   963  1030 D BTSNOOP-DISP: ext_parser_thread
06-23 11:42:05.159   963  1030 D BTSNOOP-DISP: waiting for connection on port 4330
06-23 11:42:05.159   963  1000 I bt_vendor: bt-vendor : BT_VND_OP_POWER_CTRL: On
06-23 11:42:05.159   963  1000 I bt_vendor: Starting hciattach daemon
06-23 11:42:05.159   963  1000 I bt_vendor: try to set true
06-23 11:42:05.159   963  1031 I bt_hci_bdroid: bt_hc_worker_thread started
06-23 11:42:05.169  1034  1034 I qcom-bluetooth: /system/etc/init.qcom.bt.sh: init.qcom.bt.sh config =  
06-23 11:42:05.209  1042  1042 I qcom-bluetooth: /system/etc/init.qcom.bt.sh: Transport : smd 
06-23 11:42:05.209  1043  1043 I qcom-bluetooth: /system/etc/init.qcom.bt.sh: ** Bluedroid stack ** 
06-23 11:42:05.219  1046  1046 I qcom-bluetooth: /system/etc/init.qcom.bt.sh: Power Class: Ignored. Default(1) used (1-CLASS1/2-CLASS2/3-CUSTOM) 
06-23 11:42:05.219  1047  1047 I qcom-bluetooth: /system/etc/init.qcom.bt.sh: Power Class: To override, Before turning BT ON; setprop qcom.bt.dev_power_class <1 or 2 or 3> 
06-23 11:42:05.229  1048  1048 I qcom-bluetooth: /system/etc/init.qcom.bt.sh: LE Power Class: Ignored. Default(2) used (1-CLASS1/2-CLASS2/3-CUSTOM) 
06-23 11:42:05.229   502   502 W ContextImpl: Implicit intents with startService are not safe: Intent { act=com.dsi.ant.server.IAntHal } android.content.ContextWrapper.startService:494 android.content.ContextWrapper.startService:494 com.dsi.ant.server.AntService.startService:125 
06-23 11:42:05.229  1049  1049 I qcom-bluetooth: /system/etc/init.qcom.bt.sh: LE Power Class: To override, Before turning BT ON; setprop qcom.bt.le_dev_pwr_class <1 or 2 or 3> 
06-23 11:42:05.239   489   489 V PrintK  : [   15.346858] wcnss_post_bootup: Cancel APPS vote for Iris & WCNSS
06-23 11:42:05.239  1051  1051 E         : bt_qmi_dms_init:Read BD address from Modem NV is not supported for APQ devices 
06-23 11:42:05.249   502   502 D dalvikvm: Trying to load lib libantradio.so 0x4195f878
06-23 11:42:05.249   502   502 D dalvikvm: Added shared lib libantradio.so 0x4195f878
06-23 11:42:05.269   747   985 D MediaProvider: Adjusting external storage paths to: /storage/emulated/0
06-23 11:42:05.309  1065  1065 I qcom-bluetooth: /system/etc/init.qcom.bt.sh: Bluetooth QSoC firmware download succeeded, /dev/ttyHS0 qualcomm 3000000 00:10:f3:5e:35:b3 
06-23 11:42:05.309  1066  1066 I qcom-bluetooth: /system/etc/init.qcom.bt.sh: ** Bluedroid stack ** 
06-23 11:42:05.329   747   985 E SQLiteLog: (1) no such table: files
06-23 11:42:05.349   227   551 D ExtendedUtils: extended extractor not needed, return default
06-23 11:42:05.369   963  1000 I bt_vendor: bluetooth satus is on
06-23 11:42:05.369   963  1031 D bt_userial_mct: userial_open(port:0)
06-23 11:42:05.369   963  1031 I bt_vendor: bt-vendor : BT_VND_OP_USERIAL_OPEN
06-23 11:42:05.369   963  1074 I GKI_LINUX: gki_task_entry: gki_task_entry task_id=0 [BTU] starting
06-23 11:42:05.369   963  1074 I bt-btu  : btu_task pending for preload complete event
06-23 11:42:05.369   963  1031 I bt_vendor: Done intiailizing UART
06-23 11:42:05.369   963  1031 I bt_vendor: Done intiailizing UART
06-23 11:42:05.369   963  1031 I bt_userial_mct: CMD=73, EVT=73, ACL_Out=75, ACL_In=75
06-23 11:42:05.369   963  1031 I bt_vendor: Bluetooth Firmware and transport layer are initialized
06-23 11:42:05.369   963  1077 D bt_userial_mct: Entering userial_read_thread()
06-23 11:42:05.369   963  1074 I bt-btu  : btu_task received preload complete event
06-23 11:42:05.369   963  1074 W bt-l2cap: L2CAP - L2CA_Register() called for PSM: 0x0001
06-23 11:42:05.369   963  1074 W bt-l2cap: L2CAP - L2CA_Register() called for PSM: 0x001f
06-23 11:42:05.369   963  1074 W bt-l2cap: L2CAP - L2CA_Register() called for PSM: 0x0003
06-23 11:42:05.369   963  1074 I         : BTE_InitTraceLevels -- TRC_HCI
06-23 11:42:05.369   963  1074 I         : BTE_InitTraceLevels -- TRC_L2CAP
06-23 11:42:05.369   963  1074 I         : BTE_InitTraceLevels -- TRC_RFCOMM
06-23 11:42:05.369   963  1074 I         : BTE_InitTraceLevels -- TRC_AVDT
06-23 11:42:05.369   963  1074 I         : BTE_InitTraceLevels -- TRC_AVRC
06-23 11:42:05.369   963  1074 I         : BTE_InitTraceLevels -- TRC_A2D
06-23 11:42:05.369   963  1074 I         : BTE_InitTraceLevels -- TRC_BNEP
06-23 11:42:05.369   963  1074 I         : BTE_InitTraceLevels -- TRC_BTM
06-23 11:42:05.369   963  1074 I         : BTE_InitTraceLevels -- TRC_GAP
06-23 11:42:05.369   963  1074 I         : BTE_InitTraceLevels -- TRC_PAN
06-23 11:42:05.369   963  1074 I         : BTE_InitTraceLevels -- TRC_SDP
06-23 11:42:05.369   963  1074 I         : BTE_InitTraceLevels -- TRC_GATT
06-23 11:42:05.369   963  1074 I         : BTE_InitTraceLevels -- TRC_SMP
06-23 11:42:05.369   963  1074 I         : BTE_InitTraceLevels -- TRC_BTAPP
06-23 11:42:05.369   963  1074 I         : BTE_InitTraceLevels -- TRC_BTIF
06-23 11:42:05.369   963  1074 I         : BTE_InitTraceLevels -- TRC_LATENCY_AUDIO
06-23 11:42:05.379   227   227 D ExtendedUtils: extended extractor not needed, return default
06-23 11:42:05.379   963   979 D BluetoothAdapterService(1099772392): getState(): mAdapterProperties: com.android.bluetooth.btservice.AdapterProperties@418d5398
06-23 11:42:05.405     1     1 W PrintK  : [   15.513072] init: untracked pid 1080 exited
06-23 11:42:05.399   227   550 D ExtendedUtils: extended extractor not needed, return default
06-23 11:42:05.399   963  1074 E bt-btm  : BTM_SecRegister:p_cb_info->p_le_callback == 0x5f66ed25 
06-23 11:42:05.399   963  1074 E bt-btm  : BTM_SecRegister: btm_cb.api.p_le_callback = 0x5f66ed25 
06-23 11:42:05.409   963  1005 E bt-btif : Calling BTA_HhEnable
06-23 11:42:05.409   963  1005 E bt-btif : btif_config_get(L189): assert failed: section && *section && key && *key && name && *name && bytes && type
06-23 11:42:05.409   963  1005 E bt-btif : btif_config_get(L189): assert failed: section && *section && key && *key && name && *name && bytes && type
06-23 11:42:05.409   963  1005 E bt-btif : btif_storage_get_adapter_property service_mask:0x3140040
06-23 11:42:05.409   963  1074 W bt-l2cap: btif_storage_get_adapter_property service_mask
06-23 11:42:05.409   963  1074 W bt-l2cap: L2CAP - L2CA_Register() called for PSM: 0x0017
06-23 11:42:05.409   963  1074 W bt-l2cap: L2CAP - L2CA_Register() called for PSM: 0x001b
06-23 11:42:05.409   963  1005 I BluetoothAdapterProperties: adapterPropertyChangedCallback with type:2 len:6
06-23 11:42:05.409   963  1074 W bt-l2cap: L2CAP - L2CA_Register() called for PSM: 0x0011
06-23 11:42:05.409   963  1074 W bt-l2cap: L2CAP - L2CA_Register() called for PSM: 0x0013
06-23 11:42:05.419   963  1005 D BluetoothAdapterProperties: Address is:22:22:42:2E:2A:8E
06-23 11:42:05.419   963  1005 I BluetoothAdapterProperties: adapterPropertyChangedCallback with type:1 len:8
06-23 11:42:05.419   963  1005 D BluetoothAdapterProperties: Name is: QCOM-BTD
06-23 11:42:05.419   963  1005 I BluetoothAdapterProperties: adapterPropertyChangedCallback with type:7 len:4
06-23 11:42:05.419   502   502 D BluetoothManagerService: Bluetooth Adapter name changed to QCOM-BTD
06-23 11:42:05.419   963  1005 D BluetoothAdapterProperties: Scan Mode:20
06-23 11:42:05.419   963  1005 I BluetoothAdapterProperties: adapterPropertyChangedCallback with type:9 len:4
06-23 11:42:05.419   963  1005 D BluetoothAdapterProperties: Discoverable Timeout:120
06-23 11:42:05.419   502   502 D BluetoothManagerService: Stored Bluetooth name: QCOM-BTD
06-23 11:42:05.419   963  1005 I BluetoothAdapterProperties: adapterPropertyChangedCallback with type:8 len:0
06-23 11:42:05.419   963  1005 I BluetoothAdapterProperties: adapterPropertyChangedCallback with type:3 len:64
06-23 11:42:05.419   963  1005 W bt-btif : ***********************************************
06-23 11:42:05.419   963  1005 W bt-btif : BTIF init BDA was 22:22:42:2E:2A:8E
06-23 11:42:05.419   963  1005 W bt-btif : Controller BDA is 00:10:F3:5E:35:B3
06-23 11:42:05.419   963  1005 W bt-btif : ***********************************************
06-23 11:42:05.419   963  1074 W bt-smp  : Key(LSB ~ MSB) = c6 a4 62 8b db 2b 81 a6 01 bb 58 74 af b9 b5 4c 
06-23 11:42:05.419   963  1074 W bt-smp  : Plain text(LSB ~ MSB) = 03 00 00 00 00 00 00 00 00 00 00 00 00 00 00 00 
06-23 11:42:05.419   963  1074 W bt-smp  : Encrypted text(LSB ~ MSB) = 61 a0 d3 ee d0 14 17 22 73 4f 6c 58 b2 4f 17 a2 
06-23 11:42:05.419   963  1074 W bt-smp  : Key(LSB ~ MSB) = c6 a4 62 8b db 2b 81 a6 01 bb 58 74 af b9 b5 4c 
06-23 11:42:05.419   963  1074 W bt-smp  : Plain text(LSB ~ MSB) = 01 00 00 00 00 00 00 00 00 00 00 00 00 00 00 00 
06-23 11:42:05.419   963  1074 W bt-smp  : Encrypted text(LSB ~ MSB) = 94 b6 d7 4d 64 ea 6c 2b 83 4c 81 c3 ea ca 86 c1 
06-23 11:42:05.419   963  1005 I BluetoothAdapterProperties: adapterPropertyChangedCallback with type:2 len:6
06-23 11:42:05.419   963  1005 D BluetoothAdapterProperties: Address is:00:10:F3:5E:35:B3
06-23 11:42:05.419   963  1005 I bte_conf: Attempt to load did conf from /etc/bluetooth/bt_did.conf
06-23 11:42:05.419   963  1074 W bt-l2cap: L2CAP - L2CA_Register() called for PSM: 0x000f
06-23 11:42:05.419   963  1005 I bte_conf: [1] primary_record=1 vendor_id=0x001D vendor_id_source=0x0001 product_id=0x1200 version=0x1436
06-23 11:42:05.419   963  1005 I bte_conf: Attempt to load did conf from /etc/bluetooth/bt_did.conf
06-23 11:42:05.419   963  1005 I bte_conf: Attempt to load did conf from /etc/bluetooth/bt_did.conf
06-23 11:42:05.419   963  1005 D bt-btif : btif_av_state_idle_handler event:BTA_AV_ENABLE_EVT flags 0
06-23 11:42:05.419   963  1077 E bt_mct  : hci lib postload completed
06-23 11:42:05.429   963  1000 D BluetoothAdapterState: CURRENT_STATE=PENDING, MESSAGE = ENABLE_READY, isTurningOn=true, isTurningOff=false
06-23 11:42:05.429   963  1000 D BluetoothAdapterProperties: ScanMode =  20
06-23 11:42:05.429   963  1000 D BluetoothAdapterProperties: State =  11
06-23 11:42:05.429   963  1000 D BluetoothAdapterProperties: Setting state to 12
06-23 11:42:05.429   963  1000 I BluetoothAdapterState: Bluetooth adapter state changed: 11-> 12
06-23 11:42:05.429   963  1000 D BluetoothAdapterService: Broadcasting updateAdapterState() to 0 receivers.
06-23 11:42:05.429   963  1000 I BluetoothAdapterState: Entering On State
06-23 11:42:05.429   963  1000 D BluetoothAdapterService(1099772392): delay auto connect by 500 ms
06-23 11:42:05.429   963  1000 D BluetoothAdapterService(1099772392): Quiet mode Enabled = false
06-23 11:42:05.429   963  1005 D bt-btif : btif_av_state_idle_handler event:BTA_AV_REGISTER_EVT flags 0
06-23 11:42:05.429   963  1005 E bt-btif : btif_config_get(L189): assert failed: section && *section && key && *key && name && *name && bytes && type
06-23 11:42:05.429   963  1005 D BluetoothPanServiceJni: control_state_callback(L61): state:0, local_role:0, ifname:bt-pan
06-23 11:42:05.429   963  1005 I BluetoothAdapterProperties: adapterPropertyChangedCallback with type:9 len:4
06-23 11:42:05.429   963  1005 D BluetoothAdapterProperties: Discoverable Timeout:120
06-23 11:42:05.429   227   551 D ExtendedUtils: extended extractor not needed, return default
06-23 11:42:05.449  1087  1087 I qcom-bt-wlan-coex: /system/etc/init.qcom.coex.sh: btwlancoex/abtfilt not available 
06-23 11:42:05.459   227   550 D ExtendedUtils: extended extractor not needed, return default
06-23 11:42:05.489   227   227 D ExtendedUtils: extended extractor not needed, return default
06-23 11:42:05.489   227   550 E MetadataRetrieverClient: failed to extract an album art
06-23 11:42:05.519   227   551 D ExtendedUtils: extended extractor not needed, return default
06-23 11:42:05.539   227   550 D ExtendedUtils: extended extractor not needed, return default
06-23 11:42:05.549   227   227 D ExtendedUtils: extended extractor not needed, return default
06-23 11:42:05.569   227   551 D ExtendedUtils: extended extractor not needed, return default
06-23 11:42:05.599   227   550 D ExtendedUtils: extended extractor not needed, return default
06-23 11:42:05.609   227   227 D ExtendedUtils: extended extractor not needed, return default
06-23 11:42:05.629   227   551 D ExtendedUtils: extended extractor not needed, return default
06-23 11:42:05.649   227   550 D ExtendedUtils: extended extractor not needed, return default
06-23 11:42:05.659  1052  1052 D EmailBroadcastReceiver: Received android.intent.action.BOOT_COMPLETED
06-23 11:42:05.659  1052  1097 I Email   : Onetime initialization: 1
06-23 11:42:05.659  1052  1097 I Email   : Onetime initialization: 2
06-23 11:42:05.659  1052  1097 I Email   : Onetime initialization: completed.
06-23 11:42:05.669   658   658 I LauncherIconVisibilityManager: Boot has been completed
06-23 11:42:05.669   227   227 D ExtendedUtils: extended extractor not needed, return default
06-23 11:42:05.679   658   658 I LauncherIconVisibilityManager: Disable activity: ComponentInfo{com.android.inputmethod.latin/com.android.inputmethod.latin.setup.SetupActivity}
06-23 11:42:05.689   963   978 D BluetoothAdapterService(1099772392): getState(): mAdapterProperties: com.android.bluetooth.btservice.AdapterProperties@418d5398
06-23 11:42:05.689   502   521 D BluetoothManagerService: Stored Bluetooth name: QCOM-BTD
06-23 11:42:05.689  1098  1098 D dalvikvm: Late-enabling CheckJNI
06-23 11:42:05.699   227   551 D ExtendedUtils: extended extractor not needed, return default
06-23 11:42:05.699  1098  1098 I dalvikvm: Enabling JNI app bug workarounds for target SDK version 8...
06-23 11:42:05.719   502   521 D BluetoothManagerService: Stored Bluetoothaddress: 00:10:F3:5E:35:B3
06-23 11:42:05.729  1098  1098 I DLTApplication: DLTApplication::onCreate()
06-23 11:42:05.729  1098  1098 I DLTApplication: DLTApplication::initialize()
06-23 11:42:05.729  1098  1098 D DLTApplication: Create directory '/data/data/com.qualcomm.qct.dlt/files/config'
06-23 11:42:05.729  1098  1098 D DLTApplication: Create directory '/data/data/com.qualcomm.qct.dlt/files/sessions'
06-23 11:42:05.729  1098  1098 D DLTApplication: Create directory '/data/data/com.qualcomm.qct.dlt/files/playback'
06-23 11:42:05.729  1098  1098 D DLTApplication: Create directory '/data/data/com.qualcomm.qct.dlt/files/truth'
06-23 11:42:05.729  1098  1098 D DLTApplication: Create directory '/data/data/com.qualcomm.qct.dlt/files/coarsePos'
06-23 11:42:05.729  1098  1098 D DLTApplication: Create directory '/data/data/com.qualcomm.qct.dlt/files/xtra'
06-23 11:42:05.729  1098  1098 D DLTApplication: Create directory '/data/data/com.qualcomm.qct.dlt/files/suplcerts'
06-23 11:42:05.729  1098  1098 D DLTApplication: Create directory '/data/data/com.qualcomm.qct.dlt/files/dynamicTruth'
06-23 11:42:05.729  1098  1098 D DLTApplication: Create directory '/data/data/com.qualcomm.qct.dlt/files/proxalerts'
06-23 11:42:05.729  1098  1098 D DLTApplication: Create directory '/data/data/com.qualcomm.qct.dlt/files/proxalertsLogs'
06-23 11:42:05.729  1098  1098 D DLTApplication: Create directory '/data/data/com.qualcomm.qct.dlt/files/nonSessionLogs'
06-23 11:42:05.729  1098  1098 D DLTApplication: Create directory '/data/data/com.qualcomm.qct.dlt/files/wbiq'
06-23 11:42:05.729   963   979 D BluetoothAdapterService(1099772392): disable() called...
06-23 11:42:05.729   963  1000 D BluetoothAdapterState: CURRENT_STATE=ON, MESSAGE = USER_TURN_OFF
06-23 11:42:05.729   963  1000 D BluetoothAdapterProperties: Setting state to 13
06-23 11:42:05.729   963  1000 I BluetoothAdapterState: Bluetooth adapter state changed: 12-> 13
06-23 11:42:05.729   963   978 D BluetoothAdapterService(1099772392): getState(): mAdapterProperties: com.android.bluetooth.btservice.AdapterProperties@418d5398
06-23 11:42:05.729   963  1000 D BluetoothAdapterService: Broadcasting updateAdapterState() to 0 receivers.
06-23 11:42:05.729   963  1000 D BluetoothAdapterProperties: onBluetoothDisable()
06-23 11:42:05.729   963  1000 I BluetoothAdapterState: Entering PendingCommandState State: isTurningOn()=false, isTurningOff()=true
06-23 11:42:05.729  1098  1098 D DLTApplication: Create directory '/storage/emulated/0/dlt/config'
06-23 11:42:05.739   227   550 D ExtendedUtils: extended extractor not needed, return default
06-23 11:42:05.739  1098  1098 D DLTApplication: Create directory '/storage/emulated/0/dlt/sessions'
06-23 11:42:05.739  1098  1098 D DLTApplication: Create directory '/storage/emulated/0/dlt/playback'
06-23 11:42:05.739  1098  1098 D DLTApplication: Create directory '/storage/emulated/0/dlt/truth'
06-23 11:42:05.739  1098  1098 D DLTApplication: Create directory '/storage/emulated/0/dlt/coarsePos'
06-23 11:42:05.739  1098  1098 D DLTApplication: Create directory '/storage/emulated/0/dlt/xtra'
06-23 11:42:05.739  1098  1098 D DLTApplication: Create directory '/storage/emulated/0/dlt/suplcerts'
06-23 11:42:05.739  1098  1098 D DLTApplication: Create directory '/storage/emulated/0/dlt/dynamicTruth'
06-23 11:42:05.739  1098  1098 D DLTApplication: Create directory '/storage/emulated/0/dlt/proxalerts'
06-23 11:42:05.739  1098  1098 D DLTApplication: Create directory '/storage/emulated/0/dlt/proxalertsLogs'
06-23 11:42:05.739  1098  1098 D DLTApplication: Create directory '/storage/emulated/0/dlt/nonSessionLogs'
06-23 11:42:05.739  1098  1098 D DLTApplication: Create directory '/storage/emulated/0/dlt/wbiq'
06-23 11:42:05.759   227   227 D ExtendedUtils: extended extractor not needed, return default
06-23 11:42:05.759  1098  1098 I DLTApplication: App config params loaded from '/data/data/com.qualcomm.qct.dlt/files/.appConfigParams
06-23 11:42:05.769   227   551 D ExtendedUtils: extended extractor not needed, return default
06-23 11:42:05.789   227   550 D ExtendedUtils: extended extractor not needed, return default
06-23 11:42:05.809   227   227 D ExtendedUtils: extended extractor not needed, return default
06-23 11:42:05.839   227   551 D ExtendedUtils: extended extractor not needed, return default
06-23 11:42:05.859   227   550 D ExtendedUtils: extended extractor not needed, return default
06-23 11:42:05.879   227   227 D ExtendedUtils: extended extractor not needed, return default
06-23 11:42:05.889  1052  1114 I Email   : Observing account changes for notifications
06-23 11:42:05.899   227   551 D ExtendedUtils: extended extractor not needed, return default
06-23 11:42:05.919   227   550 D ExtendedUtils: extended extractor not needed, return default
06-23 11:42:05.929   963   963 D BluetoothAdapterService(1099772392): Message: 50
06-23 11:42:05.929   963   963 D BluetoothAdapterService(1099772392): MESSAGE_AUTO_CONNECT_PROFILES
06-23 11:42:05.929   963   963 D BluetoothAdapterService(1099772392): getState(): mAdapterProperties: com.android.bluetooth.btservice.AdapterProperties@418d5398
06-23 11:42:05.929   963   963 E BluetoothAdapterService(1099772392): BT is not ON. Exiting autoConnect
06-23 11:42:05.929   227   227 D ExtendedUtils: extended extractor not needed, return default
06-23 11:42:05.949   227   551 D ExtendedUtils: extended extractor not needed, return default
06-23 11:42:05.969   227   550 D ExtendedUtils: extended extractor not needed, return default
06-23 11:42:05.989   227   227 D ExtendedUtils: extended extractor not needed, return default
06-23 11:42:06.009   227   551 D ExtendedUtils: extended extractor not needed, return default
06-23 11:42:06.019   227   550 D ExtendedUtils: extended extractor not needed, return default
06-23 11:42:06.029   963   979 D BluetoothAdapterService(1099772392): getState(): mAdapterProperties: com.android.bluetooth.btservice.AdapterProperties@418d5398
06-23 11:42:06.039  1098  1098 I ProximityBroadcastReceiver: ProximityBroadcastReceiver got ACTION_BOOT_COMPLETED
06-23 11:42:06.039  1098  1098 I ProximityBroadcastReceiver: ProximityBroadcatReceiver auto start of proxmity alerts is disabled
06-23 11:42:06.049   227   227 D ExtendedUtils: extended extractor not needed, return default
06-23 11:42:06.069   227   551 D ExtendedUtils: extended extractor not needed, return default
06-23 11:42:06.069  1118  1135 D PPDaemonConnector: Connected to the daemon socket
06-23 11:42:06.079   680   680 D dalvikvm: No JNI_OnLoad found in /vendor/lib/libsecureuisvc_jni.so 0x418c5508, skipping init
06-23 11:42:06.089   227   550 D ExtendedUtils: extended extractor not needed, return default
06-23 11:42:06.099   680  1141 D SecUISvc: Thread created.
06-23 11:42:06.099   680   680 D SecUISvc: Service started flags 0 startId 1
06-23 11:42:06.109   680  1141 W dalvikvm: Unable to resolve superclass of Lcom/qualcomm/qti/services/secureui/WfdListener; (37)
06-23 11:42:06.109   680  1141 W dalvikvm: Link of class 'Lcom/qualcomm/qti/services/secureui/WfdListener;' failed
06-23 11:42:06.109   680  1141 W dalvikvm: Unable to resolve superclass of Lcom/qualcomm/qti/services/secureui/WfdListener; (37)
06-23 11:42:06.109   680  1141 W dalvikvm: Link of class 'Lcom/qualcomm/qti/services/secureui/WfdListener;' failed
06-23 11:42:06.109   680  1141 W dalvikvm: Unable to resolve superclass of Lcom/qualcomm/qti/services/secureui/WfdListener; (37)
06-23 11:42:06.109   680  1141 W dalvikvm: Link of class 'Lcom/qualcomm/qti/services/secureui/WfdListener;' failed
06-23 11:42:06.109   680  1141 W dalvikvm: VFY: unable to find class referenced in signature (Lcom/qualcomm/qti/services/secureui/WfdListener;)
06-23 11:42:06.109   680  1141 W dalvikvm: Unable to resolve superclass of Lcom/qualcomm/qti/services/secureui/WfdListener; (37)
06-23 11:42:06.109   680  1141 W dalvikvm: Link of class 'Lcom/qualcomm/qti/services/secureui/WfdListener;' failed
06-23 11:42:06.109   680  1141 W dalvikvm: VFY: unable to find class referenced in signature (Lcom/qualcomm/qti/services/secureui/WfdListener;)
06-23 11:42:06.109   680  1141 W dalvikvm: Unable to resolve superclass of Lcom/qualcomm/qti/services/secureui/WfdListener; (37)
06-23 11:42:06.109   680  1141 W dalvikvm: Link of class 'Lcom/qualcomm/qti/services/secureui/WfdListener;' failed
06-23 11:42:06.109   680  1141 W dalvikvm: Unable to resolve superclass of Lcom/qualcomm/qti/services/secureui/WfdListener; (37)
06-23 11:42:06.109   680  1141 W dalvikvm: Link of class 'Lcom/qualcomm/qti/services/secureui/WfdListener;' failed
06-23 11:42:06.109   680  1141 W dalvikvm: VFY: unable to find class referenced in signature (Lcom/qualcomm/qti/services/secureui/WfdListener;)
06-23 11:42:06.109   680  1141 W dalvikvm: Unable to resolve superclass of Lcom/qualcomm/qti/services/secureui/WfdListener; (37)
06-23 11:42:06.109   680  1141 W dalvikvm: Link of class 'Lcom/qualcomm/qti/services/secureui/WfdListener;' failed
06-23 11:42:06.109   680  1141 W dalvikvm: Unable to resolve superclass of Lcom/qualcomm/qti/services/secureui/WfdListener; (37)
06-23 11:42:06.109   680  1141 W dalvikvm: Link of class 'Lcom/qualcomm/qti/services/secureui/WfdListener;' failed
06-23 11:42:06.109   680  1141 W dalvikvm: Unable to resolve superclass of Lcom/qualcomm/qti/services/secureui/WfdListener; (37)
06-23 11:42:06.109   680  1141 W dalvikvm: Link of class 'Lcom/qualcomm/qti/services/secureui/WfdListener;' failed
06-23 11:42:06.109   680  1141 W dalvikvm: Unable to resolve superclass of Lcom/qualcomm/qti/services/secureui/WfdListener; (37)
06-23 11:42:06.109   680  1141 W dalvikvm: Link of class 'Lcom/qualcomm/qti/services/secureui/WfdListener;' failed
06-23 11:42:06.109   680  1141 I dalvikvm: Could not find method com.qualcomm.qti.services.secureui.WfdListener.pause, referenced from method com.qualcomm.qti.services.secureui.WfdReceiver.pause
06-23 11:42:06.109   680  1141 W dalvikvm: VFY: unable to resolve virtual method 61: Lcom/qualcomm/qti/services/secureui/WfdListener;.pause ()Z
06-23 11:42:06.109   680  1141 D dalvikvm: VFY: replacing opcode 0x6e at 0x0014
06-23 11:42:06.109   680  1141 W dalvikvm: Unable to resolve superclass of Lcom/qualcomm/qti/services/secureui/WfdListener; (37)
06-23 11:42:06.109   680  1141 W dalvikvm: Link of class 'Lcom/qualcomm/qti/services/secureui/WfdListener;' failed
06-23 11:42:06.109   680  1141 W dalvikvm: Unable to resolve superclass of Lcom/qualcomm/qti/services/secureui/WfdListener; (37)
06-23 11:42:06.109   680  1141 W dalvikvm: Link of class 'Lcom/qualcomm/qti/services/secureui/WfdListener;' failed
06-23 11:42:06.119   680  1141 W dalvikvm: Unable to resolve superclass of Lcom/qualcomm/qti/services/secureui/WfdListener; (37)
06-23 11:42:06.119   680  1141 W dalvikvm: Link of class 'Lcom/qualcomm/qti/services/secureui/WfdListener;' failed
06-23 11:42:06.119   680  1141 I dalvikvm: Could not find method com.qualcomm.qti.services.secureui.WfdListener.resume, referenced from method com.qualcomm.qti.services.secureui.WfdReceiver.resume
06-23 11:42:06.119   680  1141 W dalvikvm: VFY: unable to resolve virtual method 62: Lcom/qualcomm/qti/services/secureui/WfdListener;.resume ()V
06-23 11:42:06.119   680  1141 D dalvikvm: VFY: replacing opcode 0x6e at 0x000d
06-23 11:42:06.119   680  1141 I dalvikvm: Could not find method com.qualcomm.wfd.service.ISessionManagerService$Stub.asInterface, referenced from method com.qualcomm.qti.services.secureui.WfdReceiver$1.onServiceConnected
06-23 11:42:06.119   680  1141 W dalvikvm: VFY: unable to resolve static method 79: Lcom/qualcomm/wfd/service/ISessionManagerService$Stub;.asInterface (Landroid/os/IBinder;)Lcom/qualcomm/wfd/service/ISessionManagerService;
06-23 11:42:06.119   680  1141 D dalvikvm: VFY: replacing opcode 0x71 at 0x000e
06-23 11:42:06.119   680  1141 W dalvikvm: Unable to resolve superclass of Lcom/qualcomm/qti/services/secureui/WfdListener; (37)
06-23 11:42:06.119   680  1141 W dalvikvm: Link of class 'Lcom/qualcomm/qti/services/secureui/WfdListener;' failed
06-23 11:42:06.119   680  1141 W dalvikvm: VFY: unable to find class referenced in signature (Lcom/qualcomm/qti/services/secureui/WfdListener;)
06-23 11:42:06.119   680  1141 W dalvikvm: Unable to resolve superclass of Lcom/qualcomm/qti/services/secureui/WfdListener; (37)
06-23 11:42:06.119   680  1141 W dalvikvm: Link of class 'Lcom/qualcomm/qti/services/secureui/WfdListener;' failed
06-23 11:42:06.119   680  1141 W dalvikvm: VFY: unable to find class referenced in signature (Lcom/qualcomm/qti/services/secureui/WfdListener;)
06-23 11:42:06.119   680  1141 W dalvikvm: Unable to resolve superclass of Lcom/qualcomm/qti/services/secureui/WfdListener; (37)
06-23 11:42:06.119   680  1141 W dalvikvm: Link of class 'Lcom/qualcomm/qti/services/secureui/WfdListener;' failed
06-23 11:42:06.119   680  1141 D dalvikvm: DexOpt: unable to opt direct call 0x0038 at 0x16 in Lcom/qualcomm/qti/services/secureui/WfdReceiver$1;.onServiceConnected
06-23 11:42:06.119   680  1141 D SecUISvc.WfdReceiver: WfdReceiver(), wfdActive=true
06-23 11:42:06.119   680  1141 D SecUISvc.WfdReceiver: Creating service, binding to WFD
06-23 11:42:06.119   680  1141 W ContextImpl: Implicit intents with startService are not safe: Intent { act=com.qualcomm.wfd.service.WfdService } android.content.ContextWrapper.bindService:517 com.qualcomm.qti.services.secureui.WfdReceiver.<init>:37 com.qualcomm.qti.services.secureui.SecureUIService.run:91 
06-23 11:42:06.119   680  1141 E SecUISvc.WfdReceiver: Failed to connect to Provider service
06-23 11:42:06.129   227   227 D ExtendedUtils: extended extractor not needed, return default
06-23 11:42:06.139  1137  1137 D EmbmsBootReceiver: onReceive
06-23 11:42:06.139  1137  1137 I EmbmsBootReceiver: persist.radio.sib16_support is not set, EmbmsService not started on Boot
06-23 11:42:06.149   227   551 D ExtendedUtils: extended extractor not needed, return default
06-23 11:42:06.169   227   550 D ExtendedUtils: extended extractor not needed, return default
06-23 11:42:06.179   227   227 D ExtendedUtils: extended extractor not needed, return default
06-23 11:42:06.199   227   551 D ExtendedUtils: extended extractor not needed, return default
06-23 11:42:06.219   227   550 D ExtendedUtils: extended extractor not needed, return default
06-23 11:42:06.219   502   591 I QCNEJ   : |CORE:COM:RCVR| CNE creating socket
06-23 11:42:06.239   227   227 D ExtendedUtils: extended extractor not needed, return default
06-23 11:42:06.249   227   551 D ExtendedUtils: extended extractor not needed, return default
06-23 11:42:06.269   227   550 D ExtendedUtils: extended extractor not needed, return default
06-23 11:42:06.279   227   227 D ExtendedUtils: extended extractor not needed, return default
06-23 11:42:06.299   227   551 D ExtendedUtils: extended extractor not needed, return default
06-23 11:42:06.319   227   550 D ExtendedUtils: extended extractor not needed, return default
06-23 11:42:06.339   963   978 D BluetoothAdapterService(1099772392): getState(): mAdapterProperties: com.android.bluetooth.btservice.AdapterProperties@418d5398
06-23 11:42:06.339   227   227 D ExtendedUtils: extended extractor not needed, return default
06-23 11:42:06.349   227   551 D ExtendedUtils: extended extractor not needed, return default
06-23 11:42:06.369   227   550 D ExtendedUtils: extended extractor not needed, return default
06-23 11:42:06.379   227   227 D ExtendedUtils: extended extractor not needed, return default
06-23 11:42:06.389   227   551 D ExtendedUtils: extended extractor not needed, return default
06-23 11:42:06.409   227   550 D ExtendedUtils: extended extractor not needed, return default
