06-23 11:42:00.770   502   563 E EventHub: could not get driver version for /dev/input/mice, Not a typewriter
06-23 11:42:00.780   502   563 D EventHub: No input device configuration file found for device 'gpio-keys'.
06-23 11:42:00.780   502   563 W EventHub: Unable to disable kernel key repeat for /dev/input/event1: Function not implemented
06-23 11:42:00.780   502   563 I EventHub: New device: id=6, fd=99, path='/dev/input/event1', name='gpio-keys', classes=0x1, configuration='', keyLayout='/system/usr/keylayout/gpio-keys.kl', keyCharacterMap='/system/usr/keychars/Generic.kcm', builtinKeyboard=false, usingSuspendBlockIoctl=true, usingClockIoctl=true
06-23 11:42:00.780   502   563 I InputReader: Device added: id=-1, name='Virtual', sources=0x00000301
06-23 11:42:00.780   502   563 I InputReader: Device added: id=6, name='gpio-keys', sources=0x00000101
06-23 11:42:00.780   502   563 I InputReader: Device added: id=5, name='qpnp_pon', sources=0x00000101
06-23 11:42:00.780   502   563 I InputReader: Device added: id=4, name='apq8074-taiko-db-snd-card Button Jack', sources=0x00000501
06-23 11:42:00.780   502   563 I InputReader: Device added: id=3, name='apq8074-taiko-db-snd-card Headset Jack', sources=0x80000000
06-23 11:42:00.780   502   563 I InputReader:   Touch device 'eGalax_Touch_Screen' could not query the properties of its associated display.  The device will be inoperable until the display size becomes available.
06-23 11:42:00.780   502   563 I InputReader: Device added: id=2, name='eGalax_Touch_Screen', sources=0x00001002
06-23 11:42:00.780   502   563 I InputReader: Device added: id=1, name='USB2.0 Video Camera', sources=0x00000101
06-23 11:42:00.780   502   562 E InputManager-JNI: An exception was thrown by callback 'notifyConfigurationChanged'.
06-23 11:42:00.780   502   562 E InputManager-JNI: java.lang.ArithmeticException: divide by zero
06-23 11:42:00.780   502   562 E InputManager-JNI: 	at com.android.internal.policy.impl.PhoneWindowManager.setInitialDisplaySize(PhoneWindowManager.java:1157)
06-23 11:42:00.780   502   562 E InputManager-JNI: 	at com.android.server.wm.WindowManagerService.configureDisplayPolicyLocked(WindowManagerService.java:7922)
06-23 11:42:00.780   502   562 E InputManager-JNI: 	at com.android.server.wm.WindowManagerService.reconfigureDisplayLocked(WindowManagerService.java:7900)
06-23 11:42:00.780   502   562 E InputManager-JNI: 	at com.android.server.wm.WindowManagerService.setForcedDisplaySizeLocked(WindowManagerService.java:7778)
06-23 11:42:00.780   502   562 E InputManager-JNI: 	at com.android.server.wm.WindowManagerService.setForcedDisplaySize(WindowManagerService.java:7715)
06-23 11:42:00.780   502   562 E InputManager-JNI: 	at com.android.server.wm.WindowManagerService.getBaseDisplaySize(WindowManagerService.java:7676)
06-23 11:42:00.780   502   562 E InputManager-JNI: 	at com.android.server.am.ProcessList.applyDisplaySize(ProcessList.java:182)
06-23 11:42:00.780   502   562 E InputManager-JNI: 	at com.android.server.am.ActivityManagerService.updateConfiguration(ActivityManagerService.java:14094)
06-23 11:42:00.780   502   562 E InputManager-JNI: 	at com.android.server.wm.WindowManagerService.sendNewConfiguration(WindowManagerService.java:6515)
06-23 11:42:00.780   502   562 E InputManager-JNI: 	at com.android.server.wm.InputMonitor.notifyConfigurationChanged(InputMonitor.java:340)
06-23 11:42:00.780   502   562 E InputManager-JNI: 	at com.android.server.input.InputManagerService.notifyConfigurationChanged(InputManagerService.java:1283)
06-23 11:42:00.780   502   562 E InputManager-JNI: 	at dalvik.system.NativeStart.run(Native Method)
06-23 11:42:00.800   222   292 D PermissionCache: checking android.permission.READ_FRAME_BUFFER for uid=1000 => granted (116 us)
06-23 11:42:00.849   502   502 V PrintK  : [   10.957278] lowmem_shrink: convert oom_adj to oom_score_adj:
06-23 11:42:00.849   502   502 V PrintK  : [   10.957293] oom_adj 0 => oom_score_adj 0
06-23 11:42:00.849   502   502 V PrintK  : [   10.957299] oom_adj 1 => oom_score_adj 58
06-23 11:42:00.849   502   502 V PrintK  : [   10.957318] oom_adj 2 => oom_score_adj 117
06-23 11:42:00.850   502   502 V PrintK  : [   10.957329] oom_adj 3 => oom_score_adj 176
06-23 11:42:00.850   502   502 V PrintK  : [   10.957333] oom_adj 9 => oom_score_adj 529
06-23 11:42:00.850   502   502 V PrintK  : [   10.957338] oom_adj 15 => oom_score_adj 1000
06-23 11:42:00.840   502   502 I PackageManager: Running dexopt on: com.qualcomm.qct.dlt
06-23 11:42:00.870   502   563 I InputReader: Reconfiguring input devices.  changes=0x00000004
06-23 11:42:00.870   502   563 I InputReader: Device reconfigured: id=2, name='eGalax_Touch_Screen', size 1920x1080, orientation 0, mode 1, display id 0
06-23 11:42:01.059   565   565 D dalvikvm: DexOpt: load 29ms, verify+opt 137ms, 897388 bytes
06-23 11:42:01.079   502   502 I PackageManager: Running dexopt on: com.playready.junit
06-23 11:42:01.119   567   567 D dalvikvm: DexOpt: load 5ms, verify+opt 15ms, 289828 bytes
06-23 11:42:01.129   502   502 I PackageManager: Running dexopt on: com.oem.restartapp
06-23 11:42:01.149   568   568 D dalvikvm: DexOpt: load 4ms, verify+opt 0ms, 126348 bytes
06-23 11:42:01.169   502   571 I PackageManager: No secure containers on sdcard
06-23 11:42:01.279   502   502 D WifiController: isAirplaneModeOn = false, isWifiEnabled = false, isScanningAvailable = false
06-23 11:42:01.279   502   578 D ConnectivityServiceHSM: ConnectivityServiceHSM entering DefaultConnectivityState
06-23 11:42:01.479   502   576 D WifiHW  : Unable to unload driver module "wlan": No such file or directory
06-23 11:42:01.650   502   502 D NetUtils: android_net_utils_resetConnections in env=0x41546f50 clazz=0x4f600019 iface=eth0 mask=0x3
06-23 11:42:01.664   502   502 V PrintK  : [   11.772033] ADDRCONF(NETDEV_UP): eth0: link is not ready
06-23 11:42:01.939   502   502 D NetUtils: android_net_utils_resetConnections in env=0x41546f50 clazz=0x51500019 iface=eth0 mask=0x3
06-23 11:42:02.219   502   502 D BluetoothTethering: startMonitoring: target: Handler (com.android.internal.util.StateMachine$SmHandler) {421a8430}
06-23 11:42:02.219   502   502 D BluetoothTethering: startMonitoring: mCsHandler: Handler (com.android.internal.util.StateMachine$SmHandler) {421a8430}
06-23 11:42:02.219   502   521 D BluetoothManagerService: Message: 20
06-23 11:42:02.219   502   521 D BluetoothManagerService: Added callback: android.bluetooth.BluetoothAdapter$2@41d296b8:true
06-23 11:42:02.219   502   521 D BluetoothManagerService: Message: 30
06-23 11:42:02.219   502   502 D Tethering: exception when get active network info:java.lang.NullPointerException
06-23 11:42:02.219   502   591 I QCNEJ   : |CORE:COM:RCVR| CNE creating socket
06-23 11:42:02.239   502   502 D WifiWatchdogStateMachine: Disabling poor network avoidance for wi-fi only device
06-23 11:42:02.299   227   546 D audio_hw_primary: out_set_parameters: enter: usecase(0: deep-buffer-playback) kvpairs: fm_volume=0.4253543019
06-23 11:42:02.299   227   546 D audio_hw_extn: audio_extn_set_anc_parameters: anc_enabled:0
06-23 11:42:02.299   227   546 D audio_hw_fm: audio_extn_fm_set_parameters: set_fm_volume usecase
06-23 11:42:02.299   227   546 D audio_hw_fm: fm_set_volume: (0.425354)
06-23 11:42:02.317   502   502 V PrintK  : [   12.424488] acc_open
06-23 11:42:02.317   502   502 V PrintK  : [   12.424509] acc_release
06-23 11:42:02.349   502   505 D dalvikvm: GC_CONCURRENT freed 2817K, 63% free 4716K/12572K, paused 2ms+2ms, total 24ms
06-23 11:42:02.349   502   598 D Atlas   : Computing best atlas configuration...
06-23 11:42:02.349   502   599 D Atlas   : Running Atlas Worker #1
06-23 11:42:02.349   502   600 D Atlas   : Running Atlas Worker #2
06-23 11:42:02.349   502   601 D Atlas   : Running Atlas Worker #3
06-23 11:42:02.349   502   602 D Atlas   : Running Atlas Worker #4
06-23 11:42:02.359   502   598 D Atlas   : Found best atlas configuration in 0.01s
06-23 11:42:02.359   502   598 D Atlas   : Loaded configuration: SliceMinArea (768x768) flags=0x2 count=24
06-23 11:42:02.369   502   598 I Adreno-EGL: <qeglDrvAPI_eglInitialize:410>: EGL 1.4 QUALCOMM build:  ()
06-23 11:42:02.369   502   598 I Adreno-EGL: OpenGL ES Shader Compiler Version: E031.24.00.15
06-23 11:42:02.369   502   598 I Adreno-EGL: Build Date: 12/17/14 Wed
06-23 11:42:02.369   502   598 I Adreno-EGL: Local Branch: 
06-23 11:42:02.369   502   598 I Adreno-EGL: Remote Branch: 
06-23 11:42:02.369   502   598 I Adreno-EGL: Local Patches: 
06-23 11:42:02.369   502   598 I Adreno-EGL: Reconstruct Branch: 
06-23 11:42:02.399   502   598 D Atlas   : Rendered atlas in 26.12ms (0.62+25.50ms)
06-23 11:42:02.859   502   515 D dalvikvm: GC_EXPLICIT freed 211K, 63% free 4698K/12572K, paused 2ms+1ms, total 21ms
06-23 11:42:03.359   502   502 I WindowManager: SAFE MODE not enabled
06-23 11:42:03.359   502   509 D dalvikvm: JIT started for system_server
06-23 11:42:03.389   502   502 E SQLiteLog: (1) no such table: locksettings
06-23 11:42:03.409   502   502 I Zygote  : Process: zygote socket opened
06-23 11:42:03.429   502   502 V KeyguardServiceDelegate: *** Keyguard started
06-23 11:42:03.429   502   502 V KeyguardServiceDelegate: onSystemReady() called before keyguard service was ready
06-23 11:42:03.439   502   502 F SystemServer: BOOT FAILURE making Package Manager Service ready
06-23 11:42:03.439   502   502 F SystemServer: java.lang.SecurityException: Unable to find app for caller android.app.ActivityThread$ApplicationThread@4194a220 (pid=502) when registering receiver android.app.LoadedApk$ReceiverDispatcher$InnerReceiver@41939d70
06-23 11:42:03.439   502   502 F SystemServer: 	at com.android.server.am.ActivityManagerService.registerReceiver(ActivityManagerService.java:13084)
06-23 11:42:03.439   502   502 F SystemServer: 	at android.app.ContextImpl.registerReceiverInternal(ContextImpl.java:1467)
06-23 11:42:03.439   502   502 F SystemServer: 	at android.app.ContextImpl.registerReceiverAsUser(ContextImpl.java:1442)
06-23 11:42:03.439   502   502 F SystemServer: 	at com.android.internal.content.PackageMonitor.register(PackageMonitor.java:84)
06-23 11:42:03.439   502   502 F SystemServer: 	at com.android.server.pm.UserManagerService.systemReady(UserManagerService.java:237)
06-23 11:42:03.439   502   502 F SystemServer: 	at com.android.server.pm.PackageManagerService.systemReady(PackageManagerService.java:10521)
06-23 11:42:03.439   502   502 F SystemServer: 	at com.android.server.ServerThread.initAndLoop(SystemServer.java:957)
06-23 11:42:03.439   502   502 F SystemServer: 	at com.android.server.SystemServer.main(SystemServer.java:1267)
06-23 11:42:03.439   502   502 F SystemServer: 	at java.lang.reflect.Method.invokeNative(Native Method)
06-23 11:42:03.439   502   502 F SystemServer: 	at java.lang.reflect.Method.invoke(Method.java:515)
06-23 11:42:03.439   502   502 F SystemServer: 	at com.android.internal.os.ZygoteInit$MethodAndArgsCaller.run(ZygoteInit.java:786)
06-23 11:42:03.439   502   502 F SystemServer: 	at com.android.internal.os.ZygoteInit.main(ZygoteInit.java:602)
06-23 11:42:03.439   502   502 F SystemServer: 	at dalvik.system.NativeStart.main(Native Method)
06-23 11:42:03.439   502   615 I QCOM PowerHAL: Got set_interactive hint
06-23 11:42:03.469   502   502 W QCNEJ   : |CORE| getWwanInfo(): Null Pointer Exceptionjava.lang.NullPointerException
06-23 11:42:03.469   502   502 W QCNEJ   : |CORE| sendWwanStatus: null TelephonyManager or CneWwanInfo
06-23 11:42:03.499   603   603 V KeyguardService: onCreate()
06-23 11:42:03.509   227   227 E OMXMaster: A component of name 'OMX.qcom.audio.decoder.aac' already exists, ignoring this one.
06-23 11:42:03.509   227   227 I ExtendedUtils: AV Sync late margin : Intended=40ms Using=0ms
06-23 11:42:03.509   227   227 E WVMExtractor: Failed to open libwvm.so
06-23 11:42:03.529   227   227 D ExtendedUtils: extended extractor not needed, return default
06-23 11:42:03.539   227   635 W AwesomePlayer: Could not offload audio decode, try pcm offload
06-23 11:42:03.549   212   384 I fsck_msdos: ** /dev/block/vold/8:1
06-23 11:42:03.559   212   384 I fsck_msdos: ** Phase 1 - Read FAT (compare skipped)
06-23 11:42:03.559   212   384 I fsck_msdos: Attempting to allocate 121865 KB for FAT
06-23 11:42:03.559   502   516 F NetworkManagementService: problem enabling bandwidth controls
06-23 11:42:03.559   502   516 F NetworkManagementService: com.android.server.NativeDaemonConnector$NativeDaemonFailureException: command '1 bandwidth enable' failed with '400 1 Bandwidth command failed'
06-23 11:42:03.559   502   516 F NetworkManagementService: 	at com.android.server.NativeDaemonConnector.execute(NativeDaemonConnector.java:391)
06-23 11:42:03.559   502   516 F NetworkManagementService: 	at com.android.server.NativeDaemonConnector.executeForList(NativeDaemonConnector.java:327)
06-23 11:42:03.559   502   516 F NetworkManagementService: 	at com.android.server.NativeDaemonConnector.execute(NativeDaemonConnector.java:292)
06-23 11:42:03.559   502   516 F NetworkManagementService: 	at com.android.server.NetworkManagementService.prepareNativeDaemon(NetworkManagementService.java:363)
06-23 11:42:03.559   502   516 F NetworkManagementService: 	at com.android.server.NetworkManagementService.systemReady(NetworkManagementService.java:239)
06-23 11:42:03.559   502   516 F NetworkManagementService: 	at com.android.server.ServerThread$2.run(SystemServer.java:1027)
06-23 11:42:03.559   502   516 F NetworkManagementService: 	at com.android.server.am.ActivityManagerService.systemReady(ActivityManagerService.java:9411)
06-23 11:42:03.559   502   516 F NetworkManagementService: 	at com.android.server.am.ActivityManagerService$13$1.run(ActivityManagerService.java:9294)
06-23 11:42:03.559   502   516 F NetworkManagementService: 	at android.os.Handler.handleCallback(Handler.java:733)
06-23 11:42:03.559   502   516 F NetworkManagementService: 	at android.os.Handler.dispatchMessage(Handler.java:95)
06-23 11:42:03.559   502   516 F NetworkManagementService: 	at android.os.Looper.loop(Looper.java:136)
06-23 11:42:03.559   502   516 F NetworkManagementService: 	at com.android.server.am.ActivityManagerService$AThread.run(ActivityManagerService.java:1875)
06-23 11:42:03.559   603   603 D SystemUIService: loading: class com.android.systemui.recent.Recents
06-23 11:42:03.559   603   603 D SystemUIService: running: com.android.systemui.recent.Recents@41904c00
06-23 11:42:03.559   603   603 D SystemUIService: loading: class com.android.systemui.statusbar.SystemBars
06-23 11:42:03.559   603   603 D SystemUIService: running: com.android.systemui.statusbar.SystemBars@419051e8
06-23 11:42:03.559   603   603 D SystemUIService: loading: class com.android.systemui.usb.StorageNotification
06-23 11:42:03.559   603   603 D SystemUIService: running: com.android.systemui.usb.StorageNotification@41906f38
06-23 11:42:03.559   227   635 W AudioCache: Battery track warning: refCount is already 0
06-23 11:42:03.559   603   603 D SystemUIService: loading: class com.android.systemui.power.PowerUI
06-23 11:42:03.559   603   603 D SystemUIService: running: com.android.systemui.power.PowerUI@41908770
06-23 11:42:03.569   603   603 D SystemUIService: loading: class com.android.systemui.media.RingtonePlayer
06-23 11:42:03.569   603   603 D SystemUIService: running: com.android.systemui.media.RingtonePlayer@41909840
06-23 11:42:03.569   603   603 D SystemUIService: loading: class com.android.systemui.settings.SettingsUI
06-23 11:42:03.569   603   603 D SystemUIService: running: com.android.systemui.settings.SettingsUI@4190b408
06-23 11:42:03.569   227   551 I ExtendedUtils: AV Sync late margin : Intended=40ms Using=0ms
06-23 11:42:03.579   502   578 D ConnectivityServiceHSM: Actual State: DefaultConnectivityState, Current State: DefaultConnectivityState.processMessage what=109
06-23 11:42:03.579   603   603 D PhoneStatusBar: mSettingsPanelGravity = 8388661
06-23 11:42:03.579   502   516 F SystemServer: BOOT FAILURE making Connectivity Service ready
06-23 11:42:03.579   502   516 F SystemServer: java.lang.IllegalStateException: command '2 firewall disable' failed with '400 2 Firewall command failed'
06-23 11:42:03.579   502   516 F SystemServer: 	at com.android.server.NetworkManagementService.setFirewallEnabled(NetworkManagementService.java:1670)
06-23 11:42:03.579   502   516 F SystemServer: 	at com.android.server.QcConnectivityService.setLockdownTracker(QcConnectivityService.java:5808)
06-23 11:42:03.579   502   516 F SystemServer: 	at com.android.server.QcConnectivityService.updateLockdownVpn(QcConnectivityService.java:5783)
06-23 11:42:03.579   502   516 F SystemServer: 	at com.android.server.QcConnectivityService.systemReady(QcConnectivityService.java:2403)
06-23 11:42:03.579   502   516 F SystemServer: 	at com.android.server.ServerThread$2.run(SystemServer.java:1042)
06-23 11:42:03.579   502   516 F SystemServer: 	at com.android.server.am.ActivityManagerService.systemReady(ActivityManagerService.java:9411)
06-23 11:42:03.579   502   516 F SystemServer: 	at com.android.server.am.ActivityManagerService$13$1.run(ActivityManagerService.java:9294)
06-23 11:42:03.579   502   516 F SystemServer: 	at android.os.Handler.handleCallback(Handler.java:733)
06-23 11:42:03.579   502   516 F SystemServer: 	at android.os.Handler.dispatchMessage(Handler.java:95)
06-23 11:42:03.579   502   516 F SystemServer: 	at android.os.Looper.loop(Looper.java:136)
06-23 11:42:03.579   502   516 F SystemServer: 	at com.android.server.am.ActivityManagerService$AThread.run(ActivityManagerService.java:1875)
06-23 11:42:03.579   502   516 F SystemServer: Caused by: com.android.server.NativeDaemonConnector$NativeDaemonFailureException: command '2 firewall disable' failed with '400 2 Firewall command failed'
06-23 11:42:03.579   502   516 F SystemServer: 	at com.android.server.NativeDaemonConnector.execute(NativeDaemonConnector.java:391)
06-23 11:42:03.579   502   516 F SystemServer: 	at com.android.server.NativeDaemonConnector.executeForList(NativeDaemonConnector.java:327)
06-23 11:42:03.579   502   516 F SystemServer: 	at com.android.server.NativeDaemonConnector.execute(NativeDaemonConnector.java:292)
06-23 11:42:03.579   502   516 F SystemServer: 	at com.android.server.NetworkManagementService.setFirewallEnabled(NetworkManagementService.java:1667)
06-23 11:42:03.579   502   516 F SystemServer: 	... 10 more
06-23 11:42:03.579   227   551 D ExtendedUtils: extended extractor not needed, return default
06-23 11:42:03.589   227   644 W AwesomePlayer: Could not offload audio decode, try pcm offload
06-23 11:42:03.599   227   644 W AudioCache: Battery track warning: refCount is already 0
06-23 11:42:03.619   502   521 D BluetoothManagerService: Message: 30
06-23 11:42:03.619   502   521 D BluetoothManagerService: Message: 30
06-23 11:42:03.629   227   550 I ExtendedUtils: AV Sync late margin : Intended=40ms Using=0ms
06-23 11:42:03.649   227   550 D ExtendedUtils: extended extractor not needed, return default
06-23 11:42:03.649   227   653 W AwesomePlayer: Could not offload audio decode, try pcm offload
06-23 11:42:03.662   209   219 I PrintK  : [   13.769727] MCU_Daemon: Send Data : F1 6A D4 F2
06-23 11:42:03.672   209   219 I PrintK  : [   13.779874] MCU_Daemon: Read Data : F1 6B 00 08 09 06 31 9B 04 03 0C 1B 18 5E 98 16 51 10 56 10 5F 10 1B 00 80 00 DC F2
06-23 11:42:03.669   227   653 W AudioCache: Battery track warning: refCount is already 0
06-23 11:42:03.669   502   521 D BluetoothManagerService: Message: 20
06-23 11:42:03.669   227   227 I ExtendedUtils: AV Sync late margin : Intended=40ms Using=0ms
06-23 11:42:03.669   502   521 D BluetoothManagerService: Added callback: android.bluetooth.IBluetoothManagerCallback$Stub$Proxy@41f6bc10:true
06-23 11:42:03.669   603   603 D BluetoothAdapter: 1100630128: getState() :  mService = null. Returning STATE_OFF
06-23 11:42:03.669   603   603 D BluetoothAdapter: 1100630128: getState() :  mService = null. Returning STATE_OFF
06-23 11:42:03.669   502   502 D NetUtils: android_net_utils_resetConnections in env=0x41546f50 clazz=0x49100019 iface=eth0 mask=0x3
06-23 11:42:03.709   502   516 E LocSvc_afw: W/GSS open failed: No such file or directory
06-23 11:42:03.709   502   516 E LocSvc_afw: W/get_extension: Invalid interface passed in
06-23 11:42:03.709   227   227 D ExtendedUtils: extended extractor not needed, return default
06-23 11:42:03.719   227   670 W AwesomePlayer: Could not offload audio decode, try pcm offload
06-23 11:42:03.739   502   516 W ServiceWatcher: com.qualcomm.location not found
06-23 11:42:03.739   502   516 W ServiceWatcher: com.qualcomm.location not found
06-23 11:42:03.739   227   670 W AudioCache: Battery track warning: refCount is already 0
06-23 11:42:03.739   603   603 D BluetoothAdapter: 1100630128: getState() :  mService = null. Returning STATE_OFF
06-23 11:42:03.739   227   551 I ExtendedUtils: AV Sync late margin : Intended=40ms Using=0ms
06-23 11:42:03.749   502   516 E LocSvc_flp: I/===> const FlpLocationInterface* get_flp_interface() line 65 
06-23 11:42:03.749   502   516 E Geofence_Adapter: I/===> void GeofenceAdapter::addGfClients(uint32_t) line 64 
06-23 11:42:03.749   502   516 D FlpHardwareProvider: Hardware Device already opened.
06-23 11:42:03.749   502   675 V FlpHardwareProvider: Callback thread attached: 0x60592cf8
06-23 11:42:03.749   502   675 E LocSvc_api_v02: I/locClientOpen:2216]: Service instance id is -1
06-23 11:42:03.749   502   675 E LocSvc_api_v02: I/---> locClientOpenInstance line 2100 loc client open
06-23 11:42:03.749   502   516 I CommonTimeManagementService: No common time service detected on this platform.  Common time services will be unavailable.
06-23 11:42:03.759   502   563 I InputReader: Reconfiguring input devices.  changes=0x00000020
06-23 11:42:03.759   502   517 E LocSvc_eng: I/===> int loc_eng_init(loc_eng_data_s_type&, LocCallbacks*, LOC_API_ADAPTER_EVENT_MASK_T, loc_core::ContextBase*) line 1537 
06-23 11:42:03.759   502   517 D GpsLocationProvider: set_capabilities_callback: 49u
06-23 11:42:03.759   502   517 E LocSvc_eng: I/===> void loc_eng_agps_init(loc_eng_data_s_type&, AGpsExtCallbacks*) line 2107 
06-23 11:42:03.759   502   517 E LocSvc_eng: I/===> void loc_eng_ni_init(loc_eng_data_s_type&, GpsNiExtCallbacks*) line 298 
06-23 11:42:03.759   502   517 E Geofence_Adapter: I/===> void GeofenceAdapter::addGfClients(uint32_t) line 64 
06-23 11:42:03.759   502   563 I InputReader: Reconfiguring input devices.  changes=0x00000010
06-23 11:42:03.769   220   355 D CommandListener: Clearing all IP addresses on eth0
06-23 11:42:03.779   227   551 D ExtendedUtils: extended extractor not needed, return default
06-23 11:42:03.789   658   658 I LatinIME: Hardware accelerated drawing: true
06-23 11:42:03.789   227   700 W AwesomePlayer: Could not offload audio decode, try pcm offload
06-23 11:42:03.799   502   578 D ConnectivityServiceHSM: Actual State: DefaultConnectivityState, Current State: DefaultConnectivityState.processMessage what=458752
06-23 11:42:03.799   502   578 D ConnectivityServiceHSM: ConnectivityChange for ETHERNET: DISCONNECTED/DISCONNECTED
06-23 11:42:03.799   227   700 W AudioCache: Battery track warning: refCount is already 0
06-23 11:42:03.809   227   550 I ExtendedUtils: AV Sync late margin : Intended=40ms Using=0ms
06-23 11:42:03.809   502   578 D ConnectivityServiceHSM: Actual State: DefaultConnectivityState, Current State: DefaultConnectivityState.processMessage what=5002
06-23 11:42:03.809   502   502 V KeyguardServiceDelegate: *** Keyguard connected (yay!)
06-23 11:42:03.829   502   675 E LocSvc_api_v02: I/---> locClientSendReq line 2360 QMI_LOC_REG_EVENTS_REQ_V02
06-23 11:42:03.829   502   675 E LocSvc_IzatApiV02: I/===> virtual bool izat_core::IzatApiV02::getBatchingSupport() line 432 
06-23 11:42:03.829   502   675 E LocSvc_api_v02: I/---> locClientSupportMsgCheck line 2460 QMI_LOC_GET_SUPPORTED_MSGS_REQ_V02
06-23 11:42:03.829   502   675 E LocSvc_api_v02: I/locClientOpen:2216]: Service instance id is -1
06-23 11:42:03.829   502   675 E LocSvc_api_v02: I/---> locClientOpenInstance line 2100 loc client open
06-23 11:42:03.839   227   550 D ExtendedUtils: extended extractor not needed, return default
06-23 11:42:03.839   227   735 W AwesomePlayer: Could not offload audio decode, try pcm offload
06-23 11:42:03.849   227   735 W AudioCache: Battery track warning: refCount is already 0
06-23 11:42:03.849   712   712 I PrintSpoolerService: No existing print spooler state.
06-23 11:42:03.849   227   227 I ExtendedUtils: AV Sync late margin : Intended=40ms Using=0ms
06-23 11:42:03.879   227   227 D ExtendedUtils: extended extractor not needed, return default
06-23 11:42:03.889   227   752 W AwesomePlayer: Could not offload audio decode, try pcm offload
06-23 11:42:03.889   502   675 E LocSvc_api_v02: I/---> locClientSendReq line 2360 QMI_LOC_REG_EVENTS_REQ_V02
06-23 11:42:03.889   502   502 E WiredAccessoryManager: No state change.
06-23 11:42:03.889   603   603 D PhoneStatusBar: disable: < expand icons alerts ticker system_info back home recent clock search >
06-23 11:42:03.889   502   675 E LocSvc_api_v02: I/---> locClientSendReq line 2360 QMI_LOC_REG_EVENTS_REQ_V02
06-23 11:42:03.889   502   675 E LocSvc_api_v02: I/---> locClientSendReq line 2360 QMI_LOC_SET_PROTOCOL_CONFIG_PARAMETERS_REQ_V02
06-23 11:42:03.899   502   732 E LocSvc_ApiV02: I/<--- void globalRespCb(locClientHandleType, uint32_t, locClientRespIndUnionType, void*) line 106 QMI_LOC_SET_PROTOCOL_CONFIG_PARAMETERS_REQ_V02
06-23 11:42:03.899   502   675 E LocSvc_api_v02: I/---> locClientSendReq line 2360 QMI_LOC_SET_PROTOCOL_CONFIG_PARAMETERS_REQ_V02
06-23 11:42:03.899   502   732 E LocSvc_ApiV02: I/<--- void globalRespCb(locClientHandleType, uint32_t, locClientRespIndUnionType, void*) line 106 QMI_LOC_SET_PROTOCOL_CONFIG_PARAMETERS_REQ_V02
06-23 11:42:03.899   502   675 E LocSvc_api_v02: I/---> locClientSendReq line 2360 QMI_LOC_SET_SENSOR_CONTROL_CONFIG_REQ_V02
06-23 11:42:03.899   502   732 E LocSvc_ApiV02: I/<--- void globalRespCb(locClientHandleType, uint32_t, locClientRespIndUnionType, void*) line 106 QMI_LOC_SET_SENSOR_CONTROL_CONFIG_REQ_V02
06-23 11:42:03.899   502   675 E LocSvc_api_v02: I/---> locClientSendReq line 2360 QMI_LOC_SET_PROTOCOL_CONFIG_PARAMETERS_REQ_V02
06-23 11:42:03.899   502   732 E LocSvc_ApiV02: I/<--- void globalRespCb(locClientHandleType, uint32_t, locClientRespIndUnionType, void*) line 106 QMI_LOC_SET_PROTOCOL_CONFIG_PARAMETERS_REQ_V02
06-23 11:42:03.899   502   675 E LocSvc_api_v02: I/---> locClientSendReq line 2360 QMI_LOC_SET_SENSOR_PERFORMANCE_CONTROL_CONFIGURATION_REQ_V02
06-23 11:42:03.899   502   732 E LocSvc_ApiV02: I/<--- void globalRespCb(locClientHandleType, uint32_t, locClientRespIndUnionType, void*) line 106 QMI_LOC_SET_SENSOR_PERFORMANCE_CONTROL_CONFIGURATION_REQ_V02
06-23 11:42:03.899   227   752 W AudioCache: Battery track warning: refCount is already 0
06-23 11:42:03.899   227   551 I ExtendedUtils: AV Sync late margin : Intended=40ms Using=0ms
06-23 11:42:03.909   502   505 D dalvikvm: GC_CONCURRENT freed 1583K, 59% free 5163K/12572K, paused 2ms+2ms, total 32ms
06-23 11:42:03.909   502   502 D dalvikvm: WAIT_FOR_CONCURRENT_GC blocked 18ms
06-23 11:42:03.909   502   742 D dalvikvm: WAIT_FOR_CONCURRENT_GC blocked 20ms
06-23 11:42:03.909   502   596 D dalvikvm: WAIT_FOR_CONCURRENT_GC blocked 19ms
06-23 11:42:03.909   502   514 D dalvikvm: WAIT_FOR_CONCURRENT_GC blocked 19ms
06-23 11:42:03.909   502   723 D dalvikvm: WAIT_FOR_CONCURRENT_GC blocked 19ms
06-23 11:42:03.929   502   502 W QCNEJ   : |CORE| sendDefaultNwMsg: Default network msg not being sent to CND.Value out of range: -1
06-23 11:42:03.929   502   643 D CaptivePortalTracker: NoActiveNetworkState{ when=0 what=1 obj=NetworkInfo: type: ETHERNET[], state: DISCONNECTED/DISCONNECTED, reason: (unspecified), extra: (none), roaming: false, failover: false, isAvailable: false, isConnectedToProvisioningNetwork: false target=com.android.internal.util.StateMachine$SmHandler }
06-23 11:42:03.929   502   643 D CaptivePortalTracker: NoActiveNetworkState not a wifi connectivity change, ignore
06-23 11:42:03.929   502   502 D Tethering: exception when get active network info:java.lang.NullPointerException
06-23 11:42:03.939   227   551 D ExtendedUtils: extended extractor not needed, return default
06-23 11:42:03.939   227   766 W AwesomePlayer: Could not offload audio decode, try pcm offload
06-23 11:42:03.939   658   658 W InputAttributes: No editor info for this field. Bug?
06-23 11:42:03.949   658   658 I ResourceUtils: Found default value: resource=keypress_vibration_durations build=[HARDWARE=qcom MODEL=Viva pro BRAND=Qisda MANUFACTURER=Qisda] default=-1
06-23 11:42:03.949   658   658 I ResourceUtils: Found default value: resource=keypress_volumes build=[HARDWARE=qcom MODEL=Viva pro BRAND=Qisda MANUFACTURER=Qisda] default=-1.0f
06-23 11:42:03.959   603   603 D BluetoothAdapter: 1100630128: getState() :  mService = null. Returning STATE_OFF
06-23 11:42:03.959   603   603 D BluetoothAdapter: 1100630128: getState() :  mService = null. Returning STATE_OFF
06-23 11:42:03.959   658   771 I LatinIME:LogUtils: Dictionary info: dictionary = userunigram.en_US.dict ; version = ? ; date = ?
06-23 11:42:03.969   658   784 I LatinIME:LogUtils: Dictionary info: dictionary = personalization.en_US.dict ; version = ? ; date = 1466682123
06-23 11:42:03.969   227   766 W AudioCache: Battery track warning: refCount is already 0
06-23 11:42:03.969   603   603 D PhoneStatusBar: heads up is disabled
06-23 11:42:03.969   658   782 I LatinIME:LogUtils: Dictionary info: dictionary = UserHistoryDictionary.en_US.dic ; version = ? ; date = 1466682123
06-23 11:42:03.979   658   785 I LatinIME:LogUtils: Dictionary info: dictionary = PersonalizationPredictionDictio ; version = ? ; date = 1466682123
06-23 11:42:03.979   502   521 D BluetoothManagerService: Message: 300
06-23 11:42:03.979   502   521 D BluetoothManagerService: MESSAGE_USER_SWITCHED
06-23 11:42:03.979   603   603 D PhoneStatusBar: mSettingsPanelGravity = 8388661
06-23 11:42:03.989   502   517 E LocSvc_eng: I/===> void loc_eng_cleanup(loc_eng_data_s_type&) line 1667 
06-23 11:42:03.989   502   517 E LocSvc_eng: I/===> int loc_eng_init(loc_eng_data_s_type&, LocCallbacks*, LOC_API_ADAPTER_EVENT_MASK_T, loc_core::ContextBase*) line 1537 
06-23 11:42:03.989   502   517 E LocSvc_eng: W/int loc_eng_init(loc_eng_data_s_type&, LocCallbacks*, LOC_API_ADAPTER_EVENT_MASK_T, loc_core::ContextBase*): log_eng state error: instance already initialized
06-23 11:42:03.989   502   517 E LocSvc_eng: I/===> void loc_eng_agps_init(loc_eng_data_s_type&, AGpsExtCallbacks*) line 2107 
06-23 11:42:03.989   502   517 E LocSvc_eng: W/void loc_eng_agps_init(loc_eng_data_s_type&, AGpsExtCallbacks*): log_eng state error: agps instance already initialized
06-23 11:42:03.989   502   517 E LocSvc_eng: I/===> void loc_eng_ni_init(loc_eng_data_s_type&, GpsNiExtCallbacks*) line 298 
06-23 11:42:04.049   747   747 I MediaProvider: Upgrading media database from version 0 to 700, which will destroy all old data
06-23 11:42:04.059   603   603 I Adreno-EGL: <qeglDrvAPI_eglInitialize:410>: EGL 1.4 QUALCOMM build:  ()
06-23 11:42:04.059   603   603 I Adreno-EGL: OpenGL ES Shader Compiler Version: E031.24.00.15
06-23 11:42:04.059   603   603 I Adreno-EGL: Build Date: 12/17/14 Wed
06-23 11:42:04.059   603   603 I Adreno-EGL: Local Branch: 
06-23 11:42:04.059   603   603 I Adreno-EGL: Remote Branch: 
06-23 11:42:04.059   603   603 I Adreno-EGL: Local Patches: 
06-23 11:42:04.059   603   603 I Adreno-EGL: Reconstruct Branch: 
06-23 11:42:04.089   223   223 D dalvikvm: GC_EXPLICIT freed 39K, 76% free 2726K/10968K, paused 1ms+1ms, total 13ms
06-23 11:42:04.089   603   603 D OpenGLRenderer: Enabling debug mode 0
06-23 11:42:04.099   223   223 D dalvikvm: GC_EXPLICIT freed <1K, 76% free 2726K/10968K, paused 1ms+1ms, total 10ms
06-23 11:42:04.099   603   603 D StatusBar.NetworkController: onServiceStateChanged voiceState=1 dataState=1
06-23 11:42:04.099   603   603 D StatusBar.NetworkController: Combining data service state 1 for signal
06-23 11:42:04.099   603   603 D StatusBar.NetworkController:  No service
06-23 11:42:04.099   603   603 E StatusBar.NetworkController: updateDataNetType NETWORK_TYPE_UNKNOWN
06-23 11:42:04.099   603   603 D StatusBar.NetworkController: refreshViews: Data not connected!! Set no data type icon / Roaming
06-23 11:42:04.099   603   603 D StatusBar.NetworkController: refreshViews connected={ } level=?? combinedSignalIconId=0x0/(null) mobileLabel= wifiLabel=No Internet connection emergencyOnly=false combinedLabel=No Internet connection mAirplaneMode=false mDataActivity=0 mPhoneSignalIconId=0x0 mQSPhoneSignalIconId=0x0 mDataDirectionIconId=0x0 mDataSignalIconId=0x0 mDataTypeIconId=0x0 mQSDataTypeIconId=0x0 mNoSimIconId=0x0 mWifiIconId=0x0 mQSWifiIconId=0x0 mEthernetIconId=0x0 mBluetoothTetherIconId=0x10805d4
06-23 11:42:04.109   603   603 D StatusBar.NetworkController: onCallStateChanged state=0
06-23 11:42:04.109   603   603 D StatusBar.NetworkController: onDataConnectionStateChanged: state=-1 type=0
06-23 11:42:04.109   603   603 E StatusBar.NetworkController: updateDataNetType NETWORK_TYPE_UNKNOWN
06-23 11:42:04.109   603   603 D StatusBar.NetworkController: refreshViews: Data not connected!! Set no data type icon / Roaming
06-23 11:42:04.109   603   603 D StatusBar.NetworkController: refreshViews connected={ } level=?? combinedSignalIconId=0x0/(null) mobileLabel= wifiLabel=No Internet connection emergencyOnly=false combinedLabel=No Internet connection mAirplaneMode=false mDataActivity=0 mPhoneSignalIconId=0x0 mQSPhoneSignalIconId=0x0 mDataDirectionIconId=0x0 mDataSignalIconId=0x0 mDataTypeIconId=0x0 mQSDataTypeIconId=0x0 mNoSimIconId=0x0 mWifiIconId=0x0 mQSWifiIconId=0x0 mEthernetIconId=0x0 mBluetoothTetherIconId=0x10805d4
06-23 11:42:04.109   223   223 D dalvikvm: GC_EXPLICIT freed <1K, 76% free 2726K/10968K, paused 1ms+1ms, total 10ms
06-23 11:42:04.109   603   603 D StatusBar.NetworkController: onDataActivity: direction=0
06-23 11:42:04.109   603   603 D StatusBar.NetworkController: refreshViews: Data not connected!! Set no data type icon / Roaming
06-23 11:42:04.109   603   603 D StatusBar.NetworkController: refreshViews connected={ } level=?? combinedSignalIconId=0x0/(null) mobileLabel= wifiLabel=No Internet connection emergencyOnly=false combinedLabel=No Internet connection mAirplaneMode=false mDataActivity=0 mPhoneSignalIconId=0x0 mQSPhoneSignalIconId=0x0 mDataDirectionIconId=0x0 mDataSignalIconId=0x0 mDataTypeIconId=0x0 mQSDataTypeIconId=0x0 mNoSimIconId=0x0 mWifiIconId=0x0 mQSWifiIconId=0x0 mEthernetIconId=0x0 mBluetoothTetherIconId=0x10805d4
06-23 11:42:04.109   603   603 D StatusBar.NetworkController: onSignalStrengthsChanged signalStrength=SignalStrength: 99 -1 -1 -1 -1 -1 -1 99 2147483647 2147483647 2147483647 2147483647 2147483647 gsm|lte level=0
06-23 11:42:04.109   603   603 D StatusBar.NetworkController:  No service
06-23 11:42:04.109   603   603 D StatusBar.NetworkController: refreshViews: Data not connected!! Set no data type icon / Roaming
06-23 11:42:04.109   603   603 D StatusBar.NetworkController: refreshViews connected={ } level=0 combinedSignalIconId=0x0/(null) mobileLabel= wifiLabel=No Internet connection emergencyOnly=false combinedLabel=No Internet connection mAirplaneMode=false mDataActivity=0 mPhoneSignalIconId=0x0 mQSPhoneSignalIconId=0x0 mDataDirectionIconId=0x0 mDataSignalIconId=0x0 mDataTypeIconId=0x0 mQSDataTypeIconId=0x0 mNoSimIconId=0x0 mWifiIconId=0x0 mQSWifiIconId=0x0 mEthernetIconId=0x0 mBluetoothTetherIconId=0x10805d4
06-23 11:42:04.119   502   723 V KeyguardServiceDelegate: **** SHOWN CALLED ****
06-23 11:42:04.198   814   814 I PrintK  : [   14.306202] cp used greatest stack depth: 5100 bytes left
06-23 11:42:04.199   797   797 I Starter : ----setForcedDisplaySize 1366x768
06-23 11:42:04.209   502   563 I InputReader: Reconfiguring input devices.  changes=0x00000004
06-23 11:42:04.209   502   563 I InputReader: Device reconfigured: id=2, name='eGalax_Touch_Screen', size 1366x768, orientation 0, mode 1, display id 0
06-23 11:42:04.209   502   563 I InputReader: Reconfiguring input devices.  changes=0x00000004
06-23 11:42:04.209   502   502 D Tethering: exception when get active network info:java.lang.NullPointerException
06-23 11:42:04.219   603   603 D StatusBar.NetworkController: refreshViews: Data not connected!! Set no data type icon / Roaming
06-23 11:42:04.219   603   603 D StatusBar.NetworkController: refreshViews connected={ } level=0 combinedSignalIconId=0x0/(null) mobileLabel= wifiLabel=No Internet connection emergencyOnly=false combinedLabel=No Internet connection mAirplaneMode=false mDataActivity=0 mPhoneSignalIconId=0x0 mQSPhoneSignalIconId=0x0 mDataDirectionIconId=0x0 mDataSignalIconId=0x0 mDataTypeIconId=0x0 mQSDataTypeIconId=0x0 mNoSimIconId=0x0 mWifiIconId=0x0 mQSWifiIconId=0x0 mEthernetIconId=0x7f02001b mBluetoothTetherIconId=0x10805d4
06-23 11:42:04.229   603   603 D StatusBar.NetworkController: refreshViews: Data not connected!! Set no data type icon / Roaming
06-23 11:42:04.229   603   603 D StatusBar.NetworkController: refreshViews connected={ } level=0 combinedSignalIconId=0x0/(null) mobileLabel= wifiLabel=No Internet connection emergencyOnly=false combinedLabel=No Internet connection mAirplaneMode=false mDataActivity=0 mPhoneSignalIconId=0x0 mQSPhoneSignalIconId=0x0 mDataDirectionIconId=0x0 mDataSignalIconId=0x0 mDataTypeIconId=0x0 mQSDataTypeIconId=0x0 mNoSimIconId=0x0 mWifiIconId=0x0 mQSWifiIconId=0x0 mEthernetIconId=0x7f02001b mBluetoothTetherIconId=0x10805d4
06-23 11:42:04.229   747   747 D MediaProvider: Adjusting external storage paths to: /storage/emulated/0
06-23 11:42:04.269   658   823 I LatinIME:LogUtils: Dictionary info: dictionary = main:en ; version = 42 ; date = 1381226429
06-23 11:42:04.269   658   831 I LatinIME:LogUtils: Dictionary info: dictionary = main:en ; version = 42 ; date = 1381226429
06-23 11:42:04.279   797   797 I Starter : onCreate hasMsataStorage=true
06-23 11:42:04.289   658   838 I LatinIME:LogUtils: Dictionary info: dictionary = main:en ; version = 42 ; date = 1381226429
06-23 11:42:04.289   797   797 I Starter : onDestroy: remove reboot runnable
06-23 11:42:04.289   797   797 E WindowManager: 
06-23 11:42:04.289   797   797 E WindowManager: android.view.WindowLeaked: Activity com.ultrasound.usstarter.Starter has leaked window com.android.internal.policy.impl.PhoneWindow$DecorView{418e0250 V.E..... R.....I. 0,0-0,0} that was originally added here
06-23 11:42:04.289   797   797 E WindowManager: 	at android.view.ViewRootImpl.<init>(ViewRootImpl.java:346)
06-23 11:42:04.289   797   797 E WindowManager: 	at android.view.WindowManagerGlobal.addView(WindowManagerGlobal.java:248)
06-23 11:42:04.289   797   797 E WindowManager: 	at android.view.WindowManagerImpl.addView(WindowManagerImpl.java:69)
06-23 11:42:04.289   797   797 E WindowManager: 	at android.app.Dialog.show(Dialog.java:286)
06-23 11:42:04.289   797   797 E WindowManager: 	at android.app.ProgressDialog.show(ProgressDialog.java:116)
06-23 11:42:04.289   797   797 E WindowManager: 	at android.app.ProgressDialog.show(ProgressDialog.java:99)
06-23 11:42:04.289   797   797 E WindowManager: 	at com.ultrasound.usstarter.Starter.showProgressDialog(Starter.java:181)
06-23 11:42:04.289   797   797 E WindowManager: 	at com.ultrasound.usstarter.Starter.onCreate(Starter.java:122)
06-23 11:42:04.289   797   797 E WindowManager: 	at android.app.Activity.performCreate(Activity.java:5231)
06-23 11:42:04.289   797   797 E WindowManager: 	at android.app.Instrumentation.callActivityOnCreate(Instrumentation.java:1087)
06-23 11:42:04.289   797   797 E WindowManager: 	at android.app.ActivityThread.performLaunchActivity(ActivityThread.java:2151)
06-23 11:42:04.289   797   797 E WindowManager: 	at android.app.ActivityThread.handleLaunchActivity(ActivityThread.java:2236)
06-23 11:42:04.289   797   797 E WindowManager: 	at android.app.ActivityThread.access$800(ActivityThread.java:138)
06-23 11:42:04.289   797   797 E WindowManager: 	at android.app.ActivityThread$H.handleMessage(ActivityThread.java:1199)
06-23 11:42:04.289   797   797 E WindowManager: 	at android.os.Handler.dispatchMessage(Handler.java:102)
06-23 11:42:04.289   797   797 E WindowManager: 	at android.os.Looper.loop(Looper.java:136)
06-23 11:42:04.289   797   797 E WindowManager: 	at android.app.ActivityThread.main(ActivityThread.java:5034)
06-23 11:42:04.289   797   797 E WindowManager: 	at java.lang.reflect.Method.invokeNative(Native Method)
06-23 11:42:04.289   797   797 E WindowManager: 	at java.lang.reflect.Method.invoke(Method.java:515)
06-23 11:42:04.289   797   797 E WindowManager: 	at com.android.internal.os.ZygoteInit$MethodAndArgsCaller.run(ZygoteInit.java:786)
06-23 11:42:04.289   797   797 E WindowManager: 	at com.android.internal.os.ZygoteInit.main(ZygoteInit.java:602)
06-23 11:42:04.289   797   797 E WindowManager: 	at dalvik.system.NativeStart.main(Native Method)
06-23 11:42:04.289   797   797 I Starter : ----setForcedDisplaySize 1366x768
06-23 11:42:04.309   797   797 I Starter : onCreate hasMsataStorage=true
06-23 11:42:04.319   658   843 I LatinIME:LogUtils: Dictionary info: dictionary = main:en ; version = 42 ; date = 1381226429
06-23 11:42:04.339   658   852 I LatinIME:LogUtils: Dictionary info: dictionary = main:en ; version = 42 ; date = 1381226429
06-23 11:42:04.349   797   797 I Adreno-EGL: <qeglDrvAPI_eglInitialize:410>: EGL 1.4 QUALCOMM build:  ()
06-23 11:42:04.349   797   797 I Adreno-EGL: OpenGL ES Shader Compiler Version: E031.24.00.15
06-23 11:42:04.349   797   797 I Adreno-EGL: Build Date: 12/17/14 Wed
06-23 11:42:04.349   797   797 I Adreno-EGL: Local Branch: 
06-23 11:42:04.349   797   797 I Adreno-EGL: Remote Branch: 
06-23 11:42:04.349   797   797 I Adreno-EGL: Local Patches: 
06-23 11:42:04.349   797   797 I Adreno-EGL: Reconstruct Branch: 
06-23 11:42:04.369   658   860 I LatinIME:LogUtils: Dictionary info: dictionary = main:en ; version = 42 ; date = 1381226429
06-23 11:42:04.379   658   770 I LatinIME:LogUtils: Dictionary info: dictionary = main:en ; version = 42 ; date = 1381226429
06-23 11:42:04.379   658   864 I LatinIME:LogUtils: Dictionary info: dictionary = main:en ; version = 42 ; date = 1381226429
06-23 11:42:04.379   603   603 D dalvikvm: GC_FOR_ALLOC freed 644K, 63% free 4077K/10968K, paused 15ms, total 15ms
06-23 11:42:04.389   797   797 D OpenGLRenderer: Enabling debug mode 0
06-23 11:42:04.409   797   797 I Starter : msata.status=exist mRetryCount=0
06-23 11:42:04.409   797   797 I Starter : hasMountedSata0 SATA_PATH state=checking
06-23 11:42:04.409   797   797 I Starter : onCreate wait stoage intent
06-23 11:42:04.409   747   747 E SQLiteLog: (1) no such table: album_info
06-23 11:42:04.429   603   603 I dalvikvm-heap: Grow heap (frag case) to 15.410MB for 9830416-byte allocation
06-23 11:42:04.439   502   521 D BluetoothManagerService: Message: 20
06-23 11:42:04.439   502   521 D BluetoothManagerService: Added callback: android.bluetooth.IBluetoothManagerCallback$Stub$Proxy@421ffa90:true
06-23 11:42:04.439   603   607 D dalvikvm: GC_CONCURRENT freed 26K, 34% free 13650K/20572K, paused 2ms+1ms, total 11ms
06-23 11:42:04.439   687   687 D BluetoothAdapter: 1099851880: getState() :  mService = null. Returning STATE_OFF
06-23 11:42:04.439   502   521 D BluetoothManagerService: Message: 30
06-23 11:42:04.449   502   521 D BluetoothManagerService: Message: 30
06-23 11:42:04.449   687   687 D LocalBluetoothProfileManager: Adding local MAP profile
06-23 11:42:04.449   687   687 D BluetoothMap: Create BluetoothMap proxy object
06-23 11:42:04.449   502   521 D BluetoothManagerService: Message: 30
06-23 11:42:04.449   502   521 D BluetoothManagerService: Message: 30
06-23 11:42:04.459   687   687 D LocalBluetoothProfileManager: LocalBluetoothProfileManager construction complete
06-23 11:42:04.459   687   687 D BluetoothAdapter: 1099851880: getState() :  mService = null. Returning STATE_OFF
06-23 11:42:04.459   687   687 D BluetoothAdapter: 1099851880: getState() :  mService = null. Returning STATE_OFF
06-23 11:42:04.489   502   515 I ActivityManager: Displayed com.ultrasound.usstarter/.Starter: +428ms (total +714ms)
06-23 11:42:04.489   502   515 I Timeline: Timeline: Activity_windows_visible id: ActivityRecord{418f9888 u0 com.ultrasound.usstarter/.Starter t3} time:14603
06-23 11:42:04.489   797   797 I Timeline: Timeline: Activity_idle id: android.os.BinderProxy@418c7708 time:14607
06-23 11:42:04.489   797   797 I Timeline: Timeline: Activity_idle id: android.os.BinderProxy@418c7708 time:14608
06-23 11:42:04.524   877   877 V PrintK  : [   14.631485] msm_thermal:store_cc_enabled Core control disabled
06-23 11:42:04.542   877   877 V PrintK  : [   14.649617] msm_thermal:store_cc_enabled Core control enabled
06-23 11:42:04.569   603   603 D dalvikvm: GC_FOR_ALLOC freed 9601K, 64% free 4052K/10972K, paused 25ms, total 25ms
06-23 11:42:04.579   687   687 D BluetoothAdapter: 1099851880: getState() :  mService = null. Returning STATE_OFF
06-23 11:42:04.609   902   902 I dalvikvm: Enabling JNI app bug workarounds for target SDK version 9...
06-23 11:42:04.619   603   603 I dalvikvm-heap: Grow heap (frag case) to 15.385MB for 9830416-byte allocation
06-23 11:42:04.619   603   607 D dalvikvm: GC_CONCURRENT freed <1K, 34% free 13652K/20576K, paused 1ms+1ms, total 9ms
06-23 11:42:04.649   502   723 I MediaFocusControl:   Remote Control   registerMediaButtonIntent() for PendingIntent{42147898: PendingIntentRecord{41f58918 com.android.music broadcastIntent}}
06-23 11:42:04.659   902   902 E ExtMediaPlayer-JNI: QCMediaPlayer could not be located....
06-23 11:42:04.659   902   902 E MediaPlayer-JNI: QCMediaPlayer mediaplayer NOT present
06-23 11:42:04.679   928   928 I MP-Decision: OPTION ENABLED: Adjusting average
06-23 11:42:04.679   928   928 I MP-Decision: Decision parameters CPU 0: Nw=0.000000, Tw=0, Ns=0.000000, Ts=0
06-23 11:42:04.679   928   928 I MP-Decision: util_h_and=0, util_h_or=0, util_low=0
06-23 11:42:04.679   928   928 I MP-Decision: Decision parameters CPU 1: Nw=1.900000, Tw=140, Ns=1.100000, Ts=190
06-23 11:42:04.679   928   928 I MP-Decision: util_h_and=35, util_h_or=75, util_low=20
06-23 11:42:04.679   928   928 I MP-Decision: Decision parameters CPU 2: Nw=2.700000, Tw=90, Ns=2.100000, Ts=240
06-23 11:42:04.679   928   928 I MP-Decision: util_h_and=0, util_h_or=400, util_low=0
06-23 11:42:04.679   928   928 I MP-Decision: Decision parameters CPU 3: Nw=3.500000, Tw=90, Ns=3.100000, Ts=240
06-23 11:42:04.679   928   928 I MP-Decision: util_h_and=0, util_h_or=400, util_low=0
06-23 11:42:04.679   928   928 I MP-Decision: Decision parameters: poll_ms: 9 decision_ms: 50
06-23 11:42:04.679   928   928 I MP-Decision: Available core list/order for available_cpus - 4:  0 3 2 1
06-23 11:42:04.789   222   294 I SurfaceFlinger: Boot is finished (11728 ms)
06-23 11:42:04.809   603   603 D PhoneStatusBar: mSettingsPanelGravity = 8388661
06-23 11:42:04.809   603   603 D StatusBar.NetworkController: refreshViews: Data not connected!! Set no data type icon / Roaming
06-23 11:42:04.809   603   603 D StatusBar.NetworkController: refreshViews connected={ } level=0 combinedSignalIconId=0x0/(null) mobileLabel= wifiLabel=No Internet connection emergencyOnly=false combinedLabel=No Internet connection mAirplaneMode=false mDataActivity=0 mPhoneSignalIconId=0x0 mQSPhoneSignalIconId=0x0 mDataDirectionIconId=0x0 mDataSignalIconId=0x0 mDataTypeIconId=0x0 mQSDataTypeIconId=0x0 mNoSimIconId=0x0 mWifiIconId=0x0 mQSWifiIconId=0x0 mEthernetIconId=0x7f02001b mBluetoothTetherIconId=0x10805d4
06-23 11:42:04.809   603   603 I Choreographer: Skipped 33 frames!  The application may be doing too much work on its main thread.
06-23 11:42:04.849   502   723 V MediaFocusControl: updating focussed RCC change to RCD: CallingPackageName:com.android.music isFocussed:false isAvailable:true
06-23 11:42:04.849   502   723 V MediaFocusControl: updating focussed RCC change to RCD: CallingPackageName:com.android.music isFocussed:true isAvailable:true
06-23 11:42:04.859   502   502 D BluetoothManagerService: Retrieving Bluetooth Adapter name and address...
06-23 11:42:04.859   502   502 D BluetoothManagerService: getNameAndAddress(): mBluetooth = null mBinding = false
06-23 11:42:04.859   502   521 D BluetoothManagerService: Message: 200
06-23 11:42:04.859   502   521 D BluetoothManagerService: MESSAGE_GET_NAME_AND_ADDRESS
06-23 11:42:04.859   502   521 D BluetoothManagerService: Binding to service to get name and address
06-23 11:42:04.879   502   973 W Searchables: No global search activity found
06-23 11:42:04.879   502   974 I RecoverySystem: No recovery log file
06-23 11:42:04.909   502   505 D dalvikvm: GC_CONCURRENT freed 1821K, 58% free 5337K/12572K, paused 2ms+2ms, total 40ms
06-23 11:42:04.909   502   974 D dalvikvm: WAIT_FOR_CONCURRENT_GC blocked 19ms
06-23 11:42:05.039   963   963 D AdapterServiceConfig: Adding HeadsetService
06-23 11:42:05.039   963   963 D AdapterServiceConfig: Adding A2dpService
06-23 11:42:05.039   963   963 D AdapterServiceConfig: Adding HidService
06-23 11:42:05.039   963   963 D AdapterServiceConfig: Adding HealthService
06-23 11:42:05.039   963   963 D AdapterServiceConfig: Adding PanService
06-23 11:42:05.039   963   963 D AdapterServiceConfig: Adding GattService
06-23 11:42:05.039   963   963 D AdapterServiceConfig: Adding BluetoothMapService
06-23 11:42:05.039   963   963 D AdapterServiceConfig: Adding HandsfreeClientService
06-23 11:42:05.039   963   963 D AdapterServiceConfig: enableHfpclient 1
06-23 11:42:05.039   963   963 D AdapterServiceConfig: Adding HidDevService
06-23 11:42:05.049   963   963 D BluetoothAdapterService: REFCOUNT: CREATED. INSTANCE_COUNT1
06-23 11:42:05.049   963   963 D BluetoothAdapterService(1099772392): onCreate
