06-23 11:47:44.729  1357  1357 E US_VivaProUSB: +int WriteToEP0(unsigned char, short unsigned int, short unsigned int, short unsigned int*, short unsigned int) 1016+
06-23 11:47:45.169  1357  1360 E US_VivaProUSB: int ReadDataFromFPGA(uint8_t*, uint32_t, uint32_t*, uint32_t*, uint32_t*, uint32_t) 1319 WARNING: ada_info readLen=0 r=-7 LIBUSB_ERROR_TIMEOUT 
06-23 11:47:45.169  1357  1360 E US_VivaProUSB: int ReadDataFromFPGA(uint8_t*, uint32_t, uint32_t*, uint32_t*, uint32_t*, uint32_t) 1326 sleep 100 us to release lock 
06-23 11:47:45.439  1357  1362 E US_VivaProUSB: void* GetErrCount(void*) 1435 total_setup_count=12726, std_setup_count=0, vendor_setup_count=12726 glReadDataFromFPGACount=57 glRemovePacketsCount=1 glInfoCount=0 glInitCount=1
06-23 11:47:45.439  1357  1357 E         : ProgramB Page 0x8E00 done!!
06-23 11:47:45.449  1357  1357 E US_VivaProUSB: +int WriteToEP0(unsigned char, short unsigned int, short unsigned int, short unsigned int*, short unsigned int) 1016+
06-23 11:47:45.449  1357  1361 E US_VivaProUSB: #### [B]    ,     ,3287,1338,1192,1787,3632,1002,1801,3297,4961,[P1][F0024][t37]
06-23 11:47:45.449  1357  1361 E US_VivaProUSB: #### [A]-29978,29095,5055,-5052,1792,3274,5036,    ,2499,2499,2499,47755,-48434,    ,(-2,17,17)
06-23 11:47:45.479  1357  1357 E US_VivaProUSB: +int WriteToEP0(unsigned char, short unsigned int, short unsigned int, short unsigned int*, short unsigned int) 1016+
06-23 11:47:45.509  1357  1357 E US_VivaProUSB: +int WriteToEP0(unsigned char, short unsigned int, short unsigned int, short unsigned int*, short unsigned int) 1016+
06-23 11:47:45.529  1357  1357 E US_VivaProUSB: +int WriteToEP0(unsigned char, short unsigned int, short unsigned int, short unsigned int*, short unsigned int) 1016+
06-23 11:47:45.559  1357  1357 E US_VivaProUSB: +int WriteToEP0(unsigned char, short unsigned int, short unsigned int, short unsigned int*, short unsigned int) 1016+
06-23 11:47:45.589  1357  1357 E US_VivaProUSB: +int WriteToEP0(unsigned char, short unsigned int, short unsigned int, short unsigned int*, short unsigned int) 1016+
06-23 11:47:45.619  1357  1357 E US_VivaProUSB: +int WriteToEP0(unsigned char, short unsigned int, short unsigned int, short unsigned int*, short unsigned int) 1016+
06-23 11:47:45.639  1357  1357 E US_VivaProUSB: +int WriteToEP0(unsigned char, short unsigned int, short unsigned int, short unsigned int*, short unsigned int) 1016+
06-23 11:47:45.669  1357  1357 E US_VivaProUSB: +int WriteToEP0(unsigned char, short unsigned int, short unsigned int, short unsigned int*, short unsigned int) 1016+
06-23 11:47:45.699  1357  1357 E US_VivaProUSB: +int WriteToEP0(unsigned char, short unsigned int, short unsigned int, short unsigned int*, short unsigned int) 1016+
06-23 11:47:45.729  1357  1357 E US_VivaProUSB: +int WriteToEP0(unsigned char, short unsigned int, short unsigned int, short unsigned int*, short unsigned int) 1016+
06-23 11:47:45.749  1357  1357 E US_VivaProUSB: +int WriteToEP0(unsigned char, short unsigned int, short unsigned int, short unsigned int*, short unsigned int) 1016+
06-23 11:47:45.779  1357  1357 E US_VivaProUSB: +int WriteToEP0(unsigned char, short unsigned int, short unsigned int, short unsigned int*, short unsigned int) 1016+
06-23 11:47:45.809  1357  1357 E US_VivaProUSB: +int WriteToEP0(unsigned char, short unsigned int, short unsigned int, short unsigned int*, short unsigned int) 1016+
06-23 11:47:45.829  1357  1357 E US_VivaProUSB: +int WriteToEP0(unsigned char, short unsigned int, short unsigned int, short unsigned int*, short unsigned int) 1016+
06-23 11:47:45.869  1357  1357 E US_VivaProUSB: +int WriteToEP0(unsigned char, short unsigned int, short unsigned int, short unsigned int*, short unsigned int) 1016+
06-23 11:47:46.569  1357  1362 E US_VivaProUSB: void* GetErrCount(void*) 1435 total_setup_count=12774, std_setup_count=0, vendor_setup_count=12774 glReadDataFromFPGACount=57 glRemovePacketsCount=1 glInfoCount=0 glInitCount=1
06-23 11:47:46.569  1357  1357 E         : ProgramB Page 0x8F00 done!!
06-23 11:47:46.579  1357  1361 E US_VivaProUSB: #### [B]    ,     ,3284,1348,1191,1787,3635,1005,1804,3294,4961,[P1][F0024][t37]
06-23 11:47:46.579  1357  1361 E US_VivaProUSB: #### [A]-29960,29095,5055,-5052,1792,3274,5036,    ,2499,2499,2499,47755,-48457,    ,(-2,17,17)
06-23 11:47:46.579  1357  1357 E US_VivaProUSB: +int WriteToEP0(unsigned char, short unsigned int, short unsigned int, short unsigned int*, short unsigned int) 1016+
06-23 11:47:46.609  1357  1357 E US_VivaProUSB: +int WriteToEP0(unsigned char, short unsigned int, short unsigned int, short unsigned int*, short unsigned int) 1016+
06-23 11:47:46.629  1357  1357 E US_VivaProUSB: +int WriteToEP0(unsigned char, short unsigned int, short unsigned int, short unsigned int*, short unsigned int) 1016+
06-23 11:47:46.659  1357  1357 E US_VivaProUSB: +int WriteToEP0(unsigned char, short unsigned int, short unsigned int, short unsigned int*, short unsigned int) 1016+
06-23 11:47:46.689  1357  1357 E US_VivaProUSB: +int WriteToEP0(unsigned char, short unsigned int, short unsigned int, short unsigned int*, short unsigned int) 1016+
06-23 11:47:46.719  1357  1357 E US_VivaProUSB: +int WriteToEP0(unsigned char, short unsigned int, short unsigned int, short unsigned int*, short unsigned int) 1016+
06-23 11:47:46.739  1357  1357 E US_VivaProUSB: +int WriteToEP0(unsigned char, short unsigned int, short unsigned int, short unsigned int*, short unsigned int) 1016+
06-23 11:47:46.769  1357  1357 E US_VivaProUSB: +int WriteToEP0(unsigned char, short unsigned int, short unsigned int, short unsigned int*, short unsigned int) 1016+
06-23 11:47:46.799  1357  1357 E US_VivaProUSB: +int WriteToEP0(unsigned char, short unsigned int, short unsigned int, short unsigned int*, short unsigned int) 1016+
06-23 11:47:46.829  1357  1357 E US_VivaProUSB: +int WriteToEP0(unsigned char, short unsigned int, short unsigned int, short unsigned int*, short unsigned int) 1016+
06-23 11:47:46.849  1357  1357 E US_VivaProUSB: +int WriteToEP0(unsigned char, short unsigned int, short unsigned int, short unsigned int*, short unsigned int) 1016+
06-23 11:47:46.879  1357  1357 E US_VivaProUSB: +int WriteToEP0(unsigned char, short unsigned int, short unsigned int, short unsigned int*, short unsigned int) 1016+
06-23 11:47:46.909  1357  1357 E US_VivaProUSB: +int WriteToEP0(unsigned char, short unsigned int, short unsigned int, short unsigned int*, short unsigned int) 1016+
06-23 11:47:46.939  1357  1357 E US_VivaProUSB: +int WriteToEP0(unsigned char, short unsigned int, short unsigned int, short unsigned int*, short unsigned int) 1016+
06-23 11:47:46.959  1357  1357 E US_VivaProUSB: +int WriteToEP0(unsigned char, short unsigned int, short unsigned int, short unsigned int*, short unsigned int) 1016+
06-23 11:47:46.989  1357  1357 E US_VivaProUSB: +int WriteToEP0(unsigned char, short unsigned int, short unsigned int, short unsigned int*, short unsigned int) 1016+
06-23 11:47:47.689  1357  1357 E         : ProgramB Page 0x9000 done!!
06-23 11:47:47.689  1357  1362 E US_VivaProUSB: void* GetErrCount(void*) 1435 total_setup_count=12822, std_setup_count=0, vendor_setup_count=12822 glReadDataFromFPGACount=57 glRemovePacketsCount=1 glInfoCount=0 glInitCount=1
06-23 11:47:47.699  1357  1361 E US_VivaProUSB: #### [B]    ,     ,3284,1338,1193,1787,3632,1004,1801,3293,4955,[P1][F0024][t37]
06-23 11:47:47.699  1357  1361 E US_VivaProUSB: #### [A]-29926,29095,5055,-5052,1792,3274,5036,    ,2499,2499,2499,47755,-48569,    ,(-2,17,17)
06-23 11:47:47.699  1357  1357 E US_VivaProUSB: +int WriteToEP0(unsigned char, short unsigned int, short unsigned int, short unsigned int*, short unsigned int) 1016+
06-23 11:47:47.729  1357  1357 E US_VivaProUSB: +int WriteToEP0(unsigned char, short unsigned int, short unsigned int, short unsigned int*, short unsigned int) 1016+
06-23 11:47:47.749  1357  1357 E US_VivaProUSB: +int WriteToEP0(unsigned char, short unsigned int, short unsigned int, short unsigned int*, short unsigned int) 1016+
06-23 11:47:47.779  1357  1357 E US_VivaProUSB: +int WriteToEP0(unsigned char, short unsigned int, short unsigned int, short unsigned int*, short unsigned int) 1016+
06-23 11:47:47.809  1357  1357 E US_VivaProUSB: +int WriteToEP0(unsigned char, short unsigned int, short unsigned int, short unsigned int*, short unsigned int) 1016+
06-23 11:47:47.839  1357  1357 E US_VivaProUSB: +int WriteToEP0(unsigned char, short unsigned int, short unsigned int, short unsigned int*, short unsigned int) 1016+
06-23 11:47:47.869  1357  1357 E US_VivaProUSB: +int WriteToEP0(unsigned char, short unsigned int, short unsigned int, short unsigned int*, short unsigned int) 1016+
06-23 11:47:47.889  1357  1357 E US_VivaProUSB: +int WriteToEP0(unsigned char, short unsigned int, short unsigned int, short unsigned int*, short unsigned int) 1016+
06-23 11:47:47.919  1357  1357 E US_VivaProUSB: +int WriteToEP0(unsigned char, short unsigned int, short unsigned int, short unsigned int*, short unsigned int) 1016+
06-23 11:47:47.949  1357  1357 E US_VivaProUSB: +int WriteToEP0(unsigned char, short unsigned int, short unsigned int, short unsigned int*, short unsigned int) 1016+
06-23 11:47:47.979  1357  1357 E US_VivaProUSB: +int WriteToEP0(unsigned char, short unsigned int, short unsigned int, short unsigned int*, short unsigned int) 1016+
06-23 11:47:47.999  1357  1357 E US_VivaProUSB: +int WriteToEP0(unsigned char, short unsigned int, short unsigned int, short unsigned int*, short unsigned int) 1016+
06-23 11:47:48.029  1357  1357 E US_VivaProUSB: +int WriteToEP0(unsigned char, short unsigned int, short unsigned int, short unsigned int*, short unsigned int) 1016+
06-23 11:47:48.059  1357  1357 E US_VivaProUSB: +int WriteToEP0(unsigned char, short unsigned int, short unsigned int, short unsigned int*, short unsigned int) 1016+
06-23 11:47:48.089  1357  1357 E US_VivaProUSB: +int WriteToEP0(unsigned char, short unsigned int, short unsigned int, short unsigned int*, short unsigned int) 1016+
06-23 11:47:48.119  1357  1357 E US_VivaProUSB: +int WriteToEP0(unsigned char, short unsigned int, short unsigned int, short unsigned int*, short unsigned int) 1016+
06-23 11:47:48.819  1357  1362 E US_VivaProUSB: void* GetErrCount(void*) 1435 total_setup_count=12870, std_setup_count=0, vendor_setup_count=12870 glReadDataFromFPGACount=57 glRemovePacketsCount=1 glInfoCount=0 glInitCount=1
06-23 11:47:48.819  1357  1357 E         : ProgramB Page 0x9100 done!!
06-23 11:47:48.829  1357  1357 E US_VivaProUSB: +int WriteToEP0(unsigned char, short unsigned int, short unsigned int, short unsigned int*, short unsigned int) 1016+
06-23 11:47:48.829  1357  1361 E US_VivaProUSB: #### [B]    ,     ,3284,1340,1191,1787,3634,1005,1807,3293,4961,[P1][F0024][t37]
06-23 11:47:48.829  1357  1361 E US_VivaProUSB: #### [A]-30030,29095,5055,-5055,1792,3274,5036,    ,2499,2499,2499,47733,-48412,    ,(-2,17,17)
06-23 11:47:48.859  1357  1357 E US_VivaProUSB: +int WriteToEP0(unsigned char, short unsigned int, short unsigned int, short unsigned int*, short unsigned int) 1016+
06-23 11:47:48.889  1357  1357 E US_VivaProUSB: +int WriteToEP0(unsigned char, short unsigned int, short unsigned int, short unsigned int*, short unsigned int) 1016+
06-23 11:47:48.909  1357  1357 E US_VivaProUSB: +int WriteToEP0(unsigned char, short unsigned int, short unsigned int, short unsigned int*, short unsigned int) 1016+
06-23 11:47:48.939  1357  1357 E US_VivaProUSB: +int WriteToEP0(unsigned char, short unsigned int, short unsigned int, short unsigned int*, short unsigned int) 1016+
06-23 11:47:48.969  1357  1357 E US_VivaProUSB: +int WriteToEP0(unsigned char, short unsigned int, short unsigned int, short unsigned int*, short unsigned int) 1016+
06-23 11:47:48.999  1357  1357 E US_VivaProUSB: +int WriteToEP0(unsigned char, short unsigned int, short unsigned int, short unsigned int*, short unsigned int) 1016+
06-23 11:47:49.029  1357  1357 E US_VivaProUSB: +int WriteToEP0(unsigned char, short unsigned int, short unsigned int, short unsigned int*, short unsigned int) 1016+
06-23 11:47:49.049  1357  1357 E US_VivaProUSB: +int WriteToEP0(unsigned char, short unsigned int, short unsigned int, short unsigned int*, short unsigned int) 1016+
06-23 11:47:49.079  1357  1357 E US_VivaProUSB: +int WriteToEP0(unsigned char, short unsigned int, short unsigned int, short unsigned int*, short unsigned int) 1016+
06-23 11:47:49.109  1357  1357 E US_VivaProUSB: +int WriteToEP0(unsigned char, short unsigned int, short unsigned int, short unsigned int*, short unsigned int) 1016+
06-23 11:47:49.139  1357  1357 E US_VivaProUSB: +int WriteToEP0(unsigned char, short unsigned int, short unsigned int, short unsigned int*, short unsigned int) 1016+
06-23 11:47:49.159  1357  1357 E US_VivaProUSB: +int WriteToEP0(unsigned char, short unsigned int, short unsigned int, short unsigned int*, short unsigned int) 1016+
06-23 11:47:49.189  1357  1357 E US_VivaProUSB: +int WriteToEP0(unsigned char, short unsigned int, short unsigned int, short unsigned int*, short unsigned int) 1016+
06-23 11:47:49.219  1357  1357 E US_VivaProUSB: +int WriteToEP0(unsigned char, short unsigned int, short unsigned int, short unsigned int*, short unsigned int) 1016+
06-23 11:47:49.249  1357  1357 E US_VivaProUSB: +int WriteToEP0(unsigned char, short unsigned int, short unsigned int, short unsigned int*, short unsigned int) 1016+
06-23 11:47:49.949  1357  1362 E US_VivaProUSB: void* GetErrCount(void*) 1435 total_setup_count=12918, std_setup_count=0, vendor_setup_count=12918 glReadDataFromFPGACount=57 glRemovePacketsCount=1 glInfoCount=0 glInitCount=1
06-23 11:47:49.949  1357  1357 E         : ProgramB Page 0x9200 done!!
06-23 11:47:49.959  1357  1357 E US_VivaProUSB: +int WriteToEP0(unsigned char, short unsigned int, short unsigned int, short unsigned int*, short unsigned int) 1016+
06-23 11:47:49.959  1357  1361 E US_VivaProUSB: #### [B]    ,     ,3284,1337,1192,1786,3632,1007,1799,3294,4961,[P1][F0024][t37]
06-23 11:47:49.959  1357  1361 E US_VivaProUSB: #### [A]-29995,29095,5055,-5055,1791,3274,5039,    ,2499,2499,2499,47755,-48434,    ,(-2,17,17)
06-23 11:47:49.989  1357  1357 E US_VivaProUSB: +int WriteToEP0(unsigned char, short unsigned int, short unsigned int, short unsigned int*, short unsigned int) 1016+
06-23 11:47:50.019  1357  1357 E US_VivaProUSB: +int WriteToEP0(unsigned char, short unsigned int, short unsigned int, short unsigned int*, short unsigned int) 1016+
06-23 11:47:50.039  1357  1357 E US_VivaProUSB: +int WriteToEP0(unsigned char, short unsigned int, short unsigned int, short unsigned int*, short unsigned int) 1016+
06-23 11:47:50.069  1357  1357 E US_VivaProUSB: +int WriteToEP0(unsigned char, short unsigned int, short unsigned int, short unsigned int*, short unsigned int) 1016+
06-23 11:47:50.099  1357  1357 E US_VivaProUSB: +int WriteToEP0(unsigned char, short unsigned int, short unsigned int, short unsigned int*, short unsigned int) 1016+
06-23 11:47:50.129  1357  1357 E US_VivaProUSB: +int WriteToEP0(unsigned char, short unsigned int, short unsigned int, short unsigned int*, short unsigned int) 1016+
06-23 11:47:50.159  1357  1357 E US_VivaProUSB: +int WriteToEP0(unsigned char, short unsigned int, short unsigned int, short unsigned int*, short unsigned int) 1016+
06-23 11:47:50.169  1357  1360 E US_VivaProUSB: int ReadDataFromFPGA(uint8_t*, uint32_t, uint32_t*, uint32_t*, uint32_t*, uint32_t) 1319 WARNING: ada_info readLen=0 r=-7 LIBUSB_ERROR_TIMEOUT 
06-23 11:47:50.169  1357  1360 E US_VivaProUSB: int ReadDataFromFPGA(uint8_t*, uint32_t, uint32_t*, uint32_t*, uint32_t*, uint32_t) 1326 sleep 100 us to release lock 
06-23 11:47:50.179  1357  1357 E US_VivaProUSB: +int WriteToEP0(unsigned char, short unsigned int, short unsigned int, short unsigned int*, short unsigned int) 1016+
06-23 11:47:50.209  1357  1357 E US_VivaProUSB: +int WriteToEP0(unsigned char, short unsigned int, short unsigned int, short unsigned int*, short unsigned int) 1016+
06-23 11:47:50.239  1357  1357 E US_VivaProUSB: +int WriteToEP0(unsigned char, short unsigned int, short unsigned int, short unsigned int*, short unsigned int) 1016+
06-23 11:47:50.269  1357  1357 E US_VivaProUSB: +int WriteToEP0(unsigned char, short unsigned int, short unsigned int, short unsigned int*, short unsigned int) 1016+
06-23 11:47:50.299  1357  1357 E US_VivaProUSB: +int WriteToEP0(unsigned char, short unsigned int, short unsigned int, short unsigned int*, short unsigned int) 1016+
06-23 11:47:50.319  1357  1357 E US_VivaProUSB: +int WriteToEP0(unsigned char, short unsigned int, short unsigned int, short unsigned int*, short unsigned int) 1016+
06-23 11:47:50.349  1357  1357 E US_VivaProUSB: +int WriteToEP0(unsigned char, short unsigned int, short unsigned int, short unsigned int*, short unsigned int) 1016+
06-23 11:47:50.379  1357  1357 E US_VivaProUSB: +int WriteToEP0(unsigned char, short unsigned int, short unsigned int, short unsigned int*, short unsigned int) 1016+
06-23 11:47:51.069  1357  1362 E US_VivaProUSB: void* GetErrCount(void*) 1435 total_setup_count=12966, std_setup_count=0, vendor_setup_count=12966 glReadDataFromFPGACount=58 glRemovePacketsCount=1 glInfoCount=0 glInitCount=1
06-23 11:47:51.069  1357  1357 E         : ProgramB Page 0x9300 done!!
06-23 11:47:51.079  1357  1357 E US_VivaProUSB: +int WriteToEP0(unsigned char, short unsigned int, short unsigned int, short unsigned int*, short unsigned int) 1016+
06-23 11:47:51.079  1357  1361 E US_VivaProUSB: #### [B]    ,     ,3283,1338,1193,1787,3634,1006,1797,3295,4966,[P1][F0024][t37]
06-23 11:47:51.089  1357  1361 E US_VivaProUSB: #### [A]-29995,29095,5055,-5055,1792,3274,5039,    ,2499,2499,2499,47755,-48569,    ,(-2,17,17)
06-23 11:47:51.109  1357  1357 E US_VivaProUSB: +int WriteToEP0(unsigned char, short unsigned int, short unsigned int, short unsigned int*, short unsigned int) 1016+
06-23 11:47:51.139  1357  1357 E US_VivaProUSB: +int WriteToEP0(unsigned char, short unsigned int, short unsigned int, short unsigned int*, short unsigned int) 1016+
06-23 11:47:51.169  1357  1357 E US_VivaProUSB: +int WriteToEP0(unsigned char, short unsigned int, short unsigned int, short unsigned int*, short unsigned int) 1016+
06-23 11:47:51.199  1357  1357 E US_VivaProUSB: +int WriteToEP0(unsigned char, short unsigned int, short unsigned int, short unsigned int*, short unsigned int) 1016+
06-23 11:47:51.219  1357  1357 E US_VivaProUSB: +int WriteToEP0(unsigned char, short unsigned int, short unsigned int, short unsigned int*, short unsigned int) 1016+
06-23 11:47:51.249  1357  1357 E US_VivaProUSB: +int WriteToEP0(unsigned char, short unsigned int, short unsigned int, short unsigned int*, short unsigned int) 1016+
06-23 11:47:51.279  1357  1357 E US_VivaProUSB: +int WriteToEP0(unsigned char, short unsigned int, short unsigned int, short unsigned int*, short unsigned int) 1016+
06-23 11:47:51.309  1357  1357 E US_VivaProUSB: +int WriteToEP0(unsigned char, short unsigned int, short unsigned int, short unsigned int*, short unsigned int) 1016+
06-23 11:47:51.329  1357  1357 E US_VivaProUSB: +int WriteToEP0(unsigned char, short unsigned int, short unsigned int, short unsigned int*, short unsigned int) 1016+
06-23 11:47:51.359  1357  1357 E US_VivaProUSB: +int WriteToEP0(unsigned char, short unsigned int, short unsigned int, short unsigned int*, short unsigned int) 1016+
06-23 11:47:51.389  1357  1357 E US_VivaProUSB: +int WriteToEP0(unsigned char, short unsigned int, short unsigned int, short unsigned int*, short unsigned int) 1016+
06-23 11:47:51.419  1357  1357 E US_VivaProUSB: +int WriteToEP0(unsigned char, short unsigned int, short unsigned int, short unsigned int*, short unsigned int) 1016+
06-23 11:47:51.449  1357  1357 E US_VivaProUSB: +int WriteToEP0(unsigned char, short unsigned int, short unsigned int, short unsigned int*, short unsigned int) 1016+
06-23 11:47:51.469  1357  1357 E US_VivaProUSB: +int WriteToEP0(unsigned char, short unsigned int, short unsigned int, short unsigned int*, short unsigned int) 1016+
06-23 11:47:51.499  1357  1357 E US_VivaProUSB: +int WriteToEP0(unsigned char, short unsigned int, short unsigned int, short unsigned int*, short unsigned int) 1016+
06-23 11:47:51.617   209   219 I PrintK  : [  361.724825] MCU_Daemon: Send Data : F1 6A D4 F2
06-23 11:47:51.627   209   219 I PrintK  : [  361.735288] MCU_Daemon: Read Data : F1 6B 00 63 0A 14 31 A0 03 00 0C 1B 18 60 FE 16 58 10 5A 10 63 10 1B 00 80 00 9C F2
06-23 11:47:52.229  1357  1357 E         : ProgramB Page 0x9400 done!!
06-23 11:47:52.229  1357  1362 E US_VivaProUSB: void* GetErrCount(void*) 1435 total_setup_count=13014, std_setup_count=0, vendor_setup_count=13014 glReadDataFromFPGACount=58 glRemovePacketsCount=1 glInfoCount=0 glInitCount=1
06-23 11:47:52.249  1357  1357 E US_VivaProUSB: +int WriteToEP0(unsigned char, short unsigned int, short unsigned int, short unsigned int*, short unsigned int) 1016+
06-23 11:47:52.249  1357  1361 E US_VivaProUSB: #### [B]    ,     ,3286,1342,1192,1787,3636,1008,1801,3293,4961,[P1][F0024][t37]
06-23 11:47:52.249  1357  1361 E US_VivaProUSB: #### [A]-29926,29095,5055,-5052,1792,3274,5036,    ,2499,2499,2499,47755,-48434,    ,(-2,17,17)
06-23 11:47:52.279  1357  1357 E US_VivaProUSB: +int WriteToEP0(unsigned char, short unsigned int, short unsigned int, short unsigned int*, short unsigned int) 1016+
06-23 11:47:52.299  1357  1357 E US_VivaProUSB: +int WriteToEP0(unsigned char, short unsigned int, short unsigned int, short unsigned int*, short unsigned int) 1016+
06-23 11:47:52.329  1357  1357 E US_VivaProUSB: +int WriteToEP0(unsigned char, short unsigned int, short unsigned int, short unsigned int*, short unsigned int) 1016+
06-23 11:47:52.349  1357  1357 E US_VivaProUSB: +int WriteToEP0(unsigned char, short unsigned int, short unsigned int, short unsigned int*, short unsigned int) 1016+
06-23 11:47:52.389  1357  1357 E US_VivaProUSB: +int WriteToEP0(unsigned char, short unsigned int, short unsigned int, short unsigned int*, short unsigned int) 1016+
06-23 11:47:52.409  1357  1357 E US_VivaProUSB: +int WriteToEP0(unsigned char, short unsigned int, short unsigned int, short unsigned int*, short unsigned int) 1016+
06-23 11:47:52.439  1357  1357 E US_VivaProUSB: +int WriteToEP0(unsigned char, short unsigned int, short unsigned int, short unsigned int*, short unsigned int) 1016+
06-23 11:47:52.459  1357  1357 E US_VivaProUSB: +int WriteToEP0(unsigned char, short unsigned int, short unsigned int, short unsigned int*, short unsigned int) 1016+
06-23 11:47:52.469  1357  1357 E         : ProgramB done!!
06-23 11:47:52.469  1357  1357 E         : PLLReset+, restA=0, resetB=0
06-23 11:47:52.469  1357  1357 E US_VivaProUSB: LO_PLL_Reset  0 (aID=9 bID=9), PASS
06-23 11:47:52.469  1357  1357 E US_VivaProUSB: LO_PLL_Reset  0 (aID=9 bID=9), PASS
06-23 11:47:52.469  1357  1357 E         : PLLReset-
06-23 11:47:52.469  1357  1357 E         : ProgramFPGA, writeFpgaB-, Pass
06-23 11:47:57.169  1774  1774 I SurfaceFlinger: SurfaceFlinger is starting
06-23 11:47:57.169  1774  1774 I SurfaceFlinger: SurfaceFlinger's main thread ready to run. Initializing graphics H/W...
06-23 11:47:57.169  1774  1774 D libEGL  : loaded /vendor/lib/egl/libEGL_adreno.so
06-23 11:47:57.169  1774  1774 D libEGL  : loaded /vendor/lib/egl/libGLESv1_CM_adreno.so
06-23 11:47:57.169  1774  1774 D libEGL  : loaded /vendor/lib/egl/libGLESv2_adreno.so
06-23 11:47:57.189  1774  1774 I Adreno-EGL: <qeglDrvAPI_eglInitialize:410>: EGL 1.4 QUALCOMM build:  ()
06-23 11:47:57.189  1774  1774 I Adreno-EGL: OpenGL ES Shader Compiler Version: E031.24.00.15
06-23 11:47:57.189  1774  1774 I Adreno-EGL: Build Date: 12/17/14 Wed
06-23 11:47:57.189  1774  1774 I Adreno-EGL: Local Branch: 
06-23 11:47:57.189  1774  1774 I Adreno-EGL: Remote Branch: 
06-23 11:47:57.189  1774  1774 I Adreno-EGL: Local Patches: 
06-23 11:47:57.189  1774  1774 I Adreno-EGL: Reconstruct Branch: 
06-23 11:47:57.281  1774  1774 W PrintK  : [  367.389148] mdss_mdp_ctl_init: [bpp] 24
06-23 11:47:57.283  1774  1774 V PrintK  : [  367.390914] hdmi_tx_hpd_on: HDMI HW version = 0x30000001
06-23 11:47:57.293  1774  1774 W PrintK  : [  367.400919] mdss_edp_clk_enable: pixel_clk - clk_set_rate failed
06-23 11:47:57.295  1774  1774 W PrintK  : [  367.402771] mdss_fb_open: set backlight[255]
06-23 11:47:57.289  1774  1774 I qdhwcomposer: Initializing Qualcomm Hardware Composer
06-23 11:47:57.289  1774  1774 I qdhwcomposer: MDP version: 500
06-23 11:47:57.289  1774  1774 I SurfaceFlinger: Using composer version 1.3
06-23 11:47:57.289  1774  1774 I qdhwcomposer: hwc_registerProcs
06-23 11:47:57.289  1774  1774 I qdhwcomposer: Initializing UEVENT Thread
06-23 11:47:57.289  1774  1774 I qdhwcomposer: Initializing VSYNC Thread
06-23 11:47:57.289  1774  1774 D qdhwcomposer: hwc_getDisplayAttributes disp = 0, width = 1920
06-23 11:47:57.289  1774  1774 D qdhwcomposer: hwc_getDisplayAttributes disp = 0, height = 1080
06-23 11:47:57.289  1774  1803 I qdhwcomposer: vsync_loop: Reading event 0 for dpy 0 from /sys/class/graphics/fb0/vsync_event
06-23 11:47:57.289  1774  1803 I qdhwcomposer: vsync_loop: Reading event 1 for dpy 0 from /sys/class/graphics/fb0/show_blank_event
06-23 11:47:57.289  1774  1774 I SurfaceFlinger: EGL informations:
06-23 11:47:57.289  1774  1774 I SurfaceFlinger: vendor    : Android
06-23 11:47:57.289  1774  1774 I SurfaceFlinger: version   : 1.4 Android META-EGL
06-23 11:47:57.289  1774  1774 I SurfaceFlinger: extensions: EGL_KHR_get_all_proc_addresses EGL_ANDROID_presentation_time EGL_KHR_image EGL_KHR_image_base EGL_KHR_lock_surface EGL_KHR_gl_texture_2D_image EGL_KHR_gl_texture_cubemap_image EGL_KHR_gl_renderbuffer_image EGL_KHR_fence_sync EGL_KHR_create_context EGL_EXT_create_context_robustness EGL_ANDROID_image_native_buffer EGL_KHR_wait_sync EGL_ANDROID_recordable 
06-23 11:47:57.289  1774  1774 I SurfaceFlinger: Client API: OpenGL_ES
06-23 11:47:57.289  1774  1774 I SurfaceFlinger: EGLSurface: 8-8-8-8, config=0x5
06-23 11:47:57.289  1774  1803 I qdhwcomposer: vsync_loop: Reading event 0 for dpy 1 from /sys/class/graphics/fb1/vsync_event
06-23 11:47:57.289  1774  1803 I qdhwcomposer: vsync_loop: Reading event 1 for dpy 1 from /sys/class/graphics/fb1/show_blank_event
06-23 11:47:57.299  1774  1774 V PrintK  : [  367.406981] hdmi_tx_sysfs_enable_hpd: 0
06-23 11:47:57.299  1774  1774 I SurfaceFlinger: OpenGL ES informations:
06-23 11:47:57.299  1774  1774 I SurfaceFlinger: vendor    : Qualcomm
06-23 11:47:57.299  1774  1774 I SurfaceFlinger: renderer  : Adreno (TM) 330
06-23 11:47:57.299  1774  1774 I SurfaceFlinger: version   : OpenGL ES 3.0 V@66.0 AU@  (CL@)
06-23 11:47:57.299  1774  1774 I SurfaceFlinger: extensions: GL_AMD_compressed_ATC_texture GL_AMD_performance_monitor GL_AMD_program_binary_Z400 GL_EXT_debug_label GL_EXT_debug_marker GL_EXT_discard_framebuffer GL_EXT_robustness GL_EXT_texture_format_BGRA8888 GL_EXT_texture_type_2_10_10_10_REV GL_NV_fence GL_OES_compressed_ETC1_RGB8_texture GL_OES_depth_texture GL_OES_depth24 GL_OES_EGL_image GL_OES_EGL_image_external GL_OES_element_index_uint GL_OES_fbo_render_mipmap GL_OES_fragment_precision_high GL_OES_get_program_binary GL_OES_packed_depth_stencil GL_OES_depth_texture_cube_map GL_OES_rgb8_rgba8 GL_OES_standard_derivatives GL_OES_texture_3D GL_OES_texture_float GL_OES_texture_half_float GL_OES_texture_half_float_linear GL_OES_texture_npot GL_OES_vertex_half_float GL_OES_vertex_type_10_10_10_2 GL_OES_vertex_array_object GL_QCOM_alpha_test GL_QCOM_binning_control GL_QCOM_driver_control GL_QCOM_perfmon_global_mode GL_QCOM_extended_get GL_QCOM_extended_get2 GL_QCOM_tiled_rendering GL_QCOM_writeonly_rendering GL_EXT_sRGB GL_EXT_sRGB_write_control GL_EXT_text
06-23 11:47:57.299  1774  1774 I SurfaceFlinger: GL_MAX_TEXTURE_SIZE = 4096
06-23 11:47:57.299  1774  1774 I SurfaceFlinger: GL_MAX_VIEWPORT_DIMS = 4096
06-23 11:47:57.319  1774  1774 D SurfaceFlinger: Screen acquired, type=0 flinger=0xb81a9450
06-23 11:47:57.319  1774  1774 D qdhwcomposer: hwc_blank: Unblanking display: 0
06-23 11:47:57.319  1774  1803 I qdhwcomposer: handle_blank_event: dpy:0 panel power state: 1
06-23 11:47:57.330  1774  1774 V PrintK  : [  367.438264] hdmi_tx_sysfs_enable_hpd: 1
06-23 11:47:57.319  1774  1774 D qdhwcomposer: hwc_blank: Done unblanking display: 0
06-23 11:47:57.319  1775  1775 D PPDaemon: CABL version 1.1.20130401
06-23 11:47:57.319  1775  1775 E PPDaemon: Failed to open the config file!
06-23 11:47:57.319  1775  1775 D PPDaemon: isHDMIPrimary: HDMI is not primary display
06-23 11:47:57.319  1775  1775 D PPDaemon: int dcm_os_intf_control(boolean): Entering
06-23 11:47:57.319  1775  1775 D PPDaemon: Calling LSM init 
06-23 11:47:57.319  1775  1775 D PPDaemon: Diag_LSM_Init succeeded. 
06-23 11:47:57.319  1775  1775 D PPDaemon: int dcm_os_intf_control(boolean): Exiting
06-23 11:47:57.332  1774  1774 V PrintK  : [  367.439874] hdmi_tx_hpd_on: HDMI HW version = 0x30000001
06-23 11:47:57.379  1777  1777 D AndroidRuntime: 
06-23 11:47:57.379  1777  1777 D AndroidRuntime: >>>>>> AndroidRuntime START com.android.internal.os.ZygoteInit <<<<<<
06-23 11:47:57.379  1777  1777 D AndroidRuntime: CheckJNI is OFF
06-23 11:47:57.389  1777  1777 D dalvikvm: Trying to load lib libjavacore.so 0x0
06-23 11:47:57.399  1777  1777 D dalvikvm: Added shared lib libjavacore.so 0x0
06-23 11:47:57.399  1777  1777 D dalvikvm: Trying to load lib libnativehelper.so 0x0
06-23 11:47:57.399  1777  1777 D dalvikvm: Added shared lib libnativehelper.so 0x0
06-23 11:47:57.399  1777  1777 D dalvikvm: No JNI_OnLoad found in libnativehelper.so 0x0, skipping init
06-23 11:47:57.419  1777  1777 D dalvikvm: Note: class Landroid/app/ActivityManagerNative; has 179 unimplemented (abstract) methods
06-23 11:47:57.489  1808  1814 D libEGL  : loaded /vendor/lib/egl/libEGL_adreno.so
06-23 11:47:57.499  1808  1814 D libEGL  : loaded /vendor/lib/egl/libGLESv1_CM_adreno.so
06-23 11:47:57.509  1808  1814 D libEGL  : loaded /vendor/lib/egl/libGLESv2_adreno.so
06-23 11:47:57.509  1808  1814 I Adreno-EGL: <qeglDrvAPI_eglInitialize:410>: EGL 1.4 QUALCOMM build:  ()
06-23 11:47:57.509  1808  1814 I Adreno-EGL: OpenGL ES Shader Compiler Version: E031.24.00.15
06-23 11:47:57.509  1808  1814 I Adreno-EGL: Build Date: 12/17/14 Wed
06-23 11:47:57.509  1808  1814 I Adreno-EGL: Local Branch: 
06-23 11:47:57.509  1808  1814 I Adreno-EGL: Remote Branch: 
06-23 11:47:57.509  1808  1814 I Adreno-EGL: Local Patches: 
06-23 11:47:57.509  1808  1814 I Adreno-EGL: Reconstruct Branch: 
06-23 11:47:57.529  1774  1774 D qdutils : DEBUG_CALC_FPS: 0
06-23 11:47:57.529  1774  1774 D qdutils : period: 10
06-23 11:47:57.529  1774  1774 D qdutils : ignorethresh_us: 500000
06-23 11:47:57.549  1777  1777 I SamplingProfilerIntegration: Profiling disabled.
06-23 11:47:57.559  1777  1777 I Zygote  : Preloading classes...
06-23 11:47:57.559  1777  1777 D dalvikvm: GC_EXPLICIT freed 40K, 8% free 527K/572K, paused 0ms+0ms, total 2ms
06-23 11:47:57.579  1777  1777 D dalvikvm: GC_EXPLICIT freed 3K, 4% free 604K/624K, paused 1ms+0ms, total 3ms
06-23 11:47:57.619  1777  1777 D dalvikvm: GC_EXPLICIT freed 16K, 3% free 648K/668K, paused 0ms+0ms, total 2ms
06-23 11:47:57.659  1777  1777 D dalvikvm: GC_EXPLICIT freed 19K, 4% free 682K/704K, paused 0ms+0ms, total 1ms
06-23 11:47:57.689  1777  1777 D dalvikvm: GC_EXPLICIT freed 10K, 2% free 726K/740K, paused 0ms+0ms, total 2ms
06-23 11:47:57.699  1777  1777 D dalvikvm: GC_EXPLICIT freed 26K, 4% free 754K/784K, paused 1ms+0ms, total 2ms
06-23 11:47:57.719  1777  1777 D dalvikvm: GC_EXPLICIT freed 32K, 5% free 776K/812K, paused 0ms+0ms, total 1ms
06-23 11:47:57.749  1777  1777 D dalvikvm: GC_EXPLICIT freed 7K, 2% free 828K/840K, paused 0ms+0ms, total 2ms
06-23 11:47:57.789  1777  1777 D dalvikvm: GC_EXPLICIT freed 29K, 4% free 854K/888K, paused 1ms+0ms, total 3ms
06-23 11:47:57.829  1777  1777 D TextLayoutCache: Using debug level = 0 - Debug Enabled = 0
06-23 11:47:57.829  1777  1777 D dalvikvm: GC_EXPLICIT freed 14K, 2% free 892K/908K, paused 1ms+0ms, total 3ms
06-23 11:47:57.859  1777  1777 I dalvikvm: threadid=1: recursive native library load attempt (/system/lib/libmedia_jni.so)
06-23 11:47:57.859  1777  1777 D MtpDeviceJNI: register_android_mtp_MtpDevice
06-23 11:47:57.859  1777  1777 I dalvikvm: threadid=1: recursive native library load attempt (/system/lib/libmedia_jni.so)
06-23 11:47:57.859  1777  1777 I dalvikvm: threadid=1: recursive native library load attempt (/system/lib/libmedia_jni.so)
06-23 11:47:57.859  1777  1777 I dalvikvm: threadid=1: recursive native library load attempt (/system/lib/libmedia_jni.so)
06-23 11:47:57.869  1777  1777 D dalvikvm: GC_EXPLICIT freed 17K, 2% free 929K/948K, paused 1ms+0ms, total 3ms
06-23 11:47:57.899  1777  1777 D dalvikvm: GC_EXPLICIT freed 23K, 3% free 965K/992K, paused 0ms+0ms, total 2ms
06-23 11:47:57.909  1777  1777 D dalvikvm: GC_EXPLICIT freed 14K, 2% free 1004K/1020K, paused 0ms+0ms, total 3ms
06-23 11:47:57.929  1777  1777 D dalvikvm: GC_EXPLICIT freed 28K, 3% free 1030K/1060K, paused 0ms+0ms, total 2ms
06-23 11:47:57.949  1777  1777 D dalvikvm: GC_EXPLICIT freed 16K, 2% free 1086K/1104K, paused 1ms+0ms, total 3ms
06-23 11:47:57.959  1777  1777 E EmojiFactory_jni: Failed to load libemoji.so: dlopen failed: library "libemoji.so" not found
06-23 11:47:57.989  1777  1777 D dalvikvm: GC_EXPLICIT freed 30K, 3% free 1403K/1436K, paused 0ms+0ms, total 4ms
06-23 11:47:57.999  1777  1777 D dalvikvm: GC_EXPLICIT freed 35K, 3% free 1427K/1464K, paused 0ms+0ms, total 4ms
06-23 11:47:58.029  1777  1777 D dalvikvm: GC_EXPLICIT freed 30K, 3% free 1452K/1484K, paused 0ms+1ms, total 4ms
06-23 11:47:58.069  1777  1777 D dalvikvm: GC_EXPLICIT freed 38K, 3% free 1468K/1508K, paused 0ms+1ms, total 6ms
06-23 11:47:58.079  1777  1777 I LibraryLoader: Loading: webviewchromium
06-23 11:47:58.129  1777  1777 I LibraryLoader: Time to load native libraries: 42 ms (timestamps 8097-8139)
06-23 11:47:58.129  1777  1777 I LibraryLoader: Expected native library version number "",actual native library version number ""
06-23 11:47:58.129  1777  1777 D dalvikvm: GC_EXPLICIT freed 15K, 2% free 1508K/1528K, paused 0ms+0ms, total 5ms
06-23 11:47:58.209  1777  1777 D dalvikvm: GC_EXPLICIT freed 21K, 2% free 1539K/1564K, paused 1ms+1ms, total 6ms
06-23 11:47:58.269  1777  1777 D dalvikvm: GC_EXPLICIT freed 86K, 6% free 1590K/1680K, paused 1ms+1ms, total 16ms
06-23 11:47:58.289  1777  1777 D dalvikvm: GC_EXPLICIT freed 36K, 5% free 1609K/1680K, paused 0ms+1ms, total 5ms
06-23 11:47:58.309  1777  1777 D dalvikvm: GC_EXPLICIT freed 31K, 3% free 1634K/1680K, paused 1ms+0ms, total 7ms
06-23 11:47:58.319  1777  1777 D dalvikvm: GC_EXPLICIT freed 19K, 2% free 1697K/1720K, paused 1ms+0ms, total 6ms
06-23 11:47:58.329  1777  1777 D dalvikvm: GC_EXPLICIT freed 23K, 2% free 1728K/1756K, paused 0ms+1ms, total 5ms
06-23 11:47:58.339  1777  1777 D dalvikvm: GC_EXPLICIT freed 28K, 2% free 1754K/1788K, paused 0ms+1ms, total 5ms
06-23 11:47:58.409  1777  1777 D dalvikvm: GC_EXPLICIT freed 458K, 18% free 2134K/2596K, paused 1ms+0ms, total 8ms
06-23 11:47:58.419  1777  1777 D dalvikvm: GC_EXPLICIT freed 35K, 18% free 2153K/2596K, paused 1ms+1ms, total 8ms
06-23 11:47:58.429  1777  1777 D dalvikvm: GC_EXPLICIT freed 25K, 16% free 2186K/2596K, paused 0ms+1ms, total 7ms
06-23 11:47:58.429  1777  1777 W Zygote  : Class not found for preloading: java.lang.UnsafeByteSequence
06-23 11:47:58.449  1777  1777 D dalvikvm: GC_EXPLICIT freed 35K, 15% free 2207K/2596K, paused 0ms+1ms, total 7ms
06-23 11:47:58.459  1777  1777 D dalvikvm: GC_EXPLICIT freed 41K, 15% free 2223K/2596K, paused 1ms+0ms, total 8ms
06-23 11:47:58.469  1777  1777 D dalvikvm: GC_EXPLICIT freed 42K, 14% free 2236K/2596K, paused 0ms+1ms, total 9ms
06-23 11:47:58.519  1777  1777 I System  : Loaded time zone names for "" in 40ms (37ms in ICU)
06-23 11:47:58.529  1775  1775 E PPDaemon: No permission to access postproc data file             or file does not exists! Using default settings!!
06-23 11:47:58.549  1777  1777 I System  : Loaded time zone names for "en_US" in 28ms (24ms in ICU)
06-23 11:47:58.559  1777  1777 D dalvikvm: GC_EXPLICIT freed 205K, 12% free 2404K/2704K, paused 1ms+1ms, total 12ms
06-23 11:47:58.569  1777  1777 D dalvikvm: GC_EXPLICIT freed 14K, 9% free 2468K/2704K, paused 1ms+1ms, total 11ms
06-23 11:47:58.589  1777  1777 D dalvikvm: GC_EXPLICIT freed 30K, 8% free 2494K/2704K, paused 1ms+1ms, total 8ms
06-23 11:47:58.599  1777  1777 D dalvikvm: GC_EXPLICIT freed 34K, 7% free 2514K/2704K, paused 1ms+1ms, total 8ms
06-23 11:47:58.609  1777  1777 D dalvikvm: GC_EXPLICIT freed 32K, 7% free 2536K/2704K, paused 1ms+1ms, total 8ms
06-23 11:47:58.629  1777  1777 D dalvikvm: GC_EXPLICIT freed 29K, 6% free 2561K/2704K, paused 1ms+1ms, total 9ms
06-23 11:47:58.629  1777  1777 I Zygote  : ...preloaded 2777 classes in 1069ms.
06-23 11:47:58.779  1777  1777 D dalvikvm: GC_EXPLICIT freed 18K, 6% free 2564K/2704K, paused 1ms+1ms, total 11ms
06-23 11:47:58.779  1777  1777 I Zygote  : Preloading resources...
06-23 11:47:58.779  1777  1777 W Resources: Preloaded drawable resource #0x1080096 (android:drawable/toast_frame) that varies with configuration!!
06-23 11:47:58.779  1777  1777 W Resources: Preloaded drawable resource #0x1080105 (android:drawable/btn_check_on_pressed_holo_light) that varies with configuration!!
06-23 11:47:58.779  1777  1777 W Resources: Preloaded drawable resource #0x1080104 (android:drawable/btn_check_on_pressed_holo_dark) that varies with configuration!!
06-23 11:47:58.779  1777  1777 W Resources: Preloaded drawable resource #0x1080102 (android:drawable/btn_check_on_holo_light) that varies with configuration!!
06-23 11:47:58.779  1777  1777 W Resources: Preloaded drawable resource #0x1080101 (android:drawable/btn_check_on_holo_dark) that varies with configuration!!
06-23 11:47:58.779  1777  1777 W Resources: Preloaded drawable resource #0x10800ff (android:drawable/btn_check_on_focused_holo_light) that varies with configuration!!
06-23 11:47:58.779  1777  1777 W Resources: Preloaded drawable resource #0x10800fe (android:drawable/btn_check_on_focused_holo_dark) that varies with configuration!!
06-23 11:47:58.789  1777  1777 D dalvikvm: GC_EXPLICIT freed 34K, 5% free 2583K/2704K, paused 1ms+0ms, total 9ms
06-23 11:47:58.789  1777  1777 W Resources: Preloaded drawable resource #0x10800fd (android:drawable/btn_check_on_disabled_holo_light) that varies with configuration!!
06-23 11:47:58.789  1777  1777 W Resources: Preloaded drawable resource #0x10800fc (android:drawable/btn_check_on_disabled_holo_dark) that varies with configuration!!
06-23 11:47:58.789  1777  1777 W Resources: Preloaded drawable resource #0x10800fb (android:drawable/btn_check_on_disabled_focused_holo_light) that varies with configuration!!
06-23 11:47:58.799  1777  1777 W Resources: Preloaded drawable resource #0x10800fa (android:drawable/btn_check_on_disabled_focused_holo_dark) that varies with configuration!!
06-23 11:47:58.799  1777  1777 W Resources: Preloaded drawable resource #0x10800f2 (android:drawable/btn_check_off_pressed_holo_light) that varies with configuration!!
06-23 11:47:58.799  1777  1777 W Resources: Preloaded drawable resource #0x10800f1 (android:drawable/btn_check_off_pressed_holo_dark) that varies with configuration!!
06-23 11:47:58.799  1777  1777 W Resources: Preloaded drawable resource #0x10800ed (android:drawable/btn_check_off_holo_light) that varies with configuration!!
06-23 11:47:58.799  1777  1777 W Resources: Preloaded drawable resource #0x10800ec (android:drawable/btn_check_off_holo_dark) that varies with configuration!!
06-23 11:47:58.799  1777  1777 W Resources: Preloaded drawable resource #0x10800ea (android:drawable/btn_check_off_focused_holo_light) that varies with configuration!!
06-23 11:47:58.809  1777  1777 D dalvikvm: GC_EXPLICIT freed 59K, 5% free 2576K/2704K, paused 0ms+1ms, total 8ms
06-23 11:47:58.809  1777  1777 W Resources: Preloaded drawable resource #0x10800e9 (android:drawable/btn_check_off_focused_holo_dark) that varies with configuration!!
06-23 11:47:58.809  1777  1777 W Resources: Preloaded drawable resource #0x10800e8 (android:drawable/btn_check_off_disabled_holo_light) that varies with configuration!!
06-23 11:47:58.809  1777  1777 W Resources: Preloaded drawable resource #0x10800e7 (android:drawable/btn_check_off_disabled_holo_dark) that varies with configuration!!
06-23 11:47:58.809  1777  1777 W Resources: Preloaded drawable resource #0x10800e6 (android:drawable/btn_check_off_disabled_focused_holo_light) that varies with configuration!!
06-23 11:47:58.809  1777  1777 W Resources: Preloaded drawable resource #0x10800e5 (android:drawable/btn_check_off_disabled_focused_holo_dark) that varies with configuration!!
06-23 11:47:58.809  1777  1777 W Resources: Preloaded drawable resource #0x1080102 (android:drawable/btn_check_on_holo_light) that varies with configuration!!
06-23 11:47:58.809  1777  1777 W Resources: Preloaded drawable resource #0x10800ed (android:drawable/btn_check_off_holo_light) that varies with configuration!!
06-23 11:47:58.809  1777  1777 W Resources: Preloaded drawable resource #0x1080105 (android:drawable/btn_check_on_pressed_holo_light) that varies with configuration!!
06-23 11:47:58.809  1777  1777 W Resources: Preloaded drawable resource #0x10800f2 (android:drawable/btn_check_off_pressed_holo_light) that varies with configuration!!
06-23 11:47:58.809  1777  1777 W Resources: Preloaded drawable resource #0x10800ff (android:drawable/btn_check_on_focused_holo_light) that varies with configuration!!
06-23 11:47:58.809  1777  1777 W Resources: Preloaded drawable resource #0x10800ea (android:drawable/btn_check_off_focused_holo_light) that varies with configuration!!
06-23 11:47:58.809  1777  1777 W Resources: Preloaded drawable resource #0x10800ed (android:drawable/btn_check_off_holo_light) that varies with configuration!!
06-23 11:47:58.809  1777  1777 W Resources: Preloaded drawable resource #0x1080102 (android:drawable/btn_check_on_holo_light) that varies with configuration!!
06-23 11:47:58.809  1777  1777 W Resources: Preloaded drawable resource #0x10800fd (android:drawable/btn_check_on_disabled_holo_light) that varies with configuration!!
06-23 11:47:58.809  1777  1777 W Resources: Preloaded drawable resource #0x10800e8 (android:drawable/btn_check_off_disabled_holo_light) that varies with configuration!!
06-23 11:47:58.809  1777  1777 W Resources: Preloaded drawable resource #0x10800fb (android:drawable/btn_check_on_disabled_focused_holo_light) that varies with configuration!!
06-23 11:47:58.809  1777  1777 W Resources: Preloaded drawable resource #0x10800e6 (android:drawable/btn_check_off_disabled_focused_holo_light) that varies with configuration!!
06-23 11:47:58.809  1777  1777 W Resources: Preloaded drawable resource #0x10800e8 (android:drawable/btn_check_off_disabled_holo_light) that varies with configuration!!
06-23 11:47:58.809  1777  1777 W Resources: Preloaded drawable resource #0x10800fd (android:drawable/btn_check_on_disabled_holo_light) that varies with configuration!!
06-23 11:47:58.809  1777  1777 W Resources: Preloaded drawable resource #0x10800dc (android:drawable/btn_check_holo_light) that varies with configuration!!
06-23 11:47:58.819  1777  1777 D dalvikvm: GC_EXPLICIT freed 108K, 6% free 2581K/2720K, paused 1ms+1ms, total 8ms
06-23 11:47:58.819  1777  1777 W Resources: Preloaded drawable resource #0x1080101 (android:drawable/btn_check_on_holo_dark) that varies with configuration!!
06-23 11:47:58.819  1777  1777 W Resources: Preloaded drawable resource #0x10800ec (android:drawable/btn_check_off_holo_dark) that varies with configuration!!
06-23 11:47:58.819  1777  1777 W Resources: Preloaded drawable resource #0x1080104 (android:drawable/btn_check_on_pressed_holo_dark) that varies with configuration!!
06-23 11:47:58.829  1777  1777 W Resources: Preloaded drawable resource #0x10800f1 (android:drawable/btn_check_off_pressed_holo_dark) that varies with configuration!!
06-23 11:47:58.829  1777  1777 W Resources: Preloaded drawable resource #0x10800fe (android:drawable/btn_check_on_focused_holo_dark) that varies with configuration!!
06-23 11:47:58.829  1777  1777 W Resources: Preloaded drawable resource #0x10800e9 (android:drawable/btn_check_off_focused_holo_dark) that varies with configuration!!
06-23 11:47:58.829  1777  1777 W Resources: Preloaded drawable resource #0x10800ec (android:drawable/btn_check_off_holo_dark) that varies with configuration!!
06-23 11:47:58.829  1777  1777 W Resources: Preloaded drawable resource #0x1080101 (android:drawable/btn_check_on_holo_dark) that varies with configuration!!
06-23 11:47:58.829  1777  1777 W Resources: Preloaded drawable resource #0x10800fc (android:drawable/btn_check_on_disabled_holo_dark) that varies with configuration!!
06-23 11:47:58.829  1777  1777 W Resources: Preloaded drawable resource #0x10800e7 (android:drawable/btn_check_off_disabled_holo_dark) that varies with configuration!!
06-23 11:47:58.829  1777  1777 W Resources: Preloaded drawable resource #0x10800fa (android:drawable/btn_check_on_disabled_focused_holo_dark) that varies with configuration!!
06-23 11:47:58.829  1777  1777 W Resources: Preloaded drawable resource #0x10800e5 (android:drawable/btn_check_off_disabled_focused_holo_dark) that varies with configuration!!
06-23 11:47:58.829  1777  1777 W Resources: Preloaded drawable resource #0x10800e7 (android:drawable/btn_check_off_disabled_holo_dark) that varies with configuration!!
06-23 11:47:58.829  1777  1777 W Resources: Preloaded drawable resource #0x10800fc (android:drawable/btn_check_on_disabled_holo_dark) that varies with configuration!!
06-23 11:47:58.829  1777  1777 W Resources: Preloaded drawable resource #0x10800db (android:drawable/btn_check_holo_dark) that varies with configuration!!
06-23 11:47:58.839  1777  1777 D dalvikvm: GC_EXPLICIT freed 84K, 6% free 2580K/2720K, paused 1ms+0ms, total 9ms
06-23 11:47:58.839  1777  1777 W Resources: Preloaded drawable resource #0x1080195 (android:drawable/btn_radio_on_pressed_holo_light) that varies with configuration!!
06-23 11:47:58.839  1777  1777 W Resources: Preloaded drawable resource #0x1080194 (android:drawable/btn_radio_on_pressed_holo_dark) that varies with configuration!!
06-23 11:47:58.839  1777  1777 W Resources: Preloaded drawable resource #0x1080192 (android:drawable/btn_radio_on_holo_light) that varies with configuration!!
06-23 11:47:58.839  1777  1777 W Resources: Preloaded drawable resource #0x1080191 (android:drawable/btn_radio_on_holo_dark) that varies with configuration!!
06-23 11:47:58.839  1777  1777 W Resources: Preloaded drawable resource #0x108018f (android:drawable/btn_radio_on_focused_holo_light) that varies with configuration!!
06-23 11:47:58.839  1777  1777 W Resources: Preloaded drawable resource #0x108018e (android:drawable/btn_radio_on_focused_holo_dark) that varies with configuration!!
06-23 11:47:58.839  1777  1777 W Resources: Preloaded drawable resource #0x108018d (android:drawable/btn_radio_on_disabled_holo_light) that varies with configuration!!
06-23 11:47:58.839  1777  1777 W Resources: Preloaded drawable resource #0x108018c (android:drawable/btn_radio_on_disabled_holo_dark) that varies with configuration!!
06-23 11:47:58.839  1777  1777 W Resources: Preloaded drawable resource #0x108018b (android:drawable/btn_radio_on_disabled_focused_holo_light) that varies with configuration!!
06-23 11:47:58.849  1777  1777 D dalvikvm: GC_EXPLICIT freed 53K, 6% free 2580K/2720K, paused 1ms+1ms, total 9ms
06-23 11:47:58.849  1777  1777 W Resources: Preloaded drawable resource #0x108018a (android:drawable/btn_radio_on_disabled_focused_holo_dark) that varies with configuration!!
06-23 11:47:58.849  1777  1777 W Resources: Preloaded drawable resource #0x1080187 (android:drawable/btn_radio_off_pressed_holo_light) that varies with configuration!!
06-23 11:47:58.849  1777  1777 W Resources: Preloaded drawable resource #0x1080186 (android:drawable/btn_radio_off_pressed_holo_dark) that varies with configuration!!
06-23 11:47:58.849  1777  1777 W Resources: Preloaded drawable resource #0x1080184 (android:drawable/btn_radio_off_holo_light) that varies with configuration!!
06-23 11:47:58.849  1777  1777 W Resources: Preloaded drawable resource #0x1080183 (android:drawable/btn_radio_off_holo_dark) that varies with configuration!!
06-23 11:47:58.849  1777  1777 W Resources: Preloaded drawable resource #0x1080181 (android:drawable/btn_radio_off_focused_holo_light) that varies with configuration!!
06-23 11:47:58.849  1777  1777 W Resources: Preloaded drawable resource #0x1080180 (android:drawable/btn_radio_off_focused_holo_dark) that varies with configuration!!
06-23 11:47:58.849  1777  1777 W Resources: Preloaded drawable resource #0x108017f (android:drawable/btn_radio_off_disabled_holo_light) that varies with configuration!!
06-23 11:47:58.849  1777  1777 W Resources: Preloaded drawable resource #0x108017e (android:drawable/btn_radio_off_disabled_holo_dark) that varies with configuration!!
06-23 11:47:58.859  1777  1777 D dalvikvm: GC_EXPLICIT freed 51K, 6% free 2582K/2720K, paused 1ms+0ms, total 10ms
06-23 11:47:58.869  1777  1777 W Resources: Preloaded drawable resource #0x108017d (android:drawable/btn_radio_off_disabled_focused_holo_light) that varies with configuration!!
06-23 11:47:58.869  1777  1777 W Resources: Preloaded drawable resource #0x108017c (android:drawable/btn_radio_off_disabled_focused_holo_dark) that varies with configuration!!
06-23 11:47:58.869  1777  1777 W Resources: Preloaded drawable resource #0x1080128 (android:drawable/btn_default_pressed_holo_light) that varies with configuration!!
06-23 11:47:58.869  1777  1777 W Resources: Preloaded drawable resource #0x1080127 (android:drawable/btn_default_pressed_holo_dark) that varies with configuration!!
