06-23 11:41:53.710   227   227 E MediaPlayerFactory: registering DASH Player factory...
06-23 11:41:53.715   144   144 V PrintK  : [    3.230269] msm_audrx_init(), dev_namemsm-dai-q6-dev.16384
06-23 11:41:53.720   227   227 I CameraService: CameraService started (pid=227)
06-23 11:41:53.720   227   227 E CameraService: hw_get_module()++
06-23 11:41:53.736   214   214 V PrintK  : [    3.251419] pil-q6v5-mss fc880000.qcom,mss: mba: Brought out of reset
06-23 11:41:53.750   217   217 D QSEECOMD: : Init dlopen(libsecureui.so, RTLD_NOW) succeeds
06-23 11:41:53.750   217   217 D QSEECOMD: : Init::Init dlsym(g_FSHandle secure_ui_init) succeeds
06-23 11:41:53.750   217   217 D QSEECOMD: : Init secure_ui_init ret = 0
06-23 11:41:53.750   217   217 D QSEECOMD: : secure UI services: init (Listener ID = 16384)
06-23 11:41:53.750   217   217 D QSEECOMAPI: : QSEECom_get_handle sb_length = 0x400
06-23 11:41:53.750   217   217 D QSEECOMAPI: : App is not loaded in QSEE
06-23 11:41:53.812   214   214 V PrintK  : [    3.327188] pil-q6v5-mss fc880000.qcom,mss: modem: loading from 0x0ac00000 to 0x0d100000
06-23 11:41:53.810   220   220 I Netd    : Netd 1.0 starting
06-23 11:41:53.810   220   220 W InterfaceController: Warning (InterfaceController) direct return for libnetcmdiface.so never found on source tree
06-23 11:41:53.820   232   232 E QCOMSysDaemon: Can't open /dev/block/platform/msm_sdcc.1/by-name/bootselect: (No such file or directory)
06-23 11:41:53.820   232   232 I QCOMSysDaemon: Starting qcom system daemon
06-23 11:41:53.820   239   239 I ThermalEngine: Thermal daemon started
06-23 11:41:53.820   239   239 I ThermalEngine: devices_manager_init: Init
06-23 11:41:53.820   239   239 I ThermalEngine: Number of gpus :1
06-23 11:41:53.820   239   239 I Thermal-IOCTL: KTM IOCTL interface "/dev/msm_thermal_query" opened
06-23 11:41:53.820   239   239 I ThermalEngine: vdd_rstr_init: Init KTM VDD RSTR enabled: 0
06-23 11:41:53.820   239   239 I ThermalEngine: sensors_manager_init: Init
06-23 11:41:53.820   239   239 E         :  Init MCU service!!
06-23 11:41:53.830   227   227 W linker  : libmc3adv.so has text relocations. This is wasting memory and is a security risk. Please fix.
06-23 11:41:53.840   239   239 E ThermalEngine: bcl_setup: Error opening /sys/class/power_supply/battery/capacity
06-23 11:41:53.840   239   239 E ThermalEngine: add_tgt_sensors_set: Error adding bcl
06-23 11:41:53.840   239   239 E ThermalEngine: sensors_init: Error adding BCL TS
06-23 11:41:53.840   239   239 I ThermalEngine: Using target config file '/system/etc/thermal-engine-8974.conf'
06-23 11:41:53.860   226   226 D PRDrmPlugIn: PRDrmPlugin::PRDrmPlugin
06-23 11:41:53.860   226   226 D PRDrmPlugInImp: PRDRMPluginAPI::SetEventHandler
06-23 11:41:53.860   226   226 D PRDrmPlugIn: PRDrmPlugin::onGetSupportInfo, uniqueId = 0
06-23 11:41:53.860   229   229 D QSEECOMAPI: : QSEECom_get_handle sb_length = 0x2000
06-23 11:41:53.860   229   229 D QSEECOMAPI: : App is not loaded in QSEE
06-23 11:41:53.860   229   229 E QSEECOMAPI: : Error::Cannot open the file /vendor/firmware/keymaster/keymaster.mdt
06-23 11:41:53.860   229   229 E QSEECOMAPI: : Error::Loading image failed with ret = -1
06-23 11:41:53.860   229   229 D QSEECOMAPI: : QSEECom_get_handle sb_length = 0x2000
06-23 11:41:53.860   229   229 D QSEECOMAPI: : App is not loaded in QSEE
06-23 11:41:53.860   229   229 E QSEECOMAPI: : Error::Cannot open the file /firmware/image/keymaste.mdt
06-23 11:41:53.860   229   229 E QSEECOMAPI: : Error::Loading image failed with ret = -1
06-23 11:41:53.860   229   229 E QCOMKeyMaster: Loading keymaster app failied
06-23 11:41:53.860   229   229 E keystore: could not open keymaster device in keystore (Operation not permitted)
06-23 11:41:53.860   229   229 E keystore: keystore keymaster could not be initialized; exiting
06-23 11:41:53.864   229   229 I PrintK  : [    3.379385] QSEECOM: qseecom_release: data: released = false, type = 1, data = 0xf453f880
06-23 11:41:53.860   239   239 I ThermalEngine: Loading config file for virtual sensor
06-23 11:41:53.864   229   229 I PrintK  : [    3.379474] QSEECOM: qseecom_release: data: released = false, type = 1, data = 0xf453f880
06-23 11:41:53.870   239   239 E ThermalEngine: virtual_sensors_init: Error getting virtual sensors set
06-23 11:41:53.870   239   239 I ThermalEngine: [CPU3_MONITOR]
06-23 11:41:53.870   239   239 I ThermalEngine: algo_type monitor
06-23 11:41:53.870   239   239 I ThermalEngine: sampling 65
06-23 11:41:53.870   239   239 I ThermalEngine: sensor cpu3
06-23 11:41:53.870   239   239 I ThermalEngine: thresholds 115000
06-23 11:41:53.870   239   239 I ThermalEngine: thresholds_clr 110000
06-23 11:41:53.870   239   239 I ThermalEngine: actions shutdown
06-23 11:41:53.870   239   239 I ThermalEngine: action_info 0
06-23 11:41:53.870   239   239 I ThermalEngine: [CPU2_MONITOR]
06-23 11:41:53.870   239   239 I ThermalEngine: algo_type monitor
06-23 11:41:53.870   239   239 I ThermalEngine: sampling 65
06-23 11:41:53.870   239   239 I ThermalEngine: sensor cpu2
06-23 11:41:53.870   239   239 I ThermalEngine: thresholds 115000
06-23 11:41:53.870   239   239 I ThermalEngine: thresholds_clr 110000
06-23 11:41:53.870   239   239 I ThermalEngine: actions shutdown
06-23 11:41:53.870   239   239 I ThermalEngine: action_info 0
06-23 11:41:53.870   239   239 I ThermalEngine: [CPU1_MONITOR]
06-23 11:41:53.870   239   239 I ThermalEngine: algo_type monitor
06-23 11:41:53.870   239   239 I ThermalEngine: sampling 65
06-23 11:41:53.870   239   239 I ThermalEngine: sensor cpu1
06-23 11:41:53.870   239   239 I ThermalEngine: thresholds 115000
06-23 11:41:53.870   239   239 I ThermalEngine: thresholds_clr 110000
06-23 11:41:53.870   239   239 I ThermalEngine: actions shutdown
06-23 11:41:53.870   239   239 I ThermalEngine: action_info 0
06-23 11:41:53.870   239   239 I ThermalEngine: [CPU0_MONITOR]
06-23 11:41:53.870   239   239 I ThermalEngine: algo_type monitor
06-23 11:41:53.870   239   239 I ThermalEngine: sampling 65
06-23 11:41:53.870   239   239 I ThermalEngine: sensor cpu0
06-23 11:41:53.870   239   239 I ThermalEngine: thresholds 115000
06-23 11:41:53.870   239   239 I ThermalEngine: thresholds_clr 110000
06-23 11:41:53.870   239   239 I ThermalEngine: actions shutdown
06-23 11:41:53.870   239   239 I ThermalEngine: action_info 0
06-23 11:41:53.870   239   239 I ThermalEngine: [CONTROL_MCU_AUX_FAN_ACTION]
06-23 11:41:53.870   239   239 I ThermalEngine: #algo_type monitor
06-23 11:41:53.870   239   239 I ThermalEngine: sampling 1000
06-23 11:41:53.870   239   239 I ThermalEngine: sensor tsens_tz_sensor3
06-23 11:41:53.870   239   239 I ThermalEngine: thresholds 42000
06-23 11:41:53.870   239   239 I ThermalEngine: thresholds_clr 40000
06-23 11:41:53.870   239   239 I ThermalEngine: actions aux_fan_speed
06-23 11:41:53.870   239   239 I ThermalEngine: action_info 1
06-23 11:41:53.870   239   239 I ThermalEngine: [CONTROL_MCU_FAN_SPEED]
06-23 11:41:53.870   239   239 I ThermalEngine: #algo_type monitor
06-23 11:41:53.870   239   239 I ThermalEngine: sampling 1000
06-23 11:41:53.870   239   239 I ThermalEngine: sensor tsens_tz_sensor3
06-23 11:41:53.870   239   239 I ThermalEngine: thresholds 40000 55000 62000 66000 78000
06-23 11:41:53.870   239   239 I ThermalEngine: thresholds_clr 35000 48000 55000 60000 70000
06-23 11:41:53.870   239   239 I ThermalEngine: actions fan_speed fan_speed fan_speed fan_speed fan_speed
06-23 11:41:53.870   239   239 I ThermalEngine: action_info 1 2 3 4 5
06-23 11:41:53.870   239   239 I ThermalEngine: [VDD_RSTR_MONITOR-TSENS10]
06-23 11:41:53.870   239   239 I ThermalEngine: #algo_type monitor
06-23 11:41:53.870   239   239 I ThermalEngine: sampling 1000
06-23 11:41:53.870   239   239 I ThermalEngine: sensor tsens_tz_sensor10
06-23 11:41:53.870   239   239 I ThermalEngine: thresholds 5000
06-23 11:41:53.870   239   239 I ThermalEngine: thresholds_clr 10000
06-23 11:41:53.870   239   239 I ThermalEngine: actions vdd_restriction
06-23 11:41:53.870   239   239 I ThermalEngine: action_info 1
06-23 11:41:53.870   239   239 I ThermalEngine: descending
06-23 11:41:53.870   239   239 I ThermalEngine: [VDD_RSTR_MONITOR-TSENS9]
06-23 11:41:53.870   239   239 I ThermalEngine: #algo_type monitor
06-23 11:41:53.870   239   239 I ThermalEngine: sampling 1000
06-23 11:41:53.870   239   239 I ThermalEngine: sensor tsens_tz_sensor9
06-23 11:41:53.870   239   239 I ThermalEngine: thresholds 5000
06-23 11:41:53.870   239   239 I ThermalEngine: thresholds_clr 10000
06-23 11:41:53.870   239   239 I ThermalEngine: actions vdd_restriction
06-23 11:41:53.870   239   239 I ThermalEngine: action_info 1
06-23 11:41:53.870   239   239 I ThermalEngine: descending
06-23 11:41:53.870   239   239 I ThermalEngine: [VDD_RSTR_MONITOR-TSENS8]
06-23 11:41:53.870   239   239 I ThermalEngine: #algo_type monitor
06-23 11:41:53.870   239   239 I ThermalEngine: sampling 1000
06-23 11:41:53.870   239   239 I ThermalEngine: sensor tsens_tz_sensor8
06-23 11:41:53.870   239   239 I ThermalEngine: thresholds 5000
06-23 11:41:53.870   239   239 I ThermalEngine: thresholds_clr 10000
06-23 11:41:53.870   239   239 I ThermalEngine: actions vdd_restriction
06-23 11:41:53.870   239   239 I ThermalEngine: action_info 1
06-23 11:41:53.870   239   239 I ThermalEngine: descending
06-23 11:41:53.870   239   239 I ThermalEngine: [VDD_RSTR_MONITOR-TSENS7]
06-23 11:41:53.870   239   239 I ThermalEngine: #algo_type monitor
06-23 11:41:53.870   239   239 I ThermalEngine: sampling 1000
06-23 11:41:53.870   239   239 I ThermalEngine: sensor tsens_tz_sensor7
06-23 11:41:53.870   239   239 I ThermalEngine: thresholds 5000
06-23 11:41:53.870   239   239 I ThermalEngine: thresholds_clr 10000
06-23 11:41:53.870   239   239 I ThermalEngine: actions vdd_restriction
06-23 11:41:53.870   239   239 I ThermalEngine: action_info 1
06-23 11:41:53.870   239   239 I ThermalEngine: descending
06-23 11:41:53.870   239   239 I ThermalEngine: [VDD_RSTR_MONITOR-TSENS6]
06-23 11:41:53.870   239   239 I ThermalEngine: #algo_type monitor
06-23 11:41:53.870   239   239 I ThermalEngine: sampling 1000
06-23 11:41:53.870   239   239 I ThermalEngine: sensor tsens_tz_sensor6
06-23 11:41:53.870   239   239 I ThermalEngine: thresholds 5000
06-23 11:41:53.870   239   239 I ThermalEngine: thresholds_clr 10000
06-23 11:41:53.870   239   239 I ThermalEngine: actions vdd_restriction
06-23 11:41:53.870   239   239 I ThermalEngine: action_info 1
06-23 11:41:53.870   239   239 I ThermalEngine: descending
06-23 11:41:53.870   239   239 I ThermalEngine: [VDD_RSTR_MONITOR-TSENS5]
06-23 11:41:53.870   239   239 I ThermalEngine: #algo_type monitor
06-23 11:41:53.870   239   239 I ThermalEngine: sampling 1000
06-23 11:41:53.870   239   239 I ThermalEngine: sensor tsens_tz_sensor5
06-23 11:41:53.870   239   239 I ThermalEngine: thresholds 5000
06-23 11:41:53.870   239   239 I ThermalEngine: thresholds_clr 10000
06-23 11:41:53.870   239   239 I ThermalEngine: actions vdd_restriction
06-23 11:41:53.870   239   239 I ThermalEngine: action_info 1
06-23 11:41:53.870   239   239 I ThermalEngine: descending
06-23 11:41:53.870   239   239 I ThermalEngine: [VDD_RSTR_MONITOR-TSENS4]
06-23 11:41:53.870   239   239 I ThermalEngine: #algo_type monitor
06-23 11:41:53.870   239   239 I ThermalEngine: sampling 1000
06-23 11:41:53.870   239   239 I ThermalEngine: sensor tsens_tz_sensor4
06-23 11:41:53.870   239   239 I ThermalEngine: thresholds 5000
06-23 11:41:53.870   239   239 I ThermalEngine: thresholds_clr 10000
06-23 11:41:53.870   239   239 I ThermalEngine: actions vdd_restriction
06-23 11:41:53.870   239   239 I ThermalEngine: action_info 1
06-23 11:41:53.870   239   239 I ThermalEngine: descending
06-23 11:41:53.870   239   239 I ThermalEngine: [VDD_RSTR_MONITOR-TSENS3]
06-23 11:41:53.870   239   239 I ThermalEngine: #algo_type monitor
06-23 11:41:53.870   239   239 I ThermalEngine: sampling 1000
06-23 11:41:53.870   239   239 I ThermalEngine: sensor tsens_tz_sensor3
06-23 11:41:53.870   239   239 I ThermalEngine: thresholds 5000
06-23 11:41:53.870   239   239 I ThermalEngine: thresholds_clr 10000
06-23 11:41:53.870   239   239 I ThermalEngine: actions vdd_restriction
06-23 11:41:53.870   239   239 I ThermalEngine: action_info 1
06-23 11:41:53.870   239   239 I ThermalEngine: descending
06-23 11:41:53.870   239   239 I ThermalEngine: [VDD_RSTR_MONITOR-TSENS2]
06-23 11:41:53.870   239   239 I ThermalEngine: #algo_type monitor
06-23 11:41:53.870   239   239 I ThermalEngine: sampling 1000
06-23 11:41:53.870   239   239 I ThermalEngine: sensor tsens_tz_sensor2
06-23 11:41:53.870   239   239 I ThermalEngine: thresholds 5000
06-23 11:41:53.870   239   239 I ThermalEngine: thresholds_clr 10000
06-23 11:41:53.870   239   239 I ThermalEngine: actions vdd_restriction
06-23 11:41:53.870   239   239 I ThermalEngine: action_info 1
06-23 11:41:53.870   239   239 I ThermalEngine: descending
06-23 11:41:53.870   239   239 I ThermalEngine: [VDD_RSTR_MONITOR-TSENS1]
06-23 11:41:53.870   239   239 I ThermalEngine: #algo_type monitor
06-23 11:41:53.870   239   239 I ThermalEngine: sampling 1000
06-23 11:41:53.870   239   239 I ThermalEngine: sensor tsens_tz_sensor1
06-23 11:41:53.870   239   239 I ThermalEngine: thresholds 5000
06-23 11:41:53.870   239   239 I ThermalEngine: thresholds_clr 10000
06-23 11:41:53.870   239   239 I ThermalEngine: actions vdd_restriction
06-23 11:41:53.870   239   239 I ThermalEngine: action_info 1
06-23 11:41:53.870   239   239 I ThermalEngine: descending
06-23 11:41:53.870   239   239 I ThermalEngine: [VDD_RSTR_MONITOR-TSENS0]
06-23 11:41:53.870   239   239 I ThermalEngine: #algo_type monitor
06-23 11:41:53.870   239   239 I ThermalEngine: sampling 1000
06-23 11:41:53.870   239   239 I ThermalEngine: sensor tsens_tz_sensor0
06-23 11:41:53.870   239   239 I ThermalEngine: thresholds 5000
06-23 11:41:53.870   239   239 I ThermalEngine: thresholds_clr 10000
06-23 11:41:53.870   239   239 I ThermalEngine: actions vdd_restriction
06-23 11:41:53.870   239   239 I ThermalEngine: action_info 1
06-23 11:41:53.870   239   239 I ThermalEngine: descending
06-23 11:41:53.870   239   239 I ThermalEngine: [POP_MEM_SS_control]
06-23 11:41:53.870   239   239 I ThermalEngine: algo_type ss
06-23 11:41:53.870   239   239 I ThermalEngine: sampling 65
06-23 11:41:53.870   239   239 I ThermalEngine: sensor pop_mem
06-23 11:41:53.870   239   239 I ThermalEngine: device cpu
06-23 11:41:53.870   239   239 I ThermalEngine: set_point 80000
06-23 11:41:53.870   239   239 I ThermalEngine: set_point_clr 55000
06-23 11:41:53.870   239   239 I ThermalEngine: time_constant 0
06-23 11:41:53.870   239   239 I ThermalEngine: [CPU3_SS_control]
06-23 11:41:53.870   239   239 I ThermalEngine: algo_type ss
06-23 11:41:53.870   239   343 I ThermalEngine: Sensor:tsens_tz_sensor8:49000 mC
06-23 11:41:53.870   239   239 I ThermalEngine: sampling 1000
06-23 11:41:53.870   239   239 I ThermalEngine: sensor cpu3
06-23 11:41:53.870   239   239 I ThermalEngine: device cpu
06-23 11:41:53.870   239   239 I ThermalEngine: set_point 90000
06-23 11:41:53.870   239   239 I ThermalEngine: set_point_clr 55000
06-23 11:41:53.870   239   239 I ThermalEngine: time_constant 0
06-23 11:41:53.870   239   343 I ThermalEngine: Sensor:tsens_tz_sensor7:48000 mC
06-23 11:41:53.870   239   239 I ThermalEngine: [CPU2_SS_control]
06-23 11:41:53.870   239   239 I ThermalEngine: algo_type ss
06-23 11:41:53.870   239   239 I ThermalEngine: sampling 1000
06-23 11:41:53.870   239   239 I ThermalEngine: sensor cpu2
06-23 11:41:53.870   239   239 I ThermalEngine: device cpu
06-23 11:41:53.870   239   239 I ThermalEngine: set_point 90000
06-23 11:41:53.870   239   239 I ThermalEngine: set_point_clr 55000
06-23 11:41:53.870   239   239 I ThermalEngine: time_constant 0
06-23 11:41:53.870   239   329 I ThermalEngine: Sensor:tsens_tz_sensor8:49000 mC
06-23 11:41:53.870   239   343 I ThermalEngine: Sensor:tsens_tz_sensor6:54000 mC
06-23 11:41:53.870   239   325 I ThermalEngine: Sensor:tsens_tz_sensor6:54000 mC
06-23 11:41:53.870   239   239 I ThermalEngine: [CPU1_SS_control]
06-23 11:41:53.870   239   239 I ThermalEngine: algo_type ss
06-23 11:41:53.870   239   343 I ThermalEngine: Sensor:tsens_tz_sensor5:52000 mC
06-23 11:41:53.870   239   239 I ThermalEngine: sampling 1000
06-23 11:41:53.870   239   239 I ThermalEngine: sensor cpu1
06-23 11:41:53.870   239   239 I ThermalEngine: device cpu
06-23 11:41:53.870   239   239 I ThermalEngine: set_point 90000
06-23 11:41:53.870   239   239 I ThermalEngine: set_point_clr 55000
06-23 11:41:53.870   239   239 I ThermalEngine: time_constant 0
06-23 11:41:53.870   239   327 I ThermalEngine: Sensor:tsens_tz_sensor7:48000 mC
06-23 11:41:53.870   239   323 I ThermalEngine: Sensor:tsens_tz_sensor5:52000 mC
06-23 11:41:53.870   239   343 I ThermalEngine: Sensor:tsens_tz_sensor3:44000 mC
06-23 11:41:53.870   239   239 I ThermalEngine: [CPU0_SS_control]
06-23 11:41:53.870   239   239 I ThermalEngine: algo_type ss
06-23 11:41:53.870   239   343 I ThermalEngine: TM Id 'CONTROL_MCU_AUX_FAN_ACTION' Sensor 'tsens_tz_sensor3' - alarm raised 1 at 44.0 degC
06-23 11:41:53.870   239   239 I ThermalEngine: sampling 1000
06-23 11:41:53.870   239   239 I ThermalEngine: sensor cpu0
06-23 11:41:53.870   239   239 I ThermalEngine: device cpu
06-23 11:41:53.870   239   239 I ThermalEngine: set_point 90000
06-23 11:41:53.870   239   239 I ThermalEngine: set_point_clr 55000
06-23 11:41:53.870   239   239 I ThermalEngine: time_constant 0
06-23 11:41:53.870   239   319 I ThermalEngine: Sensor:tsens_tz_sensor3:44000 mC
06-23 11:41:53.881   209   209 I PrintK  : [    3.396300] MCU_Daemon: Send Data : F1 1A 02 00 01 00 F2
06-23 11:41:53.881    49    49 V PrintK  : [    3.396820] MAC [00-10-f3-5e-35-fa]
06-23 11:41:53.880   220   220 V NatController: runCmd(/system/bin/iptables -F natctrl_FORWARD) res=1
06-23 11:41:53.880   222   222 D libEGL  : loaded /vendor/lib/egl/libEGL_adreno.so
06-23 11:41:53.884    49    49 V PrintK  : [    3.399178] Monitor mode = 0x64
06-23 11:41:53.890   239   343 E         : filename:/data/log/FanInfoLog_2016-06-23.txt
06-23 11:41:53.891   209   209 I PrintK  : [    3.406518] MCU_Daemon: Read Data : F1 1B 01 20 F2
06-23 11:41:53.897    49    49 V PrintK  : [    3.411922] ASIX USB Ethernet Adapter:v1.3.0 02:43:37 Jun 18 2016
06-23 11:41:53.897    49    49 V PrintK  : [    3.411925]     		http://www.asix.com.tw
06-23 11:41:53.897    49    49 V PrintK  : [    3.411940] mtu 1500
06-23 11:41:53.890   226   226 D PRDrmPlugIn: PRDrmPlugin::onGetSupportInfo, uniqueId = 0
06-23 11:41:53.897   209   269 I PrintK  : [    3.412166] MCU_Daemon: Send Data : F1 18 01 00 F2
06-23 11:41:53.890   220   220 D MDnsDS  : MDnsSdListener::Hander starting up
06-23 11:41:53.890   220   353 D MDnsDS  : MDnsSdListener starting to monitor
06-23 11:41:53.890   220   353 D MDnsDS  : Going to poll with pollCount 1
06-23 11:41:53.897    49    49 V PrintK  : [    3.412612] ax88179_178a 3-1.2:1.0: eth0: register 'ax88179_178a' at usb-msm_hsic_host-1.2, ASIX AX88179 USB 3.0 Gigibit Ethernet, 00:10:f3:5e:35:fa
06-23 11:41:53.907   209   269 I PrintK  : [    3.422308] MCU_Daemon: Read Data : F1 19 00 01 CA F2
06-23 11:41:53.907   209   209 I PrintK  : [    3.422492] MCU_Daemon: Send Data : F1 38 66 F2
06-23 11:41:53.910   222   222 D libEGL  : loaded /vendor/lib/egl/libGLESv1_CM_adreno.so
06-23 11:41:53.917   209   209 I PrintK  : [    3.432621] MCU_Daemon: Read Data : F1 39 4E 0C 00 00 33 00 82 F2
06-23 11:41:53.917   209   269 I PrintK  : [    3.432835] MCU_Daemon: Send Data : F1 18 00 5A F2
06-23 11:41:53.928   209   269 I PrintK  : [    3.442955] MCU_Daemon: Read Data : F1 19 00 00 90 F2
06-23 11:41:53.928   209   209 I PrintK  : [    3.443249] MCU_Daemon: Send Data : F1 38 66 F2
06-23 11:41:53.938   209   209 I PrintK  : [    3.453471] MCU_Daemon: Read Data : F1 39 30 0C 00 00 33 00 48 F2
06-23 11:41:53.940   222   222 D libEGL  : loaded /vendor/lib/egl/libGLESv2_adreno.so
06-23 11:41:53.947   217   217 I PrintK  : [    3.461881] QSEECOM: qseecom_load_app: App (keymaste) does'nt exist, loading apps for first time
06-23 11:41:53.940   217   217 D QSEECOMAPI: : Loaded image: APP id = 2
06-23 11:41:53.940   217   217 D QSEECOMD: : Parent qseecom daemon process paused!! 
06-23 11:41:53.940   372   372 D QSEECOMD: : qseecom listener service threads starting!!! 
06-23 11:41:53.940   372   372 D QSEECOMD: : Total listener services to start = 5
06-23 11:41:53.940   372   372 E QSEECOMD: : Listener: index = 0, hierarchy = 1
06-23 11:41:53.940   372   372 D QSEECOMD: : Init dlopen(librpmb.so, RTLD_NOW) succeeds
06-23 11:41:53.940   372   372 D QSEECOMD: : Init::Init dlsym(g_FSHandle rpmb_start) succeeds
06-23 11:41:53.940   372   372 D QSEECOMAPI: : QSEECom_register_listener 8192 sb_length = 0x5000
06-23 11:41:53.948   217   217 I PrintK  : [    3.463320] QSEECOM: qseecom_load_app: App with id 2 (keymaste) now loaded
06-23 11:41:53.950   372   372 D QSEECOMD: : Init rpmb_start ret = 0
06-23 11:41:53.950   372   372 D QSEECOMD: : RPMB system services: Started (Listener ID = 8192)
06-23 11:41:53.950   372   372 E QSEECOMD: : Listener: index = 1, hierarchy = 1
06-23 11:41:53.950   372   372 D QSEECOMD: : Init dlopen(libssd.so, RTLD_NOW) succeeds
06-23 11:41:53.950   372   372 D QSEECOMD: : Init::Init dlsym(g_FSHandle ssd_start) succeeds
06-23 11:41:53.950   372   372 D QSEECOMAPI: : QSEECom_register_listener 12288 sb_length = 0x5000
06-23 11:41:53.950   372   372 D QSEECOMD: : Init ssd_start ret = 0
06-23 11:41:53.950   372   372 D QSEECOMD: : SSD system services: Started (Listener ID = 12288)
06-23 11:41:53.950   372   372 E QSEECOMD: : Listener: index = 2, hierarchy = 1
06-23 11:41:53.950   372   372 D QSEECOMD: : Init dlopen(libsecureui.so, RTLD_NOW) succeeds
06-23 11:41:53.950   372   372 D QSEECOMD: : Init::Init dlsym(g_FSHandle secure_ui_start) succeeds
06-23 11:41:53.950   372   372 D QSEECOMAPI: : QSEECom_register_listener 16384 sb_length = 0x1014
06-23 11:41:53.950   372   372 D QSEECOMD: : Init secure_ui_start ret = 0
06-23 11:41:53.950   372   372 D QSEECOMD: : secure UI services: Started (Listener ID = 16384)
06-23 11:41:53.950   372   372 E QSEECOMD: : Listener: index = 3, hierarchy = 1
06-23 11:41:53.957   144   144 V PrintK  : [    3.472045] asoc: taiko_rx1 <-> msm-dai-q6-dev.16384 mapping ok
06-23 11:41:53.950   372   372 D QSEECOMD: : Init dlopen(libdrmtime.so, RTLD_NOW) succeeds
06-23 11:41:53.950   372   372 D QSEECOMD: : Init::Init dlsym(g_FSHandle atime_start) succeeds
06-23 11:41:53.950   372   372 D QSEECOMAPI: : QSEECom_register_listener 11 sb_length = 0x5000
06-23 11:41:53.950   212   212 E DirectVolume: Vold managed volumes must have auto mount point; ignoring /storage/sata0
06-23 11:41:53.950   212   212 E DirectVolume: Vold managed volumes must have auto mount point; ignoring /storage/usbdisk0
06-23 11:41:53.950   372   372 D QSEECOMD: : Init atime_start ret = 0
06-23 11:41:53.950   372   372 D QSEECOMD: : time services: Started (Listener ID = 11)
06-23 11:41:53.950   372   372 E QSEECOMD: : Listener: index = 4, hierarchy = 1
06-23 11:41:53.950   212   212 E DirectVolume: Vold managed volumes must have auto mount point; ignoring /storage/usbdisk1
06-23 11:41:53.950   212   212 E DirectVolume: Vold managed volumes must have auto mount point; ignoring /storage/usbdisk2
06-23 11:41:53.950   372   372 D QSEECOMD: : Init dlopen(libdrmfs.so, RTLD_NOW) succeeds
06-23 11:41:53.950   212   212 E DirectVolume: Vold managed volumes must have auto mount point; ignoring /mnt/media_rw/engine2
06-23 11:41:53.950   372   372 D QSEECOMD: : Init::Init dlsym(g_FSHandle fs_start) succeeds
06-23 11:41:53.950   372   372 D QSEECOMAPI: : QSEECom_register_listener 10 sb_length = 0x5000
06-23 11:41:53.950   212   212 E DirectVolume: Vold managed volumes must have auto mount point; ignoring /mnt/media_rw/engine3
06-23 11:41:53.959   144   144 V PrintK  : [    3.474519] asoc: taiko_tx1 <-> msm-dai-q6-dev.16385 mapping ok
06-23 11:41:53.961   144   144 V PrintK  : [    3.476482] asoc: taiko_rx1 <-> msm-dai-q6-dev.16386 mapping ok
06-23 11:41:53.960   372   372 D QSEECOMD: : Init fs_start ret = 0
06-23 11:41:53.960   372   372 D QSEECOMD: : file system services: Started (Listener ID = 10)
06-23 11:41:53.960   372   372 D QSEECOMD: : QSEECOM DAEMON RUNNING 
06-23 11:41:53.962   144   144 V PrintK  : [    3.477019] asoc: taiko_tx1 <-> msm-dai-q6-dev.16387 mapping ok
06-23 11:41:53.968   144   144 V PrintK  : [    3.483487] asoc: taiko_rx1 <-> msm-dai-q6-dev.16390 mapping ok
06-23 11:41:53.969   144   144 V PrintK  : [    3.484653] asoc: taiko_tx1 <-> msm-dai-q6-dev.16391 mapping ok
06-23 11:41:53.970   144   144 V PrintK  : [    3.485079] asoc: taiko_rx1 <-> msm-dai-q6-dev.16392 mapping ok
06-23 11:41:53.970   144   144 V PrintK  : [    3.485365] asoc: msm-stub-tx <-> msm-dai-q6-dev.32772 mapping ok
06-23 11:41:53.970   144   144 V PrintK  : [    3.485665] asoc: msm-stub-tx <-> msm-dai-q6-dev.32771 mapping ok
06-23 11:41:53.971   144   144 V PrintK  : [    3.485907] asoc: taiko_mad1 <-> msm-dai-q6-dev.16395 mapping ok
06-23 11:41:53.971   144   144 V PrintK  : [    3.486258] asoc: msm-stub-rx <-> msm-dai-q6-dev.32773 mapping ok
06-23 11:41:53.971   144   144 V PrintK  : [    3.486725] asoc: msm-stub-rx <-> msm-dai-q6-dev.32770 mapping ok
06-23 11:41:53.972   144   144 V PrintK  : [    3.487158] asoc: msm_hdmi_audio_codec_rx_dai <-> msm-dai-q6-hdmi.8 mapping ok
06-23 11:41:53.980   222   222 I Adreno-EGL: <qeglDrvAPI_eglInitialize:410>: EGL 1.4 QUALCOMM build:  ()
06-23 11:41:53.980   222   222 I Adreno-EGL: OpenGL ES Shader Compiler Version: E031.24.00.15
06-23 11:41:53.980   222   222 I Adreno-EGL: Build Date: 12/17/14 Wed
06-23 11:41:53.980   222   222 I Adreno-EGL: Local Branch: 
06-23 11:41:53.980   222   222 I Adreno-EGL: Remote Branch: 
06-23 11:41:53.980   222   222 I Adreno-EGL: Local Patches: 
06-23 11:41:53.980   222   222 I Adreno-EGL: Reconstruct Branch: 
06-23 11:41:53.991    49    49 V PrintK  : [    3.506700] usb 3-1.3: new full-speed USB device number 4 using msm_hsic_host
06-23 11:41:53.995   144   144 V PrintK  : [    3.510732] input: apq8074-taiko-db-snd-card Button Jack as /devices/fe02c000.sound/sound/card0/input2
06-23 11:41:53.996   144   144 V PrintK  : [    3.511639] input: apq8074-taiko-db-snd-card Headset Jack as /devices/fe02c000.sound/sound/card0/input3
06-23 11:41:54.081    49    49 W PrintK  : [    3.596421] usb 3-1.3: hub_port_init, 3-1.3,udev->speed:2
06-23 11:41:54.103    49    49 V PrintK  : [    3.618167] usb 3-1.3: New USB device found, idVendor=0eef, idProduct=c000
06-23 11:41:54.103    49    49 V PrintK  : [    3.618184] usb 3-1.3: New USB device strings: Mfr=1, Product=2, SerialNumber=0
06-23 11:41:54.103    49    49 V PrintK  : [    3.618191] usb 3-1.3: Product: eGalaxTouch EXC3146-2252-07.00.00
06-23 11:41:54.103    49    49 V PrintK  : [    3.618198] usb 3-1.3: Manufacturer: eGalax Inc.
06-23 11:41:54.104    49    49 V PrintK  : [    3.619272] [egalax_usb]:  USB device probe (VID=0EEF PID=C000)
06-23 11:41:54.104    49    49 V PrintK  : [    3.619746] input: eGalax_Touch_Screen as /devices/msm_smsc_hub/msm_hsic_host/usb3/3-1/3-1.3/3-1.3:1.0/input/input4
06-23 11:41:54.105    49    49 V PrintK  : [    3.619929] [egalax_usb]:  Register input device done
06-23 11:41:54.105    49    49 V PrintK  : [    3.620168] [egalax_usb]:  run_FW_init done!
06-23 11:41:54.105    49    49 V PrintK  : [    3.620180] [egalax_usb]:  USB device probe done
06-23 11:41:54.120   222   222 I qdhwcomposer: Initializing Qualcomm Hardware Composer
06-23 11:41:54.120   222   222 I qdhwcomposer: MDP version: 500
06-23 11:41:54.120   222   222 I SurfaceFlinger: Using composer version 1.3
06-23 11:41:54.120   222   222 I qdhwcomposer: hwc_registerProcs
06-23 11:41:54.120   222   222 I qdhwcomposer: Initializing UEVENT Thread
06-23 11:41:54.120   222   222 I qdhwcomposer: Initializing VSYNC Thread
06-23 11:41:54.120   222   222 D qdhwcomposer: hwc_getDisplayAttributes disp = 0, width = 1920
06-23 11:41:54.120   222   222 D qdhwcomposer: hwc_getDisplayAttributes disp = 0, height = 1080
06-23 11:41:54.120   222   222 I SurfaceFlinger: EGL informations:
06-23 11:41:54.120   222   222 I SurfaceFlinger: vendor    : Android
06-23 11:41:54.120   222   222 I SurfaceFlinger: version   : 1.4 Android META-EGL
06-23 11:41:54.120   222   222 I SurfaceFlinger: extensions: EGL_KHR_get_all_proc_addresses EGL_ANDROID_presentation_time EGL_KHR_image EGL_KHR_image_base EGL_KHR_lock_surface EGL_KHR_gl_texture_2D_image EGL_KHR_gl_texture_cubemap_image EGL_KHR_gl_renderbuffer_image EGL_KHR_fence_sync EGL_KHR_create_context EGL_EXT_create_context_robustness EGL_ANDROID_image_native_buffer EGL_KHR_wait_sync EGL_ANDROID_recordable 
06-23 11:41:54.120   222   222 I SurfaceFlinger: Client API: OpenGL_ES
06-23 11:41:54.120   222   222 I SurfaceFlinger: EGLSurface: 8-8-8-8, config=0x5
06-23 11:41:54.120   222   393 I qdhwcomposer: vsync_loop: Reading event 0 for dpy 0 from /sys/class/graphics/fb0/vsync_event
06-23 11:41:54.120   222   393 I qdhwcomposer: vsync_loop: Reading event 1 for dpy 0 from /sys/class/graphics/fb0/show_blank_event
06-23 11:41:54.120   222   393 I qdhwcomposer: vsync_loop: Reading event 0 for dpy 1 from /sys/class/graphics/fb1/vsync_event
06-23 11:41:54.120   222   393 I qdhwcomposer: vsync_loop: Reading event 1 for dpy 1 from /sys/class/graphics/fb1/show_blank_event
06-23 11:41:54.160   223   223 D AndroidRuntime: 
06-23 11:41:54.160   223   223 D AndroidRuntime: >>>>>> AndroidRuntime START com.android.internal.os.ZygoteInit <<<<<<
06-23 11:41:54.180   223   223 D AndroidRuntime: CheckJNI is OFF
06-23 11:41:54.181    49    49 V PrintK  : [    3.696802] usb 3-1.4: new high-speed USB device number 5 using msm_hsic_host
06-23 11:41:54.190   239   343 E         :  [int controlFanSpeed(int, int, int)] Channel:2, modeL0, state:on, 
06-23 11:41:54.190   239   343 I ThermalEngine: [set_auxiliary_fanspeed] SOM-Fan action:on
06-23 11:41:54.190   239   239 I ThermalEngine: [SS-CPU0]
06-23 11:41:54.190   239   239 I ThermalEngine: #algo_type ss
06-23 11:41:54.190   239   239 I ThermalEngine: sampling 65
06-23 11:41:54.190   239   239 I ThermalEngine: sensor cpu0
06-23 11:41:54.190   239   239 I ThermalEngine: device cpu
06-23 11:41:54.190   239   239 I ThermalEngine: set_point 190000
06-23 11:41:54.190   239   239 I ThermalEngine: set_point_clr 155000
06-23 11:41:54.190   239   239 I ThermalEngine: time_constant 0
06-23 11:41:54.190   239   239 I ThermalEngine: [SPEAKER-CAL]
06-23 11:41:54.190   239   239 I ThermalEngine: sampling 30000 30000 10 1800000
06-23 11:41:54.190   239   239 I ThermalEngine: sensor pm8941_tz
06-23 11:41:54.190   239   239 I ThermalEngine: sensors tsens_tz_sensor1 tsens_tz_sensor2 tsens_tz_sensor3 tsens_tz_sensor4 tsens_tz_sensor7 tsens_tz_sensor8 tsens_tz_sensor9 tsens_tz_sensor10
06-23 11:41:54.190   239   239 I ThermalEngine: temp_range 6000 10000 2000
06-23 11:41:54.190   239   239 I ThermalEngine: max_temp 45000
06-23 11:41:54.190   239   239 I ThermalEngine: offset -4000
06-23 11:41:54.190   239   396 I ThermalEngine: Sensor:tsens_tz_sensor3:44000 mC
06-23 11:41:54.190   239   396 I ThermalEngine: Sensor:tsens_tz_sensor8:52000 mC
06-23 11:41:54.190   239   396 I ThermalEngine: Sensor:tsens_tz_sensor7:46000 mC
06-23 11:41:54.190   239   396 I ThermalEngine: Sensor:tsens_tz_sensor6:51000 mC
06-23 11:41:54.190   239   396 I ThermalEngine: Sensor:tsens_tz_sensor5:52000 mC
06-23 11:41:54.190   239   396 I ThermalEngine: Sensor:tsens_tz_sensor5:52000 mC
06-23 11:41:54.190   239   343 I ThermalEngine: Sensor:tsens_tz_sensor3:44000 mC
06-23 11:41:54.190   239   343 I ThermalEngine: TM Id 'CONTROL_MCU_FAN_SPEED' Sensor 'tsens_tz_sensor3' - alarm raised 1 at 44.0 degC
06-23 11:41:54.197   209   269 I PrintK  : [    3.712553] MCU_Daemon: Send Data : F1 1A 01 00 01 CA F2
06-23 11:41:54.207   209   269 I PrintK  : [    3.722741] MCU_Daemon: Read Data : F1 1B 01 20 F2
06-23 11:41:54.209   209   364 I PrintK  : [    3.724041] MCU_Daemon: Send Data : F1 18 01 00 F2
06-23 11:41:54.219   209   364 I PrintK  : [    3.734164] MCU_Daemon: Read Data : F1 19 00 01 CA F2
06-23 11:41:54.219   209   365 I PrintK  : [    3.734294] MCU_Daemon: Send Data : F1 38 66 F2
06-23 11:41:54.229   209   365 I PrintK  : [    3.744413] MCU_Daemon: Read Data : F1 39 C6 0C 00 00 33 00 02 F2
06-23 11:41:54.229   209   209 I PrintK  : [    3.744557] MCU_Daemon: Send Data : F1 18 00 5A F2
06-23 11:41:54.236     1     1 W PrintK  : [    3.751756] init: no such service 'ril-daemon'
06-23 11:41:54.239   209   209 I PrintK  : [    3.754674] MCU_Daemon: Read Data : F1 19 00 00 90 F2
06-23 11:41:54.239   209   269 I PrintK  : [    3.754833] MCU_Daemon: Send Data : F1 38 66 F2
06-23 11:41:54.240   239   343 E         :  [int controlFanSpeed(int, int, int)] Channel:1, modeL0, Speed:1
06-23 11:41:54.240   239   343 I ThermalEngine: [set_fanspeed] Fan speed set to level-1
06-23 11:41:54.240   239   343 I ThermalEngine: Sensor:tsens_tz_sensor10:41000 mC
06-23 11:41:54.240   239   333 I ThermalEngine: Sensor:tsens_tz_sensor10:41000 mC
06-23 11:41:54.240   239   343 I ThermalEngine: Sensor:tsens_tz_sensor9:42000 mC
06-23 11:41:54.240   239   343 I ThermalEngine: Sensor:tsens_tz_sensor8:48000 mC
06-23 11:41:54.240   239   331 I ThermalEngine: Sensor:tsens_tz_sensor9:42000 mC
06-23 11:41:54.240   239   343 I ThermalEngine: Sensor:tsens_tz_sensor7:48000 mC
06-23 11:41:54.250   239   343 I ThermalEngine: Sensor:tsens_tz_sensor6:49000 mC
06-23 11:41:54.250   239   343 I ThermalEngine: Sensor:tsens_tz_sensor5:51000 mC
06-23 11:41:54.250   239   343 I ThermalEngine: Sensor:tsens_tz_sensor4:46000 mC
06-23 11:41:54.250   239   343 I ThermalEngine: Sensor:tsens_tz_sensor3:44000 mC
06-23 11:41:54.250   239   321 I ThermalEngine: Sensor:tsens_tz_sensor4:46000 mC
06-23 11:41:54.250   239   343 I ThermalEngine: Sensor:tsens_tz_sensor2:42000 mC
06-23 11:41:54.250   239   317 I ThermalEngine: Sensor:tsens_tz_sensor2:42000 mC
06-23 11:41:54.250   239   343 I ThermalEngine: Sensor:tsens_tz_sensor1:44000 mC
06-23 11:41:54.250   239   315 I ThermalEngine: Sensor:tsens_tz_sensor1:44000 mC
06-23 11:41:54.250   239   343 I ThermalEngine: Sensor:tsens_tz_sensor0:48000 mC
06-23 11:41:54.250   239   313 I ThermalEngine: Sensor:tsens_tz_sensor0:48000 mC
06-23 11:41:54.250   209   269 I PrintK  : [    3.764961] MCU_Daemon: Read Data : F1 39 A8 0C 00 00 33 00 04 F2
06-23 11:41:54.250   239   343 I ThermalEngine: vdd_restrict_qmi_request: MODEM req level(0) is recorded and waiting for completing QMI registration
06-23 11:41:54.250   239   343 I ThermalEngine: vdd_restrict_qmi_request: ADSP req level(0) is recorded and waiting for completing QMI registration
06-23 11:41:54.250   239   343 I ThermalEngine: hotplug_ktm_disable_cb: write out 0
06-23 11:41:54.250   227   227 V UltrasoundFactory: UltrasoundFactory() EN
06-23 11:41:54.250   227   227 V UltrasoundFactory: mUltrasoundNum =  1, camera_id = 0
06-23 11:41:54.250   227   227 V US_UltrasoundHALBase: UltrasoundHALBase::UltrasoundHALBase() EN
06-23 11:41:54.250   227   227 I US_QisdaUltrasoundBase: QisdaUltrasoundBase::QisdaUltrasoundBase() EN
06-23 11:41:54.250   227   403 D US_UltrasoundHALBase: setParametersListener: enter while loop to wait setParameters()...
06-23 11:41:54.250   227   227 I US_ParametersController: CParametersController
06-23 11:41:54.250   227   227 V US_ParametersController: GetDefaultParameters
06-23 11:41:54.250   227   227 D US_ParametersController: HAL Version: 00.15.0002
06-23 11:41:54.250   227   227 I US_ParametersController: GetSystemConfig
06-23 11:41:54.254   239   343 V PrintK  : [    3.769057] msm_thermal:set_enabled enabled = 0
06-23 11:41:54.260   227   227 D US_MXMLParser: Ex:ReadConfigFile
06-23 11:41:54.260   227   227 E US_ParametersController: ReadSystemConfigFile ok
06-23 11:41:54.260   227   227 I US_ParametersController: GetProbeConfigFileName
06-23 11:41:54.260   227   227 D US_ParametersController: m_stScanningParameters.ScanningConfig->ProbeConfigFileName=//system//data//US//xml//ProbeConfig_LA_ID3172_CH64.xml;
06-23 11:41:54.260   227   227 D US_MXMLParser: Ex:ReadConfigFile
06-23 11:41:54.260   227   227 E US_ParametersController: ReadProbeConfigFile OK
06-23 11:41:54.260   227   227 E US_ParametersController: ReadProbeConfigFile() --
06-23 11:41:54.260   227   227 I US_ParametersController: AFERegisterMapping
06-23 11:41:54.260   227   227 E US_ParametersController: AFERegisterMapping NumOfSetting: 38
06-23 11:41:54.260   227   227 I US_ParametersController: GetPresetListFileName
06-23 11:41:54.260   227   227 D US_ParametersController: PresetListFileNameFileName=//system//data//US//xml//ProbeConfig_LA_ID3172_PresetList.xml
06-23 11:41:54.260   227   227 D US_MXMLParser: Ex:ReadConfigFile
06-23 11:41:54.260   227   227 D US_ParametersController: Support Exam 0: Carotid
06-23 11:41:54.260   227   227 D US_ParametersController: Support Exam 1: Arterial
06-23 11:41:54.260   227   227 D US_ParametersController: Support Exam 2: Venous
06-23 11:41:54.260   227   227 D US_ParametersController: Support Exam 3: Thyroid
06-23 11:41:54.260   227   227 D US_ParametersController: Support Exam 4: Breast
06-23 11:41:54.260   227   227 D US_ParametersController: Support Exam 5: Musculoskeletal
06-23 11:41:54.260   227   227 D US_ParametersController: Support Exam 6: MSK_Superficial
06-23 11:41:54.260   227   227 D US_ParametersController: Support Exam 7: Nerve
06-23 11:41:54.260   227   227 D US_ParametersController: Support Exam 8: Thyroid_OOB
06-23 11:41:54.260   227   227 D US_MXMLParser: Release XML memory : 0
06-23 11:41:54.271    49    49 W PrintK  : [    3.786395] usb 3-1.4: hub_port_init, 3-1.4,udev->speed:3
06-23 11:41:54.280   222   222 I SurfaceFlinger: OpenGL ES informations:
06-23 11:41:54.280   222   222 I SurfaceFlinger: vendor    : Qualcomm
06-23 11:41:54.280   222   222 I SurfaceFlinger: renderer  : Adreno (TM) 330
06-23 11:41:54.280   222   222 I SurfaceFlinger: version   : OpenGL ES 3.0 V@66.0 AU@  (CL@)
06-23 11:41:54.280   222   222 I SurfaceFlinger: extensions: GL_AMD_compressed_ATC_texture GL_AMD_performance_monitor GL_AMD_program_binary_Z400 GL_EXT_debug_label GL_EXT_debug_marker GL_EXT_discard_framebuffer GL_EXT_robustness GL_EXT_texture_format_BGRA8888 GL_EXT_texture_type_2_10_10_10_REV GL_NV_fence GL_OES_compressed_ETC1_RGB8_texture GL_OES_depth_texture GL_OES_depth24 GL_OES_EGL_image GL_OES_EGL_image_external GL_OES_element_index_uint GL_OES_fbo_render_mipmap GL_OES_fragment_precision_high GL_OES_get_program_binary GL_OES_packed_depth_stencil GL_OES_depth_texture_cube_map GL_OES_rgb8_rgba8 GL_OES_standard_derivatives GL_OES_texture_3D GL_OES_texture_float GL_OES_texture_half_float GL_OES_texture_half_float_linear GL_OES_texture_npot GL_OES_vertex_half_float GL_OES_vertex_type_10_10_10_2 GL_OES_vertex_array_object GL_QCOM_alpha_test GL_QCOM_binning_control GL_QCOM_driver_control GL_QCOM_perfmon_global_mode GL_QCOM_extended_get GL_QCOM_extended_get2 GL_QCOM_tiled_rendering GL_QCOM_writeonly_rendering GL_EXT_sRGB GL_EXT_sRGB_write_control GL_EXT_text
06-23 11:41:54.280   222   222 I SurfaceFlinger: GL_MAX_TEXTURE_SIZE = 4096
06-23 11:41:54.280   222   222 I SurfaceFlinger: GL_MAX_VIEWPORT_DIMS = 4096
06-23 11:41:54.295   214   214 V PrintK  : [    3.810303] pil-q6v5-mss fc880000.qcom,mss: modem: Brought out of reset
06-23 11:41:54.337    49    49 V PrintK  : [    3.852300] usb 3-1.4: New USB device found, idVendor=058f, idProduct=5650
06-23 11:41:54.337    49    49 V PrintK  : [    3.852317] usb 3-1.4: New USB device strings: Mfr=1, Product=2, SerialNumber=0
06-23 11:41:54.337    49    49 V PrintK  : [    3.852331] usb 3-1.4: Product: USB2.0 Video Camera
06-23 11:41:54.337    49    49 V PrintK  : [    3.852337] usb 3-1.4: Manufacturer: Unison
06-23 11:41:54.339    49    49 V PrintK  : [    3.854328] uvcvideo: Found UVC 1.00 device USB2.0 Video Camera (058f:5650)
06-23 11:41:54.342    49    49 V PrintK  : [    3.857826] input: USB2.0 Video Camera as /devices/msm_smsc_hub/msm_hsic_host/usb3/3-1/3-1.4/3-1.4:1.0/input/input5
06-23 11:41:54.343   209   219 I PrintK  : [    3.858698] MCU_Daemon: Send Data : F1 6A D4 F2
06-23 11:41:54.353   209   219 I PrintK  : [    3.868826] MCU_Daemon: Read Data : F1 6B 00 FE 08 05 31 A3 04 03 0C 1B 18 5E 95 16 51 10 56 10 5F 10 1B 00 80 00 30 F2
06-23 11:41:54.357   144   144 W PrintK  : [    3.872293] Notify: smsm init
06-23 11:41:54.360   223   223 D dalvikvm: Trying to load lib libjavacore.so 0x0
06-23 11:41:54.360   223   223 D dalvikvm: Added shared lib libjavacore.so 0x0
06-23 11:41:54.380   223   223 D dalvikvm: Trying to load lib libnativehelper.so 0x0
06-23 11:41:54.380   223   223 D dalvikvm: Added shared lib libnativehelper.so 0x0
06-23 11:41:54.380   223   223 D dalvikvm: No JNI_OnLoad found in libnativehelper.so 0x0, skipping init
06-23 11:41:54.393    77    77 V PrintK  : [    3.908413] pil-q6v5-mss fc880000.qcom,mss: mba: Power/Clock ready interrupt received
06-23 11:41:54.390   239   309 I ThermalEngine: qmi: Instance id 45 for fusion TS
06-23 11:41:54.390   239   306 I ThermalEngine: ADSP thermal mitigation available.
06-23 11:41:54.390   239   306 I ThermalEngine: ACTION: ADSP - Pending request: cpuv_restriction_cold mitigation succeeded for level 0.
06-23 11:41:54.390   239   306 I ThermalEngine: Mitigation:VDD[ADSP-cpuv_restriction_cold]:0
06-23 11:41:54.393     0     0 V PrintK  : [    3.908463] pil-q6v5-mss fc880000.qcom,mss: Subsystem error monitoring/handling services are up
06-23 11:41:54.421    49    49 V PrintK  : [    3.936619] usb 3-1.5: new high-speed USB device number 6 using msm_hsic_host
06-23 11:41:54.480   223   223 D dalvikvm: Note: class Landroid/app/ActivityManagerNative; has 179 unimplemented (abstract) methods
06-23 11:41:54.490   227   227 D US_ParametersController: PresetConfigFileName=//system//data//US//xml//PresetConfig_LA_ID3172_CH64_Thyroid.xml
06-23 11:41:54.490   227   227 I US_ParametersController: GetPresetConfigSetting
06-23 11:41:54.490   227   227 E US_ParametersController: ReadPresetConfigFile() //system//data//US//xml//PresetConfig_LA_ID3172_CH64_Thyroid.xml++
06-23 11:41:54.490   222   222 D SurfaceFlinger: Screen acquired, type=0 flinger=0xb73c1450
06-23 11:41:54.490   222   222 D qdhwcomposer: hwc_blank: Unblanking display: 0
06-23 11:41:54.490   222   222 D qdhwcomposer: hwc_blank: Done unblanking display: 0
06-23 11:41:54.498   222   222 V PrintK  : [    4.013451] hdmi_tx_sysfs_enable_hpd: 1
06-23 11:41:54.500   222   393 I qdhwcomposer: handle_blank_event: dpy:0 panel power state: 1
06-23 11:41:54.500   222   222 V PrintK  : [    4.015108] hdmi_tx_hpd_on: HDMI HW version = 0x30000001
06-23 11:41:54.511    49    49 W PrintK  : [    4.026402] usb 3-1.5: hub_port_init, 3-1.5,udev->speed:3
06-23 11:41:54.510   227   227 D US_MXMLParser: Ex:ReadConfigFile
06-23 11:41:54.510   227   227 E US_ParametersController: ReadPresetConfigFile OK
06-23 11:41:54.510   227   227 E US_ParametersController: ReadPresetConfigFile() --
06-23 11:41:54.510   227   227 D US_ParametersController: ScanningConfig->fTGCDepthGainDB_AFE=2.300000
06-23 11:41:54.510   227   227 D US_ParametersController: GetPresetConfigSetting: iPreviousSizeOfSupportedValues=0,ScanningConfig->stSpeckleReduction.iSizeOfSupportedValues=5
06-23 11:41:54.510   227   227 D US_ParametersController: GetPresetConfigSetting: iPreviousSizeOfSupportedValuesParams=0,ScanningConfig->stSpeckleReductionParams.iSizeOfSupportedValues=15, iPreviousSizeOfSupportedValues=0, ScanningConfig->stSpeckleReduction.iSizeOfSupportedValues=5
06-23 11:41:54.510   227   227 D US_ParametersController: GetPresetConfigSetting: ModeConfig_SW->iNumOfSpeckleReductionParams=0, ScanningConfig->stSpeckleReductionParams.iSizeOfSupportedValues=15
06-23 11:41:54.520   227   227 D US_ParametersController: UpdateColorROIWithSectorSize...
06-23 11:41:54.532    49    49 V PrintK  : [    4.047173] usb 3-1.5: New USB device found, idVendor=0424, idProduct=2530
06-23 11:41:54.532    49    49 V PrintK  : [    4.047189] usb 3-1.5: New USB device strings: Mfr=0, Product=2, SerialNumber=0
06-23 11:41:54.532    49    49 V PrintK  : [    4.047202] usb 3-1.5: Product: Bridge device
06-23 11:41:54.540   227   227 I US_ParametersController: GetPresetConfigSetting
06-23 11:41:54.540   227   227 E US_ParametersController: ReadPresetConfigFile() //system//data//US//xml//PresetConfig_LA_ID3172_CH64_Thyroid.xml++
06-23 11:41:54.540   227   227 D US_MXMLParser: Release XML memory : 0
06-23 11:41:54.551     1     1 W PrintK  : [    4.066001] init: cannot find '/system/bin/mm-qcamera-daemon', disabling 'qcamerasvr'
06-23 11:41:54.552     1     1 W PrintK  : [    4.067669] init: property 'sys.powerctl' doesn't exist while expanding '${sys.powerctl}'
06-23 11:41:54.552     1     1 W PrintK  : [    4.067718] init: powerctl: cannot expand '${sys.powerctl}'
06-23 11:41:54.552     1     1 W PrintK  : [    4.067775] init: property 'sys.sysctl.extra_free_kbytes' doesn't exist while expanding '${sys.sysctl.extra_free_kbytes}'
06-23 11:41:54.552     1     1 W PrintK  : [    4.067811] init: cannot expand '${sys.sysctl.extra_free_kbytes}' while writing to '/proc/sys/vm/extra_free_kbytes'
06-23 11:41:54.552     1     1 W PrintK  : [    4.067857] init: property 'sys.sysctl.tcp_def_init_rwnd' doesn't exist while expanding '${sys.sysctl.tcp_def_init_rwnd}'
06-23 11:41:54.553     1     1 W PrintK  : [    4.067895] init: cannot expand '${sys.sysctl.tcp_def_init_rwnd}' while writing to '/proc/sys/net/ipv4/tcp_default_init_rwnd'
06-23 11:41:54.567     1     1 V PrintK  : [    4.082346] enable_store: [usb_gadget] enable=0
06-23 11:41:54.567     1     1 W PrintK  : [    4.082361] enable_store: [usb_gadget] android_usb: already disabled
06-23 11:41:54.567     1     1 V PrintK  : [    4.082786] android_enable_function: [usb_gadget] diag func is enabled.
06-23 11:41:54.567     1     1 V PrintK  : [    4.082794] android_enable_function: [usb_gadget] adb func is enabled.
06-23 11:41:54.567     1     1 V PrintK  : [    4.082800] android_enable_function: [usb_gadget] serial func is enabled.
06-23 11:41:54.567     1     1 V PrintK  : [    4.082807] android_enable_function: [usb_gadget] rmnet func is enabled.
06-23 11:41:54.567     1     1 V PrintK  : [    4.082814] android_enable_function: [usb_gadget] mass_storage func is enabled.
06-23 11:41:54.560   227   227 D US_MXMLParser: Ex:ReadConfigFile
06-23 11:41:54.560   227   227 E US_ParametersController: ReadPresetConfigFile OK
06-23 11:41:54.560   227   227 E US_ParametersController: ReadPresetConfigFile() --
06-23 11:41:54.568     1     1 V PrintK  : [    4.082879] enable_store: [usb_gadget] enable=1
06-23 11:41:54.570   227   227 D US_ParametersController: ScanningConfig->fTGCDepthGainDB_AFE=2.300000
06-23 11:41:54.570   227   227 D US_ParametersController: GetPresetConfigSetting: iPreviousSizeOfSupportedValues=0,ScanningConfig->stSpeckleReduction.iSizeOfSupportedValues=5
06-23 11:41:54.570   227   227 D US_ParametersController: GetPresetConfigSetting: iPreviousSizeOfSupportedValuesParams=0,ScanningConfig->stSpeckleReductionParams.iSizeOfSupportedValues=15, iPreviousSizeOfSupportedValues=0, ScanningConfig->stSpeckleReduction.iSizeOfSupportedValues=5
06-23 11:41:54.570   227   227 D US_ParametersController: GetPresetConfigSetting: ModeConfig_SW->iNumOfSpeckleReductionParams=0, ScanningConfig->stSpeckleReductionParams.iSizeOfSupportedValues=15
06-23 11:41:54.570   227   227 D US_ParametersController: UpdateColorROIWithSectorSize...
06-23 11:41:54.570   429   429 D QC-time-services: Daemon:genoff_pre_init::Base = 0
06-23 11:41:54.570   429   429 D QC-time-services: Daemon:ats_rtc_init: Time read from RTC -- year = 116, month = 5,day = 23
06-23 11:41:54.570   439   441 V PrintK  : [    4.085606] adb_open
06-23 11:41:54.580   429   429 D QC-time-services: Daemon:Value read from RTC seconds = 1466682114000
06-23 11:41:54.580   429   429 D QC-time-services: Daemon:genoff_init_config: ATS_RTC initialized
06-23 11:41:54.580   429   429 D QC-time-services: Daemon:genoff_pre_init::Base = 1
06-23 11:41:54.580   432   432 I rmt_storage: No EBR found
06-23 11:41:54.580   432   432 I rmt_storage: Error (-1) parsing MBR partitions
06-23 11:41:54.580   432   432 I rmt_storage: Registering modemst1: 0x4a /boot/modem_fs1
06-23 11:41:54.580   432   432 I rmt_storage: Registering modemst2: 0x4b /boot/modem_fs2
06-23 11:41:54.580   432   432 I rmt_storage: Registering fsg: 0x58 /boot/modem_fsg
06-23 11:41:54.580   432   432 I rmt_storage: Registering ssd: 0x5d ssd
06-23 11:41:54.580   432   432 I rmt_storage: Registering fsc: 0xff /boot/modem_fsc
06-23 11:41:54.580   432   432 I rmt_storage: 5 GPT partitions found
06-23 11:41:54.580   429   429 D QC-time-services: Daemon: Storage Name: ats_1 
06-23 11:41:54.580   429   429 D QC-time-services: Daemon:Opening File: /data/time/ats_1
06-23 11:41:54.580   432   432 I rmt_storage: rmt_storage_connect_cb: clnt_h=0x1 conn_h=0xb820eda8
06-23 11:41:54.580   432   432 I rmt_storage: rmt_storage_open_cb: /boot/modem_fs1: clnt_h=0x1: req_h=0x1 msg_id=1: Client found
06-23 11:41:54.580   432   432 I rmt_storage: rmt_storage_open_cb: /boot/modem_fs1: clnt_h=0x1: req_h=0x1 msg_id=1: Send response: res=0 err=0
06-23 11:41:54.580   432   451 I rmt_storage: rmt_storage_client_thread: /boot/modem_fs1: clnt_h=0x1 Worker thread started
06-23 11:41:54.580   432   451 I rmt_storage: wake lock name: rmt_storage_-1205801240, name creation success: 23
06-23 11:41:54.580   432   432 I rmt_storage: rmt_storage_connect_cb: clnt_h=0x2 conn_h=0xb820ee00
06-23 11:41:54.580   429   429 D QC-time-services: Daemon:time_persistent_memory_opr:Genoff Read operation 
06-23 11:41:54.580   429   429 D QC-time-services: Daemon:Unable to open filefor read
06-23 11:41:54.580   429   429 D QC-time-services: Daemon:genoff_post_init:Error in accessing storage
