06-23 11:48:01.649  1948  2102 I LatinIME:LogUtils: Dictionary info: dictionary = UserHistoryDictionary.en_US.dic ; version = ? ; date = 1466682123
06-23 11:48:01.649  1988  1988 I Starter : onDestroy: remove reboot runnable
06-23 11:48:01.659  1828  1847 D BluetoothManagerService: Message: 20
06-23 11:48:01.659  1828  1847 D BluetoothManagerService: Added callback: android.bluetooth.IBluetoothManagerCallback$Stub$Proxy@4222d520:true
06-23 11:48:01.659  1988  1988 E WindowManager: 
06-23 11:48:01.659  1988  1988 E WindowManager: android.view.WindowLeaked: Activity com.ultrasound.usstarter.Starter has leaked window com.android.internal.policy.impl.PhoneWindow$DecorView{421ab3c0 V.E..... R.....I. 0,0-0,0} that was originally added here
06-23 11:48:01.659  1988  1988 E WindowManager: 	at android.view.ViewRootImpl.<init>(ViewRootImpl.java:346)
06-23 11:48:01.659  1988  1988 E WindowManager: 	at android.view.WindowManagerGlobal.addView(WindowManagerGlobal.java:248)
06-23 11:48:01.659  1988  1988 E WindowManager: 	at android.view.WindowManagerImpl.addView(WindowManagerImpl.java:69)
06-23 11:48:01.659  1988  1988 E WindowManager: 	at android.app.Dialog.show(Dialog.java:286)
06-23 11:48:01.659  1988  1988 E WindowManager: 	at android.app.ProgressDialog.show(ProgressDialog.java:116)
06-23 11:48:01.659  1988  1988 E WindowManager: 	at android.app.ProgressDialog.show(ProgressDialog.java:99)
06-23 11:48:01.659  1988  1988 E WindowManager: 	at com.ultrasound.usstarter.Starter.showProgressDialog(Starter.java:181)
06-23 11:48:01.659  1988  1988 E WindowManager: 	at com.ultrasound.usstarter.Starter.onCreate(Starter.java:122)
06-23 11:48:01.659  1988  1988 E WindowManager: 	at android.app.Activity.performCreate(Activity.java:5231)
06-23 11:48:01.659  1988  1988 E WindowManager: 	at android.app.Instrumentation.callActivityOnCreate(Instrumentation.java:1087)
06-23 11:48:01.659  1988  1988 E WindowManager: 	at android.app.ActivityThread.performLaunchActivity(ActivityThread.java:2151)
06-23 11:48:01.659  1988  1988 E WindowManager: 	at android.app.ActivityThread.handleLaunchActivity(ActivityThread.java:2236)
06-23 11:48:01.659  1988  1988 E WindowManager: 	at android.app.ActivityThread.access$800(ActivityThread.java:138)
06-23 11:48:01.659  1988  1988 E WindowManager: 	at android.app.ActivityThread$H.handleMessage(ActivityThread.java:1199)
06-23 11:48:01.659  1988  1988 E WindowManager: 	at android.os.Handler.dispatchMessage(Handler.java:102)
06-23 11:48:01.659  1988  1988 E WindowManager: 	at android.os.Looper.loop(Looper.java:136)
06-23 11:48:01.659  1988  1988 E WindowManager: 	at android.app.ActivityThread.main(ActivityThread.java:5034)
06-23 11:48:01.659  1988  1988 E WindowManager: 	at java.lang.reflect.Method.invokeNative(Native Method)
06-23 11:48:01.659  1988  1988 E WindowManager: 	at java.lang.reflect.Method.invoke(Method.java:515)
06-23 11:48:01.659  1988  1988 E WindowManager: 	at com.android.internal.os.ZygoteInit$MethodAndArgsCaller.run(ZygoteInit.java:786)
06-23 11:48:01.659  1988  1988 E WindowManager: 	at com.android.internal.os.ZygoteInit.main(ZygoteInit.java:602)
06-23 11:48:01.659  1988  1988 E WindowManager: 	at dalvik.system.NativeStart.main(Native Method)
06-23 11:48:01.659  1888  1888 D BluetoothAdapter: 1109925112: getState() :  mService = null. Returning STATE_OFF
06-23 11:48:01.659  1888  1888 D BluetoothAdapter: 1109925112: getState() :  mService = null. Returning STATE_OFF
06-23 11:48:01.669  1988  1988 I Starter : ----setForcedDisplaySize 1366x768
06-23 11:48:01.669  2036  2036 D BluetoothAdapter: 1109021280: getState() :  mService = null. Returning STATE_OFF
06-23 11:48:01.669  1828  1847 D BluetoothManagerService: Message: 30
06-23 11:48:01.669  1888  1888 D PhoneStatusBar: heads up is disabled
06-23 11:48:01.669  1828  1847 D BluetoothManagerService: Message: 30
06-23 11:48:01.669  2036  2036 D LocalBluetoothProfileManager: Adding local MAP profile
06-23 11:48:01.669  2036  2036 D BluetoothMap: Create BluetoothMap proxy object
06-23 11:48:01.669  1828  1847 D BluetoothManagerService: Message: 30
06-23 11:48:01.679  1988  1988 I Starter : onCreate hasMsataStorage=true
06-23 11:48:01.689  1828  1847 D BluetoothManagerService: Message: 30
06-23 11:48:01.689  2036  2036 D LocalBluetoothProfileManager: LocalBluetoothProfileManager construction complete
06-23 11:48:01.689  2036  2036 D BluetoothAdapter: 1109021280: getState() :  mService = null. Returning STATE_OFF
06-23 11:48:01.689  2036  2036 D BluetoothAdapter: 1109021280: getState() :  mService = null. Returning STATE_OFF
06-23 11:48:01.709  1988  1988 I Adreno-EGL: <qeglDrvAPI_eglInitialize:410>: EGL 1.4 QUALCOMM build:  ()
06-23 11:48:01.709  1988  1988 I Adreno-EGL: OpenGL ES Shader Compiler Version: E031.24.00.15
06-23 11:48:01.709  1988  1988 I Adreno-EGL: Build Date: 12/17/14 Wed
06-23 11:48:01.709  1988  1988 I Adreno-EGL: Local Branch: 
06-23 11:48:01.709  1988  1988 I Adreno-EGL: Remote Branch: 
06-23 11:48:01.709  1988  1988 I Adreno-EGL: Local Patches: 
06-23 11:48:01.709  1988  1988 I Adreno-EGL: Reconstruct Branch: 
06-23 11:48:01.709  1828  1843 E LocSvc_eng: I/===> void loc_eng_cleanup(loc_eng_data_s_type&) line 1667 
06-23 11:48:01.709  1828  1843 E LocSvc_eng: I/===> int loc_eng_init(loc_eng_data_s_type&, LocCallbacks*, LOC_API_ADAPTER_EVENT_MASK_T, loc_core::ContextBase*) line 1537 
06-23 11:48:01.709  1828  1843 E LocSvc_eng: W/int loc_eng_init(loc_eng_data_s_type&, LocCallbacks*, LOC_API_ADAPTER_EVENT_MASK_T, loc_core::ContextBase*): log_eng state error: instance already initialized
06-23 11:48:01.709  1828  1843 E LocSvc_eng: I/===> void loc_eng_agps_init(loc_eng_data_s_type&, AGpsExtCallbacks*) line 2107 
06-23 11:48:01.709  1828  1843 E LocSvc_eng: W/void loc_eng_agps_init(loc_eng_data_s_type&, AGpsExtCallbacks*): log_eng state error: agps instance already initialized
06-23 11:48:01.709  1828  1843 E LocSvc_eng: I/===> void loc_eng_ni_init(loc_eng_data_s_type&, GpsNiExtCallbacks*) line 298 
06-23 11:48:01.729  1988  1988 D OpenGLRenderer: Enabling debug mode 0
06-23 11:48:01.749  1988  1988 I Starter : msata.status=exist mRetryCount=0
06-23 11:48:01.749  1988  1988 I Starter : hasMountedSata0 SATA_PATH state=mounted
06-23 11:48:01.749  1988  1988 I Starter : onCreate hasMountedSata0 is ture
06-23 11:48:01.749  1988  1988 I Starter : startAP intent=Intent { act=android.intent.action.MAIN cmp=com.android.launcher/com.android.launcher2.Launcher }
06-23 11:48:01.749  1988  1988 I Timeline: Timeline: Activity_launch_request id:com.android.launcher time:371866
06-23 11:48:02.009  1828  1878 W QCNEJ   : |CORE| getWwanInfo(): Null Pointer Exceptionjava.lang.NullPointerException
06-23 11:48:02.009  1828  1878 W QCNEJ   : |CORE| sendDefaultNwMsg: Default network msg not being sent to CND.Value out of range: -1
06-23 11:48:02.009  1828  1878 E QCNEJ   : |CORE| Feature WQE is not enabled
06-23 11:48:02.149  2138  2138 I dalvikvm: Enabling JNI app bug workarounds for target SDK version 9...
06-23 11:48:02.169  1828  1841 I Timeline: Timeline: Activity_windows_visible id: ActivityRecord{421ea050 u0 com.ultrasound.usstarter/.Starter t1 f} time:372286
06-23 11:48:02.179  1777  1777 D dalvikvm: GC_EXPLICIT freed 39K, 76% free 2727K/10996K, paused 1ms+1ms, total 13ms
06-23 11:48:02.179  1888  1888 I Adreno-EGL: <qeglDrvAPI_eglInitialize:410>: EGL 1.4 QUALCOMM build:  ()
06-23 11:48:02.179  1888  1888 I Adreno-EGL: OpenGL ES Shader Compiler Version: E031.24.00.15
06-23 11:48:02.179  1888  1888 I Adreno-EGL: Build Date: 12/17/14 Wed
06-23 11:48:02.179  1888  1888 I Adreno-EGL: Local Branch: 
06-23 11:48:02.179  1888  1888 I Adreno-EGL: Remote Branch: 
06-23 11:48:02.179  1888  1888 I Adreno-EGL: Local Patches: 
06-23 11:48:02.179  1888  1888 I Adreno-EGL: Reconstruct Branch: 
06-23 11:48:02.189  1777  1777 D dalvikvm: GC_EXPLICIT freed <1K, 76% free 2727K/10996K, paused 1ms+1ms, total 11ms
06-23 11:48:02.199  1777  1777 D dalvikvm: GC_EXPLICIT freed <1K, 76% free 2727K/10996K, paused 1ms+1ms, total 9ms
06-23 11:48:02.219  1888  1888 D OpenGLRenderer: Enabling debug mode 0
06-23 11:48:02.239  1828  1839 V KeyguardServiceDelegate: **** SHOWN CALLED ****
06-23 11:48:02.239  1888  1888 D StatusBar.NetworkController: onServiceStateChanged voiceState=1 dataState=1
06-23 11:48:02.239  1888  1888 D StatusBar.NetworkController: Combining data service state 1 for signal
06-23 11:48:02.239  1888  1888 D StatusBar.NetworkController:  No service
06-23 11:48:02.239  1888  1888 E StatusBar.NetworkController: updateDataNetType NETWORK_TYPE_UNKNOWN
06-23 11:48:02.239  1888  1888 D StatusBar.NetworkController: refreshViews: Data not connected!! Set no data type icon / Roaming
06-23 11:48:02.239  1888  1888 D StatusBar.NetworkController: refreshViews connected={ } level=?? combinedSignalIconId=0x0/(null) mobileLabel= wifiLabel=No Internet connection emergencyOnly=false combinedLabel=No Internet connection mAirplaneMode=false mDataActivity=0 mPhoneSignalIconId=0x0 mQSPhoneSignalIconId=0x0 mDataDirectionIconId=0x0 mDataSignalIconId=0x0 mDataTypeIconId=0x0 mQSDataTypeIconId=0x0 mNoSimIconId=0x0 mWifiIconId=0x0 mQSWifiIconId=0x0 mEthernetIconId=0x0 mBluetoothTetherIconId=0x10805d4
06-23 11:48:02.249  1888  1888 D StatusBar.NetworkController: onCallStateChanged state=0
06-23 11:48:02.249  1888  1888 D StatusBar.NetworkController: onDataConnectionStateChanged: state=-1 type=0
06-23 11:48:02.249  1888  1888 E StatusBar.NetworkController: updateDataNetType NETWORK_TYPE_UNKNOWN
06-23 11:48:02.249  1888  1888 D StatusBar.NetworkController: refreshViews: Data not connected!! Set no data type icon / Roaming
06-23 11:48:02.249  1888  1888 D StatusBar.NetworkController: refreshViews connected={ } level=?? combinedSignalIconId=0x0/(null) mobileLabel= wifiLabel=No Internet connection emergencyOnly=false combinedLabel=No Internet connection mAirplaneMode=false mDataActivity=0 mPhoneSignalIconId=0x0 mQSPhoneSignalIconId=0x0 mDataDirectionIconId=0x0 mDataSignalIconId=0x0 mDataTypeIconId=0x0 mQSDataTypeIconId=0x0 mNoSimIconId=0x0 mWifiIconId=0x0 mQSWifiIconId=0x0 mEthernetIconId=0x0 mBluetoothTetherIconId=0x10805d4
06-23 11:48:02.249  1888  1888 D StatusBar.NetworkController: onDataActivity: direction=0
06-23 11:48:02.249  1888  1888 D StatusBar.NetworkController: refreshViews: Data not connected!! Set no data type icon / Roaming
06-23 11:48:02.249  1888  1888 D StatusBar.NetworkController: refreshViews connected={ } level=?? combinedSignalIconId=0x0/(null) mobileLabel= wifiLabel=No Internet connection emergencyOnly=false combinedLabel=No Internet connection mAirplaneMode=false mDataActivity=0 mPhoneSignalIconId=0x0 mQSPhoneSignalIconId=0x0 mDataDirectionIconId=0x0 mDataSignalIconId=0x0 mDataTypeIconId=0x0 mQSDataTypeIconId=0x0 mNoSimIconId=0x0 mWifiIconId=0x0 mQSWifiIconId=0x0 mEthernetIconId=0x0 mBluetoothTetherIconId=0x10805d4
06-23 11:48:02.249  1888  1888 D StatusBar.NetworkController: onSignalStrengthsChanged signalStrength=SignalStrength: 99 -1 -1 -1 -1 -1 -1 99 2147483647 2147483647 2147483647 2147483647 2147483647 gsm|lte level=0
06-23 11:48:02.249  1888  1888 D StatusBar.NetworkController:  No service
06-23 11:48:02.249  1888  1888 D StatusBar.NetworkController: refreshViews: Data not connected!! Set no data type icon / Roaming
06-23 11:48:02.249  1888  1888 D StatusBar.NetworkController: refreshViews connected={ } level=0 combinedSignalIconId=0x0/(null) mobileLabel= wifiLabel=No Internet connection emergencyOnly=false combinedLabel=No Internet connection mAirplaneMode=false mDataActivity=0 mPhoneSignalIconId=0x0 mQSPhoneSignalIconId=0x0 mDataDirectionIconId=0x0 mDataSignalIconId=0x0 mDataTypeIconId=0x0 mQSDataTypeIconId=0x0 mNoSimIconId=0x0 mWifiIconId=0x0 mQSWifiIconId=0x0 mEthernetIconId=0x0 mBluetoothTetherIconId=0x10805d4
06-23 11:48:02.249  1888  1888 D StatusBar.NetworkController: refreshViews: Data not connected!! Set no data type icon / Roaming
06-23 11:48:02.249  1888  1888 D StatusBar.NetworkController: refreshViews connected={ } level=0 combinedSignalIconId=0x0/(null) mobileLabel= wifiLabel=No Internet connection emergencyOnly=false combinedLabel=No Internet connection mAirplaneMode=false mDataActivity=0 mPhoneSignalIconId=0x0 mQSPhoneSignalIconId=0x0 mDataDirectionIconId=0x0 mDataSignalIconId=0x0 mDataTypeIconId=0x0 mQSDataTypeIconId=0x0 mNoSimIconId=0x0 mWifiIconId=0x0 mQSWifiIconId=0x0 mEthernetIconId=0x7f02001b mBluetoothTetherIconId=0x10805d4
06-23 11:48:02.249  1828  2012 I MediaFocusControl:   Remote Control   registerMediaButtonIntent() for PendingIntent{424380f8: PendingIntentRecord{42306ce0 com.android.music broadcastIntent}}
06-23 11:48:02.259  1888  1888 D PhoneStatusBar: mSettingsPanelGravity = 8388661
06-23 11:48:02.259  1888  1888 D StatusBar.NetworkController: refreshViews: Data not connected!! Set no data type icon / Roaming
06-23 11:48:02.259  1888  1888 D StatusBar.NetworkController: refreshViews connected={ } level=0 combinedSignalIconId=0x0/(null) mobileLabel= wifiLabel=No Internet connection emergencyOnly=false combinedLabel=No Internet connection mAirplaneMode=false mDataActivity=0 mPhoneSignalIconId=0x0 mQSPhoneSignalIconId=0x0 mDataDirectionIconId=0x0 mDataSignalIconId=0x0 mDataTypeIconId=0x0 mQSDataTypeIconId=0x0 mNoSimIconId=0x0 mWifiIconId=0x0 mQSWifiIconId=0x0 mEthernetIconId=0x7f02001b mBluetoothTetherIconId=0x10805d4
06-23 11:48:02.269  2036  2036 D BluetoothAdapter: 1109021280: getState() :  mService = null. Returning STATE_OFF
06-23 11:48:02.279  2138  2138 E ExtMediaPlayer-JNI: QCMediaPlayer could not be located....
06-23 11:48:02.279  2138  2138 E MediaPlayer-JNI: QCMediaPlayer mediaplayer NOT present
06-23 11:48:02.279  2036  2036 D BluetoothAdapter: 1109021280: getState() :  mService = null. Returning STATE_OFF
06-23 11:48:02.299  1888  1888 D dalvikvm: GC_FOR_ALLOC freed 680K, 63% free 4073K/10996K, paused 12ms, total 12ms
06-23 11:48:02.329  1888  1888 I dalvikvm-heap: Grow heap (frag case) to 15.432MB for 9830416-byte allocation
06-23 11:48:02.339  1888  1891 D dalvikvm: GC_CONCURRENT freed 27K, 34% free 13645K/20600K, paused 2ms+1ms, total 12ms
06-23 11:48:02.369  1828  2012 W Searchables: No global search activity found
06-23 11:48:02.379  2151  2151 D Launcher: Broadcasting Home Idle Screen Intent ...
06-23 11:48:02.409  2151  2151 I Adreno-EGL: <qeglDrvAPI_eglInitialize:410>: EGL 1.4 QUALCOMM build:  ()
06-23 11:48:02.409  2151  2151 I Adreno-EGL: OpenGL ES Shader Compiler Version: E031.24.00.15
06-23 11:48:02.409  2151  2151 I Adreno-EGL: Build Date: 12/17/14 Wed
06-23 11:48:02.409  2151  2151 I Adreno-EGL: Local Branch: 
06-23 11:48:02.409  2151  2151 I Adreno-EGL: Remote Branch: 
06-23 11:48:02.409  2151  2151 I Adreno-EGL: Local Patches: 
06-23 11:48:02.409  2151  2151 I Adreno-EGL: Reconstruct Branch: 
06-23 11:48:02.419  1888  1888 D dalvikvm: GC_FOR_ALLOC freed 9601K, 64% free 4046K/11000K, paused 16ms, total 16ms
06-23 11:48:02.439  2151  2151 D OpenGLRenderer: Enabling debug mode 0
06-23 11:48:02.459  1888  1888 I dalvikvm-heap: Grow heap (frag case) to 15.407MB for 9830416-byte allocation
06-23 11:48:02.499  1888  1891 D dalvikvm: GC_CONCURRENT freed <1K, 34% free 13646K/20604K, paused 5ms+1ms, total 39ms
06-23 11:48:02.519  2151  2151 V RenderScript: Application requested CPU execution
06-23 11:48:02.529  2151  2151 V RenderScript: 0x610dbe10 Launching thread(s), CPUs 4
06-23 11:48:02.549  1828  1841 I ActivityManager: Displayed com.android.launcher/com.android.launcher2.Launcher: +405ms
06-23 11:48:02.549  1828  1841 I Timeline: Timeline: Activity_windows_visible id: ActivityRecord{421e59a8 u0 com.android.launcher/com.android.launcher2.Launcher t2} time:372666
06-23 11:48:02.569  2151  2151 D dalvikvm: GC_FOR_ALLOC freed 349K, 28% free 7940K/10996K, paused 12ms, total 13ms
06-23 11:48:02.579  1888  1888 I Choreographer: Skipped 51 frames!  The application may be doing too much work on its main thread.
06-23 11:48:02.589  2151  2151 I dalvikvm-heap: Grow heap (frag case) to 13.706MB for 4059768-byte allocation
06-23 11:48:02.609  2151  2155 D dalvikvm: GC_CONCURRENT freed 24K, 21% free 11880K/14964K, paused 1ms+1ms, total 13ms
06-23 11:48:02.659  2151  2151 I Timeline: Timeline: Activity_idle id: android.os.BinderProxy@42196c78 time:372774
06-23 11:48:02.669  1774  2038 I SurfaceFlinger: Boot is finished (5506 ms)
06-23 11:48:02.692  2199  2199 V PrintK  : [  372.800183] msm_thermal:store_cc_enabled Core control disabled
06-23 11:48:02.699  1988  1988 I Starter : onDestroy: remove reboot runnable
06-23 11:48:02.699  1828  1839 V MediaFocusControl: updating focussed RCC change to RCD: CallingPackageName:com.android.music isFocussed:false isAvailable:true
06-23 11:48:02.699  1828  1839 V MediaFocusControl: updating focussed RCC change to RCD: CallingPackageName:com.android.music isFocussed:true isAvailable:true
06-23 11:48:02.710  2199  2199 V PrintK  : [  372.817800] msm_thermal:store_cc_enabled Core control enabled
06-23 11:48:02.709  1828  2222 I RecoverySystem: No recovery log file
06-23 11:48:02.729  1988  1988 D dalvikvm: GC_EXPLICIT freed 185K, 70% free 3314K/10996K, paused 2ms+1ms, total 35ms
06-23 11:48:02.869  2251  2251 V OneTimeInitializerRece: OneTimeInitializerReceiver.onReceive
06-23 11:48:02.879  1828  1828 W ContextImpl: Implicit intents with startService are not safe: Intent { act=com.dsi.ant.server.IAntHal } android.content.ContextWrapper.startService:494 android.content.ContextWrapper.startService:494 com.dsi.ant.server.AntService.startService:125 
06-23 11:48:02.899  1828  1828 D dalvikvm: Trying to load lib libantradio.so 0x423d0620
06-23 11:48:02.899  1828  1828 D dalvikvm: Added shared lib libantradio.so 0x423d0620
06-23 11:48:02.949  2267  2267 D EmailBroadcastReceiver: Received android.intent.action.BOOT_COMPLETED
06-23 11:48:03.089  1948  1948 I LauncherIconVisibilityManager: Boot has been completed
06-23 11:48:03.089  1948  1948 I LauncherIconVisibilityManager: Activity has already been disabled: ComponentInfo{com.android.inputmethod.latin/com.android.inputmethod.latin.setup.SetupActivity}
06-23 11:48:03.089  2267  2290 I Email   : Observing account changes for notifications
06-23 11:48:03.109  2291  2291 D dalvikvm: Late-enabling CheckJNI
06-23 11:48:03.119  2291  2291 I dalvikvm: Enabling JNI app bug workarounds for target SDK version 8...
06-23 11:48:03.139  2291  2291 I DLTApplication: DLTApplication::onCreate()
06-23 11:48:03.139  2291  2291 I DLTApplication: DLTApplication::initialize()
06-23 11:48:03.139  2291  2291 D DLTApplication: Create directory '/data/data/com.qualcomm.qct.dlt/files/config'
06-23 11:48:03.139  2291  2291 D DLTApplication: Create directory '/data/data/com.qualcomm.qct.dlt/files/sessions'
06-23 11:48:03.139  2291  2291 D DLTApplication: Create directory '/data/data/com.qualcomm.qct.dlt/files/playback'
06-23 11:48:03.139  2291  2291 D DLTApplication: Create directory '/data/data/com.qualcomm.qct.dlt/files/truth'
06-23 11:48:03.139  2291  2291 D DLTApplication: Create directory '/data/data/com.qualcomm.qct.dlt/files/coarsePos'
06-23 11:48:03.139  2291  2291 D DLTApplication: Create directory '/data/data/com.qualcomm.qct.dlt/files/xtra'
06-23 11:48:03.139  2291  2291 D DLTApplication: Create directory '/data/data/com.qualcomm.qct.dlt/files/suplcerts'
06-23 11:48:03.139  2291  2291 D DLTApplication: Create directory '/data/data/com.qualcomm.qct.dlt/files/dynamicTruth'
06-23 11:48:03.139  2291  2291 D DLTApplication: Create directory '/data/data/com.qualcomm.qct.dlt/files/proxalerts'
06-23 11:48:03.139  2291  2291 D DLTApplication: Create directory '/data/data/com.qualcomm.qct.dlt/files/proxalertsLogs'
06-23 11:48:03.139  2291  2291 D DLTApplication: Create directory '/data/data/com.qualcomm.qct.dlt/files/nonSessionLogs'
06-23 11:48:03.139  2291  2291 D DLTApplication: Create directory '/data/data/com.qualcomm.qct.dlt/files/wbiq'
06-23 11:48:03.149  2291  2291 D DLTApplication: Create directory '/storage/emulated/0/dlt/config'
06-23 11:48:03.149  2291  2291 D DLTApplication: Create directory '/storage/emulated/0/dlt/sessions'
06-23 11:48:03.149  2291  2291 D DLTApplication: Create directory '/storage/emulated/0/dlt/playback'
06-23 11:48:03.149  2291  2291 D DLTApplication: Create directory '/storage/emulated/0/dlt/truth'
06-23 11:48:03.149  2291  2291 D DLTApplication: Create directory '/storage/emulated/0/dlt/coarsePos'
06-23 11:48:03.149  2291  2291 D DLTApplication: Create directory '/storage/emulated/0/dlt/xtra'
06-23 11:48:03.149  2291  2291 D DLTApplication: Create directory '/storage/emulated/0/dlt/suplcerts'
06-23 11:48:03.149  2291  2291 D DLTApplication: Create directory '/storage/emulated/0/dlt/dynamicTruth'
06-23 11:48:03.149  2291  2291 D DLTApplication: Create directory '/storage/emulated/0/dlt/proxalerts'
06-23 11:48:03.149  2291  2291 D DLTApplication: Create directory '/storage/emulated/0/dlt/proxalertsLogs'
06-23 11:48:03.149  2291  2291 D DLTApplication: Create directory '/storage/emulated/0/dlt/nonSessionLogs'
06-23 11:48:03.149  2291  2291 D DLTApplication: Create directory '/storage/emulated/0/dlt/wbiq'
06-23 11:48:03.169  2291  2291 I DLTApplication: App config params loaded from '/data/data/com.qualcomm.qct.dlt/files/.appConfigParams
06-23 11:48:03.309  1828  1874 D ConnectivityServiceHSM: Actual State: DefaultConnectivityState, Current State: DefaultConnectivityState.processMessage what=111
06-23 11:48:03.309  1828  1847 D Tethering: MasterInitialState.processMessage what=3
06-23 11:48:03.309  1888  1888 D StatusBar.NetworkController: updateConnectivity: intent=Intent { act=android.net.conn.CONNECTIVITY_CHANGE flg=0x4000010 (has extras) }
06-23 11:48:03.309  1888  1888 D StatusBar.NetworkController: updateConnectivity: networkInfo=null
06-23 11:48:03.309  1828  1909 D CaptivePortalTracker: NoActiveNetworkState{ when=-2ms what=1 obj=NetworkInfo: type: ETHERNET[], state: DISCONNECTED/IDLE, reason: (unspecified), extra: (none), roaming: false, failover: false, isAvailable: false, isConnectedToProvisioningNetwork: false target=com.android.internal.util.StateMachine$SmHandler }
06-23 11:48:03.309  1828  1909 D CaptivePortalTracker: NoActiveNetworkState not a wifi connectivity change, ignore
06-23 11:48:03.309  1888  1888 D StatusBar.NetworkController: updateConnectivity: connectionStatus=0
06-23 11:48:03.319  1888  1888 E StatusBar.NetworkController: updateDataNetType NETWORK_TYPE_UNKNOWN
06-23 11:48:03.319  1888  1888 D StatusBar.NetworkController:  No service
06-23 11:48:03.319  1888  1888 D StatusBar.NetworkController: refreshViews: Data not connected!! Set no data type icon / Roaming
06-23 11:48:03.319  1888  1888 D StatusBar.NetworkController: refreshViews connected={ } level=0 combinedSignalIconId=0x0/(null) mobileLabel= wifiLabel=No Internet connection emergencyOnly=false combinedLabel=No Internet connection mAirplaneMode=false mDataActivity=0 mPhoneSignalIconId=0x0 mQSPhoneSignalIconId=0x0 mDataDirectionIconId=0x0 mDataSignalIconId=0x0 mDataTypeIconId=0x0 mQSDataTypeIconId=0x0 mNoSimIconId=0x0 mWifiIconId=0x0 mQSWifiIconId=0x0 mEthernetIconId=0x7f02009a mBluetoothTetherIconId=0x10805d4
06-23 11:48:03.429  2291  2291 I ProximityBroadcastReceiver: ProximityBroadcastReceiver got ACTION_BOOT_COMPLETED
06-23 11:48:03.429  2291  2291 I ProximityBroadcastReceiver: ProximityBroadcatReceiver auto start of proxmity alerts is disabled
06-23 11:48:03.491     1     1 W PrintK  : [  373.598914] init: untracked pid 2324 exited
06-23 11:48:03.489  1975  1975 D dalvikvm: No JNI_OnLoad found in /vendor/lib/libsecureuisvc_jni.so 0x42194418, skipping init
06-23 11:48:03.499  2310  2327 D PPDaemonConnector: Connected to the daemon socket
06-23 11:48:03.509  1975  2333 D SecUISvc: Thread created.
06-23 11:48:03.509  1975  1975 D SecUISvc: Service started flags 0 startId 1
06-23 11:48:03.509  1975  2333 W dalvikvm: Unable to resolve superclass of Lcom/qualcomm/qti/services/secureui/WfdListener; (37)
06-23 11:48:03.509  1975  2333 W dalvikvm: Link of class 'Lcom/qualcomm/qti/services/secureui/WfdListener;' failed
06-23 11:48:03.509  1975  2333 W dalvikvm: Unable to resolve superclass of Lcom/qualcomm/qti/services/secureui/WfdListener; (37)
06-23 11:48:03.509  1975  2333 W dalvikvm: Link of class 'Lcom/qualcomm/qti/services/secureui/WfdListener;' failed
06-23 11:48:03.509  1975  2333 W dalvikvm: Unable to resolve superclass of Lcom/qualcomm/qti/services/secureui/WfdListener; (37)
06-23 11:48:03.509  1975  2333 W dalvikvm: Link of class 'Lcom/qualcomm/qti/services/secureui/WfdListener;' failed
06-23 11:48:03.509  1975  2333 W dalvikvm: VFY: unable to find class referenced in signature (Lcom/qualcomm/qti/services/secureui/WfdListener;)
06-23 11:48:03.509  1975  2333 W dalvikvm: Unable to resolve superclass of Lcom/qualcomm/qti/services/secureui/WfdListener; (37)
06-23 11:48:03.519  1975  2333 W dalvikvm: Link of class 'Lcom/qualcomm/qti/services/secureui/WfdListener;' failed
06-23 11:48:03.519  1975  2333 W dalvikvm: VFY: unable to find class referenced in signature (Lcom/qualcomm/qti/services/secureui/WfdListener;)
06-23 11:48:03.519  1975  2333 W dalvikvm: Unable to resolve superclass of Lcom/qualcomm/qti/services/secureui/WfdListener; (37)
06-23 11:48:03.519  1975  2333 W dalvikvm: Link of class 'Lcom/qualcomm/qti/services/secureui/WfdListener;' failed
06-23 11:48:03.519  1975  2333 W dalvikvm: Unable to resolve superclass of Lcom/qualcomm/qti/services/secureui/WfdListener; (37)
06-23 11:48:03.519  1975  2333 W dalvikvm: Link of class 'Lcom/qualcomm/qti/services/secureui/WfdListener;' failed
06-23 11:48:03.519  1975  2333 W dalvikvm: VFY: unable to find class referenced in signature (Lcom/qualcomm/qti/services/secureui/WfdListener;)
06-23 11:48:03.519  1975  2333 W dalvikvm: Unable to resolve superclass of Lcom/qualcomm/qti/services/secureui/WfdListener; (37)
06-23 11:48:03.519  1975  2333 W dalvikvm: Link of class 'Lcom/qualcomm/qti/services/secureui/WfdListener;' failed
06-23 11:48:03.519  1975  2333 W dalvikvm: Unable to resolve superclass of Lcom/qualcomm/qti/services/secureui/WfdListener; (37)
06-23 11:48:03.519  1975  2333 W dalvikvm: Link of class 'Lcom/qualcomm/qti/services/secureui/WfdListener;' failed
06-23 11:48:03.519  1975  2333 W dalvikvm: Unable to resolve superclass of Lcom/qualcomm/qti/services/secureui/WfdListener; (37)
06-23 11:48:03.519  1975  2333 W dalvikvm: Link of class 'Lcom/qualcomm/qti/services/secureui/WfdListener;' failed
06-23 11:48:03.519  1975  2333 W dalvikvm: Unable to resolve superclass of Lcom/qualcomm/qti/services/secureui/WfdListener; (37)
06-23 11:48:03.519  1975  2333 W dalvikvm: Link of class 'Lcom/qualcomm/qti/services/secureui/WfdListener;' failed
06-23 11:48:03.519  1975  2333 I dalvikvm: Could not find method com.qualcomm.qti.services.secureui.WfdListener.pause, referenced from method com.qualcomm.qti.services.secureui.WfdReceiver.pause
06-23 11:48:03.519  1975  2333 W dalvikvm: VFY: unable to resolve virtual method 61: Lcom/qualcomm/qti/services/secureui/WfdListener;.pause ()Z
06-23 11:48:03.519  1975  2333 D dalvikvm: VFY: replacing opcode 0x6e at 0x0014
06-23 11:48:03.519  1975  2333 W dalvikvm: Unable to resolve superclass of Lcom/qualcomm/qti/services/secureui/WfdListener; (37)
06-23 11:48:03.529  1975  2333 W dalvikvm: Link of class 'Lcom/qualcomm/qti/services/secureui/WfdListener;' failed
06-23 11:48:03.529  1975  2333 W dalvikvm: Unable to resolve superclass of Lcom/qualcomm/qti/services/secureui/WfdListener; (37)
06-23 11:48:03.529  1975  2333 W dalvikvm: Link of class 'Lcom/qualcomm/qti/services/secureui/WfdListener;' failed
06-23 11:48:03.529  1975  2333 W dalvikvm: Unable to resolve superclass of Lcom/qualcomm/qti/services/secureui/WfdListener; (37)
06-23 11:48:03.529  1975  2333 W dalvikvm: Link of class 'Lcom/qualcomm/qti/services/secureui/WfdListener;' failed
06-23 11:48:03.529  1975  2333 I dalvikvm: Could not find method com.qualcomm.qti.services.secureui.WfdListener.resume, referenced from method com.qualcomm.qti.services.secureui.WfdReceiver.resume
06-23 11:48:03.529  1975  2333 W dalvikvm: VFY: unable to resolve virtual method 62: Lcom/qualcomm/qti/services/secureui/WfdListener;.resume ()V
06-23 11:48:03.529  1975  2333 D dalvikvm: VFY: replacing opcode 0x6e at 0x000d
06-23 11:48:03.529  1975  2333 I dalvikvm: Could not find method com.qualcomm.wfd.service.ISessionManagerService$Stub.asInterface, referenced from method com.qualcomm.qti.services.secureui.WfdReceiver$1.onServiceConnected
06-23 11:48:03.529  1975  2333 W dalvikvm: VFY: unable to resolve static method 79: Lcom/qualcomm/wfd/service/ISessionManagerService$Stub;.asInterface (Landroid/os/IBinder;)Lcom/qualcomm/wfd/service/ISessionManagerService;
06-23 11:48:03.529  1975  2333 D dalvikvm: VFY: replacing opcode 0x71 at 0x000e
06-23 11:48:03.529  1975  2333 W dalvikvm: Unable to resolve superclass of Lcom/qualcomm/qti/services/secureui/WfdListener; (37)
06-23 11:48:03.529  1975  2333 W dalvikvm: Link of class 'Lcom/qualcomm/qti/services/secureui/WfdListener;' failed
06-23 11:48:03.529  1975  2333 W dalvikvm: VFY: unable to find class referenced in signature (Lcom/qualcomm/qti/services/secureui/WfdListener;)
06-23 11:48:03.529  1975  2333 W dalvikvm: Unable to resolve superclass of Lcom/qualcomm/qti/services/secureui/WfdListener; (37)
06-23 11:48:03.529  1975  2333 W dalvikvm: Link of class 'Lcom/qualcomm/qti/services/secureui/WfdListener;' failed
06-23 11:48:03.529  1975  2333 W dalvikvm: VFY: unable to find class referenced in signature (Lcom/qualcomm/qti/services/secureui/WfdListener;)
06-23 11:48:03.529  1975  2333 W dalvikvm: Unable to resolve superclass of Lcom/qualcomm/qti/services/secureui/WfdListener; (37)
06-23 11:48:03.529  1975  2333 W dalvikvm: Link of class 'Lcom/qualcomm/qti/services/secureui/WfdListener;' failed
06-23 11:48:03.529  1975  2333 D dalvikvm: DexOpt: unable to opt direct call 0x0038 at 0x16 in Lcom/qualcomm/qti/services/secureui/WfdReceiver$1;.onServiceConnected
06-23 11:48:03.529  1975  2333 D SecUISvc.WfdReceiver: WfdReceiver(), wfdActive=true
06-23 11:48:03.529  1975  2333 D SecUISvc.WfdReceiver: Creating service, binding to WFD
06-23 11:48:03.529  1975  2333 W ContextImpl: Implicit intents with startService are not safe: Intent { act=com.qualcomm.wfd.service.WfdService } android.content.ContextWrapper.bindService:517 com.qualcomm.qti.services.secureui.WfdReceiver.<init>:37 com.qualcomm.qti.services.secureui.SecureUIService.run:91 
06-23 11:48:03.529  1975  2333 E SecUISvc.WfdReceiver: Failed to connect to Provider service
06-23 11:48:03.539  2329  2329 D EmbmsBootReceiver: onReceive
06-23 11:48:03.539  2329  2329 I EmbmsBootReceiver: persist.radio.sib16_support is not set, EmbmsService not started on Boot
06-23 11:48:03.539  2036  2036 D BluetoothAdapter: 1109021280: getState() :  mService = null. Returning STATE_OFF
06-23 11:48:04.709  1828  1841 D dalvikvm: GC_EXPLICIT freed 1264K, 53% free 5193K/10996K, paused 9ms+3ms, total 53ms
06-23 11:48:06.279  1828  1853 D ShutdownThread: Notifying thread to start shutdown longPressBehavior=2
06-23 11:48:06.309  1828  2347 I ShutdownThread: Sending shutdown broadcast...
06-23 11:48:06.319  1828  1828 W SyncManager: Writing sync state before shutdown...
06-23 11:48:06.389  1975  1975 E LibSecureUISvc: svc_sock_send_message(suisvc): Error sending data, -1 vs 4: Connection refused
06-23 11:48:06.389  1828  2347 I ShutdownThread: Shutting down activity manager...
06-23 11:48:06.429  1828  2362 I ShutdownThread: Waiting for NFC, Bluetooth and Radio...
06-23 11:48:06.429  1828  2362 I ShutdownThread: NFC, Radio and Bluetooth shutdown complete.
06-23 11:48:06.429  1828  2347 I ShutdownThread: Shutting down MountService
06-23 11:48:06.429  1828  2347 W ShutdownThread: Result code 0 from MountService.shutdown
06-23 11:48:06.429  1828  2347 W ShutdownThread: Result code 0 from MountService.shutdown
06-23 11:48:06.429  1828  2347 W ShutdownThread: Result code 0 from MountService.shutdown
06-23 11:48:06.429  1828  2347 W ShutdownThread: Result code 0 from MountService.shutdown
06-23 11:48:06.439  1828  2347 W ShutdownThread: Result code 0 from MountService.shutdown
06-23 11:48:06.439  1828  2347 W ShutdownThread: Result code 0 from MountService.shutdown
06-23 11:48:06.439  1828  1864 I PackageManager: Updating external media status from unmounted to unmounted
06-23 11:48:06.649  1828  1864 I PackageManager: Updating external media status from unmounted to unmounted
06-23 11:48:06.679  1828  1864 D dalvikvm: GC_EXPLICIT freed 772K, 51% free 5477K/10996K, paused 2ms+3ms, total 28ms
06-23 11:48:06.679  1828  1864 I PackageManager: Updating external media status from unmounted to unmounted
06-23 11:48:06.679  1828  1864 W ShutdownThread: Result code -1 from MountService.shutdown
06-23 11:48:06.869  1828  1864 D dalvikvm: GC_EXPLICIT freed 23K, 51% free 5465K/10996K, paused 1ms+2ms, total 30ms
06-23 11:48:06.869  1828  1864 I PackageManager: Updating external media status from unmounted to unmounted
06-23 11:48:06.879  1922  1922 D MediaProvider: deleting all entries for storage StorageVolume:
06-23 11:48:06.879  1922  1922 D MediaProvider:     mStorageId=196609 mPath=/storage/sata0 mDescriptionId=17040672 
06-23 11:48:06.879  1922  1922 D MediaProvider:     mPrimary=false mRemovable=true mEmulated=false mMtpReserveSpace=0 
06-23 11:48:06.879  1922  1922 D MediaProvider:     mAllowMassStorage=true mMaxFileSize=0 mOwner=null mUuid=null 
06-23 11:48:06.879  1922  1922 D MediaProvider:     mUserLabel=null mState=mounted 
06-23 11:48:06.949  1828  2347 I ShutdownThread: Performing low-level shutdown...
06-23 11:48:06.961     1     1 W PrintK  : [  377.068410] init: sys.powerctl = shutdown by (pid: 1828) system_server
06-23 11:48:06.970     1     1 V PrintK  : [  377.078012] SysRq : Emergency Remount R/O
