06-23 11:47:59.229  1777  1777 W Resources: Preloaded drawable resource #0x10802c2 (android:drawable/ic_clear_normal) that varies with configuration!!
06-23 11:47:59.229  1777  1777 W Resources: Preloaded drawable resource #0x10802bf (android:drawable/ic_clear) that varies with configuration!!
06-23 11:47:59.229  1777  1777 W Resources: Preloaded drawable resource #0x10802c0 (android:drawable/ic_clear_disabled) that varies with configuration!!
06-23 11:47:59.239  1777  1777 W Resources: Preloaded drawable resource #0x10802c2 (android:drawable/ic_clear_normal) that varies with configuration!!
06-23 11:47:59.239  1777  1777 W Resources: Preloaded drawable resource #0x1080392 (android:drawable/ic_search) that varies with configuration!!
06-23 11:47:59.239  1777  1777 W Resources: Preloaded drawable resource #0x10802dd (android:drawable/ic_go) that varies with configuration!!
06-23 11:47:59.239  1777  1777 W Resources: Preloaded drawable resource #0x108039b (android:drawable/ic_voice_search) that varies with configuration!!
06-23 11:47:59.239  1777  1777 W Resources: Preloaded drawable resource #0x1080221 (android:drawable/dialog_bottom_holo_dark) that varies with configuration!!
06-23 11:47:59.269  1777  1777 D dalvikvm: GC_EXPLICIT freed 48K, 12% free 2689K/3036K, paused 4ms+2ms, total 28ms
06-23 11:47:59.269  1777  1777 W Resources: Preloaded drawable resource #0x1080222 (android:drawable/dialog_bottom_holo_light) that varies with configuration!!
06-23 11:47:59.269  1777  1777 W Resources: Preloaded drawable resource #0x1080226 (android:drawable/dialog_full_holo_dark) that varies with configuration!!
06-23 11:47:59.279  1777  1777 W Resources: Preloaded drawable resource #0x1080227 (android:drawable/dialog_full_holo_light) that varies with configuration!!
06-23 11:47:59.279  1777  1777 W Resources: Preloaded drawable resource #0x108022f (android:drawable/dialog_middle_holo_dark) that varies with configuration!!
06-23 11:47:59.289  1777  1777 D dalvikvm: GC_EXPLICIT freed 8K, 10% free 2733K/3036K, paused 1ms+1ms, total 13ms
06-23 11:47:59.289  1777  1777 W Resources: Preloaded drawable resource #0x1080230 (android:drawable/dialog_middle_holo_light) that varies with configuration!!
06-23 11:47:59.289  1777  1777 W Resources: Preloaded drawable resource #0x1080231 (android:drawable/dialog_top_holo_dark) that varies with configuration!!
06-23 11:47:59.289  1777  1777 W Resources: Preloaded drawable resource #0x1080232 (android:drawable/dialog_top_holo_light) that varies with configuration!!
06-23 11:47:59.289  1777  1777 W Resources: Preloaded drawable resource #0x10802d1 (android:drawable/ic_dialog_alert_holo_dark) that varies with configuration!!
06-23 11:47:59.289  1777  1777 W Resources: Preloaded drawable resource #0x10802d2 (android:drawable/ic_dialog_alert_holo_light) that varies with configuration!!
06-23 11:47:59.289  1777  1777 W Resources: Preloaded drawable resource #0x10803fa (android:drawable/list_divider_holo_dark) that varies with configuration!!
06-23 11:47:59.289  1777  1777 W Resources: Preloaded drawable resource #0x10803fb (android:drawable/list_divider_holo_light) that varies with configuration!!
06-23 11:47:59.289  1777  1777 W Resources: Preloaded drawable resource #0x10803fb (android:drawable/list_divider_holo_light) that varies with configuration!!
06-23 11:47:59.289  1777  1777 W Resources: Preloaded drawable resource #0x10800bd (android:drawable/ab_transparent_dark_holo) that varies with configuration!!
06-23 11:47:59.289  1777  1777 W Resources: Preloaded drawable resource #0x10800bb (android:drawable/ab_stacked_transparent_dark_holo) that varies with configuration!!
06-23 11:47:59.309  1777  1777 D dalvikvm: GC_EXPLICIT freed 69K, 11% free 2717K/3036K, paused 1ms+1ms, total 11ms
06-23 11:47:59.309  1777  1777 W Resources: Preloaded drawable resource #0x10800a1 (android:drawable/ab_bottom_transparent_dark_holo) that varies with configuration!!
06-23 11:47:59.309  1777  1777 W Resources: Preloaded drawable resource #0x10800b5 (android:drawable/ab_solid_dark_holo) that varies with configuration!!
06-23 11:47:59.309  1777  1777 W Resources: Preloaded drawable resource #0x10800b8 (android:drawable/ab_stacked_solid_dark_holo) that varies with configuration!!
06-23 11:47:59.309  1777  1777 W Resources: Preloaded drawable resource #0x108009e (android:drawable/ab_bottom_solid_dark_holo) that varies with configuration!!
06-23 11:47:59.309  1777  1777 W Resources: Preloaded drawable resource #0x10800be (android:drawable/ab_transparent_light_holo) that varies with configuration!!
06-23 11:47:59.309  1777  1777 W Resources: Preloaded drawable resource #0x10800bc (android:drawable/ab_stacked_transparent_light_holo) that varies with configuration!!
06-23 11:47:59.309  1777  1777 W Resources: Preloaded drawable resource #0x10800a2 (android:drawable/ab_bottom_transparent_light_holo) that varies with configuration!!
06-23 11:47:59.309  1777  1777 W Resources: Preloaded drawable resource #0x10800b6 (android:drawable/ab_solid_light_holo) that varies with configuration!!
06-23 11:47:59.309  1777  1777 W Resources: Preloaded drawable resource #0x10800ba (android:drawable/ab_stacked_solid_light_holo) that varies with configuration!!
06-23 11:47:59.309  1777  1777 W Resources: Preloaded drawable resource #0x10800a0 (android:drawable/ab_bottom_solid_light_holo) that varies with configuration!!
06-23 11:47:59.309  1777  1777 W Resources: Preloaded drawable resource #0x10800b7 (android:drawable/ab_solid_shadow_holo) that varies with configuration!!
06-23 11:47:59.309  1777  1777 W Resources: Preloaded drawable resource #0x1080423 (android:drawable/list_selector_disabled_holo_dark) that varies with configuration!!
06-23 11:47:59.309  1777  1777 W Resources: Preloaded drawable resource #0x1080423 (android:drawable/list_selector_disabled_holo_dark) that varies with configuration!!
06-23 11:47:59.309  1777  1777 W Resources: Preloaded drawable resource #0x1080404 (android:drawable/list_pressed_holo_dark) that varies with configuration!!
06-23 11:47:59.309  1777  1777 W Resources: Preloaded drawable resource #0x1080402 (android:drawable/list_longpressed_holo_dark) that varies with configuration!!
06-23 11:47:59.309  1777  1777 W Resources: Preloaded drawable resource #0x1080420 (android:drawable/list_selector_background_transition_holo_dark) that varies with configuration!!
06-23 11:47:59.309  1777  1777 W Resources: Preloaded drawable resource #0x1080404 (android:drawable/list_pressed_holo_dark) that varies with configuration!!
06-23 11:47:59.309  1777  1777 W Resources: Preloaded drawable resource #0x1080402 (android:drawable/list_longpressed_holo_dark) that varies with configuration!!
06-23 11:47:59.309  1777  1777 W Resources: Preloaded drawable resource #0x1080420 (android:drawable/list_selector_background_transition_holo_dark) that varies with configuration!!
06-23 11:47:59.309  1777  1777 W Resources: Preloaded drawable resource #0x10803fd (android:drawable/list_focused_holo) that varies with configuration!!
06-23 11:47:59.309  1777  1777 W Resources: Preloaded drawable resource #0x10803b3 (android:drawable/item_background_holo_dark) that varies with configuration!!
06-23 11:47:59.319  1777  1777 D dalvikvm: GC_EXPLICIT freed 62K, 11% free 2721K/3036K, paused 1ms+1ms, total 12ms
06-23 11:47:59.329  1777  1777 W Resources: Preloaded drawable resource #0x1080424 (android:drawable/list_selector_disabled_holo_light) that varies with configuration!!
06-23 11:47:59.329  1777  1777 W Resources: Preloaded drawable resource #0x1080424 (android:drawable/list_selector_disabled_holo_light) that varies with configuration!!
06-23 11:47:59.329  1777  1777 W Resources: Preloaded drawable resource #0x1080405 (android:drawable/list_pressed_holo_light) that varies with configuration!!
06-23 11:47:59.329  1777  1777 W Resources: Preloaded drawable resource #0x1080403 (android:drawable/list_longpressed_holo_light) that varies with configuration!!
06-23 11:47:59.329  1777  1777 W Resources: Preloaded drawable resource #0x1080421 (android:drawable/list_selector_background_transition_holo_light) that varies with configuration!!
06-23 11:47:59.329  1777  1777 W Resources: Preloaded drawable resource #0x1080405 (android:drawable/list_pressed_holo_light) that varies with configuration!!
06-23 11:47:59.329  1777  1777 W Resources: Preloaded drawable resource #0x1080403 (android:drawable/list_longpressed_holo_light) that varies with configuration!!
06-23 11:47:59.329  1777  1777 W Resources: Preloaded drawable resource #0x1080421 (android:drawable/list_selector_background_transition_holo_light) that varies with configuration!!
06-23 11:47:59.329  1777  1777 W Resources: Preloaded drawable resource #0x10803fd (android:drawable/list_focused_holo) that varies with configuration!!
06-23 11:47:59.329  1777  1777 W Resources: Preloaded drawable resource #0x10803b4 (android:drawable/item_background_holo_light) that varies with configuration!!
06-23 11:47:59.329  1777  1777 W Resources: Preloaded drawable resource #0x108027c (android:drawable/fastscroll_thumb_pressed_holo) that varies with configuration!!
06-23 11:47:59.329  1777  1777 W Resources: Preloaded drawable resource #0x108027a (android:drawable/fastscroll_thumb_default_holo) that varies with configuration!!
06-23 11:47:59.329  1777  1777 W Resources: Preloaded drawable resource #0x108027b (android:drawable/fastscroll_thumb_holo) that varies with configuration!!
06-23 11:47:59.329  1777  1777 W Resources: Preloaded drawable resource #0x108027c (android:drawable/fastscroll_thumb_pressed_holo) that varies with configuration!!
06-23 11:47:59.329  1777  1777 W Resources: Preloaded drawable resource #0x108027a (android:drawable/fastscroll_thumb_default_holo) that varies with configuration!!
06-23 11:47:59.339  1777  1777 D dalvikvm: GC_EXPLICIT freed 85K, 12% free 2693K/3036K, paused 1ms+1ms, total 11ms
06-23 11:47:59.339  1777  1777 W Resources: Preloaded drawable resource #0x1080281 (android:drawable/fastscroll_track_pressed_holo_dark) that varies with configuration!!
06-23 11:47:59.339  1777  1777 W Resources: Preloaded drawable resource #0x108027d (android:drawable/fastscroll_track_default_holo_dark) that varies with configuration!!
06-23 11:47:59.339  1777  1777 W Resources: Preloaded drawable resource #0x108027f (android:drawable/fastscroll_track_holo_dark) that varies with configuration!!
06-23 11:47:59.339  1777  1777 W Resources: Preloaded drawable resource #0x1080281 (android:drawable/fastscroll_track_pressed_holo_dark) that varies with configuration!!
06-23 11:47:59.339  1777  1777 W Resources: Preloaded drawable resource #0x108027d (android:drawable/fastscroll_track_default_holo_dark) that varies with configuration!!
06-23 11:47:59.339  1777  1777 W Resources: Preloaded drawable resource #0x1080276 (android:drawable/fastscroll_label_left_holo_dark) that varies with configuration!!
06-23 11:47:59.339  1777  1777 W Resources: Preloaded drawable resource #0x1080278 (android:drawable/fastscroll_label_right_holo_dark) that varies with configuration!!
06-23 11:47:59.349  1777  1777 D dalvikvm: GC_EXPLICIT freed 19K, 11% free 2729K/3036K, paused 0ms+1ms, total 8ms
06-23 11:47:59.349  1777  1777 W Resources: Preloaded drawable resource #0x1080282 (android:drawable/fastscroll_track_pressed_holo_light) that varies with configuration!!
06-23 11:47:59.349  1777  1777 W Resources: Preloaded drawable resource #0x108027e (android:drawable/fastscroll_track_default_holo_light) that varies with configuration!!
06-23 11:47:59.349  1777  1777 W Resources: Preloaded drawable resource #0x1080280 (android:drawable/fastscroll_track_holo_light) that varies with configuration!!
06-23 11:47:59.349  1777  1777 W Resources: Preloaded drawable resource #0x1080282 (android:drawable/fastscroll_track_pressed_holo_light) that varies with configuration!!
06-23 11:47:59.349  1777  1777 W Resources: Preloaded drawable resource #0x108027e (android:drawable/fastscroll_track_default_holo_light) that varies with configuration!!
06-23 11:47:59.349  1777  1777 W Resources: Preloaded drawable resource #0x1080277 (android:drawable/fastscroll_label_left_holo_light) that varies with configuration!!
06-23 11:47:59.349  1777  1777 W Resources: Preloaded drawable resource #0x1080279 (android:drawable/fastscroll_label_right_holo_light) that varies with configuration!!
06-23 11:47:59.359  1777  1777 D dalvikvm: GC_EXPLICIT freed 33K, 10% free 2750K/3036K, paused 1ms+1ms, total 10ms
06-23 11:47:59.359  1777  1777 W Resources: Preloaded drawable resource #0x108025b (android:drawable/editbox_dropdown_background_dark) that varies with configuration!!
06-23 11:47:59.359  1777  1777 W Resources: Preloaded drawable resource #0x108066a (android:drawable/textfield_search_selected_holo_dark) that varies with configuration!!
06-23 11:47:59.359  1777  1777 W Resources: Preloaded drawable resource #0x108065e (android:drawable/textfield_search_default_holo_dark) that varies with configuration!!
06-23 11:47:59.359  1777  1777 W Resources: Preloaded drawable resource #0x108066c (android:drawable/textfield_searchview_holo_dark) that varies with configuration!!
06-23 11:47:59.369  1777  1777 W Resources: Preloaded drawable resource #0x1080667 (android:drawable/textfield_search_right_selected_holo_dark) that varies with configuration!!
06-23 11:47:59.369  1777  1777 W Resources: Preloaded drawable resource #0x1080665 (android:drawable/textfield_search_right_default_holo_dark) that varies with configuration!!
06-23 11:47:59.369  1777  1777 W Resources: Preloaded drawable resource #0x108066e (android:drawable/textfield_searchview_right_holo_dark) that varies with configuration!!
06-23 11:47:59.369  1777  1777 W Resources: Preloaded drawable resource #0x108066b (android:drawable/textfield_search_selected_holo_light) that varies with configuration!!
06-23 11:47:59.369  1777  1777 W Resources: Preloaded drawable resource #0x108065f (android:drawable/textfield_search_default_holo_light) that varies with configuration!!
06-23 11:47:59.369  1777  1777 W Resources: Preloaded drawable resource #0x108066d (android:drawable/textfield_searchview_holo_light) that varies with configuration!!
06-23 11:47:59.369  1777  1777 W Resources: Preloaded drawable resource #0x1080668 (android:drawable/textfield_search_right_selected_holo_light) that varies with configuration!!
06-23 11:47:59.369  1777  1777 W Resources: Preloaded drawable resource #0x1080666 (android:drawable/textfield_search_right_default_holo_light) that varies with configuration!!
06-23 11:47:59.369  1777  1777 W Resources: Preloaded drawable resource #0x108066f (android:drawable/textfield_searchview_right_holo_light) that varies with configuration!!
06-23 11:47:59.369  1777  1777 W Resources: Preloaded drawable resource #0x108066a (android:drawable/textfield_search_selected_holo_dark) that varies with configuration!!
06-23 11:47:59.369  1777  1777 W Resources: Preloaded drawable resource #0x108065e (android:drawable/textfield_search_default_holo_dark) that varies with configuration!!
06-23 11:47:59.369  1777  1777 W Resources: Preloaded drawable resource #0x1080667 (android:drawable/textfield_search_right_selected_holo_dark) that varies with configuration!!
06-23 11:47:59.369  1777  1777 W Resources: Preloaded drawable resource #0x1080665 (android:drawable/textfield_search_right_default_holo_dark) that varies with configuration!!
06-23 11:47:59.369  1777  1777 W Resources: Preloaded drawable resource #0x108066b (android:drawable/textfield_search_selected_holo_light) that varies with configuration!!
06-23 11:47:59.369  1777  1777 W Resources: Preloaded drawable resource #0x108065f (android:drawable/textfield_search_default_holo_light) that varies with configuration!!
06-23 11:47:59.369  1777  1777 W Resources: Preloaded drawable resource #0x1080668 (android:drawable/textfield_search_right_selected_holo_light) that varies with configuration!!
06-23 11:47:59.369  1777  1777 W Resources: Preloaded drawable resource #0x1080666 (android:drawable/textfield_search_right_default_holo_light) that varies with configuration!!
06-23 11:47:59.369  1777  1777 W Resources: Preloaded drawable resource #0x1080633 (android:drawable/tab_unselected_holo) that varies with configuration!!
06-23 11:47:59.369  1777  1777 W Resources: Preloaded drawable resource #0x108062e (android:drawable/tab_selected_holo) that varies with configuration!!
06-23 11:47:59.369  1777  1777 W Resources: Preloaded drawable resource #0x1080632 (android:drawable/tab_unselected_focused_holo) that varies with configuration!!
06-23 11:47:59.369  1777  1777 W Resources: Preloaded drawable resource #0x108062d (android:drawable/tab_selected_focused_holo) that varies with configuration!!
06-23 11:47:59.369  1777  1777 W Resources: Preloaded drawable resource #0x1080634 (android:drawable/tab_unselected_pressed_holo) that varies with configuration!!
06-23 11:47:59.379  1777  1777 W Resources: Preloaded drawable resource #0x108062f (android:drawable/tab_selected_pressed_holo) that varies with configuration!!
06-23 11:47:59.379  1777  1777 W Resources: Preloaded drawable resource #0x1080634 (android:drawable/tab_unselected_pressed_holo) that varies with configuration!!
06-23 11:47:59.379  1777  1777 W Resources: Preloaded drawable resource #0x108062f (android:drawable/tab_selected_pressed_holo) that varies with configuration!!
06-23 11:47:59.379  1777  1777 W Resources: Preloaded drawable resource #0x1080622 (android:drawable/tab_indicator_holo) that varies with configuration!!
06-23 11:47:59.379  1777  1777 D dalvikvm: GC_EXPLICIT freed 86K, 11% free 2727K/3036K, paused 0ms+1ms, total 8ms
06-23 11:47:59.389  1777  1777 W Resources: Preloaded drawable resource #0x1080633 (android:drawable/tab_unselected_holo) that varies with configuration!!
06-23 11:47:59.389  1777  1777 W Resources: Preloaded drawable resource #0x108062e (android:drawable/tab_selected_holo) that varies with configuration!!
06-23 11:47:59.389  1777  1777 W Resources: Preloaded drawable resource #0x1080632 (android:drawable/tab_unselected_focused_holo) that varies with configuration!!
06-23 11:47:59.389  1777  1777 W Resources: Preloaded drawable resource #0x108062d (android:drawable/tab_selected_focused_holo) that varies with configuration!!
06-23 11:47:59.389  1777  1777 W Resources: Preloaded drawable resource #0x1080634 (android:drawable/tab_unselected_pressed_holo) that varies with configuration!!
06-23 11:47:59.389  1777  1777 W Resources: Preloaded drawable resource #0x108062f (android:drawable/tab_selected_pressed_holo) that varies with configuration!!
06-23 11:47:59.389  1777  1777 I Zygote  : ...preloaded 274 resources in 609ms.
06-23 11:47:59.399  1777  1777 D dalvikvm: GC_EXPLICIT freed 56K, 11% free 2725K/3036K, paused 0ms+1ms, total 8ms
06-23 11:47:59.409  1777  1777 I Zygote  : ...preloaded 31 resources in 17ms.
06-23 11:47:59.409  1777  1777 D libEGL  : loaded /vendor/lib/egl/libEGL_adreno.so
06-23 11:47:59.409  1777  1777 D libEGL  : loaded /vendor/lib/egl/libGLESv1_CM_adreno.so
06-23 11:47:59.409  1777  1777 D libEGL  : loaded /vendor/lib/egl/libGLESv2_adreno.so
06-23 11:47:59.419  1777  1777 D dalvikvm: GC_EXPLICIT freed 15K, 11% free 2719K/3036K, paused 1ms+0ms, total 9ms
06-23 11:47:59.429  1777  1777 D dalvikvm: GC_EXPLICIT freed 3K, 11% free 2716K/3036K, paused 2ms+1ms, total 9ms
06-23 11:47:59.439  1777  1777 D dalvikvm: GC_EXPLICIT freed <1K, 11% free 2715K/3036K, paused 1ms+1ms, total 9ms
06-23 11:47:59.459  1777  1777 I dalvikvm: System server process 1828 has been created
06-23 11:47:59.459  1777  1777 I Zygote  : Accepting command socket connections
06-23 11:47:59.499  1828  1828 D SensorService: nuSensorService starting...
06-23 11:47:59.499  1828  1828 E SensorService: couldn't load sensors module (No such file or directory)
06-23 11:47:59.499   228   228 I installd: new connection
06-23 11:47:59.499  1828  1828 I QCOM PowerHAL: QCOM power HAL initing.
06-23 11:47:59.779  1828  1828 W ResourceType: Failure getting entry for 0x7f050000 (t=4 e=0) in package 0 (error -75)
06-23 11:47:59.969  1828  1828 D PackageManager: No files in app dir /vendor/app
06-23 11:48:00.049  1828  1828 D dalvikvm: GC_EXPLICIT freed 2522K, 62% free 4223K/10996K, paused 1ms+3ms, total 24ms
06-23 11:48:00.089  1828  1828 E ConsumerIrService: Can't open consumer IR HW Module, error: -2
06-23 11:48:00.089  1828  1828 W libsuspend: Error writing 'on' to /sys/power/state: Invalid argument
06-23 11:48:00.089  1828  1828 I libsuspend: Selected autosleep
06-23 11:48:00.089  1828  1828 I QCOM PowerHAL: Got set_interactive hint
06-23 11:48:00.089  1828  1828 E QCOM PowerHAL: Invalid hint ID.
06-23 11:48:00.089  1774  1784 D PermissionCache: checking android.permission.ACCESS_SURFACE_FLINGER for uid=1000 => granted (236 us)
06-23 11:48:00.089  1774  1774 D SurfaceFlinger: Screen acquired, type=0 flinger=0xb81a9450
06-23 11:48:00.089  1774  1774 D SurfaceFlinger:  screen was previously acquired
06-23 11:48:00.109  1828  1859 D EventHub: No input device configuration file found for device 'USB2.0 Video Camera'.
06-23 11:48:00.109  1828  1828 D BluetoothManagerService: Loading stored name and address
06-23 11:48:00.109  1828  1828 D BluetoothManagerService: Stored bluetooth Name=QCOM-BTD,Address=00:10:F3:5E:35:B3
06-23 11:48:00.119  1828  1859 W EventHub: Unable to disable kernel key repeat for /dev/input/event5: Function not implemented
06-23 11:48:00.119  1828  1859 I EventHub: New device: id=1, fd=91, path='/dev/input/event5', name='USB2.0 Video Camera', classes=0x80000001, configuration='', keyLayout='/system/usr/keylayout/Generic.kl', keyCharacterMap='/system/usr/keychars/Generic.kcm', builtinKeyboard=false, usingSuspendBlockIoctl=true, usingClockIoctl=true
06-23 11:48:00.119  1828  1859 I EventHub: New device: id=2, fd=93, path='/dev/input/event4', name='eGalax_Touch_Screen', classes=0x14, configuration='/system/usr/idc/eGalax_Touch_Screen.idc', keyLayout='', keyCharacterMap='', builtinKeyboard=false, usingSuspendBlockIoctl=true, usingClockIoctl=true
06-23 11:48:00.119  1828  1859 E EventHub: could not get driver version for /dev/input/mouse0, Not a typewriter
06-23 11:48:00.129  1774  1784 D PermissionCache: checking android.permission.READ_FRAME_BUFFER for uid=1000 => granted (117 us)
06-23 11:48:00.159  1828  1859 D EventHub: No input device configuration file found for device 'apq8074-taiko-db-snd-card Headset Jack'.
06-23 11:48:00.159  1828  1859 I EventHub: New device: id=3, fd=96, path='/dev/input/event3', name='apq8074-taiko-db-snd-card Headset Jack', classes=0x80, configuration='', keyLayout='', keyCharacterMap='', builtinKeyboard=false, usingSuspendBlockIoctl=true, usingClockIoctl=true
06-23 11:48:00.159  1828  1859 D EventHub: No input device configuration file found for device 'apq8074-taiko-db-snd-card Button Jack'.
06-23 11:48:00.159  1828  1859 W EventHub: Unable to disable kernel key repeat for /dev/input/event2: Function not implemented
06-23 11:48:00.159  1828  1859 I EventHub: New device: id=4, fd=97, path='/dev/input/event2', name='apq8074-taiko-db-snd-card Button Jack', classes=0x41, configuration='', keyLayout='/system/usr/keylayout/Generic.kl', keyCharacterMap='/system/usr/keychars/Generic.kcm', builtinKeyboard=false, usingSuspendBlockIoctl=true, usingClockIoctl=true
06-23 11:48:00.159  1828  1859 D EventHub: No input device configuration file found for device 'qpnp_pon'.
06-23 11:48:00.159  1828  1859 W EventHub: Unable to disable kernel key repeat for /dev/input/event0: Function not implemented
06-23 11:48:00.159  1828  1859 I EventHub: New device: id=5, fd=98, path='/dev/input/event0', name='qpnp_pon', classes=0x1, configuration='', keyLayout='/system/usr/keylayout/Generic.kl', keyCharacterMap='/system/usr/keychars/Generic.kcm', builtinKeyboard=false, usingSuspendBlockIoctl=true, usingClockIoctl=true
06-23 11:48:00.159  1828  1859 E EventHub: could not get driver version for /dev/input/mice, Not a typewriter
06-23 11:48:00.169  1828  1859 D EventHub: No input device configuration file found for device 'gpio-keys'.
06-23 11:48:00.169  1828  1859 W EventHub: Unable to disable kernel key repeat for /dev/input/event1: Function not implemented
06-23 11:48:00.169  1828  1859 I EventHub: New device: id=6, fd=99, path='/dev/input/event1', name='gpio-keys', classes=0x1, configuration='', keyLayout='/system/usr/keylayout/gpio-keys.kl', keyCharacterMap='/system/usr/keychars/Generic.kcm', builtinKeyboard=false, usingSuspendBlockIoctl=true, usingClockIoctl=true
06-23 11:48:00.182  1828  1828 V PrintK  : [  370.290118] lowmem_shrink: convert oom_adj to oom_score_adj:
06-23 11:48:00.182  1828  1828 V PrintK  : [  370.290135] oom_adj 0 => oom_score_adj 0
06-23 11:48:00.182  1828  1828 V PrintK  : [  370.290156] oom_adj 1 => oom_score_adj 58
06-23 11:48:00.182  1828  1828 V PrintK  : [  370.290176] oom_adj 2 => oom_score_adj 117
06-23 11:48:00.182  1828  1828 V PrintK  : [  370.290198] oom_adj 3 => oom_score_adj 176
06-23 11:48:00.182  1828  1828 V PrintK  : [  370.290218] oom_adj 9 => oom_score_adj 529
06-23 11:48:00.169  1828  1859 I InputReader: Device added: id=-1, name='Virtual', sources=0x00000301
06-23 11:48:00.169  1828  1859 I InputReader: Device added: id=6, name='gpio-keys', sources=0x00000101
06-23 11:48:00.169  1828  1859 I InputReader: Device added: id=5, name='qpnp_pon', sources=0x00000101
06-23 11:48:00.169  1828  1859 I InputReader: Device added: id=4, name='apq8074-taiko-db-snd-card Button Jack', sources=0x00000501
06-23 11:48:00.169  1828  1859 I InputReader: Device added: id=3, name='apq8074-taiko-db-snd-card Headset Jack', sources=0x80000000
06-23 11:48:00.169  1828  1859 I InputReader:   Touch device 'eGalax_Touch_Screen' could not query the properties of its associated display.  The device will be inoperable until the display size becomes available.
06-23 11:48:00.169  1828  1859 I InputReader: Device added: id=2, name='eGalax_Touch_Screen', sources=0x00001002
06-23 11:48:00.169  1828  1859 I InputReader: Device added: id=1, name='USB2.0 Video Camera', sources=0x00000101
06-23 11:48:00.182  1828  1828 V PrintK  : [  370.290239] oom_adj 15 => oom_score_adj 1000
06-23 11:48:00.189  1828  1866 I PackageManager: No secure containers on sdcard
06-23 11:48:00.189  1828  1859 I InputReader: Reconfiguring input devices.  changes=0x00000004
06-23 11:48:00.189  1828  1859 I InputReader: Device reconfigured: id=2, name='eGalax_Touch_Screen', size 1920x1080, orientation 0, mode 1, display id 0
06-23 11:48:00.289  1828  1828 D WifiController: isAirplaneModeOn = false, isWifiEnabled = false, isScanningAvailable = false
06-23 11:48:00.299  1828  1874 D ConnectivityServiceHSM: ConnectivityServiceHSM entering DefaultConnectivityState
06-23 11:48:00.299  1828  1828 D NetUtils: android_net_utils_resetConnections in env=0x41ec5f20 clazz=0x9c600019 iface=eth0 mask=0x3
06-23 11:48:00.309  1828  1874 D ConnectivityServiceHSM: Actual State: DefaultConnectivityState, Current State: DefaultConnectivityState.processMessage what=458752
06-23 11:48:00.309  1828  1874 D ConnectivityServiceHSM: ConnectivityChange for ETHERNET: DISCONNECTED/IDLE
06-23 11:48:00.309  1828  1874 D ConnectivityServiceHSM: Actual State: DefaultConnectivityState, Current State: DefaultConnectivityState.processMessage what=5002
06-23 11:48:00.489  1828  1872 D WifiHW  : Unable to unload driver module "wlan": No such file or directory
06-23 11:48:00.589  1828  1828 D NetUtils: android_net_utils_resetConnections in env=0x41ec5f20 clazz=0x9e500019 iface=eth0 mask=0x3
06-23 11:48:00.959  1828  1828 D BluetoothTethering: startMonitoring: target: Handler (com.android.internal.util.StateMachine$SmHandler) {4253e530}
06-23 11:48:00.959  1828  1828 D BluetoothTethering: startMonitoring: mCsHandler: Handler (com.android.internal.util.StateMachine$SmHandler) {4253e530}
06-23 11:48:00.969  1828  1847 D BluetoothManagerService: Message: 20
06-23 11:48:00.969  1828  1847 D BluetoothManagerService: Added callback: android.bluetooth.BluetoothAdapter$2@422e49e0:true
06-23 11:48:00.969  1828  1847 D BluetoothManagerService: Message: 30
06-23 11:48:00.979  1828  1828 D Tethering: exception when get active network info:java.lang.NullPointerException
06-23 11:48:00.999  1828  1879 I QCNEJ   : |CORE:COM:RCVR| CNE creating socket
06-23 11:48:00.999  1828  1879 I QCNEJ   : |CORE:COM:RCVR| Connected to 'cnd' socket
06-23 11:48:00.999  1828  1879 W QCNEJ   : |CORE| UNKOWN Unsolicited Event 25
06-23 11:48:00.999  1828  1879 I QCNEJ   : |CORE| CNE_REQUEST_GET_BROWSERS_INFO_LIST received
06-23 11:48:00.999  1828  1879 I QCNEJ   : |CORE| CNE_NOTIFY_FEATURE_STATUS received
06-23 11:48:01.009  1828  1828 D WifiWatchdogStateMachine: Disabling poor network avoidance for wi-fi only device
06-23 11:48:01.009  1828  1879 I QCNEJ   : |CORE| CNE_NOTIFY_FEATURE_STATUS received
06-23 11:48:01.009  1828  1879 I QCNEJ   : |CORE| CNE_NOTIFY_FEATURE_STATUS received
06-23 11:48:01.059  1828  1828 W AudioService: AudioFlinger informed of device's low RAM attribute; status -38
06-23 11:48:01.078  1828  1828 V PrintK  : [  371.186253] acc_open
06-23 11:48:01.078  1828  1828 V PrintK  : [  371.186302] acc_release
06-23 11:48:01.109  1828  1832 D dalvikvm: GC_CONCURRENT freed 1575K, 59% free 4589K/10996K, paused 3ms+1ms, total 23ms
06-23 11:48:01.119  1828  1887 D Atlas   : Loaded configuration: SliceMinArea (768x768) flags=0x2 count=24
06-23 11:48:01.119  1828  1828 I WindowManager: SAFE MODE not enabled
06-23 11:48:01.119  1828  1835 D dalvikvm: JIT started for system_server
06-23 11:48:01.149  1828  1887 I Adreno-EGL: <qeglDrvAPI_eglInitialize:410>: EGL 1.4 QUALCOMM build:  ()
06-23 11:48:01.149  1828  1887 I Adreno-EGL: OpenGL ES Shader Compiler Version: E031.24.00.15
06-23 11:48:01.149  1828  1887 I Adreno-EGL: Build Date: 12/17/14 Wed
06-23 11:48:01.149  1828  1887 I Adreno-EGL: Local Branch: 
06-23 11:48:01.149  1828  1887 I Adreno-EGL: Remote Branch: 
06-23 11:48:01.149  1828  1887 I Adreno-EGL: Local Patches: 
06-23 11:48:01.149  1828  1887 I Adreno-EGL: Reconstruct Branch: 
06-23 11:48:01.149  1828  1828 I Zygote  : Process: zygote socket opened
06-23 11:48:01.179  1828  1828 V KeyguardServiceDelegate: *** Keyguard started
06-23 11:48:01.179  1828  1828 V KeyguardServiceDelegate: onSystemReady() called before keyguard service was ready
06-23 11:48:01.189  1828  1887 D Atlas   : Rendered atlas in 37.28ms (1.58+35.71ms)
06-23 11:48:01.199  1828  1828 F SystemServer: BOOT FAILURE making Package Manager Service ready
06-23 11:48:01.199  1828  1828 F SystemServer: java.lang.SecurityException: Unable to find app for caller android.app.ActivityThread$ApplicationThread@422a9d10 (pid=1828) when registering receiver android.app.LoadedApk$ReceiverDispatcher$InnerReceiver@423d8b08
06-23 11:48:01.199  1828  1828 F SystemServer: 	at com.android.server.am.ActivityManagerService.registerReceiver(ActivityManagerService.java:13084)
06-23 11:48:01.199  1828  1828 F SystemServer: 	at android.app.ContextImpl.registerReceiverInternal(ContextImpl.java:1467)
06-23 11:48:01.199  1828  1828 F SystemServer: 	at android.app.ContextImpl.registerReceiverAsUser(ContextImpl.java:1442)
06-23 11:48:01.199  1828  1828 F SystemServer: 	at com.android.internal.content.PackageMonitor.register(PackageMonitor.java:84)
06-23 11:48:01.199  1828  1828 F SystemServer: 	at com.android.server.pm.UserManagerService.systemReady(UserManagerService.java:237)
06-23 11:48:01.199  1828  1828 F SystemServer: 	at com.android.server.pm.PackageManagerService.systemReady(PackageManagerService.java:10521)
06-23 11:48:01.199  1828  1828 F SystemServer: 	at com.android.server.ServerThread.initAndLoop(SystemServer.java:957)
06-23 11:48:01.199  1828  1828 F SystemServer: 	at com.android.server.SystemServer.main(SystemServer.java:1267)
06-23 11:48:01.199  1828  1828 F SystemServer: 	at java.lang.reflect.Method.invokeNative(Native Method)
06-23 11:48:01.199  1828  1828 F SystemServer: 	at java.lang.reflect.Method.invoke(Method.java:515)
06-23 11:48:01.199  1828  1828 F SystemServer: 	at com.android.internal.os.ZygoteInit$MethodAndArgsCaller.run(ZygoteInit.java:786)
06-23 11:48:01.199  1828  1828 F SystemServer: 	at com.android.internal.os.ZygoteInit.main(ZygoteInit.java:602)
06-23 11:48:01.199  1828  1828 F SystemServer: 	at dalvik.system.NativeStart.main(Native Method)
06-23 11:48:01.199  1828  1902 I QCOM PowerHAL: Got set_interactive hint
06-23 11:48:01.199  1828  1902 E QCOM PowerHAL: Invalid hint ID.
06-23 11:48:01.229  1828  1828 F NetworkManagementService: problem enabling bandwidth controls
06-23 11:48:01.229  1828  1828 F NetworkManagementService: com.android.server.NativeDaemonConnector$NativeDaemonFailureException: command '2 bandwidth enable' failed with '400 2 Bandwidth command failed'
06-23 11:48:01.229  1828  1828 F NetworkManagementService: 	at com.android.server.NativeDaemonConnector.execute(NativeDaemonConnector.java:391)
06-23 11:48:01.229  1828  1828 F NetworkManagementService: 	at com.android.server.NativeDaemonConnector.executeForList(NativeDaemonConnector.java:327)
06-23 11:48:01.229  1828  1828 F NetworkManagementService: 	at com.android.server.NativeDaemonConnector.execute(NativeDaemonConnector.java:292)
06-23 11:48:01.229  1828  1828 F NetworkManagementService: 	at com.android.server.NetworkManagementService.prepareNativeDaemon(NetworkManagementService.java:363)
06-23 11:48:01.229  1828  1828 F NetworkManagementService: 	at com.android.server.NetworkManagementService.systemReady(NetworkManagementService.java:239)
06-23 11:48:01.229  1828  1828 F NetworkManagementService: 	at com.android.server.ServerThread$2.run(SystemServer.java:1027)
06-23 11:48:01.229  1828  1828 F NetworkManagementService: 	at com.android.server.am.ActivityManagerService.systemReady(ActivityManagerService.java:9411)
06-23 11:48:01.229  1828  1828 F NetworkManagementService: 	at com.android.server.ServerThread.initAndLoop(SystemServer.java:1004)
06-23 11:48:01.229  1828  1828 F NetworkManagementService: 	at com.android.server.SystemServer.main(SystemServer.java:1267)
06-23 11:48:01.229  1828  1828 F NetworkManagementService: 	at java.lang.reflect.Method.invokeNative(Native Method)
06-23 11:48:01.229  1828  1828 F NetworkManagementService: 	at java.lang.reflect.Method.invoke(Method.java:515)
06-23 11:48:01.229  1828  1828 F NetworkManagementService: 	at com.android.internal.os.ZygoteInit$MethodAndArgsCaller.run(ZygoteInit.java:786)
06-23 11:48:01.229  1828  1828 F NetworkManagementService: 	at com.android.internal.os.ZygoteInit.main(ZygoteInit.java:602)
06-23 11:48:01.229  1828  1828 F NetworkManagementService: 	at dalvik.system.NativeStart.main(Native Method)
06-23 11:48:01.239  1888  1888 V KeyguardService: onCreate()
06-23 11:48:01.239   227   550 I ExtendedUtils: AV Sync late margin : Intended=40ms Using=0ms
06-23 11:48:01.249  1828  1874 D ConnectivityServiceHSM: Actual State: DefaultConnectivityState, Current State: DefaultConnectivityState.processMessage what=109
06-23 11:48:01.249  1828  1828 F SystemServer: BOOT FAILURE making Connectivity Service ready
06-23 11:48:01.249  1828  1828 F SystemServer: java.lang.IllegalStateException: command '3 firewall disable' failed with '400 3 Firewall command failed'
06-23 11:48:01.249  1828  1828 F SystemServer: 	at com.android.server.NetworkManagementService.setFirewallEnabled(NetworkManagementService.java:1670)
06-23 11:48:01.249  1828  1828 F SystemServer: 	at com.android.server.QcConnectivityService.setLockdownTracker(QcConnectivityService.java:5808)
06-23 11:48:01.249  1828  1828 F SystemServer: 	at com.android.server.QcConnectivityService.updateLockdownVpn(QcConnectivityService.java:5783)
06-23 11:48:01.249  1828  1828 F SystemServer: 	at com.android.server.QcConnectivityService.systemReady(QcConnectivityService.java:2403)
06-23 11:48:01.249  1828  1828 F SystemServer: 	at com.android.server.ServerThread$2.run(SystemServer.java:1042)
06-23 11:48:01.249  1828  1828 F SystemServer: 	at com.android.server.am.ActivityManagerService.systemReady(ActivityManagerService.java:9411)
06-23 11:48:01.249  1828  1828 F SystemServer: 	at com.android.server.ServerThread.initAndLoop(SystemServer.java:1004)
06-23 11:48:01.249  1828  1828 F SystemServer: 	at com.android.server.SystemServer.main(SystemServer.java:1267)
06-23 11:48:01.249  1828  1828 F SystemServer: 	at java.lang.reflect.Method.invokeNative(Native Method)
06-23 11:48:01.249  1828  1828 F SystemServer: 	at java.lang.reflect.Method.invoke(Method.java:515)
06-23 11:48:01.249  1828  1828 F SystemServer: 	at com.android.internal.os.ZygoteInit$MethodAndArgsCaller.run(ZygoteInit.java:786)
06-23 11:48:01.249  1828  1828 F SystemServer: 	at com.android.internal.os.ZygoteInit.main(ZygoteInit.java:602)
06-23 11:48:01.249  1828  1828 F SystemServer: 	at dalvik.system.NativeStart.main(Native Method)
06-23 11:48:01.249  1828  1828 F SystemServer: Caused by: com.android.server.NativeDaemonConnector$NativeDaemonFailureException: command '3 firewall disable' failed with '400 3 Firewall command failed'
06-23 11:48:01.249  1828  1828 F SystemServer: 	at com.android.server.NativeDaemonConnector.execute(NativeDaemonConnector.java:391)
06-23 11:48:01.249  1828  1828 F SystemServer: 	at com.android.server.NativeDaemonConnector.executeForList(NativeDaemonConnector.java:327)
06-23 11:48:01.249  1828  1828 F SystemServer: 	at com.android.server.NativeDaemonConnector.execute(NativeDaemonConnector.java:292)
06-23 11:48:01.249  1828  1828 F SystemServer: 	at com.android.server.NetworkManagementService.setFirewallEnabled(NetworkManagementService.java:1667)
06-23 11:48:01.249  1828  1828 F SystemServer: 	... 12 more
06-23 11:48:01.249  1888  1888 D SystemUIService: loading: class com.android.systemui.recent.Recents
06-23 11:48:01.249  1888  1888 D SystemUIService: running: com.android.systemui.recent.Recents@421dce28
06-23 11:48:01.249  1888  1888 D SystemUIService: loading: class com.android.systemui.statusbar.SystemBars
06-23 11:48:01.249  1888  1888 D SystemUIService: running: com.android.systemui.statusbar.SystemBars@421dd410
06-23 11:48:01.259  1888  1888 D SystemUIService: loading: class com.android.systemui.usb.StorageNotification
06-23 11:48:01.259  1888  1888 D SystemUIService: running: com.android.systemui.usb.StorageNotification@421df2a0
06-23 11:48:01.259  1828  1847 D BluetoothManagerService: Message: 30
06-23 11:48:01.269   227   550 D ExtendedUtils: extended extractor not needed, return default
06-23 11:48:01.269   227  1919 W AwesomePlayer: Could not offload audio decode, try pcm offload
06-23 11:48:01.279  1888  1888 D SystemUIService: loading: class com.android.systemui.power.PowerUI
06-23 11:48:01.279  1828  1847 D BluetoothManagerService: Message: 30
06-23 11:48:01.279  1888  1888 D SystemUIService: running: com.android.systemui.power.PowerUI@421e1660
06-23 11:48:01.279  1888  1888 D SystemUIService: loading: class com.android.systemui.media.RingtonePlayer
06-23 11:48:01.279  1888  1888 D SystemUIService: running: com.android.systemui.media.RingtonePlayer@421e2360
06-23 11:48:01.279  1888  1888 D SystemUIService: loading: class com.android.systemui.settings.SettingsUI
06-23 11:48:01.279  1888  1888 D SystemUIService: running: com.android.systemui.settings.SettingsUI@421e3648
06-23 11:48:01.279   227   227 I ExtendedUtils: AV Sync late margin : Intended=40ms Using=0ms
06-23 11:48:01.299   227  1919 W AudioCache: Battery track warning: refCount is already 0
06-23 11:48:01.299   227   551 I ExtendedUtils: AV Sync late margin : Intended=40ms Using=0ms
06-23 11:48:01.309   227   551 D ExtendedUtils: extended extractor not needed, return default
06-23 11:48:01.319   227   227 D ExtendedUtils: extended extractor not needed, return default
06-23 11:48:01.319   227  1940 W AwesomePlayer: Could not offload audio decode, try pcm offload
06-23 11:48:01.319   227  1943 W AwesomePlayer: Could not offload audio decode, try pcm offload
06-23 11:48:01.319  1888  1888 D PhoneStatusBar: mSettingsPanelGravity = 8388661
06-23 11:48:01.329   227  1940 W AudioCache: Battery track warning: refCount is already 0
06-23 11:48:01.339  1828  1828 E LocSvc_afw: W/GSS open failed: No such file or directory
06-23 11:48:01.339  1828  1828 E LocSvc_afw: W/get_extension: Invalid interface passed in
06-23 11:48:01.339   227  1943 W AudioCache: Battery track warning: refCount is already 0
06-23 11:48:01.339   227   550 I ExtendedUtils: AV Sync late margin : Intended=40ms Using=0ms
06-23 11:48:01.349  1828  1828 W ServiceWatcher: com.qualcomm.location not found
06-23 11:48:01.349  1828  1828 W ServiceWatcher: com.qualcomm.location not found
06-23 11:48:01.359  1828  1828 E LocSvc_flp: I/===> const FlpLocationInterface* get_flp_interface() line 65 
06-23 11:48:01.359  1828  1964 V FlpHardwareProvider: Callback thread attached: 0x60245cd8
06-23 11:48:01.359  1828  1964 E LocSvc_api_v02: I/locClientOpen:2216]: Service instance id is -1
06-23 11:48:01.359  1828  1964 E LocSvc_api_v02: I/---> locClientOpenInstance line 2100 loc client open
06-23 11:48:01.359  1828  1828 E Geofence_Adapter: I/===> void GeofenceAdapter::addGfClients(uint32_t) line 64 
06-23 11:48:01.359  1828  1828 D FlpHardwareProvider: Hardware Device already opened.
06-23 11:48:01.369  1828  1828 I CommonTimeManagementService: No common time service detected on this platform.  Common time services will be unavailable.
06-23 11:48:01.369  1828  1859 I InputReader: Reconfiguring input devices.  changes=0x00000020
06-23 11:48:01.369  1828  1843 E LocSvc_eng: I/===> int loc_eng_init(loc_eng_data_s_type&, LocCallbacks*, LOC_API_ADAPTER_EVENT_MASK_T, loc_core::ContextBase*) line 1537 
06-23 11:48:01.369  1828  1843 D GpsLocationProvider: set_capabilities_callback: 49u
06-23 11:48:01.369  1828  1843 E LocSvc_eng: I/===> void loc_eng_agps_init(loc_eng_data_s_type&, AGpsExtCallbacks*) line 2107 
06-23 11:48:01.369  1828  1843 E LocSvc_eng: I/===> void loc_eng_ni_init(loc_eng_data_s_type&, GpsNiExtCallbacks*) line 298 
06-23 11:48:01.369  1828  1843 E Geofence_Adapter: I/===> void GeofenceAdapter::addGfClients(uint32_t) line 64 
06-23 11:48:01.369   227   550 D ExtendedUtils: extended extractor not needed, return default
06-23 11:48:01.369  1828  1859 I InputReader: Reconfiguring input devices.  changes=0x00000010
06-23 11:48:01.379   227  1971 W AwesomePlayer: Could not offload audio decode, try pcm offload
06-23 11:48:01.389   227  1971 W AudioCache: Battery track warning: refCount is already 0
06-23 11:48:01.389   227   551 I ExtendedUtils: AV Sync late margin : Intended=40ms Using=0ms
06-23 11:48:01.399  1828  1828 W QCNEJ   : |CORE| sendDefaultNwMsg: Default network msg not being sent to CND.Value out of range: -1
06-23 11:48:01.409  1828  1828 W QCNEJ   : |CORE| getWwanInfo(): Null Pointer Exceptionjava.lang.NullPointerException
06-23 11:48:01.409  1828  1828 W QCNEJ   : |CORE| sendWwanStatus: null TelephonyManager or CneWwanInfo
06-23 11:48:01.409  1828  1828 V KeyguardServiceDelegate: *** Keyguard connected (yay!)
06-23 11:48:01.409   227   551 D ExtendedUtils: extended extractor not needed, return default
06-23 11:48:01.409  1828  1828 D Tethering: exception when get active network info:java.lang.NullPointerException
06-23 11:48:01.409   227  2002 W AwesomePlayer: Could not offload audio decode, try pcm offload
06-23 11:48:01.419   227  2002 W AudioCache: Battery track warning: refCount is already 0
06-23 11:48:01.419   227   227 I ExtendedUtils: AV Sync late margin : Intended=40ms Using=0ms
06-23 11:48:01.429  1828  1964 E LocSvc_api_v02: I/---> locClientSendReq line 2360 QMI_LOC_REG_EVENTS_REQ_V02
06-23 11:48:01.429  1828  1964 E LocSvc_IzatApiV02: I/===> virtual bool izat_core::IzatApiV02::getBatchingSupport() line 432 
06-23 11:48:01.429  1828  1964 E LocSvc_api_v02: I/---> locClientSupportMsgCheck line 2460 QMI_LOC_GET_SUPPORTED_MSGS_REQ_V02
06-23 11:48:01.429  1828  1964 E LocSvc_api_v02: I/locClientOpen:2216]: Service instance id is -1
06-23 11:48:01.429  1828  1964 E LocSvc_api_v02: I/---> locClientOpenInstance line 2100 loc client open
06-23 11:48:01.439  1828  1828 E WiredAccessoryManager: No state change.
06-23 11:48:01.449  1828  1847 D BluetoothManagerService: Message: 20
06-23 11:48:01.449  1888  1888 D BluetoothAdapter: 1109925112: getState() :  mService = null. Returning STATE_OFF
06-23 11:48:01.449  1828  1847 D BluetoothManagerService: Added callback: android.bluetooth.IBluetoothManagerCallback$Stub$Proxy@42413400:true
06-23 11:48:01.449  1888  1888 D BluetoothAdapter: 1109925112: getState() :  mService = null. Returning STATE_OFF
06-23 11:48:01.459   227   227 D ExtendedUtils: extended extractor not needed, return default
06-23 11:48:01.459   227  2032 W AwesomePlayer: Could not offload audio decode, try pcm offload
06-23 11:48:01.479   227  2032 W AudioCache: Battery track warning: refCount is already 0
06-23 11:48:01.479   227   550 I ExtendedUtils: AV Sync late margin : Intended=40ms Using=0ms
06-23 11:48:01.509  2015  2015 I PrintSpoolerService: No existing print spooler state.
06-23 11:48:01.509   227   550 D ExtendedUtils: extended extractor not needed, return default
06-23 11:48:01.509   227  2060 W AwesomePlayer: Could not offload audio decode, try pcm offload
06-23 11:48:01.509  1948  1948 I LatinIME: Hardware accelerated drawing: true
06-23 11:48:01.509  1828  1964 E LocSvc_api_v02: I/---> locClientSendReq line 2360 QMI_LOC_REG_EVENTS_REQ_V02
06-23 11:48:01.509  1828  1964 E LocSvc_api_v02: I/---> locClientSendReq line 2360 QMI_LOC_REG_EVENTS_REQ_V02
06-23 11:48:01.519  1828  1964 E LocSvc_api_v02: I/---> locClientSendReq line 2360 QMI_LOC_SET_PROTOCOL_CONFIG_PARAMETERS_REQ_V02
06-23 11:48:01.519  1828  2014 E LocSvc_ApiV02: I/<--- void globalRespCb(locClientHandleType, uint32_t, locClientRespIndUnionType, void*) line 106 QMI_LOC_SET_PROTOCOL_CONFIG_PARAMETERS_REQ_V02
06-23 11:48:01.519  1828  1964 E LocSvc_api_v02: I/---> locClientSendReq line 2360 QMI_LOC_SET_PROTOCOL_CONFIG_PARAMETERS_REQ_V02
06-23 11:48:01.519   227  2060 W AudioCache: Battery track warning: refCount is already 0
06-23 11:48:01.519  1828  2014 E LocSvc_ApiV02: I/<--- void globalRespCb(locClientHandleType, uint32_t, locClientRespIndUnionType, void*) line 106 QMI_LOC_SET_PROTOCOL_CONFIG_PARAMETERS_REQ_V02
06-23 11:48:01.519  1828  1964 E LocSvc_api_v02: I/---> locClientSendReq line 2360 QMI_LOC_SET_SENSOR_CONTROL_CONFIG_REQ_V02
06-23 11:48:01.519  1828  2014 E LocSvc_ApiV02: I/<--- void globalRespCb(locClientHandleType, uint32_t, locClientRespIndUnionType, void*) line 106 QMI_LOC_SET_SENSOR_CONTROL_CONFIG_REQ_V02
06-23 11:48:01.519  1828  1964 E LocSvc_api_v02: I/---> locClientSendReq line 2360 QMI_LOC_SET_PROTOCOL_CONFIG_PARAMETERS_REQ_V02
06-23 11:48:01.529   209   219 I PrintK  : [  371.636623] MCU_Daemon: Send Data : F1 6A D4 F2
06-23 11:48:01.529  1828  2014 E LocSvc_ApiV02: I/<--- void globalRespCb(locClientHandleType, uint32_t, locClientRespIndUnionType, void*) line 106 QMI_LOC_SET_PROTOCOL_CONFIG_PARAMETERS_REQ_V02
06-23 11:48:01.529  1828  1964 E LocSvc_api_v02: I/---> locClientSendReq line 2360 QMI_LOC_SET_SENSOR_PERFORMANCE_CONTROL_CONFIGURATION_REQ_V02
06-23 11:48:01.529  1828  2014 E LocSvc_ApiV02: I/<--- void globalRespCb(locClientHandleType, uint32_t, locClientRespIndUnionType, void*) line 106 QMI_LOC_SET_SENSOR_PERFORMANCE_CONTROL_CONFIGURATION_REQ_V02
06-23 11:48:01.529   227   551 I ExtendedUtils: AV Sync late margin : Intended=40ms Using=0ms
06-23 11:48:01.539   209   219 I PrintK  : [  371.646759] MCU_Daemon: Read Data : F1 6B 00 6D 0A 14 31 9B 03 00 0C 1B 18 60 00 17 58 10 5B 10 63 10 1B 00 80 00 8C F2
06-23 11:48:01.549   227   551 D ExtendedUtils: extended extractor not needed, return default
06-23 11:48:01.549  1828  1847 D BluetoothManagerService: Message: 300
06-23 11:48:01.549  1828  1847 D BluetoothManagerService: MESSAGE_USER_SWITCHED
06-23 11:48:01.559   227  2071 W AwesomePlayer: Could not offload audio decode, try pcm offload
06-23 11:48:01.559  1988  1988 I Starter : ----setForcedDisplaySize 1366x768
06-23 11:48:01.559  1888  1888 D BluetoothAdapter: 1109925112: getState() :  mService = null. Returning STATE_OFF
06-23 11:48:01.569  1828  1859 I InputReader: Reconfiguring input devices.  changes=0x00000004
06-23 11:48:01.569  1828  1859 I InputReader: Device reconfigured: id=2, name='eGalax_Touch_Screen', size 1366x768, orientation 0, mode 1, display id 0
06-23 11:48:01.589  1948  1948 W InputAttributes: No editor info for this field. Bug?
06-23 11:48:01.599  1948  1948 I ResourceUtils: Found default value: resource=keypress_vibration_durations build=[HARDWARE=qcom MODEL=Viva pro BRAND=Qisda MANUFACTURER=Qisda] default=-1
06-23 11:48:01.599  1948  1948 I ResourceUtils: Found default value: resource=keypress_volumes build=[HARDWARE=qcom MODEL=Viva pro BRAND=Qisda MANUFACTURER=Qisda] default=-1.0f
06-23 11:48:01.599   227  2071 W AudioCache: Battery track warning: refCount is already 0
06-23 11:48:01.629  1828  1832 D dalvikvm: GC_CONCURRENT freed 1543K, 55% free 4979K/10996K, paused 2ms+3ms, total 35ms
06-23 11:48:01.629  1948  2086 I LatinIME:LogUtils: Dictionary info: dictionary = main:en ; version = 42 ; date = 1381226429
06-23 11:48:01.639  1948  2098 I LatinIME:LogUtils: Dictionary info: dictionary = userunigram.en_US.dict ; version = ? ; date = ?
06-23 11:48:01.639  1888  1888 D PhoneStatusBar: disable: < expand icons alerts ticker system_info back home recent clock search >
06-23 11:48:01.639  1828  1828 D Tethering: exception when get active network info:java.lang.NullPointerException
06-23 11:48:01.639  1988  1988 I Starter : onCreate hasMsataStorage=true
06-23 11:48:01.649  1948  2104 I LatinIME:LogUtils: Dictionary info: dictionary = personalization.en_US.dict ; version = ? ; date = 1466682123
06-23 11:48:01.649  1948  2105 I LatinIME:LogUtils: Dictionary info: dictionary = PersonalizationPredictionDictio ; version = ? ; date = 1466682123
