06-08 16:21:37.384     1     1 V PrintK  : [    1.767733] mmc0: Controller capabilities: 0x00007ffe
06-08 16:21:37.384     1     1 V PrintK  : [    1.767741] mmc0: 8 bit data mode disabled
06-08 16:21:37.384     1     1 V PrintK  : [    1.767749] mmc0: 4 bit data mode enabled
06-08 16:21:37.384     1     1 V PrintK  : [    1.767756] mmc0: polling status mode disabled
06-08 16:21:37.384     1     1 V PrintK  : [    1.767764] mmc0: MMC clock 400000 -> 100000000 Hz, PCLK 0 Hz
06-08 16:21:37.384     1     1 V PrintK  : [    1.767772] mmc0: Slot eject status = 0
06-08 16:21:37.384     1     1 V PrintK  : [    1.767779] mmc0: Power save feature enable = 1
06-08 16:21:37.384     1     1 V PrintK  : [    1.767787] mmc0: SPS-BAM data transfer mode available
06-08 16:21:37.385     1     1 V PrintK  : [    1.768123] sdhci-pltfm: SDHCI platform and OF driver helper
06-08 16:21:37.389     1     1 V PrintK  : [    1.772203] mmc1: no vmmc regulator found
06-08 16:21:37.390     1     1 V PrintK  : [    1.773275] Registered led device: mmc1::
06-08 16:21:37.391     1     1 V PrintK  : [    1.774419] mmc1: SDHCI controller on msm_sdcc.1 [msm_sdcc.1] using ADMA
06-08 16:21:37.395     1     1 V PrintK  : [    1.778635] mmc2: no vmmc regulator found
06-08 16:21:37.396     1     1 V PrintK  : [    1.779746] Registered led device: mmc2::
06-08 16:21:37.397     1     1 V PrintK  : [    1.780913] mmc2: SDHCI controller on msm_sdcc.2 [msm_sdcc.2] using ADMA
06-08 16:21:37.398     1     1 V PrintK  : [    1.781350] Registered led device: led:rgb_red
06-08 16:21:37.398     1     1 V PrintK  : [    1.781447] Registered led device: led:rgb_green
06-08 16:21:37.398     1     1 V PrintK  : [    1.781561] Registered led device: led:rgb_blue
06-08 16:21:37.398     1     1 W PrintK  : [    1.781766] qcom,leds-qpnp leds-qpnp-f6247e00: Flash wa regulator get failed(-517)
06-08 16:21:37.398     1     1 W PrintK  : [    1.781796] qcom,leds-qpnp leds-qpnp-f6247e00: Regulator get failed(-517)
06-08 16:21:37.398     1     1 W PrintK  : [    1.781807] qcom,leds-qpnp leds-qpnp-f6247e00: Unable to read flash config data
06-08 16:21:37.398     1     1 V PrintK  : [    1.781826] spmi leds-qpnp-f6247e00: Driver qcom,leds-qpnp requests probe deferral
06-08 16:21:37.399     1     1 V PrintK  : [    1.782416] Registered led device: wled:backlight
06-08 16:21:37.399     1     1 I PrintK  : [    1.782489] qcom,leds-qpnp: probe of leds-qpnp-f6248200 failed with error -10
06-08 16:21:37.399     1     1 I PrintK  : [    1.782517] qcom,leds-qpnp: probe of leds-qpnp-f6248400 failed with error -10
06-08 16:21:37.399     1     1 I PrintK  : [    1.782544] qcom,leds-qpnp: probe of leds-qpnp-f6248600 failed with error -10
06-08 16:21:37.399     1     1 I PrintK  : [    1.782570] qcom,leds-qpnp: probe of leds-qpnp-f6248800 failed with error -10
06-08 16:21:37.399     1     1 I PrintK  : [    1.782596] qcom,leds-qpnp: probe of leds-qpnp-f6248a00 failed with error -10
06-08 16:21:37.399     1     1 I PrintK  : [    1.782623] qcom,leds-qpnp: probe of leds-qpnp-f6248c00 failed with error -10
06-08 16:21:37.399     1     1 I PrintK  : [    1.782649] qcom,leds-qpnp: probe of leds-qpnp-f6248e00 failed with error -10
06-08 16:21:37.399     1     1 I PrintK  : [    1.782676] qcom,leds-qpnp: probe of leds-qpnp-f6249000 failed with error -10
06-08 16:21:37.399     1     1 I PrintK  : [    1.782702] qcom,leds-qpnp: probe of leds-qpnp-f6249200 failed with error -10
06-08 16:21:37.399     1     1 V PrintK  : [    1.782903] Registered led device: kpdbl-pwm-1
06-08 16:21:37.400     1     1 V PrintK  : [    1.783212] Registered led device: kpdbl-lut-2
06-08 16:21:37.400     1     1 V PrintK  : [    1.783397] Registered led device: kpdbl-pwm-3
06-08 16:21:37.400     1     1 V PrintK  : [    1.783575] Registered led device: kpdbl-pwm-4
06-08 16:21:37.400     1     1 I PrintK  : [    1.783913] QCE50: __qce_get_device_tree_data: ce_virt_reg_base=0xc5f40000
06-08 16:21:37.400     1     1 I PrintK  : [    1.783933] QCE50: __qce_get_device_tree_data: CRYPTO BAM IRQ = 268.
06-08 16:21:37.401     1     1 V PrintK  : [    1.784204] qce qcedev.0: Qualcomm Crypto 5.1.0 device found @0xfd440000
06-08 16:21:37.401     1     1 V PrintK  : [    1.784217] qce qcedev.0: CE device = 0x0
06-08 16:21:37.401     1     1 V PrintK  : [    1.784219] , IO base, CE = 0xc5f40000
06-08 16:21:37.401     1     1 V PrintK  : [    1.784221] , Consumer (IN) PIPE 2,    Producer (OUT) PIPE 3
06-08 16:21:37.401     1     1 V PrintK  : [    1.784223] IO base BAM = 0x0
06-08 16:21:37.401     1     1 V PrintK  : [    1.784224] BAM IRQ 268
06-08 16:21:37.401     1     1 V PrintK  : [    1.784225] Engines Availability = 0x1010853
06-08 16:21:37.401     1     1 V PrintK  : [    1.784484] sps:BAM 0xfd444000 (va:0xc5f80000) enabled: ver:0x20, number of pipes:8
06-08 16:21:37.401     1     1 V PrintK  : [    1.784792] QCE50: qce_sps_init:  Qualcomm MSM CE-BAM at 0x00000000fd444000 irq 268
06-08 16:21:37.402     1     1 V PrintK  : [    1.785546] usbcore: registered new interface driver usbhid
06-08 16:21:37.402     1     1 V PrintK  : [    1.785556] usbhid: USB HID core driver
06-08 16:21:37.402     1     1 V PrintK  : [    1.785937] ashmem: initialized
06-08 16:21:37.402     1     1 V PrintK  : [    1.786003] logger: created 1024K log 'log_main'
06-08 16:21:37.403     1     1 V PrintK  : [    1.786057] logger: created 256K log 'log_events'
06-08 16:21:37.403     1     1 V PrintK  : [    1.786110] logger: created 256K log 'log_radio'
06-08 16:21:37.403     1     1 V PrintK  : [    1.786172] logger: created 256K log 'log_system'
06-08 16:21:37.403     1     1 W PrintK  : [    1.786941] usb_bam_ipa_create_resources: Failed to create USB_PROD resource
06-08 16:21:37.404     1     1 V PrintK  : [    1.787199] PMIC@SID0 Power-on reason: Triggered from USB (USB charger insertion) and 'cold' boot
06-08 16:21:37.404     1     1 V PrintK  : [    1.787414] input: qpnp_pon as /devices/virtual/input/input0
06-08 16:21:37.405     1     1 V PrintK  : [    1.788201] qpnp_coincell_charger_show_state: enabled=Y, voltage=3000 mV, resistance=2100 ohm
06-08 16:21:37.405     1     1 V PrintK  : [    1.788824] PMIC@SID4: PM8841 v2.1 options: 0, 0, 2, 2
06-08 16:21:37.405     1     1 V PrintK  : [    1.788919] PMIC@SID0: PM8941 v3.1 options: 0, 0, 0, 0
06-08 16:21:37.406     1     1 V PrintK  : [    1.789456] coresight-fuse fc4be024.fuse: Fuse initialized
06-08 16:21:37.407     1     1 V PrintK  : [    1.790017] coresight-cti fc308000.cti: CTI initialized
06-08 16:21:37.407     1     1 V PrintK  : [    1.790119] coresight-cti fc309000.cti: CTI initialized
06-08 16:21:37.407     1     1 V PrintK  : [    1.790229] coresight-cti fc30a000.cti: CTI initialized
06-08 16:21:37.407     1     1 V PrintK  : [    1.790339] coresight-cti fc30b000.cti: CTI initialized
06-08 16:21:37.407     1     1 V PrintK  : [    1.790443] coresight-cti fc30c000.cti: CTI initialized
06-08 16:21:37.407     1     1 V PrintK  : [    1.790580] coresight-cti fc30d000.cti: CTI initialized
06-08 16:21:37.407     1     1 V PrintK  : [    1.790683] coresight-cti fc30e000.cti: CTI initialized
06-08 16:21:37.407     1     1 V PrintK  : [    1.790794] coresight-cti fc30f000.cti: CTI initialized
06-08 16:21:37.407     1     1 V PrintK  : [    1.790896] coresight-cti fc310000.cti: CTI initialized
06-08 16:21:37.407     1     1 V PrintK  : [    1.791008] coresight-cti fc340000.cti: CTI initialized
06-08 16:21:37.408     1     1 V PrintK  : [    1.791111] coresight-cti fc341000.cti: CTI initialized
06-08 16:21:37.408     1     1 V PrintK  : [    1.791269] coresight-cti fc342000.cti: CTI initialized
06-08 16:21:37.408     1     1 V PrintK  : [    1.791372] coresight-cti fc343000.cti: CTI initialized
06-08 16:21:37.408     1     1 V PrintK  : [    1.791492] coresight-cti fc344000.cti: CTI initialized
06-08 16:21:37.408     1     1 V PrintK  : [    1.791594] coresight-cti fc348000.cti: CTI initialized
06-08 16:21:37.408     1     1 V PrintK  : [    1.791706] coresight-cti fc34d000.cti: CTI initialized
06-08 16:21:37.408     1     1 V PrintK  : [    1.791809] coresight-cti fc350000.cti: CTI initialized
06-08 16:21:37.408     1     1 V PrintK  : [    1.791921] coresight-cti fc354000.cti: CTI initialized
06-08 16:21:37.409     1     1 V PrintK  : [    1.792025] coresight-cti fc358000.cti: CTI initialized
06-08 16:21:37.409     1     1 V PrintK  : [    1.792436] coresight-csr fc302000.csr: CSR initialized
06-08 16:21:37.411     1     1 V PrintK  : [    1.794802] coresight-tmc fc322000.tmc: Byte Counter feature enabled
06-08 16:21:37.412     1     1 V PrintK  : [    1.795012] coresight-tmc fc322000.tmc: TMC initialized
06-08 16:21:37.412     1     1 V PrintK  : [    1.795430] coresight-tmc fc307000.tmc: TMC initialized
06-08 16:21:37.413     1     1 W PrintK  : [    1.796165] coresight-tpiu fc318000.tpiu: seta gpios not specified
06-08 16:21:37.413     1     1 W PrintK  : [    1.796178] coresight-tpiu fc318000.tpiu: setb gpios not specified
06-08 16:21:37.413     1     1 V PrintK  : [    1.796249] coresight-tpiu fc318000.tpiu: TPIU initialized
06-08 16:21:37.413     1     1 V PrintK  : [    1.796763] coresight-funnel fc31b000.funnel: FUNNEL initialized
06-08 16:21:37.413     1     1 V PrintK  : [    1.796871] coresight-funnel fc319000.funnel: FUNNEL initialized
06-08 16:21:37.413     1     1 V PrintK  : [    1.796969] coresight-funnel fc31a000.funnel: FUNNEL initialized
06-08 16:21:37.414     1     1 V PrintK  : [    1.797077] coresight-funnel fc345000.funnel: FUNNEL initialized
06-08 16:21:37.414     1     1 V PrintK  : [    1.797175] coresight-funnel fc364000.funnel: FUNNEL initialized
06-08 16:21:37.414     1     1 V PrintK  : [    1.797592] coresight-replicator fc31c000.replicator: REPLICATOR initialized
06-08 16:21:37.415     1     1 V PrintK  : [    1.798110] coresight-stm fc321000.stm: STM initialized
06-08 16:21:37.415     1     1 V PrintK  : [    1.798554] coresight-hwevent fdf30018.hwevent: Hardware Event driver initialized
06-08 16:21:37.416     1     1 V PrintK  : [    1.799104] coresight-etm fc33c000.etm: ETM initialized
06-08 16:21:37.416     1     1 V PrintK  : [    1.799123] coresight-etm fc33c000.etm: PC save enabled
06-08 16:21:37.416     1     1 V PrintK  : [    1.799337] coresight-etm fc33d000.etm: ETM initialized
06-08 16:21:37.416     1     1 V PrintK  : [    1.799352] coresight-etm fc33d000.etm: PC save enabled
06-08 16:21:37.416     1     1 V PrintK  : [    1.799587] coresight-etm fc33e000.etm: ETM initialized
06-08 16:21:37.416     1     1 V PrintK  : [    1.799606] coresight-etm fc33e000.etm: PC save enabled
06-08 16:21:37.416     1     1 V PrintK  : [    1.799844] coresight-etm fc33f000.etm: ETM initialized
06-08 16:21:37.416     1     1 V PrintK  : [    1.799862] coresight-etm fc33f000.etm: PC save enabled
06-08 16:21:37.417     1     1 V PrintK  : [    1.800281] coresight-audio-etm audio_etm0.0: Audio ETM initialized
06-08 16:21:37.417     1     1 V PrintK  : [    1.800688] coresight-modem-etm modem_etm0.1: Modem ETM initialized
06-08 16:21:37.418     1     1 V PrintK  : [    1.801077] coresight-wcn-etm wcn_etm0.2: Wireless ETM initialized
06-08 16:21:37.418     1     1 V PrintK  : [    1.801480] coresight-rpm-etm rpm_etm0.3: RPM ETM initialized
06-08 16:21:37.418     1     1 V PrintK  : [    1.801999] usbcore: registered new interface driver snd-usb-audio
06-08 16:21:37.420     1     1 V PrintK  : [    1.803545] tpa2026_probe: tpa2026 driver probe()
06-08 16:21:37.420     1     1 V PrintK  : [    1.803556] tpa2026_parse_dt: reg(0x58)
06-08 16:21:37.420     1     1 V PrintK  : [    1.803575] tpa2026_parse_dt: ext_spk_amp_gpio(64)
06-08 16:21:37.433     1     1 V PrintK  : [    1.816439] tpa2026_reg_initialize: ext_spk_amp_gpio is high
06-08 16:21:37.440     1     1 V PrintK  : [    1.823449] tpa2026_probe: probing tpa2026 exited successfully
06-08 16:21:37.448     1     1 V PrintK  : [    1.831351] msm-compr-dsp msm-compr-dsp: msm_compr_probe: dev name msm-compr-dsp
06-08 16:21:37.448     1     1 V PrintK  : [    1.831923] msm-pcm-lpa msm-pcm-lpa: msm_pcm_probe: dev name msm-pcm-lpa
06-08 16:21:37.449     1     1 V PrintK  : [    1.832666] platform qcom,msm-voip-dsp.50: Driver msm-voip-dsp requests probe deferral
06-08 16:21:37.450     1     1 V PrintK  : [    1.833036] platform qcom,msm-pcm-voice.51: Driver msm-pcm-voice requests probe deferral
06-08 16:21:37.452     1     1 V PrintK  : [    1.835357] ocmem: Notifier registered for 5
06-08 16:21:37.452     1     1 V PrintK  : [    1.835964] msm8974-asoc-taiko fe02c000.sound: msm8974_asoc_machine_probe(): hdmi audio support present
06-08 16:21:37.453     1     1 V PrintK  : [    1.836225] platform fe02c000.sound: Driver msm8974-asoc-taiko requests probe deferral
06-08 16:21:37.454     1     1 V PrintK  : [    1.837669] oprofile: using arm/armv7-krait
06-08 16:21:37.454     1     1 V PrintK  : [    1.837734] u32 classifier
06-08 16:21:37.454     1     1 V PrintK  : [    1.837743]     Actions configured
06-08 16:21:37.454     1     1 V PrintK  : [    1.837754] Netfilter messages via NETLINK v0.30.
06-08 16:21:37.454     1     1 V PrintK  : [    1.837806] nf_conntrack version 0.5.0 (16384 buckets, 65536 max)
06-08 16:21:37.455     1     1 V PrintK  : [    1.838252] ctnetlink v0.93: registering with nfnetlink.
06-08 16:21:37.455     1     1 V PrintK  : [    1.838584] NF_TPROXY: Transparent proxy support initialized, version 4.1.0
06-08 16:21:37.455     1     1 V PrintK  : [    1.838596] NF_TPROXY: Copyright (c) 2006-2007 BalaBit IT Ltd.
06-08 16:21:37.455     1     1 V PrintK  : [    1.838761] xt_time: kernel timezone is -0000
06-08 16:21:37.456     1     1 V PrintK  : [    1.839104] ip_tables: (C) 2000-2006 Netfilter Core Team
06-08 16:21:37.456     1     1 V PrintK  : [    1.839319] arp_tables: (C) 2002 David S. Miller
06-08 16:21:37.456     1     1 V PrintK  : [    1.839368] TCP: cubic registered
06-08 16:21:37.456     1     1 V PrintK  : [    1.839376] Initializing XFRM netlink socket
06-08 16:21:37.456     1     1 V PrintK  : [    1.839847] NET: Registered protocol family 10
06-08 16:21:37.458     1     1 V PrintK  : [    1.841835] Mobile IPv6
06-08 16:21:37.458     1     1 V PrintK  : [    1.841863] ip6_tables: (C) 2000-2006 Netfilter Core Team
06-08 16:21:37.459     1     1 V PrintK  : [    1.842023] IPv6 over IPv4 tunneling driver
06-08 16:21:37.459     1     1 V PrintK  : [    1.842402] NET: Registered protocol family 17
06-08 16:21:37.459     1     1 D PrintK  : [    1.842474] Bridge firewalling registered
06-08 16:21:37.459     1     1 V PrintK  : [    1.842490] Ebtables v2.0 registered
06-08 16:21:37.460     1     1 V PrintK  : [    1.843675] Bluetooth: RFCOMM TTY layer initialized
06-08 16:21:37.460     1     1 V PrintK  : [    1.843693] Bluetooth: RFCOMM socket layer initialized
06-08 16:21:37.460     1     1 V PrintK  : [    1.843702] Bluetooth: RFCOMM ver 1.11
06-08 16:21:37.460     1     1 V PrintK  : [    1.843710] Bluetooth: BNEP (Ethernet Emulation) ver 1.3
06-08 16:21:37.460     1     1 V PrintK  : [    1.843718] Bluetooth: BNEP filters: protocol multicast
06-08 16:21:37.460     1     1 V PrintK  : [    1.843728] Bluetooth: HIDP (Human Interface Emulation) ver 1.2
06-08 16:21:37.460     1     1 V PrintK  : [    1.843966] VFP support v0.3: implementor 51 architecture 64 part 6f variant 2 rev 1
06-08 16:21:37.460     1     1 D PrintK  : [    1.843999] Registering SWP/SWPB emulation handler
06-08 16:21:37.483     1     1 V PrintK  : [    1.866542] gdsc_oxili_gx: disabling
06-08 16:21:37.483     1     1 V PrintK  : [    1.866572] gdsc_mdss: disabling
06-08 16:21:37.483     1     1 V PrintK  : [    1.866597] gdsc_venus: disabling
06-08 16:21:37.484   144   144 V PrintK  : [    1.867121] msm8974-asoc-taiko fe02c000.sound: msm8974_asoc_machine_probe(): hdmi audio support present
06-08 16:21:37.484   144   144 V PrintK  : [    1.867377] platform fe02c000.sound: Driver msm8974-asoc-taiko requests probe deferral
06-08 16:21:37.484   144   144 W PrintK  : [    1.867988] qcom,leds-qpnp leds-qpnp-f6247e00: Flash wa regulator get failed(-517)
06-08 16:21:37.485   144   144 W PrintK  : [    1.868018] qcom,leds-qpnp leds-qpnp-f6247e00: Regulator get failed(-517)
06-08 16:21:37.485   144   144 W PrintK  : [    1.868029] qcom,leds-qpnp leds-qpnp-f6247e00: Unable to read flash config data
06-08 16:21:37.485   144   144 V PrintK  : [    1.868048] spmi leds-qpnp-f6247e00: Driver qcom,leds-qpnp requests probe deferral
06-08 16:21:37.485   144   144 V PrintK  : [    1.868481] flash_wa: 
06-08 16:21:37.485   144   144 V PrintK  : [    1.868780] 8941_smbb_otg: 
06-08 16:21:37.485   144   144 V PrintK  : [    1.868806] 8941_smbb_otg: supplied by 8941_boost
06-08 16:21:37.486   144   144 V PrintK  : [    1.869094] 8941_smbb_boost: 5000 mV 
06-08 16:21:37.487   144   144 V PrintK  : [    1.870041] qpnp_charger_probe: success chg_dis = 1, bpd = 1, usb = 1, dc = 0 b_health = 1 batt_present = 1
06-08 16:21:37.487   144   144 W PrintK  : [    1.870158] Unable to get vbus_otg
06-08 16:21:37.487   144   144 W PrintK  : [    1.870168] msm_hsusb_host msm_hsusb_host: unable to register with transceiver
06-08 16:21:37.487   144   144 V PrintK  : [    1.870196] platform msm_hsusb_host: Driver msm_hsusb_host requests probe deferral
06-08 16:21:37.490     1     1 V PrintK  : [    1.873915] gpio_set_debounce: gpio-412 status -22
06-08 16:21:37.491     1     1 V PrintK  : [    1.874109] gpio_set_debounce: gpio-430 status -22
06-08 16:21:37.491     1     1 V PrintK  : [    1.874348] input: gpio-keys as /devices/gpio_keys.82/input/input1
06-08 16:21:37.493     1     1 V PrintK  : [    1.876491] rtc-m41t80 3-0068: setting system clock to 2016-06-08 16:21:37 UTC (1465402897)
06-08 16:21:37.494     1     1 V PrintK  : [    1.877040] msm_thermal:interrupt_mode_init Interrupt mode init
06-08 16:21:37.494     1     1 V PrintK  : [    1.877989] clock_late_init: Removing enables held for handed-off clocks
06-08 16:21:37.496     1     1 W PrintK  : [    1.879152] edp_vco_disable: mdss GDSC is not enabled
06-08 16:21:37.500     1     1 V PrintK  : [    1.883095] ALSA device list:
06-08 16:21:37.500     1     1 V PrintK  : [    1.883104]   No soundcards found.
06-08 16:21:37.500     1     1 V PrintK  : [    1.883364] Freeing init memory: 384K
06-08 16:21:37.506     1     1 I PrintK  : [    1.889623] init (1): /proc/1/oom_adj is deprecated, please use /proc/1/oom_score_adj instead.
06-08 16:21:37.523    49    49 V PrintK  : [    1.906354] usb 1-1: new high-speed USB device number 2 using xhci-hcd
06-08 16:21:37.523    49    49 W PrintK  : [    1.906415] usb 1-1: hub_port_init, 1-1,udev->speed:3
06-08 16:21:37.531    39    39 V PrintK  : [    1.914159] mmc1: BKOPS_EN bit = 0
06-08 16:21:37.543    39    39 V PrintK  : [    1.926180] mmc1: new HS200 MMC card at address 0001
06-08 16:21:37.543    49    49 V PrintK  : [    1.926735] usb 1-1: New USB device found, idVendor=0451, idProduct=8044
06-08 16:21:37.543    49    49 V PrintK  : [    1.926753] usb 1-1: New USB device strings: Mfr=0, Product=0, SerialNumber=1
06-08 16:21:37.543    49    49 V PrintK  : [    1.926771] usb 1-1: SerialNumber: 1D0D00698D4A
06-08 16:21:37.544    39    39 V PrintK  : [    1.927093] mmcblk0: mmc1:0001 016GE2 14.6 GiB 
06-08 16:21:37.544    39    39 V PrintK  : [    1.927607] mmcblk0rpmb: mmc1:0001 016GE2 partition 3 4.00 MiB
06-08 16:21:37.546    39    39 V PrintK  : [    1.929326]  mmcblk0: p1 p2 p3 p4 p5 p6 p7 p8 p9 p10 p11 p12 p13 p14 p15 p16 p17 p18 p19 p20 p21 p22 p23 p24 p25 p26 p27 p28
06-08 16:21:37.556    49    49 W PrintK  : [    1.939348] hub 1-1:1.0: USB hub found
06-08 16:21:37.556    49    49 V PrintK  : [    1.939415] hub 1-1:1.0: 3 ports detected
06-08 16:21:37.703    49    49 W PrintK  : [    2.086401] usb 2-1: hub_port_init, 2-1,udev->speed:5
06-08 16:21:37.703    49    49 V PrintK  : [    2.086426] usb 2-1: new SuperSpeed USB device number 2 using xhci-hcd
06-08 16:21:37.723    49    49 V PrintK  : [    2.106644] usb 2-1: New USB device found, idVendor=0451, idProduct=8046
06-08 16:21:37.723    49    49 V PrintK  : [    2.106662] usb 2-1: New USB device strings: Mfr=0, Product=0, SerialNumber=0
06-08 16:21:37.732    49    49 W PrintK  : [    2.115369] hub 2-1:1.0: USB hub found
06-08 16:21:37.732    49    49 V PrintK  : [    2.115437] hub 2-1:1.0: 3 ports detected
06-08 16:21:37.753     0     0 W PrintK  : [    2.136620] qup_i2c f9967000.i2c: QUP: I2C status flags :0x11163c8, irq:137
06-08 16:21:37.769   144   144 V PrintK  : [    2.152076] msm_hsic_host msm_hsic_host: Qualcomm EHCI Host Controller using HSIC
06-08 16:21:37.769   144   144 V PrintK  : [    2.152134] msm_hsic_host msm_hsic_host: new USB bus registered, assigned bus number 3
06-08 16:21:37.793   144   144 V PrintK  : [    2.176366] msm_hsic_host msm_hsic_host: irq 168, io mem 0xf9a00000
06-08 16:21:37.800     1     1 W PrintK  : [    2.183472] init: cannot open '/initlogo.rle'
06-08 16:21:37.812   144   144 V PrintK  : [    2.196346] msm_hsic_host msm_hsic_host: USB 2.0 started, EHCI 1.00
06-08 16:21:37.812   144   144 V PrintK  : [    2.196476] usb usb3: New USB device found, idVendor=1d6b, idProduct=0002
06-08 16:21:37.812   144   144 V PrintK  : [    2.196494] usb usb3: New USB device strings: Mfr=3, Product=2, SerialNumber=1
06-08 16:21:37.812   144   144 V PrintK  : [    2.196515] usb usb3: Product: Qualcomm EHCI Host Controller using HSIC
06-08 16:21:37.812   144   144 V PrintK  : [    2.196531] usb usb3: Manufacturer: Linux 3.4.0 ehci_hcd
06-08 16:21:37.812   144   144 V PrintK  : [    2.196547] usb usb3: SerialNumber: msm_hsic_host
06-08 16:21:37.813   144   144 W PrintK  : [    2.196836] hub 3-0:1.0: USB hub found
06-08 16:21:37.813   144   144 V PrintK  : [    2.196869] hub 3-0:1.0: 1 port detected
06-08 16:21:37.813   144   144 W PrintK  : [    2.197333] msm_smsc_hub msm_smsc_hub: failed to connect to smsc_hub through I2C
06-08 16:21:37.813   144   144 V PrintK  : [    2.197636] ethernet_phy: 
06-08 16:21:37.832    49    49 I PrintK  : [    2.216402] hub_power_on, 662 r=0
06-08 16:21:37.832    49    49 I PrintK  : [    2.216525] hub_power_on, 662 r=0
06-08 16:21:37.832    49    49 I PrintK  : [    2.216580] hub_power_on, 662 r=0
06-08 16:21:37.832    49    49 I PrintK  : [    2.216684] hub_power_on, 667 r=0
06-08 16:21:37.832    49    49 I PrintK  : [    2.216730] hub_power_on, 667 r=0
06-08 16:21:37.832    49    49 I PrintK  : [    2.216776] hub_power_on, 667 r=0
06-08 16:21:37.833    49    49 I PrintK  : [    2.216824] hub_power_on, 677 r=0, port1:3
06-08 16:21:37.841   144   144 V PrintK  : [    2.224857] bif_ctrl_register: Battery pack present = Y
06-08 16:21:37.847   144   144 V PrintK  : [    2.231181] bif_ctrl_register: Battery pack type = low cost (Rid=58667 ohm)
06-08 16:21:37.847   144   144 V PrintK  : [    2.231461] 8941_mvs1: 
06-08 16:21:37.847   144   144 V PrintK  : [    2.231488] 8941_mvs1: supplied by 8941_smbb_otg
06-08 16:21:37.848   144   144 V PrintK  : [    2.231930] msm8974-asoc-taiko fe02c000.sound: msm8974_asoc_machine_probe(): hdmi audio support present
06-08 16:21:37.848   144   144 V PrintK  : [    2.232340] platform fe02c000.sound: Driver msm8974-asoc-taiko requests probe deferral
06-08 16:21:37.849   144   144 V PrintK  : [    2.232961] Registered led device: led:flash_0
06-08 16:21:37.849   144   144 V PrintK  : [    2.233407] Registered led device: led:flash_1
06-08 16:21:37.849   144   144 V PrintK  : [    2.233623] Registered led device: led:flash_torch
06-08 16:21:37.850   144   144 V PrintK  : [    2.234124] msm8974-asoc-taiko fe02c000.sound: msm8974_asoc_machine_probe(): hdmi audio support present
06-08 16:21:37.850   144   144 V PrintK  : [    2.234400] platform fe02c000.sound: Driver msm8974-asoc-taiko requests probe deferral
06-08 16:21:37.851    28    28 V PrintK  : [    2.235106] msm_otg msm_otg: phy_reset: success
06-08 16:21:37.888   164   164 V PrintK  : [    2.272507] EXT4-fs (mmcblk0p27): mounted filesystem with ordered data mode. Opts: barrier=1,discard
06-08 16:21:37.896   164   164 V PrintK  : [    2.280756] EXT4-fs (mmcblk0p28): mounted filesystem with ordered data mode. Opts: nomblk_io_submit,errors=remount-ro
06-08 16:21:37.902   164   164 V PrintK  : [    2.286396] fs_mgr: Running /system/bin/e2fsck on /dev/block/platform/msm_sdcc.1/by-name/userdata
06-08 16:21:37.935   172   172 I PrintK  : [    2.318822] e2fsck used greatest stack depth: 5392 bytes left
06-08 16:21:37.935   164   164 V PrintK  : [    2.318885] e2fsck: e2fsck 1.41.14 (22-Dec-2010)
06-08 16:21:37.935   164   164 V PrintK  : [    2.318932] e2fsck: /dev/block/platform/msm_sdcc.1/by-name/userdata: clean, 1059/655360 files, 82360/2621440 blocks
06-08 16:21:37.943   164   164 V PrintK  : [    2.326900] EXT4-fs (mmcblk0p28): mounted filesystem with ordered data mode. Opts: barrier=1,noauto_da_alloc,discard
06-08 16:21:37.951     1     1 V PrintK  : [    2.334896] EXT4-fs (mmcblk0p26): mounted filesystem with ordered data mode. Opts: barrier=1
06-08 16:21:37.958     1     1 V PrintK  : [    2.342027] EXT4-fs (mmcblk0p24): mounted filesystem with ordered data mode. Opts: barrier=1
06-08 16:21:37.996     1     1 W PrintK  : [    2.380518] init: Detected MSM SOC ID=209 SOC VER=65536 BOARD TYPE=Dragon
06-08 16:21:37.997     1     1 W PrintK  : [    2.381555] init: property 'persist.sys.ssr.enable_debug' doesn't exist while expanding '${persist.sys.ssr.enable_debug}'
06-08 16:21:37.997     1     1 W PrintK  : [    2.381595] init: cannot expand '${persist.sys.ssr.enable_debug}' while writing to '/sys/module/subsystem_restart/parameters/enable_debug'
06-08 16:21:38.000     1     1 V PrintK  : [    2.383916] pil-q6v5-lpass fe200000.qcom,lpass: adsp: loading from 0x05a00000 to 0x06e00000
06-08 16:21:38.012    49    49 W PrintK  : [    2.396475] usb 2-1.1: hub_port_init, 2-1.1,udev->speed:5
06-08 16:21:38.012    49    49 V PrintK  : [    2.396500] usb 2-1.1: new SuperSpeed USB device number 3 using xhci-hcd
06-08 16:21:38.033    49    49 V PrintK  : [    2.417569] usb 2-1.1: New USB device found, idVendor=04b4, idProduct=00f1
06-08 16:21:38.033    49    49 V PrintK  : [    2.417594] usb 2-1.1: New USB device strings: Mfr=1, Product=2, SerialNumber=0
06-08 16:21:38.033    49    49 V PrintK  : [    2.417615] usb 2-1.1: Product: ErrLogV023
06-08 16:21:38.033    49    49 V PrintK  : [    2.417637] usb 2-1.1: Manufacturer: Cypress
06-08 16:21:38.036    39    39 V PrintK  : [    2.420402] msm8974-asoc-taiko fe02c000.sound: msm8974_asoc_machine_probe(): hdmi audio support present
06-08 16:21:38.037    39    39 V PrintK  : [    2.420817] platform fe02c000.sound: Driver msm8974-asoc-taiko requests probe deferral
06-08 16:21:38.152    49    49 V PrintK  : [    2.536388] usb 3-1: new high-speed USB device number 2 using msm_hsic_host
06-08 16:21:38.162    49    49 W PrintK  : [    2.546342] usb 3-1: hub_port_init, 3-1,udev->speed:3
06-08 16:21:38.183    49    49 V PrintK  : [    2.567141] usb 3-1: New USB device found, idVendor=0424, idProduct=4604
06-08 16:21:38.183    49    49 V PrintK  : [    2.567158] usb 3-1: New USB device strings: Mfr=0, Product=0, SerialNumber=0
06-08 16:21:38.183    49    49 W PrintK  : [    2.567594] hub 3-1:1.0: USB hub found
06-08 16:21:38.183    49    49 V PrintK  : [    2.567736] hub 3-1:1.0: 5 ports detected
06-08 16:21:38.185   144   144 V PrintK  : [    2.569664] msm8974-asoc-taiko fe02c000.sound: msm8974_asoc_machine_probe(): hdmi audio support present
06-08 16:21:38.186   144   144 V PrintK  : [    2.570312] platform fe02c000.sound: Driver msm8974-asoc-taiko requests probe deferral
06-08 16:21:38.228     1     1 V PrintK  : [    2.611939] pil-q6v5-lpass fe200000.qcom,lpass: adsp: Brought out of reset
06-08 16:21:38.286    76    76 V PrintK  : [    2.670704] pil-q6v5-lpass fe200000.qcom,lpass: adsp: Power/Clock ready interrupt received
06-08 16:21:38.306     0     0 V PrintK  : [    2.690226] pil-q6v5-lpass fe200000.qcom,lpass: Subsystem error monitoring/handling services are up
06-08 16:21:38.306     1     1 V PrintK  : [    2.690269] adsp-loader qcom,msm-adsp-loader.42: adsp_loader_do: Q6/ADSP image is loaded
06-08 16:21:38.307   144   144 V PrintK  : [    2.691017] msm8974-asoc-taiko fe02c000.sound: msm8974_asoc_machine_probe(): hdmi audio support present
06-08 16:21:38.307    27    27 V PrintK  : [    2.691073] apr_tal:Q6 Is Up
06-08 16:21:38.307   144   144 V PrintK  : [    2.691316] platform fe02c000.sound: Driver msm8974-asoc-taiko requests probe deferral
06-08 16:21:38.320   208   208 W PrintK  : [    2.704725] healthd: wakealarm_init: timerfd_create failed
06-08 16:21:38.321   208   208 I PrintK  : [    2.705128] healthd: BatteryStatusPath not found
06-08 16:21:38.321   208   208 I PrintK  : [    2.705166] healthd: BatteryHealthPath not found
06-08 16:21:38.321   208   208 I PrintK  : [    2.705199] healthd: BatteryPresentPath not found
06-08 16:21:38.321   208   208 I PrintK  : [    2.705229] healthd: BatteryCapacityPath not found
06-08 16:21:38.321   208   208 I PrintK  : [    2.705260] healthd: BatteryVoltagePath not found
06-08 16:21:38.321   208   208 I PrintK  : [    2.705294] healthd: BatteryTemperaturePath not found
06-08 16:21:38.321   208   208 I PrintK  : [    2.705326] healthd: BatteryTechnologyPath not found
06-08 16:21:38.323   207   207 I PrintK  : [    2.707421] MCU_Daemon: Open Uart used UART_NORMAL_MODE
06-08 16:21:38.323   207   207 I PrintK  : [    2.707474] MCU_Daemon: Open Uart Success
06-08 16:21:38.324   207   207 I PrintK  : [    2.707938] MCU_Daemon: Send Data : F1 68 01 5E F2
06-08 16:21:38.326     1     1 W PrintK  : [    2.709943] init: cannot find '/system/etc/install-recovery.sh', disabling 'flash_recovery'
06-08 16:21:38.330   212   212 I rfs_access: Initialized RFS server
06-08 16:21:38.345     1     1 V PrintK  : [    2.728961] sps:BAM 0xf9944000 (va:0xc5e80000) enabled: ver:0x13, number of pipes:24
06-08 16:21:38.350   226   226 I installd: installd firing up
06-08 16:21:38.350   221   221 I DEBUG   : debuggerd: May 18 2016 03:25:09
06-08 16:21:38.350   207   207 E MCU_Daemon: int main(int, char**) 98
06-08 16:21:38.354   207   207 I PrintK  : [    2.738283] MCU_Daemon: Read Data : F1 69 01 88 F2
06-08 16:21:38.350   236   236 I qrngd   : qrngd has started:
06-08 16:21:38.350   236   236 I qrngd   : Reading device:'/dev/hw_random' updating entropy for device:'/dev/random'
06-08 16:21:38.354   207   207 I PrintK  : [    2.738374] MCU_Daemon: mcud say hello
06-08 16:21:38.359   236   236 V PrintK  : [    2.742952] warning: `qrngd' uses 32-bit capabilities (legacy support in use)
06-08 16:21:38.360   233   233 I irsc_util: irsc tool created:0xb8e10020
06-08 16:21:38.360   233   233 I irsc_util: Starting irsc tool
06-08 16:21:38.360   233   233 I irsc_util: Trying to open sec config file
06-08 16:21:38.360   256   256 I qcom-bluetooth: /system/etc/init.qcom.bt.sh: init.qcom.bt.sh config = onboot 
06-08 16:21:38.361   212   212 V PrintK  : [    2.745014] pil-q6v5-mss fc880000.qcom,mss: mba: loading from 0x0d100000 to 0x0d149000
06-08 16:21:38.370   233   233 I irsc_util: file_parser Number of element :0
06-08 16:21:38.370   233   233 I irsc_util: file_parser Invalid Format or Comment - '/* IPC Security Config */
06-08 16:21:38.370   233   233 I irsc_util: '
06-08 16:21:38.370   233   233 I irsc_util: file_parser Number of element :0
06-08 16:21:38.370   233   233 I irsc_util: file_parser Invalid Format or Comment - '/* <GPS QMI Service ID - 16>:<GPS QMI Instance ID - all instances>:<Client Group ID> */
06-08 16:21:38.370   233   233 I irsc_util: '
06-08 16:21:38.370   233   233 I irsc_util: file_parser Number of element :4
06-08 16:21:38.370   233   233 I irsc_util: file_parser Number of element :0
06-08 16:21:38.370   233   233 I irsc_util: file_parser Invalid Format or Comment - '/* Allow SS CTL service to be used by system and net_raw processes */
06-08 16:21:38.370   233   233 I irsc_util: '
06-08 16:21:38.370   233   233 I irsc_util: file_parser Number of element :4
06-08 16:21:38.370   233   233 I irsc_util: file_parser Number of element :0
06-08 16:21:38.370   233   233 I irsc_util: file_parser Invalid Format or Comment - '/* Allow Sensor services to be used by sensor process */
06-08 16:21:38.370   233   233 I irsc_util: '
06-08 16:21:38.370   233   233 I irsc_util: file_parser Number of element :3
06-08 16:21:38.370   233   233 I irsc_util: file_parser Number of element :3
06-08 16:21:38.370   233   233 I irsc_util: file_parser Number of element :3
06-08 16:21:38.370   233   233 I irsc_util: file_parser Number of element :3
06-08 16:21:38.370   233   233 I irsc_util: file_parser Number of element :3
06-08 16:21:38.370   233   233 I irsc_util: file_parser Number of element :3
06-08 16:21:38.370   233   233 I irsc_util: file_parser Number of element :3
06-08 16:21:38.370   233   233 I irsc_util: file_parser Number of element :3
06-08 16:21:38.370   233   233 I irsc_util: file_parser Number of element :3
06-08 16:21:38.370   233   233 I irsc_util: file_parser Number of element :3
06-08 16:21:38.370   233   233 I irsc_util: file_parser Number of element :3
06-08 16:21:38.370   233   233 I irsc_util: file_parser Number of element :3
06-08 16:21:38.370   233   233 I irsc_util: file_parser Number of element :3
06-08 16:21:38.370   233   233 I irsc_util: file_parser Number of element :3
06-08 16:21:38.370   233   233 I irsc_util: file_parser Number of element :3
06-08 16:21:38.370   233   233 I irsc_util: file_parser Number of element :3
06-08 16:21:38.370   233   233 I irsc_util: file_parser Number of element :3
06-08 16:21:38.370   233   233 I irsc_util: file_parser Number of element :3
06-08 16:21:38.370   233   233 I irsc_util: file_parser Number of element :3
06-08 16:21:38.370   233   233 I irsc_util: file_parser Number of element :3
06-08 16:21:38.370   233   233 I irsc_util: file_parser Number of element :3
06-08 16:21:38.370   233   233 I irsc_util: file_parser Number of element :3
06-08 16:21:38.370   233   233 I irsc_util: file_parser Number of element :3
06-08 16:21:38.370   233   233 I irsc_util: file_parser Number of element :3
06-08 16:21:38.370   233   233 I irsc_util: file_parser Number of element :3
06-08 16:21:38.370   233   233 I irsc_util: file_parser Number of element :3
06-08 16:21:38.370   233   233 I irsc_util: file_parser Number of element :3
06-08 16:21:38.370   233   233 I irsc_util: file_parser Number of element :3
06-08 16:21:38.370   233   233 I irsc_util: file_parser Number of element :3
06-08 16:21:38.370   233   233 I irsc_util: file_parser Number of element :3
06-08 16:21:38.370   233   233 I irsc_util: file_parser Number of element :3
06-08 16:21:38.370   233   233 I irsc_util: file_parser Number of element :3
06-08 16:21:38.370   233   233 I irsc_util: file_parser Number of element :3
06-08 16:21:38.370   233   233 I irsc_util: file_parser Number of element :3
06-08 16:21:38.370   233   233 I irsc_util: file_parser Number of element :3
06-08 16:21:38.370   233   233 I irsc_util: file_parser Number of element :3
06-08 16:21:38.370   233   233 I irsc_util: file_parser Number of element :3
06-08 16:21:38.370   233   233 I irsc_util: file_parser Number of element :3
06-08 16:21:38.370   233   233 I irsc_util: file_parser Number of element :3
06-08 16:21:38.370   233   233 I irsc_util: file_parser Number of element :3
06-08 16:21:38.370   233   233 I irsc_util: file_parser Number of element :3
06-08 16:21:38.370   233   233 I irsc_util: file_parser Number of element :3
06-08 16:21:38.370   233   233 I irsc_util: file_parser Number of element :3
06-08 16:21:38.370   233   233 I irsc_util: file_parser Number of element :3
06-08 16:21:38.370   233   233 I irsc_util: file_parser Number of element :3
06-08 16:21:38.370   233   233 I irsc_util: file_parser Number of element :3
06-08 16:21:38.370   233   233 I irsc_util: file_parser Number of element :3
06-08 16:21:38.370   233   233 I irsc_util: file_parser Number of element :3
06-08 16:21:38.370   233   233 I irsc_util: file_parser Number of element :3
06-08 16:21:38.370   233   233 I irsc_util: file_parser Number of element :3
06-08 16:21:38.370   233   233 I irsc_util: file_parser Number of element :3
06-08 16:21:38.370   233   233 I irsc_util: file_parser Number of element :3
06-08 16:21:38.370   233   233 I irsc_util: file_parser Number of element :3
06-08 16:21:38.370   233   233 I irsc_util: file_parser Number of element :3
06-08 16:21:38.370   233   233 I irsc_util: file_parser Number of element :3
06-08 16:21:38.370   233   233 I irsc_util: file_parser Number of element :3
06-08 16:21:38.370   233   233 I irsc_util: file_parser Number of element :3
06-08 16:21:38.370   233   233 I irsc_util: file_parser Number of element :3
06-08 16:21:38.370   233   233 I irsc_util: file_parser Number of element :3
06-08 16:21:38.370   233   233 I irsc_util: file_parser Number of element :3
06-08 16:21:38.370   233   233 I irsc_util: file_parser Number of element :3
06-08 16:21:38.370   233   233 I irsc_util: file_parser Number of element :3
06-08 16:21:38.370   233   233 I irsc_util: file_parser Number of element :3
06-08 16:21:38.370   233   233 I irsc_util: file_parser Number of element :3
06-08 16:21:38.370   233   233 I irsc_util: file_parser Number of element :3
06-08 16:21:38.370   233   233 I irsc_util: file_parser Number of element :3
06-08 16:21:38.370   233   233 I irsc_util: file_parser Number of element :3
06-08 16:21:38.370   233   233 I irsc_util: file_parser Number of element :3
06-08 16:21:38.370   233   233 I irsc_util: file_parser Number of element :3
06-08 16:21:38.370   233   233 I irsc_util: file_parser Number of element :3
06-08 16:21:38.370   233   233 I irsc_util: file_parser Number of element :3
06-08 16:21:38.370   233   233 I irsc_util: file_parser Number of element :3
06-08 16:21:38.370   233   233 I irsc_util: file_parser Number of element :3
06-08 16:21:38.370   233   233 I irsc_util: file_parser Number of element :3
06-08 16:21:38.370   233   233 I irsc_util: file_parser Number of element :3
06-08 16:21:38.370   233   233 I irsc_util: file_parser Number of element :3
06-08 16:21:38.370   233   233 I irsc_util: file_parser Number of element :3
06-08 16:21:38.370   233   233 I irsc_util: file_parser Number of element :3
06-08 16:21:38.370   233   233 I irsc_util: file_parser Number of element :3
06-08 16:21:38.370   233   233 I irsc_util: file_parser Number of element :3
06-08 16:21:38.370   233   233 I irsc_util: file_parser Number of element :3
06-08 16:21:38.370   233   233 I irsc_util: file_parser Number of element :3
06-08 16:21:38.370   233   233 I irsc_util: file_parser Number of element :3
06-08 16:21:38.370   233   233 I irsc_util: file_parser Number of element :3
06-08 16:21:38.370   233   233 I irsc_util: file_parser Number of element :3
06-08 16:21:38.370   233   233 I irsc_util: file_parser Number of element :3
06-08 16:21:38.370   233   233 I irsc_util: file_parser Number of element :3
06-08 16:21:38.370   233   233 I irsc_util: file_parser Number of element :3
06-08 16:21:38.370   233   233 I irsc_util: file_parser Number of element :3
06-08 16:21:38.370   233   233 I irsc_util: file_parser Number of element :3
06-08 16:21:38.370   233   233 I irsc_util: file_parser Number of element :3
06-08 16:21:38.370   233   233 I irsc_util: file_parser Number of element :3
06-08 16:21:38.370   233   233 I irsc_util: file_parser Number of element :3
06-08 16:21:38.370   233   233 I irsc_util: file_parser Number of element :3
06-08 16:21:38.370   233   233 I irsc_util: file_parser Number of element :3
06-08 16:21:38.370   233   233 I irsc_util: file_parser Number of element :3
06-08 16:21:38.370   233   233 I irsc_util: file_parser Number of element :3
06-08 16:21:38.370   233   233 I irsc_util: file_parser Number of element :3
06-08 16:21:38.370   233   233 I irsc_util: file_parser Number of element :3
06-08 16:21:38.370   233   233 I irsc_util: file_parser Number of element :3
06-08 16:21:38.370   233   233 I irsc_util: file_parser Number of element :3
06-08 16:21:38.370   233   233 I irsc_util: file_parser Number of element :3
06-08 16:21:38.370   233   233 I irsc_util: file_parser Number of element :3
06-08 16:21:38.370   233   233 I irsc_util: file_parser Number of element :3
06-08 16:21:38.370   233   233 I irsc_util: file_parser Number of element :3
06-08 16:21:38.370   233   233 I irsc_util: file_parser Number of element :3
06-08 16:21:38.370   233   233 I irsc_util: file_parser Number of element :3
06-08 16:21:38.370   233   233 I irsc_util: file_parser Number of element :3
06-08 16:21:38.370   233   233 I irsc_util: file_parser Number of element :3
06-08 16:21:38.370   233   233 I irsc_util: file_parser Number of element :3
06-08 16:21:38.370   233   233 I irsc_util: file_parser Number of element :3
06-08 16:21:38.370   233   233 I irsc_util: file_parser Number of element :3
06-08 16:21:38.370   233   233 I irsc_util: file_parser Number of element :3
06-08 16:21:38.370   233   233 I irsc_util: file_parser Number of element :3
06-08 16:21:38.370   233   233 I irsc_util: file_parser Number of element :3
06-08 16:21:38.370   233   233 I irsc_util: file_parser Number of element :3
06-08 16:21:38.370   233   233 I irsc_util: file_parser Number of element :3
06-08 16:21:38.370   233   233 I irsc_util: file_parser Number of element :3
06-08 16:21:38.370   233   233 I irsc_util: file_parser Number of element :3
06-08 16:21:38.370   233   233 I irsc_util: file_parser Number of element :3
06-08 16:21:38.370   233   233 I irsc_util: file_parser Number of element :3
06-08 16:21:38.370   233   233 I irsc_util: file_parser Number of element :3
06-08 16:21:38.370   233   233 I irsc_util: file_parser Number of element :3
06-08 16:21:38.370   233   233 I irsc_util: file_parser Number of element :3
06-08 16:21:38.370   233   233 I irsc_util: file_parser Number of element :3
06-08 16:21:38.370   233   233 I irsc_util: file_parser Number of element :3
06-08 16:21:38.370   233   233 I irsc_util: file_parser Number of element :3
06-08 16:21:38.370   233   233 I irsc_util: file_parser Number of element :3
06-08 16:21:38.370   233   233 I irsc_util: file_parser Number of element :3
06-08 16:21:38.370   233   233 I irsc_util: file_parser Number of element :3
06-08 16:21:38.370   233   233 I irsc_util: file_parser Number of element :3
06-08 16:21:38.370   233   233 I irsc_util: file_parser Number of element :3
06-08 16:21:38.370   233   233 I irsc_util: file_parser Number of element :3
06-08 16:21:38.370   233   233 I irsc_util: file_parser Number of element :3
06-08 16:21:38.370   233   233 I irsc_util: file_parser Number of element :3
06-08 16:21:38.370   233   233 I irsc_util: file_parser Number of element :3
06-08 16:21:38.370   233   233 I irsc_util: file_parser Number of element :3
06-08 16:21:38.370   233   233 I irsc_util: file_parser Number of element :3
06-08 16:21:38.370   233   233 I irsc_util: file_parser Number of element :3
06-08 16:21:38.370   233   233 I irsc_util: file_parser Number of element :3
06-08 16:21:38.370   233   233 I irsc_util: file_parser Number of element :3
06-08 16:21:38.370   233   233 I irsc_util: file_parser Number of element :3
06-08 16:21:38.370   233   233 I irsc_util: file_parser Number of element :3
06-08 16:21:38.370   233   233 I irsc_util: file_parser Number of element :3
06-08 16:21:38.370   233   233 I irsc_util: file_parser Number of element :3
06-08 16:21:38.370   233   233 I irsc_util: file_parser Number of element :3
06-08 16:21:38.370   233   233 I irsc_util: file_parser Number of element :3
06-08 16:21:38.370   233   233 I irsc_util: file_parser Number of element :3
06-08 16:21:38.370   233   233 I irsc_util: file_parser Number of element :3
06-08 16:21:38.370   233   233 I irsc_util: file_parser Number of element :3
06-08 16:21:38.370   233   233 I irsc_util: file_parser Number of element :3
06-08 16:21:38.370   233   233 I irsc_util: file_parser Number of element :3
06-08 16:21:38.370   233   233 I irsc_util: file_parser Number of element :3
06-08 16:21:38.370   233   233 I irsc_util: file_parser Number of element :3
06-08 16:21:38.370   233   233 I irsc_util: file_parser Number of element :3
06-08 16:21:38.370   233   233 I irsc_util: file_parser Number of element :3
06-08 16:21:38.370   233   233 I irsc_util: file_parser Number of element :3
06-08 16:21:38.370   233   233 I irsc_util: file_parser Number of element :3
06-08 16:21:38.370   233   233 I irsc_util: file_parser Number of element :3
06-08 16:21:38.370   233   233 I irsc_util: file_parser Number of element :3
06-08 16:21:38.370   233   233 I irsc_util: file_parser Number of element :3
06-08 16:21:38.370   233   233 I irsc_util: file_parser Number of element :3
06-08 16:21:38.370   233   233 I irsc_util: file_parser Number of element :3
06-08 16:21:38.370   233   233 I irsc_util: file_parser Number of element :3
06-08 16:21:38.370   233   233 I irsc_util: file_parser Number of element :3
06-08 16:21:38.370   233   233 I irsc_util: file_parser Number of element :3
06-08 16:21:38.370   233   233 I irsc_util: file_parser Number of element :3
06-08 16:21:38.370   233   233 I irsc_util: file_parser Number of element :3
06-08 16:21:38.370   233   233 I irsc_util: file_parser Number of element :3
06-08 16:21:38.370   233   233 I irsc_util: file_parser Number of element :3
06-08 16:21:38.370   233   233 I irsc_util: file_parser Number of element :3
06-08 16:21:38.370   233   233 I irsc_util: file_parser Number of element :3
06-08 16:21:38.370   233   233 I irsc_util: file_parser Number of element :3
06-08 16:21:38.370   233   233 I irsc_util: file_parser Number of element :3
06-08 16:21:38.370   233   233 I irsc_util: file_parser Number of element :3
06-08 16:21:38.370   233   233 I irsc_util: file_parser Number of element :3
06-08 16:21:38.370   233   233 I irsc_util: file_parser Number of element :3
06-08 16:21:38.370   233   233 I irsc_util: file_parser Number of element :3
06-08 16:21:38.370   233   233 I irsc_util: file_parser Number of element :3
06-08 16:21:38.370   233   233 I irsc_util: file_parser Number of element :3
06-08 16:21:38.370   233   233 I irsc_util: file_parser Number of element :3
06-08 16:21:38.370   233   233 I irsc_util: file_parser Number of element :3
06-08 16:21:38.370   233   233 I irsc_util: file_parser Number of element :3
06-08 16:21:38.370   233   233 I irsc_util: file_parser Number of element :3
06-08 16:21:38.370   233   233 I irsc_util: file_parser Number of element :3
06-08 16:21:38.370   233   233 I irsc_util: file_parser Number of element :3
06-08 16:21:38.370   233   233 I irsc_util: file_parser Number of element :3
06-08 16:21:38.370   233   233 I irsc_util: file_parser Number of element :3
06-08 16:21:38.370   233   233 I irsc_util: file_parser Number of element :3
06-08 16:21:38.370   233   233 I irsc_util: file_parser Number of element :3
06-08 16:21:38.370   233   233 I irsc_util: file_parser Number of element :3
06-08 16:21:38.370   233   233 I irsc_util: file_parser Number of element :3
06-08 16:21:38.370   233   233 I irsc_util: file_parser Number of element :3
06-08 16:21:38.370   233   233 I irsc_util: file_parser Number of element :3
06-08 16:21:38.370   233   233 I irsc_util: file_parser Number of element :3
06-08 16:21:38.370   233   233 I irsc_util: file_parser Number of element :3
06-08 16:21:38.370   233   233 I irsc_util: file_parser Number of element :3
06-08 16:21:38.370   233   233 I irsc_util: file_parser Number of element :3
06-08 16:21:38.370   233   233 I irsc_util: file_parser Number of element :3
06-08 16:21:38.370   233   233 I irsc_util: file_parser Number of element :3
06-08 16:21:38.370   233   233 I irsc_util: file_parser Number of element :3
06-08 16:21:38.370   233   233 I irsc_util: file_parser Number of element :3
06-08 16:21:38.370   233   233 I irsc_util: file_parser Number of element :3
06-08 16:21:38.370   233   233 I irsc_util: file_parser Number of element :3
06-08 16:21:38.370   233   233 I irsc_util: file_parser Number of element :3
06-08 16:21:38.370   233   233 I irsc_util: file_parser Number of element :3
06-08 16:21:38.370   233   233 I irsc_util: file_parser Number of element :3
06-08 16:21:38.370   233   233 I irsc_util: file_parser Number of element :3
06-08 16:21:38.370   233   233 I irsc_util: file_parser Number of element :3
06-08 16:21:38.370   233   233 I irsc_util: file_parser Number of element :3
06-08 16:21:38.370   233   233 I irsc_util: file_parser Number of element :3
06-08 16:21:38.370   233   233 I irsc_util: file_parser Number of element :3
06-08 16:21:38.370   233   233 I irsc_util: file_parser Number of element :3
06-08 16:21:38.370   233   233 I irsc_util: file_parser Number of element :3
06-08 16:21:38.370   233   233 I irsc_util: file_parser Number of element :3
06-08 16:21:38.370   233   233 I irsc_util: file_parser Number of element :3
06-08 16:21:38.370   233   233 I irsc_util: file_parser Number of element :3
