07-19 15:54:42.099 D/fsck_msdos(  869): Verify Filesystem information
07-19 15:54:42.099 W/fsck_msdos(  869): 6 files, 1897824 free (59307 clusters)
07-19 15:54:42.099 I/fsck_msdos(  869): free_rb_tree 
07-19 15:54:42.099 I/fsck_msdos(  869): free_fragment_tree
07-19 15:54:42.099 I/fsck_msdos(  869): free_fragment_tree
07-19 15:54:42.099 I/fsck_msdos(  869): free_fragment_tree: rb_tree is empty 
07-19 15:54:42.109 I/Vold    (  214): Filesystem check completed OK
07-19 15:54:42.139 I/ActivityManager(  506): Start proc com.android.onetimeinitializer for broadcast com.android.onetimeinitializer/.OneTimeInitializerReceiver: pid=907 uid=10006 gids={50006}
07-19 15:54:42.159 D/Vold    (  214): Volume sdcard1 state changing 3 (Checking) -> 4 (Mounted)
07-19 15:54:42.159 D/MountService(  506): volume state changed for /storage/sdcard1 (checking -> mounted)
07-19 15:54:42.159 W/MountService(  506): Duplicate state transition (mounted -> mounted) for /storage/emulated/0
07-19 15:54:42.159 D/MountService(  506): sendStorageIntent Intent { act=android.intent.action.MEDIA_MOUNTED dat=file:///storage/sdcard1 (has extras) } to UserHandle{-1}
07-19 15:54:42.239 W/ContextImpl(  506): Calling a method in the system process without a qualified user: android.app.ContextImpl.startService:1504 android.content.ContextWrapper.startService:494 android.content.ContextWrapper.startService:494 com.dsi.ant.server.AntService.startService:125 com.dsi.ant.server.startup.BootCompletedReceiver.onReceive:41 
07-19 15:54:42.249 I/ActivityManager(  506): Start proc com.android.email for broadcast com.android.email/.service.EmailBroadcastReceiver: pid=944 uid=10016 gids={50016, 3003, 1028, 1015}
07-19 15:54:42.359 D/ActivityThread(  944): Loading provider com.android.email.provider;com.android.email.notifier: com.android.email.provider.EmailProvider
07-19 15:54:42.369 D/ActivityThread(  944): Loading provider com.android.email.provider;com.android.email.notifier: com.android.email.provider.EmailProvider
07-19 15:54:42.369 D/ActivityThread(  944): Loading provider com.android.email.provider;com.android.email.notifier: com.android.email.provider.EmailProvider
07-19 15:54:42.399 W/ContextImpl(  663): Calling a method in the system process without a qualified user: android.app.ContextImpl.startService:1504 android.content.ContextWrapper.startService:494 android.content.ContextWrapper.startService:494 com.qualcomm.qti.services.secureui.BootReceiver.onReceive:30 android.app.ActivityThread.handleReceiver:2410 
07-19 15:54:42.409 I/ActivityManager(  506): Start proc com.android.music for broadcast com.android.music/.MediaButtonIntentReceiver: pid=969 uid=10020 gids={50020, 3003, 1028, 1015, 3002}
07-19 15:54:42.429 W/ContextImpl(  663): Calling a method in the system process without a qualified user: android.app.ContextImpl.bindService:1568 android.content.ContextWrapper.bindService:517 com.qualcomm.qti.services.secureui.WfdReceiver.<init>:37 com.qualcomm.qti.services.secureui.SecureUIService.run:91 java.lang.Thread.run:841 
07-19 15:54:42.429 W/ActivityManager(  506): Unable to start service Intent { act=com.qualcomm.wfd.service.WfdService } U=0: not found
07-19 15:54:42.469 I/ActivityManager(  506): Start proc com.android.externalstorage for broadcast com.android.externalstorage/.MountReceiver: pid=981 uid=10002 gids={50002, 1028, 1015, 1023}
07-19 15:54:42.469 E/ActivityThread(  506): Failed to find provider info for telephony
07-19 15:54:42.529 W/ActivityManager(  506): Unable to start service Intent { cmp=com.android.email/.service.AttachmentDownloadService } U=0: not found
07-19 15:54:42.529 W/ActivityManager(  506): Unable to start service Intent { cmp=com.android.email/.service.AttachmentDownloadService } U=0: not found
07-19 15:54:42.529 W/ActivityManager(  506): Unable to start service Intent { act=com.android.email.EXCHANGE_INTENT pkg=com.android.exchange } U=0: not found
07-19 15:54:42.609 W/FileUtils(  872): Failed to chmod(/storage/sata0/US/databases/vivapro-db): libcore.io.ErrnoException: chmod failed: EPERM (Operation not permitted)
07-19 15:54:42.639 W/ActivityManager(  506): Unable to start service Intent { cmp=com.android.email/.service.AttachmentDownloadService } U=0: not found
07-19 15:54:42.639 W/ActivityManager(  506): Unable to start service Intent { cmp=com.android.email/.service.AttachmentDownloadService } U=0: not found
07-19 15:54:43.419 V/EthernetMonitor(  506): get event eth0:16:
07-19 15:54:43.419 V/EthernetMonitor(  506): dev: eth0 ev 16
07-19 15:54:43.419 I/EthernetStateTracker(  506): report event 6 on dev eth0
07-19 15:54:43.419 V/EthernetStateTracker(  506): update network state tracker
07-19 15:54:43.419 V/EthernetMonitor(  506): go poll events
07-19 15:54:43.419 I/EthernetStateTracker(  506): reset device eth0
07-19 15:54:43.689 W/FileUtils(  872): Failed to chmod(/storage/sata0/US/shared_prefs/preference.xml): libcore.io.ErrnoException: chmod failed: EPERM (Operation not permitted)
07-19 15:54:43.689 I/EthernetStateTracker(  506): event: 6  DISCONNECTED ==> OBTAINING_IPADDR
07-19 15:54:43.689 I/EthernetStateTracker(  506): Broadcasting Ethernet: 2 OBTAINING_IPADDR
07-19 15:54:43.689 W/ContextImpl(  506): Calling a method in the system process without a qualified user: android.app.ContextImpl.sendStickyBroadcast:1306 android.net.ethernet.EthernetStateTracker.broadcastState:660 android.net.ethernet.EthernetStateTracker.updateState:461 android.net.ethernet.EthernetStateTracker.handleMessage:491 android.os.Handler.dispatchMessage:102 
07-19 15:54:43.689 I/EthernetStateTracker(  506): trigger dhcp for device eth0
07-19 15:54:43.689 D/EthernetStateTracker(  506): DhcpHandler: DHCP request started
07-19 15:54:43.829 V/EthernetMonitor(  506): get event eth0:20:
07-19 15:54:43.829 V/EthernetMonitor(  506): dev: eth0 ev 20
07-19 15:54:43.829 I/EthernetStateTracker(  506): report event 3 on dev eth0
07-19 15:54:43.829 V/EthernetStateTracker(  506): update network state tracker
07-19 15:54:43.829 V/EthernetMonitor(  506): go poll events
07-19 15:54:43.829 I/EthernetStateTracker(  506): event: 3  OBTAINING_IPADDR ==> CONNECTED
07-19 15:54:43.829 I/EthernetStateTracker(  506): Broadcasting Ethernet: 2 CONNECTED
07-19 15:54:43.829 W/ContextImpl(  506): Calling a method in the system process without a qualified user: android.app.ContextImpl.sendStickyBroadcast:1306 android.net.ethernet.EthernetStateTracker.broadcastState:660 android.net.ethernet.EthernetStateTracker.updateState:461 android.net.ethernet.EthernetStateTracker.handleMessage:474 android.os.Handler.dispatchMessage:102 
07-19 15:54:43.829 D/QcConnectivityService(  506): Setting TCP values: [0] which comes from [net.tcp.usercfg.default]
07-19 15:54:43.829 D/QcConnectivityService(  506): Setting TCP values: [1] which comes from [net.tcp.delack.default]
07-19 15:54:43.829 E/QcConnectivityService(  506): Unexpected mtu value: Handler (android.net.ethernet.EthernetStateTracker) {419eb300}
07-19 15:54:43.829 E/QcConnectivityService(  506): no dns provided for ETHERNET - using 8.8.8.8
07-19 15:54:43.839 D/Nat464Xlat(  506): requiresClat: netType=9, hasIPv4Address=false
07-19 15:54:44.099 D/EthernetStateTracker(  506): DhcpHandler: DHCP request succeeded: {InterfaceName: eth0 LinkAddresses: [10.82.78.47/24,]  Routes: [10.82.78.0/24 -> 0.0.0.0,0.0.0.0/0 -> 10.82.78.254,] DnsAddresses: [10.82.12.11,10.82.12.12,] Domains: qgroup.corp.comMTU: 0} DHCP server /10.82.15.101 Vendor info  lease 604800 seconds
07-19 15:54:44.249 E/ActivityThread(  506): Failed to find provider info for telephony
07-19 15:54:44.979 I/ActivityManager(  506): START u0 {cmp=com.qisda.viva/.ScanModeActivity} from pid 872
07-19 15:54:44.989 I/EthernetManager(  872): Init Ethernet Manager, service: android.net.ethernet.IEthernetManager$Stub$Proxy@41870380
07-19 15:54:45.149 W/ContextImpl(  872): Calling a method in the system process without a qualified user: android.app.ContextImpl.startService:1504 android.content.ContextWrapper.startService:494 com.qisda.viva.ScanModeActivity.onCreate:270 android.app.Activity.performCreate:5231 android.app.Instrumentation.callActivityOnCreate:1087 
07-19 15:54:45.159 W/ContextImpl(  872): Calling a method in the system process without a qualified user: android.app.ContextImpl.startService:1504 android.content.ContextWrapper.startService:494 com.qisda.viva.ScanModeActivity.onCreate:271 android.app.Activity.performCreate:5231 android.app.Instrumentation.callActivityOnCreate:1087 
07-19 15:54:45.199 W/ContextImpl(  872): Calling a method in the system process without a qualified user: android.app.ContextImpl.bindService:1568 android.content.ContextWrapper.bindService:517 com.qisda.viva.view.StatusBar.doBindService:578 com.qisda.viva.view.StatusBar.init:395 com.qisda.viva.fragments.DeviceStatusFragment.onCreateView:33 
07-19 15:54:45.869 W/ProcessCpuTracker(  506): Skipping unknown process pid 1076
07-19 15:54:45.869 W/ProcessCpuTracker(  506): Skipping unknown process pid 1079
07-19 15:54:45.869 W/ProcessCpuTracker(  506): Skipping unknown process pid 1080
07-19 15:54:46.779 V/EthernetMonitor(  506): get event 
07-19 15:54:46.779 V/EthernetMonitor(  506): go poll events
07-19 15:54:46.789 V/EthernetMonitor(  506): get event 
07-19 15:54:46.789 V/EthernetMonitor(  506): go poll events
07-19 15:54:46.849 E/ActivityThread(  506): Failed to find provider info for telephony
07-19 15:54:46.949 V/EthernetMonitor(  506): get event 
07-19 15:54:46.949 V/EthernetMonitor(  506): go poll events
07-19 15:54:46.949 V/EthernetMonitor(  506): get event 
07-19 15:54:46.949 V/EthernetMonitor(  506): go poll events
07-19 15:54:47.139 V/EthernetMonitor(  506): get event 
07-19 15:54:47.139 V/EthernetMonitor(  506): go poll events
07-19 15:54:47.759 V/EthernetMonitor(  506): get event 
07-19 15:54:47.759 V/EthernetMonitor(  506): go poll events
07-19 15:54:47.779 V/EthernetMonitor(  506): get event 
07-19 15:54:47.779 V/EthernetMonitor(  506): go poll events
07-19 15:54:47.869 V/EthernetMonitor(  506): get event 
07-19 15:54:47.869 V/EthernetMonitor(  506): go poll events
07-19 15:54:47.879 V/EthernetMonitor(  506): get event 
07-19 15:54:47.879 V/EthernetMonitor(  506): go poll events
07-19 15:54:47.879 V/EthernetMonitor(  506): get event 
07-19 15:54:47.879 V/EthernetMonitor(  506): go poll events
07-19 15:54:47.879 V/EthernetMonitor(  506): get event 
07-19 15:54:47.879 V/EthernetMonitor(  506): go poll events
07-19 15:54:47.879 V/EthernetMonitor(  506): get event 
07-19 15:54:47.879 V/EthernetMonitor(  506): go poll events
07-19 15:54:47.879 V/EthernetMonitor(  506): get event 
07-19 15:54:47.879 V/EthernetMonitor(  506): go poll events
07-19 15:54:47.879 V/EthernetMonitor(  506): get event 
07-19 15:54:47.889 V/EthernetMonitor(  506): go poll events
07-19 15:54:47.889 V/EthernetMonitor(  506): get event 
07-19 15:54:47.889 V/EthernetMonitor(  506): go poll events
07-19 15:54:48.399 V/EthernetMonitor(  506): get event 
07-19 15:54:48.399 V/EthernetMonitor(  506): go poll events
07-19 15:54:48.539 D/QcConnectivityService(  506): Captive portal check NetworkInfo: type: WIFI[], state: CONNECTING/CAPTIVE_PORTAL_CHECK, reason: (unspecified), extra: "DIR-615", roaming: false, failover: false, isAvailable: true, isConnectedToProvisioningNetwork: false
07-19 15:54:48.539 D/QcConnectivityService(  506): Tear down low priority net WIFI
07-19 15:54:48.539 D/QcConnectivityService(  506): handleInetConditionChange: net=0 != default=9 - ignore
07-19 15:54:48.559 V/EthernetMonitor(  506): get event 
07-19 15:54:48.559 V/EthernetMonitor(  506): go poll events
07-19 15:54:48.559 V/EthernetMonitor(  506): get event 
07-19 15:54:48.559 V/EthernetMonitor(  506): go poll events
07-19 15:54:48.559 V/EthernetMonitor(  506): get event 
07-19 15:54:48.559 V/EthernetMonitor(  506): go poll events
07-19 15:54:48.569 V/EthernetMonitor(  506): get event 
07-19 15:54:48.569 V/EthernetMonitor(  506): go poll events
07-19 15:54:48.569 D/QcConnectivityService(  506): Attempting to switch to BLUETOOTH_TETHER
07-19 15:54:48.569 D/QcConnectivityService(  506): Attempting to switch to ETHERNET
07-19 15:54:48.569 D/Nat464Xlat(  506): requiresClat: netType=1, hasIPv4Address=false
07-19 15:54:48.779 V/EthernetMonitor(  506): get event 
07-19 15:54:48.779 V/EthernetMonitor(  506): go poll events
07-19 15:54:49.169 V/EthernetMonitor(  506): get event 
07-19 15:54:49.169 V/EthernetMonitor(  506): go poll events
07-19 15:54:49.299 V/EthernetMonitor(  506): get event 
07-19 15:54:49.299 V/EthernetMonitor(  506): go poll events
07-19 15:54:49.299 V/EthernetMonitor(  506): get event 
07-19 15:54:49.299 V/EthernetMonitor(  506): go poll events
07-19 15:54:49.299 V/EthernetMonitor(  506): get event 
07-19 15:54:49.299 V/EthernetMonitor(  506): go poll events
07-19 15:54:49.299 V/EthernetMonitor(  506): get event 
07-19 15:54:49.299 V/EthernetMonitor(  506): go poll events
07-19 15:54:49.299 V/EthernetMonitor(  506): get event 
07-19 15:54:49.299 V/EthernetMonitor(  506): go poll events
07-19 15:54:49.299 V/EthernetMonitor(  506): get event 
07-19 15:54:49.299 V/EthernetMonitor(  506): go poll events
07-19 15:54:49.299 V/EthernetMonitor(  506): get event 
07-19 15:54:49.299 V/EthernetMonitor(  506): go poll events
07-19 15:54:49.319 V/EthernetMonitor(  506): get event 
07-19 15:54:49.319 V/EthernetMonitor(  506): go poll events
07-19 15:54:49.819 V/EthernetMonitor(  506): get event 
07-19 15:54:49.819 V/EthernetMonitor(  506): go poll events
07-19 15:54:49.959 D/QcConnectivityService(  506): Captive portal check NetworkInfo: type: WIFI[], state: CONNECTING/CAPTIVE_PORTAL_CHECK, reason: (unspecified), extra: "DIR-615", roaming: false, failover: false, isAvailable: true, isConnectedToProvisioningNetwork: false
07-19 15:54:49.959 D/QcConnectivityService(  506): Tear down low priority net WIFI
07-19 15:54:49.959 D/QcConnectivityService(  506): handleInetConditionChange: net=0 != default=9 - ignore
07-19 15:54:50.639 W/ContextImpl(  872): Calling a method in the system process without a qualified user: android.app.ContextImpl.bindService:1568 android.content.ContextWrapper.bindService:517 com.qisda.viva.fragments.ControlHorizontalViewFragment.bindExportToExternalService:1378 com.qisda.viva.fragments.ControlHorizontalViewFragment.onStart:578 android.support.v4.app.Fragment.performStart:1528 
07-19 15:54:51.609 E/ActivityThread(  506): Failed to find provider info for telephony
07-19 15:54:51.609 E/ActivityThread(  506): Failed to find provider info for telephony
07-19 15:54:51.949 W/ActivityManager(  506): Launch timeout has expired, giving up wake lock!
07-19 15:54:57.449 I/ActivityManager(  506): Waited long enough for: ServiceRecord{41ba24b0 u0 com.android.music/.MediaPlaybackService}
--------- beginning of /dev/log/main
07-19 15:55:27.519 D/US_ScanProcessController(  228): FrameProcessingListener: process B frame, fpSleepTime = -12331.3, fpDiffTime = 33299.0, fpProcessFrameTime = 21.0, pstFrameParameters->iCompoundingType =2, pstFrameParameters->iCurrentCompoundIndex=1
07-19 15:55:27.519 D/US_ScanProcessController(  228): MultiFrameProcessing() send  condStartFrameProcessing (B), m_iSkipFocusIndex = 1, iCurrentFocusIndex = 1, m_iSkipCompoundIndex = 3, iCurrentCompoundIndex = 1
07-19 15:55:27.519 I/US_ScanProcessController(  228): MultiFrameReceiving EN : iBufferSize=136448, pRawFrame=0x7c779008, ReceiveRawFrame table=19
07-19 15:55:27.529 D/US_ScanProcessController(  228): m_iReceivedBFrameSize=134912 134912, m_iReceivedColorFrameSize=0 0, m_iReceivedWaveFrameSize=0 0 (0, 0)
07-19 15:55:27.529 I/US_StoreController(  228): StoreFrameInMemory() m_pStorePara->iBStoreFrameIndex = 173, iCurrentCompoundIndex = 2, iCurrentENVIndex = 0, iScanLineNum = 256, iSampleNum = 527
07-19 15:55:27.529 I/US_ScanProcessController(  228): MultiFrameReceiving EN : iBufferSize=136448, pRawFrame=0x7c779008, ReceiveRawFrame table=19
07-19 15:55:27.549 D/US_ScanProcessController(  228): m_iReceivedBFrameSize=134912 134912, m_iReceivedColorFrameSize=0 0, m_iReceivedWaveFrameSize=0 0 (0, 0)
07-19 15:55:27.549 I/US_StoreController(  228): StoreFrameInMemory() m_pStorePara->iBStoreFrameIndex = 174, iCurrentCompoundIndex = 3, iCurrentENVIndex = 0, iScanLineNum = 256, iSampleNum = 527
07-19 15:55:27.549 D/US_ScanProcessController(  228): FrameProcessingListener: wait  17510.000000 micro sec
07-19 15:55:27.549 D/US_StoreController(  228): CopyFrameData() iDataMode = 1, iFrameIndex = 174, iScanLineNum = 256, iSampleNum = 527, m_pStorePara->iInitStoreIndex = 0
07-19 15:55:27.549 D/US_ScanProcessController(  228): FrameProcessingListener: process B frame, fpSleepTime = -11914.3, fpDiffTime = 32882.0, fpProcessFrameTime = 21.0, pstFrameParameters->iCompoundingType =2, pstFrameParameters->iCurrentCompoundIndex=3
07-19 15:55:27.549 D/US_ScanProcessController(  228): MultiFrameProcessing() send  condStartFrameProcessing (B), m_iSkipFocusIndex = 1, iCurrentFocusIndex = 1, m_iSkipCompoundIndex = 2, iCurrentCompoundIndex = 3
07-19 15:55:27.549 D/US_ScanProcessController(  228): iUpdateFrameType: 1: iReceivedFrameSize=409344 iReceivedScanLine=384
07-19 15:55:27.549 D/US_ParametersController(  228): UpdateEngineConfig, m_stEngineParameters.ModeConfig_SW->iStartLineNum_B=1 m_stEngineParameters.ModeConfig_SW->iEndLineNum_B=256 iLineDensity=1
07-19 15:55:27.559 D/US_ParametersController(  228): UpdateModeConfig, ModeConfig->NSI[Group_B]=5181 ModeConfig->MaxDepth[Group_B]=8744 ModeConfig->NumOfLineSample[Group_B]=1054
07-19 15:55:27.559 I/US_ParametersController(  228): ScanScheduling: iFrameType=1, b2DRefreash=0
07-19 15:55:27.559 D/US_ParametersController(  228): m_stEngineParameters.BeamformerConfig->NumOfSettingIndex=768
07-19 15:55:27.559 D/US_ParametersController(  228): iNumOfSteeringAngle=3 iNumOfFocalPoint=1 iNumOfScanLine=256 iNumOfRxBeam_B=2
07-19 15:55:27.559 D/US_ScanProcessController(  228): SystemStatus =514  ProcessRequest=1024 iSystemMode=1
07-19 15:55:27.559 D/US_ScanProcessController(  228): iScanSequencyFrameSize=409344, AllocateFrameBuffer iUpdateFrameType=1 iFrameSize=137984
07-19 15:55:27.559 I/US_ScanProcessController(  228): MultiFrameReceiving EN : iBufferSize=136448, pRawFrame=0x7c779008, ReceiveRawFrame table=19
07-19 15:55:27.569 D/US_ScanProcessController(  228): m_iReceivedBFrameSize=134912 134912, m_iReceivedColorFrameSize=0 0, m_iReceivedWaveFrameSize=0 0 (0, 0)
07-19 15:55:27.569 I/US_StoreController(  228): StoreFrameInMemory() m_pStorePara->iBStoreFrameIndex = 175, iCurrentCompoundIndex = 1, iCurrentENVIndex = 0, iScanLineNum = 256, iSampleNum = 527
07-19 15:55:27.569 I/US_ScanProcessController(  228): MultiFrameReceiving EN : iBufferSize=136448, pRawFrame=0x7c779008, ReceiveRawFrame table=19
07-19 15:55:27.579 D/US_ScanProcessController(  228): m_iReceivedBFrameSize=134912 134912, m_iReceivedColorFrameSize=0 0, m_iReceivedWaveFrameSize=0 0 (0, 0)
07-19 15:55:27.579 I/US_StoreController(  228): StoreFrameInMemory() m_pStorePara->iBStoreFrameIndex = 176, iCurrentCompoundIndex = 2, iCurrentENVIndex = 0, iScanLineNum = 256, iSampleNum = 527
07-19 15:55:27.579 D/US_ScanProcessController(  228): MultiFrameProcessing() send  condStartFrameProcessing (B), m_iSkipFocusIndex = 1, iCurrentFocusIndex = 1, m_iSkipCompoundIndex = 1, iCurrentCompoundIndex = 2
07-19 15:55:27.579 D/US_ScanProcessController(  228): FrameProcessingListener: wait  17321.000000 micro sec
07-19 15:55:27.579 D/US_StoreController(  228): CopyFrameData() iDataMode = 1, iFrameIndex = 176, iScanLineNum = 256, iSampleNum = 527, m_pStorePara->iInitStoreIndex = 0
07-19 15:55:27.579 D/US_ScanProcessController(  228): FrameProcessingListener: process B frame, fpSleepTime = -12410.3, fpDiffTime = 33378.0, fpProcessFrameTime = 21.0, pstFrameParameters->iCompoundingType =2, pstFrameParameters->iCurrentCompoundIndex=2
07-19 15:55:27.579 I/US_ScanProcessController(  228): MultiFrameReceiving EN : iBufferSize=136448, pRawFrame=0x7c779008, ReceiveRawFrame table=19
07-19 15:55:27.599 D/US_ScanProcessController(  228): m_iReceivedBFrameSize=134912 134912, m_iReceivedColorFrameSize=0 0, m_iReceivedWaveFrameSize=0 0 (0, 0)
07-19 15:55:27.599 I/US_StoreController(  228): StoreFrameInMemory() m_pStorePara->iBStoreFrameIndex = 177, iCurrentCompoundIndex = 3, iCurrentENVIndex = 0, iScanLineNum = 256, iSampleNum = 527
07-19 15:55:27.599 D/US_ScanProcessController(  228): iUpdateFrameType: 1: iReceivedFrameSize=409344 iReceivedScanLine=384
07-19 15:55:27.599 D/US_ParametersController(  228): UpdateEngineConfig, m_stEngineParameters.ModeConfig_SW->iStartLineNum_B=1 m_stEngineParameters.ModeConfig_SW->iEndLineNum_B=256 iLineDensity=1
07-19 15:55:27.599 D/US_ParametersController(  228): UpdateModeConfig, ModeConfig->NSI[Group_B]=5181 ModeConfig->MaxDepth[Group_B]=8744 ModeConfig->NumOfLineSample[Group_B]=1054
07-19 15:55:27.599 I/US_ParametersController(  228): ScanScheduling: iFrameType=1, b2DRefreash=0
07-19 15:55:27.599 D/US_ParametersController(  228): m_stEngineParameters.BeamformerConfig->NumOfSettingIndex=768
07-19 15:55:27.599 D/US_ParametersController(  228): iNumOfSteeringAngle=3 iNumOfFocalPoint=1 iNumOfScanLine=256 iNumOfRxBeam_B=2
07-19 15:55:27.599 D/US_ScanProcessController(  228): SystemStatus =514  ProcessRequest=1024 iSystemMode=1
07-19 15:55:27.599 D/US_ScanProcessController(  228): iScanSequencyFrameSize=409344, AllocateFrameBuffer iUpdateFrameType=1 iFrameSize=137984
07-19 15:55:27.599 I/US_ScanProcessController(  228): MultiFrameReceiving EN : iBufferSize=136448, pRawFrame=0x7c779008, ReceiveRawFrame table=19
07-19 15:55:27.609 D/US_ScanProcessController(  228): m_iReceivedBFrameSize=134912 134912, m_iReceivedColorFrameSize=0 0, m_iReceivedWaveFrameSize=0 0 (0, 0)
07-19 15:55:27.609 I/US_StoreController(  228): StoreFrameInMemory() m_pStorePara->iBStoreFrameIndex = 178, iCurrentCompoundIndex = 1, iCurrentENVIndex = 0, iScanLineNum = 256, iSampleNum = 527
07-19 15:55:27.619 D/US_ScanProcessController(  228): MultiFrameProcessing() send  condStartFrameProcessing (B), m_iSkipFocusIndex = 1, iCurrentFocusIndex = 1, m_iSkipCompoundIndex = 3, iCurrentCompoundIndex = 1
07-19 15:55:27.619 D/US_ScanProcessController(  228): FrameProcessingListener: wait  19651.000000 micro sec
07-19 15:55:27.619 D/US_StoreController(  228): CopyFrameData() iDataMode = 1, iFrameIndex = 178, iScanLineNum = 256, iSampleNum = 527, m_pStorePara->iInitStoreIndex = 0
07-19 15:55:27.619 D/US_ScanProcessController(  228): FrameProcessingListener: process B frame, fpSleepTime = -12450.3, fpDiffTime = 33418.0, fpProcessFrameTime = 21.0, pstFrameParameters->iCompoundingType =2, pstFrameParameters->iCurrentCompoundIndex=1
07-19 15:55:27.619 I/US_ScanProcessController(  228): MultiFrameReceiving EN : iBufferSize=136448, pRawFrame=0x7c779008, ReceiveRawFrame table=19
07-19 15:55:27.629 D/US_ScanProcessController(  228): m_iReceivedBFrameSize=134912 134912, m_iReceivedColorFrameSize=0 0, m_iReceivedWaveFrameSize=0 0 (0, 0)
07-19 15:55:27.629 I/US_StoreController(  228): StoreFrameInMemory() m_pStorePara->iBStoreFrameIndex = 179, iCurrentCompoundIndex = 2, iCurrentENVIndex = 0, iScanLineNum = 256, iSampleNum = 527
07-19 15:55:27.629 D/US_ScanProcessController(  228): MultiFrameProcessing() send  condStartFrameProcessing (B), m_iSkipFocusIndex = 1, iCurrentFocusIndex = 1, m_iSkipCompoundIndex = 3, iCurrentCompoundIndex = 2
07-19 15:55:27.629 I/US_ScanProcessController(  228): MultiFrameReceiving EN : iBufferSize=136448, pRawFrame=0x7c779008, ReceiveRawFrame table=19
07-19 15:55:27.649 D/US_ScanProcessController(  228): m_iReceivedBFrameSize=134912 134912, m_iReceivedColorFrameSize=0 0, m_iReceivedWaveFrameSize=0 0 (0, 0)
07-19 15:55:27.649 I/US_StoreController(  228): StoreFrameInMemory() m_pStorePara->iBStoreFrameIndex = 180, iCurrentCompoundIndex = 3, iCurrentENVIndex = 0, iScanLineNum = 256, iSampleNum = 527
07-19 15:55:27.649 D/US_ScanProcessController(  228): MultiFrameProcessing() send  condStartFrameProcessing (B), m_iSkipFocusIndex = 1, iCurrentFocusIndex = 1, m_iSkipCompoundIndex = 3, iCurrentCompoundIndex = 3
07-19 15:55:27.649 D/US_ScanProcessController(  228): iUpdateFrameType: 1: iReceivedFrameSize=409344 iReceivedScanLine=384
07-19 15:55:27.649 D/US_ParametersController(  228): UpdateEngineConfig, m_stEngineParameters.ModeConfig_SW->iStartLineNum_B=1 m_stEngineParameters.ModeConfig_SW->iEndLineNum_B=256 iLineDensity=1
07-19 15:55:27.659 D/US_ParametersController(  228): UpdateModeConfig, ModeConfig->NSI[Group_B]=5181 ModeConfig->MaxDepth[Group_B]=8744 ModeConfig->NumOfLineSample[Group_B]=1054
07-19 15:55:27.659 D/US_ScanProcessController(  228): FrameProcessingListener: pCScanProcessController->m_FrameParameters_queue.size() = 2
07-19 15:55:27.659 D/US_StoreController(  228): CopyFrameData() iDataMode = 1, iFrameIndex = 179, iScanLineNum = 256, iSampleNum = 527, m_pStorePara->iInitStoreIndex = 0
07-19 15:55:27.659 D/US_ScanProcessController(  228): FrameProcessingListener: process B frame, fpSleepTime = -21773.3, fpDiffTime = 42741.0, fpProcessFrameTime = 21.0, pstFrameParameters->iCompoundingType =2, pstFrameParameters->iCurrentCompoundIndex=2
07-19 15:55:27.659 I/US_ParametersController(  228): ScanScheduling: iFrameType=1, b2DRefreash=0
07-19 15:55:27.659 D/US_ParametersController(  228): m_stEngineParameters.BeamformerConfig->NumOfSettingIndex=768
07-19 15:55:27.659 D/US_ParametersController(  228): iNumOfSteeringAngle=3 iNumOfFocalPoint=1 iNumOfScanLine=256 iNumOfRxBeam_B=2
07-19 15:55:27.669 D/US_ScanProcessController(  228): SystemStatus =514  ProcessRequest=1024 iSystemMode=1
07-19 15:55:27.669 D/US_ScanProcessController(  228): iScanSequencyFrameSize=409344, AllocateFrameBuffer iUpdateFrameType=1 iFrameSize=137984
07-19 15:55:27.669 D/US_ScanProcessController(  228): FrameProcessingListener: pCScanProcessController->m_FrameParameters_queue.size() = 1
07-19 15:55:27.669 D/US_StoreController(  228): CopyFrameData() iDataMode = 1, iFrameIndex = 180, iScanLineNum = 256, iSampleNum = 527, m_pStorePara->iInitStoreIndex = 0
07-19 15:55:27.679 I/US_ScanProcessController(  228): MultiFrameReceiving EN : iBufferSize=136448, pRawFrame=0x7c779008, ReceiveRawFrame table=19
07-19 15:55:27.679 D/US_ScanProcessController(  228): FrameProcessingListener: process B frame, fpSleepTime = 4821.7, fpDiffTime = 16146.0, fpProcessFrameTime = 21.0, pstFrameParameters->iCompoundingType =2, pstFrameParameters->iCurrentCompoundIndex=3
07-19 15:55:27.679 D/US_ScanProcessController(  228): m_iReceivedBFrameSize=134912 134912, m_iReceivedColorFrameSize=0 0, m_iReceivedWaveFrameSize=0 0 (0, 0)
07-19 15:55:27.679 I/US_StoreController(  228): StoreFrameInMemory() m_pStorePara->iBStoreFrameIndex = 181, iCurrentCompoundIndex = 1, iCurrentENVIndex = 0, iScanLineNum = 256, iSampleNum = 527
07-19 15:55:27.689 I/US_ScanProcessController(  228): MultiFrameReceiving EN : iBufferSize=136448, pRawFrame=0x7c779008, ReceiveRawFrame table=19
07-19 15:55:27.689 D/US_ScanProcessController(  228): FrameProcessingListener: pCScanProcessController->m_FrameParameters_queue.size() = 0
07-19 15:55:27.689 D/US_ScanProcessController(  228): m_iReceivedBFrameSize=134912 134912, m_iReceivedColorFrameSize=0 0, m_iReceivedWaveFrameSize=0 0 (0, 0)
07-19 15:55:27.689 I/US_StoreController(  228): StoreFrameInMemory() m_pStorePara->iBStoreFrameIndex = 182, iCurrentCompoundIndex = 2, iCurrentENVIndex = 0, iScanLineNum = 256, iSampleNum = 527
07-19 15:55:27.689 D/US_ScanProcessController(  228): MultiFrameProcessing() send  condStartFrameProcessing (B), m_iSkipFocusIndex = 1, iCurrentFocusIndex = 1, m_iSkipCompoundIndex = 1, iCurrentCompoundIndex = 2
07-19 15:55:27.689 D/US_ScanProcessController(  228): FrameProcessingListener: wait  2266.000000 micro sec
07-19 15:55:27.689 D/US_StoreController(  228): CopyFrameData() iDataMode = 1, iFrameIndex = 182, iScanLineNum = 256, iSampleNum = 527, m_pStorePara->iInitStoreIndex = 0
07-19 15:55:27.699 I/US_ScanProcessController(  228): MultiFrameReceiving EN : iBufferSize=136448, pRawFrame=0x7c779008, ReceiveRawFrame table=19
07-19 15:55:27.699 D/US_ScanProcessController(  228): FrameProcessingListener: process B frame, fpSleepTime = 529.7, fpDiffTime = 20438.0, fpProcessFrameTime = 21.0, pstFrameParameters->iCompoundingType =2, pstFrameParameters->iCurrentCompoundIndex=2
07-19 15:55:27.709 D/US_ScanProcessController(  228): m_iReceivedBFrameSize=134912 134912, m_iReceivedColorFrameSize=0 0, m_iReceivedWaveFrameSize=0 0 (0, 0)
07-19 15:55:27.709 I/US_StoreController(  228): StoreFrameInMemory() m_pStorePara->iBStoreFrameIndex = 183, iCurrentCompoundIndex = 3, iCurrentENVIndex = 0, iScanLineNum = 256, iSampleNum = 527
07-19 15:55:27.709 D/US_ScanProcessController(  228): iUpdateFrameType: 1: iReceivedFrameSize=409344 iReceivedScanLine=384
07-19 15:55:27.709 D/US_ParametersController(  228): UpdateEngineConfig, m_stEngineParameters.ModeConfig_SW->iStartLineNum_B=1 m_stEngineParameters.ModeConfig_SW->iEndLineNum_B=256 iLineDensity=1
07-19 15:55:27.709 D/US_ParametersController(  228): UpdateModeConfig, ModeConfig->NSI[Group_B]=5181 ModeConfig->MaxDepth[Group_B]=8744 ModeConfig->NumOfLineSample[Group_B]=1054
07-19 15:55:27.709 I/US_ParametersController(  228): ScanScheduling: iFrameType=1, b2DRefreash=0
07-19 15:55:27.709 D/US_ParametersController(  228): m_stEngineParameters.BeamformerConfig->NumOfSettingIndex=768
07-19 15:55:27.709 D/US_ParametersController(  228): iNumOfSteeringAngle=3 iNumOfFocalPoint=1 iNumOfScanLine=256 iNumOfRxBeam_B=2
07-19 15:55:27.709 D/US_ScanProcessController(  228): SystemStatus =514  ProcessRequest=1024 iSystemMode=1
07-19 15:55:27.709 D/US_ScanProcessController(  228): iScanSequencyFrameSize=409344, AllocateFrameBuffer iUpdateFrameType=1 iFrameSize=137984
07-19 15:55:27.719 I/US_ScanProcessController(  228): MultiFrameReceiving EN : iBufferSize=136448, pRawFrame=0x7c779008, ReceiveRawFrame table=19
07-19 15:55:27.719 D/US_ScanProcessController(  228): m_iReceivedBFrameSize=134912 134912, m_iReceivedColorFrameSize=0 0, m_iReceivedWaveFrameSize=0 0 (0, 0)
07-19 15:55:27.719 I/US_StoreController(  228): StoreFrameInMemory() m_pStorePara->iBStoreFrameIndex = 184, iCurrentCompoundIndex = 1, iCurrentENVIndex = 0, iScanLineNum = 256, iSampleNum = 527
07-19 15:55:27.719 D/US_ScanProcessController(  228): MultiFrameProcessing() send  condStartFrameProcessing (B), m_iSkipFocusIndex = 1, iCurrentFocusIndex = 1, m_iSkipCompoundIndex = 3, iCurrentCompoundIndex = 1
07-19 15:55:27.719 D/US_ScanProcessController(  228): FrameProcessingListener: wait  14031.000000 micro sec
07-19 15:55:27.719 D/US_StoreController(  228): CopyFrameData() iDataMode = 1, iFrameIndex = 184, iScanLineNum = 256, iSampleNum = 527, m_pStorePara->iInitStoreIndex = 0
07-19 15:55:27.719 D/US_ScanProcessController(  228): FrameProcessingListener: process B frame, fpSleepTime = -7408.3, fpDiffTime = 28376.0, fpProcessFrameTime = 21.0, pstFrameParameters->iCompoundingType =2, pstFrameParameters->iCurrentCompoundIndex=1
07-19 15:55:27.719 I/US_ScanProcessController(  228): MultiFrameReceiving EN : iBufferSize=136448, pRawFrame=0x7c779008, ReceiveRawFrame table=19
07-19 15:55:27.729 D/US_ScanProcessController(  228): m_iReceivedBFrameSize=134912 134912, m_iReceivedColorFrameSize=0 0, m_iReceivedWaveFrameSize=0 0 (0, 0)
07-19 15:55:27.729 I/US_StoreController(  228): StoreFrameInMemory() m_pStorePara->iBStoreFrameIndex = 185, iCurrentCompoundIndex = 2, iCurrentENVIndex = 0, iScanLineNum = 256, iSampleNum = 527
07-19 15:55:27.729 I/US_ScanProcessController(  228): MultiFrameReceiving EN : iBufferSize=136448, pRawFrame=0x7c779008, ReceiveRawFrame table=19
07-19 15:55:27.749 D/US_ScanProcessController(  228): m_iReceivedBFrameSize=134912 134912, m_iReceivedColorFrameSize=0 0, m_iReceivedWaveFrameSize=0 0 (0, 0)
07-19 15:55:27.749 I/US_StoreController(  228): StoreFrameInMemory() m_pStorePara->iBStoreFrameIndex = 186, iCurrentCompoundIndex = 3, iCurrentENVIndex = 0, iScanLineNum = 256, iSampleNum = 527
07-19 15:55:27.749 D/US_ScanProcessController(  228): iUpdateFrameType: 1: iReceivedFrameSize=409344 iReceivedScanLine=384
07-19 15:55:27.749 D/US_ParametersController(  228): UpdateEngineConfig, m_stEngineParameters.ModeConfig_SW->iStartLineNum_B=1 m_stEngineParameters.ModeConfig_SW->iEndLineNum_B=256 iLineDensity=1
07-19 15:55:27.749 D/US_ParametersController(  228): UpdateModeConfig, ModeConfig->NSI[Group_B]=5181 ModeConfig->MaxDepth[Group_B]=8744 ModeConfig->NumOfLineSample[Group_B]=1054
07-19 15:55:27.749 I/US_ParametersController(  228): ScanScheduling: iFrameType=1, b2DRefreash=0
07-19 15:55:27.749 D/US_ParametersController(  228): m_stEngineParameters.BeamformerConfig->NumOfSettingIndex=768
07-19 15:55:27.749 D/US_ParametersController(  228): iNumOfSteeringAngle=3 iNumOfFocalPoint=1 iNumOfScanLine=256 iNumOfRxBeam_B=2
07-19 15:55:27.749 D/US_ScanProcessController(  228): SystemStatus =514  ProcessRequest=1024 iSystemMode=1
07-19 15:55:27.749 D/US_ScanProcessController(  228): iScanSequencyFrameSize=409344, AllocateFrameBuffer iUpdateFrameType=1 iFrameSize=137984
07-19 15:55:27.749 I/US_ScanProcessController(  228): MultiFrameReceiving EN : iBufferSize=136448, pRawFrame=0x7c779008, ReceiveRawFrame table=19
07-19 15:55:27.769 D/US_ScanProcessController(  228): m_iReceivedBFrameSize=134912 134912, m_iReceivedColorFrameSize=0 0, m_iReceivedWaveFrameSize=0 0 (0, 0)
07-19 15:55:27.769 I/US_StoreController(  228): StoreFrameInMemory() m_pStorePara->iBStoreFrameIndex = 187, iCurrentCompoundIndex = 1, iCurrentENVIndex = 0, iScanLineNum = 256, iSampleNum = 527
07-19 15:55:27.769 D/US_ScanProcessController(  228): MultiFrameProcessing() send  condStartFrameProcessing (B), m_iSkipFocusIndex = 1, iCurrentFocusIndex = 1, m_iSkipCompoundIndex = 3, iCurrentCompoundIndex = 1
07-19 15:55:27.769 D/US_ScanProcessController(  228): FrameProcessingListener: wait  31858.000000 micro sec
07-19 15:55:27.769 D/US_StoreController(  228): CopyFrameData() iDataMode = 1, iFrameIndex = 187, iScanLineNum = 256, iSampleNum = 527, m_pStorePara->iInitStoreIndex = 0
07-19 15:55:27.769 D/US_ScanProcessController(  228): FrameProcessingListener: process B frame, fpSleepTime = -23360.3, fpDiffTime = 44328.0, fpProcessFrameTime = 21.0, pstFrameParameters->iCompoundingType =2, pstFrameParameters->iCurrentCompoundIndex=1
07-19 15:55:27.769 I/US_ScanProcessController(  228): MultiFrameReceiving EN : iBufferSize=136448, pRawFrame=0x7c779008, ReceiveRawFrame table=19
07-19 15:55:27.779 D/US_ScanProcessController(  228): m_iReceivedBFrameSize=134912 134912, m_iReceivedColorFrameSize=0 0, m_iReceivedWaveFrameSize=0 0 (0, 0)
07-19 15:55:27.779 I/US_StoreController(  228): StoreFrameInMemory() m_pStorePara->iBStoreFrameIndex = 188, iCurrentCompoundIndex = 2, iCurrentENVIndex = 0, iScanLineNum = 256, iSampleNum = 527
07-19 15:55:27.779 D/US_ScanProcessController(  228): MultiFrameProcessing() send  condStartFrameProcessing (B), m_iSkipFocusIndex = 1, iCurrentFocusIndex = 1, m_iSkipCompoundIndex = 3, iCurrentCompoundIndex = 2
07-19 15:55:27.779 I/US_ScanProcessController(  228): MultiFrameReceiving EN : iBufferSize=136448, pRawFrame=0x7c779008, ReceiveRawFrame table=19
07-19 15:55:27.779 D/US_ScanProcessController(  228): FrameProcessingListener: pCScanProcessController->m_FrameParameters_queue.size() = 1
07-19 15:55:27.779 D/US_StoreController(  228): CopyFrameData() iDataMode = 1, iFrameIndex = 188, iScanLineNum = 256, iSampleNum = 527, m_pStorePara->iInitStoreIndex = 0
07-19 15:55:27.789 D/US_ScanProcessController(  228): FrameProcessingListener: process B frame, fpSleepTime = 5103.7, fpDiffTime = 15864.0, fpProcessFrameTime = 21.0, pstFrameParameters->iCompoundingType =2, pstFrameParameters->iCurrentCompoundIndex=2
07-19 15:55:27.799 D/US_ScanProcessController(  228): m_iReceivedBFrameSize=134912 134912, m_iReceivedColorFrameSize=0 0, m_iReceivedWaveFrameSize=0 0 (0, 0)
07-19 15:55:27.799 I/US_StoreController(  228): StoreFrameInMemory() m_pStorePara->iBStoreFrameIndex = 189, iCurrentCompoundIndex = 3, iCurrentENVIndex = 0, iScanLineNum = 256, iSampleNum = 527
07-19 15:55:27.799 D/US_ScanProcessController(  228): MultiFrameProcessing() send  condStartFrameProcessing (B), m_iSkipFocusIndex = 1, iCurrentFocusIndex = 1, m_iSkipCompoundIndex = 3, iCurrentCompoundIndex = 3
07-19 15:55:27.799 D/US_ScanProcessController(  228): iUpdateFrameType: 1: iReceivedFrameSize=409344 iReceivedScanLine=384
07-19 15:55:27.799 D/US_ParametersController(  228): UpdateEngineConfig, m_stEngineParameters.ModeConfig_SW->iStartLineNum_B=1 m_stEngineParameters.ModeConfig_SW->iEndLineNum_B=256 iLineDensity=1
07-19 15:55:27.799 D/US_ParametersController(  228): UpdateModeConfig, ModeConfig->NSI[Group_B]=5181 ModeConfig->MaxDepth[Group_B]=8744 ModeConfig->NumOfLineSample[Group_B]=1054
07-19 15:55:27.799 I/US_ParametersController(  228): ScanScheduling: iFrameType=1, b2DRefreash=0
07-19 15:55:27.799 D/US_ParametersController(  228): m_stEngineParameters.BeamformerConfig->NumOfSettingIndex=768
07-19 15:55:27.799 D/US_ParametersController(  228): iNumOfSteeringAngle=3 iNumOfFocalPoint=1 iNumOfScanLine=256 iNumOfRxBeam_B=2
07-19 15:55:27.809 D/US_StoreController(  228): CopyFrameData() iDataMode = 1, iFrameIndex = 189, iScanLineNum = 256, iSampleNum = 527, m_pStorePara->iInitStoreIndex = 0
07-19 15:55:27.809 D/US_ScanProcessController(  228): FrameProcessingListener: process B frame, fpSleepTime = -962.3, fpDiffTime = 21930.0, fpProcessFrameTime = 21.0, pstFrameParameters->iCompoundingType =2, pstFrameParameters->iCurrentCompoundIndex=3
07-19 15:55:27.809 D/US_ScanProcessController(  228): SystemStatus =514  ProcessRequest=1024 iSystemMode=1
07-19 15:55:27.809 D/US_ScanProcessController(  228): iScanSequencyFrameSize=409344, AllocateFrameBuffer iUpdateFrameType=1 iFrameSize=137984
07-19 15:55:27.809 I/US_ScanProcessController(  228): MultiFrameReceiving EN : iBufferSize=136448, pRawFrame=0x7c779008, ReceiveRawFrame table=19
07-19 15:55:27.819 D/US_ScanProcessController(  228): m_iReceivedBFrameSize=134912 134912, m_iReceivedColorFrameSize=0 0, m_iReceivedWaveFrameSize=0 0 (0, 0)
07-19 15:55:27.819 I/US_StoreController(  228): StoreFrameInMemory() m_pStorePara->iBStoreFrameIndex = 190, iCurrentCompoundIndex = 1, iCurrentENVIndex = 0, iScanLineNum = 256, iSampleNum = 527
07-19 15:55:27.819 I/US_ScanProcessController(  228): MultiFrameReceiving EN : iBufferSize=136448, pRawFrame=0x7c779008, ReceiveRawFrame table=19
07-19 15:55:27.819 D/US_ScanProcessController(  228): FrameProcessingListener: pCScanProcessController->m_FrameParameters_queue.size() = 0
07-19 15:55:27.829 D/US_ScanProcessController(  228): m_iReceivedBFrameSize=134912 134912, m_iReceivedColorFrameSize=0 0, m_iReceivedWaveFrameSize=0 0 (0, 0)
07-19 15:55:27.829 I/US_StoreController(  228): StoreFrameInMemory() m_pStorePara->iBStoreFrameIndex = 191, iCurrentCompoundIndex = 2, iCurrentENVIndex = 0, iScanLineNum = 256, iSampleNum = 527
07-19 15:55:27.829 I/US_ScanProcessController(  228): MultiFrameReceiving EN : iBufferSize=136448, pRawFrame=0x7c779008, ReceiveRawFrame table=19
07-19 15:55:27.849 D/US_ScanProcessController(  228): m_iReceivedBFrameSize=134912 134912, m_iReceivedColorFrameSize=0 0, m_iReceivedWaveFrameSize=0 0 (0, 0)
07-19 15:55:27.849 I/US_StoreController(  228): StoreFrameInMemory() m_pStorePara->iBStoreFrameIndex = 192, iCurrentCompoundIndex = 3, iCurrentENVIndex = 0, iScanLineNum = 256, iSampleNum = 527
07-19 15:55:27.849 D/US_ScanProcessController(  228): MultiFrameProcessing() send  condStartFrameProcessing (B), m_iSkipFocusIndex = 1, iCurrentFocusIndex = 1, m_iSkipCompoundIndex = 2, iCurrentCompoundIndex = 3
07-19 15:55:27.849 D/US_ScanProcessController(  228): iUpdateFrameType: 1: iReceivedFrameSize=409344 iReceivedScanLine=384
07-19 15:55:27.849 D/US_ScanProcessController(  228): FrameProcessingListener: wait  28070.000000 micro sec
07-19 15:55:27.849 D/US_StoreController(  228): CopyFrameData() iDataMode = 1, iFrameIndex = 192, iScanLineNum = 256, iSampleNum = 527, m_pStorePara->iInitStoreIndex = 0
07-19 15:55:27.849 D/US_ScanProcessController(  228): FrameProcessingListener: process B frame, fpSleepTime = -20784.3, fpDiffTime = 41752.0, fpProcessFrameTime = 21.0, pstFrameParameters->iCompoundingType =2, pstFrameParameters->iCurrentCompoundIndex=3
07-19 15:55:27.849 D/US_ParametersController(  228): UpdateEngineConfig, m_stEngineParameters.ModeConfig_SW->iStartLineNum_B=1 m_stEngineParameters.ModeConfig_SW->iEndLineNum_B=256 iLineDensity=1
07-19 15:55:27.849 D/US_ParametersController(  228): UpdateModeConfig, ModeConfig->NSI[Group_B]=5181 ModeConfig->MaxDepth[Group_B]=8744 ModeConfig->NumOfLineSample[Group_B]=1054
07-19 15:55:27.849 I/US_ParametersController(  228): ScanScheduling: iFrameType=1, b2DRefreash=0
07-19 15:55:27.849 D/US_ParametersController(  228): m_stEngineParameters.BeamformerConfig->NumOfSettingIndex=768
07-19 15:55:27.849 D/US_ParametersController(  228): iNumOfSteeringAngle=3 iNumOfFocalPoint=1 iNumOfScanLine=256 iNumOfRxBeam_B=2
07-19 15:55:27.849 D/US_ScanProcessController(  228): SystemStatus =514  ProcessRequest=1024 iSystemMode=1
07-19 15:55:27.849 D/US_ScanProcessController(  228): iScanSequencyFrameSize=409344, AllocateFrameBuffer iUpdateFrameType=1 iFrameSize=137984
07-19 15:55:27.849 I/US_ScanProcessController(  228): MultiFrameReceiving EN : iBufferSize=136448, pRawFrame=0x7c779008, ReceiveRawFrame table=19
07-19 15:55:27.859 D/US_ScanProcessController(  228): m_iReceivedBFrameSize=134912 134912, m_iReceivedColorFrameSize=0 0, m_iReceivedWaveFrameSize=0 0 (0, 0)
07-19 15:55:27.859 I/US_StoreController(  228): StoreFrameInMemory() m_pStorePara->iBStoreFrameIndex = 193, iCurrentCompoundIndex = 1, iCurrentENVIndex = 0, iScanLineNum = 256, iSampleNum = 527
07-19 15:55:27.859 I/US_ScanProcessController(  228): MultiFrameReceiving EN : iBufferSize=136448, pRawFrame=0x7c779008, ReceiveRawFrame table=19
07-19 15:55:27.879 D/US_ScanProcessController(  228): m_iReceivedBFrameSize=134912 134912, m_iReceivedColorFrameSize=0 0, m_iReceivedWaveFrameSize=0 0 (0, 0)
07-19 15:55:27.879 I/US_StoreController(  228): StoreFrameInMemory() m_pStorePara->iBStoreFrameIndex = 194, iCurrentCompoundIndex = 2, iCurrentENVIndex = 0, iScanLineNum = 256, iSampleNum = 527
07-19 15:55:27.879 D/US_ScanProcessController(  228): MultiFrameProcessing() send  condStartFrameProcessing (B), m_iSkipFocusIndex = 1, iCurrentFocusIndex = 1, m_iSkipCompoundIndex = 1, iCurrentCompoundIndex = 2
07-19 15:55:27.879 I/US_ScanProcessController(  228): MultiFrameReceiving EN : iBufferSize=136448, pRawFrame=0x7c779008, ReceiveRawFrame table=19
07-19 15:55:27.889 D/US_ScanProcessController(  228): FrameProcessingListener: pCScanProcessController->m_FrameParameters_queue.size() = 1
07-19 15:55:27.889 D/US_StoreController(  228): CopyFrameData() iDataMode = 1, iFrameIndex = 194, iScanLineNum = 256, iSampleNum = 527, m_pStorePara->iInitStoreIndex = 0
07-19 15:55:27.889 D/US_ScanProcessController(  228): FrameProcessingListener: process B frame, fpSleepTime = -17634.3, fpDiffTime = 38602.0, fpProcessFrameTime = 21.0, pstFrameParameters->iCompoundingType =2, pstFrameParameters->iCurrentCompoundIndex=2
07-19 15:55:27.899 D/US_ScanProcessController(  228): m_iReceivedBFrameSize=134912 134912, m_iReceivedColorFrameSize=0 0, m_iReceivedWaveFrameSize=0 0 (0, 0)
07-19 15:55:27.899 I/US_StoreController(  228): StoreFrameInMemory() m_pStorePara->iBStoreFrameIndex = 195, iCurrentCompoundIndex = 3, iCurrentENVIndex = 0, iScanLineNum = 256, iSampleNum = 527
07-19 15:55:27.899 D/US_ScanProcessController(  228): iUpdateFrameType: 1: iReceivedFrameSize=409344 iReceivedScanLine=384
07-19 15:55:27.899 D/US_ParametersController(  228): UpdateEngineConfig, m_stEngineParameters.ModeConfig_SW->iStartLineNum_B=1 m_stEngineParameters.ModeConfig_SW->iEndLineNum_B=256 iLineDensity=1
07-19 15:55:27.899 D/US_ParametersController(  228): UpdateModeConfig, ModeConfig->NSI[Group_B]=5181 ModeConfig->MaxDepth[Group_B]=8744 ModeConfig->NumOfLineSample[Group_B]=1054
07-19 15:55:27.899 I/US_ParametersController(  228): ScanScheduling: iFrameType=1, b2DRefreash=0
07-19 15:55:27.899 D/US_ParametersController(  228): m_stEngineParameters.BeamformerConfig->NumOfSettingIndex=768
07-19 15:55:27.899 D/US_ParametersController(  228): iNumOfSteeringAngle=3 iNumOfFocalPoint=1 iNumOfScanLine=256 iNumOfRxBeam_B=2
07-19 15:55:27.899 D/US_ScanProcessController(  228): FrameProcessingListener: pCScanProcessController->m_FrameParameters_queue.size() = 0
07-19 15:55:27.909 D/US_ScanProcessController(  228): SystemStatus =514  ProcessRequest=1024 iSystemMode=1
07-19 15:55:27.909 D/US_ScanProcessController(  228): iScanSequencyFrameSize=409344, AllocateFrameBuffer iUpdateFrameType=1 iFrameSize=137984
07-19 15:55:27.909 E/US_VivaProUSB(  228): void* GetErrCount(void*) 1435 total_setup_count=151, std_setup_count=0, vendor_setup_count=151 glReadDataFromFPGACount=49913 glRemovePacketsCount=49903 glInfoCount=298928 glInitCount=1
07-19 15:55:27.909 I/US_ScanProcessController(  228): MultiFrameReceiving EN : iBufferSize=136448, pRawFrame=0x7c779008, ReceiveRawFrame table=19
07-19 15:55:27.919 D/US_ScanProcessController(  228): m_iReceivedBFrameSize=134912 134912, m_iReceivedColorFrameSize=0 0, m_iReceivedWaveFrameSize=0 0 (0, 0)
07-19 15:55:27.919 I/US_StoreController(  228): StoreFrameInMemory() m_pStorePara->iBStoreFrameIndex = 196, iCurrentCompoundIndex = 1, iCurrentENVIndex = 0, iScanLineNum = 256, iSampleNum = 527
07-19 15:55:27.919 D/US_ScanProcessController(  228): MultiFrameProcessing() send  condStartFrameProcessing (B), m_iSkipFocusIndex = 1, iCurrentFocusIndex = 1, m_iSkipCompoundIndex = 3, iCurrentCompoundIndex = 1
07-19 15:55:27.919 D/US_ScanProcessController(  228): FrameProcessingListener: wait  12889.000000 micro sec
07-19 15:55:27.919 I/US_ScanProcessController(  228): MultiFrameReceiving EN : iBufferSize=136448, pRawFrame=0x7c779008, ReceiveRawFrame table=19
07-19 15:55:27.919 D/US_StoreController(  228): CopyFrameData() iDataMode = 1, iFrameIndex = 196, iScanLineNum = 256, iSampleNum = 527, m_pStorePara->iInitStoreIndex = 0
07-19 15:55:27.919 D/US_ScanProcessController(  228): FrameProcessingListener: process B frame, fpSleepTime = -11470.3, fpDiffTime = 32438.0, fpProcessFrameTime = 21.0, pstFrameParameters->iCompoundingType =2, pstFrameParameters->iCurrentCompoundIndex=1
07-19 15:55:27.929 D/US_ScanProcessController(  228): m_iReceivedBFrameSize=134912 134912, m_iReceivedColorFrameSize=0 0, m_iReceivedWaveFrameSize=0 0 (0, 0)
07-19 15:55:27.929 I/US_StoreController(  228): StoreFrameInMemory() m_pStorePara->iBStoreFrameIndex = 197, iCurrentCompoundIndex = 2, iCurrentENVIndex = 0, iScanLineNum = 256, iSampleNum = 527
07-19 15:55:27.929 D/US_ScanProcessController(  228): MultiFrameProcessing() send  condStartFrameProcessing (B), m_iSkipFocusIndex = 1, iCurrentFocusIndex = 1, m_iSkipCompoundIndex = 3, iCurrentCompoundIndex = 2
07-19 15:55:27.929 I/US_ScanProcessController(  228): MultiFrameReceiving EN : iBufferSize=136448, pRawFrame=0x7c779008, ReceiveRawFrame table=19
07-19 15:55:27.929 D/US_ScanProcessController(  228): FrameProcessingListener: pCScanProcessController->m_FrameParameters_queue.size() = 1
07-19 15:55:27.929 D/US_StoreController(  228): CopyFrameData() iDataMode = 1, iFrameIndex = 197, iScanLineNum = 256, iSampleNum = 527, m_pStorePara->iInitStoreIndex = 0
07-19 15:55:27.939 D/US_ScanProcessController(  228): FrameProcessingListener: process B frame, fpSleepTime = 5330.7, fpDiffTime = 15637.0, fpProcessFrameTime = 21.0, pstFrameParameters->iCompoundingType =2, pstFrameParameters->iCurrentCompoundIndex=2
07-19 15:55:27.949 D/US_ScanProcessController(  228): m_iReceivedBFrameSize=134912 134912, m_iReceivedColorFrameSize=0 0, m_iReceivedWaveFrameSize=0 0 (0, 0)
07-19 15:55:27.949 I/US_StoreController(  228): StoreFrameInMemory() m_pStorePara->iBStoreFrameIndex = 198, iCurrentCompoundIndex = 3, iCurrentENVIndex = 0, iScanLineNum = 256, iSampleNum = 527
07-19 15:55:27.949 D/US_ScanProcessController(  228): MultiFrameProcessing() send  condStartFrameProcessing (B), m_iSkipFocusIndex = 1, iCurrentFocusIndex = 1, m_iSkipCompoundIndex = 3, iCurrentCompoundIndex = 3
07-19 15:55:27.949 D/US_ScanProcessController(  228): iUpdateFrameType: 1: iReceivedFrameSize=409344 iReceivedScanLine=384
07-19 15:55:27.949 D/US_ParametersController(  228): UpdateEngineConfig, m_stEngineParameters.ModeConfig_SW->iStartLineNum_B=1 m_stEngineParameters.ModeConfig_SW->iEndLineNum_B=256 iLineDensity=1
07-19 15:55:27.949 D/US_ParametersController(  228): UpdateModeConfig, ModeConfig->NSI[Group_B]=5181 ModeConfig->MaxDepth[Group_B]=8744 ModeConfig->NumOfLineSample[Group_B]=1054
07-19 15:55:27.949 I/US_ParametersController(  228): ScanScheduling: iFrameType=1, b2DRefreash=0
07-19 15:55:27.949 D/US_ParametersController(  228): m_stEngineParameters.BeamformerConfig->NumOfSettingIndex=768
07-19 15:55:27.949 D/US_ParametersController(  228): iNumOfSteeringAngle=3 iNumOfFocalPoint=1 iNumOfScanLine=256 iNumOfRxBeam_B=2
07-19 15:55:27.949 D/US_ScanProcessController(  228): SystemStatus =514  ProcessRequest=1024 iSystemMode=1
07-19 15:55:27.949 D/US_ScanProcessController(  228): iScanSequencyFrameSize=409344, AllocateFrameBuffer iUpdateFrameType=1 iFrameSize=137984
07-19 15:55:27.949 I/US_ScanProcessController(  228): MultiFrameReceiving EN : iBufferSize=136448, pRawFrame=0x7c779008, ReceiveRawFrame table=19
07-19 15:55:27.949 E/US_VivaProUSB(  228): #### [B]    ,     ,    ,    ,    ,    ,    ,    ,    ,    ,    ,[P1][F0024][t48]
