--------- beginning of /dev/log/system
07-19 15:54:34.480 I/Vold    (  214): Vold 2.1 (the revenge) firing up
07-19 15:54:34.480 I/Vold    (  214): int process_config(VolumeManager*) 222 /devices/msm_sdcc.2/mmc_host to volume sdcard1
07-19 15:54:34.480 D/Vold    (  214): Volume sdcard1 state changing -1 (Initializing) -> 0 (No-Media)
07-19 15:54:34.480 I/Vold    (  214): int process_config(VolumeManager*) 222 /devices/msm_dwc3/f9200000.dwc3/xhci-hcd/usb1/1-1/1-1.3 to volume sata0
07-19 15:54:34.480 I/Vold    (  214): int check_if_blkdevice_exist(const char*) 158 /sys/devices/msm_dwc3/f9200000.dwc3/xhci-hcd/usb1/1-1/1-1.3
07-19 15:54:34.230 D/Vold    (  214): Volume sata0 state changing -1 (Initializing) -> 0 (No-Media)
07-19 15:54:34.230 I/Vold    (  214): int process_config(VolumeManager*) 222 /devices/msm_smsc_hub/msm_hsic_host/usb3/3-1/3-1.1 to volume usbdisk0
07-19 15:54:34.230 D/Vold    (  214): Volume usbdisk0 state changing -1 (Initializing) -> 0 (No-Media)
07-19 15:54:34.230 I/Vold    (  214): int process_config(VolumeManager*) 222 /devices/msm_dwc3/f9200000.dwc3/xhci-hcd/usb1/1-1/1-1.2 to volume usbdisk1
07-19 15:54:34.230 D/Vold    (  214): Volume usbdisk1 state changing -1 (Initializing) -> 0 (No-Media)
07-19 15:54:34.230 I/Vold    (  214): int process_config(VolumeManager*) 222 /devices/msm_dwc3/f9200000.dwc3/xhci-hcd/usb2/2-1/2-1.2 to volume usbdisk2
07-19 15:54:34.230 D/Vold    (  214): Volume usbdisk2 state changing -1 (Initializing) -> 0 (No-Media)
07-19 15:54:34.230 I/Vold    (  214): int process_config(VolumeManager*) 222 /devices/msm_dwc3/f9200000.dwc3/xhci-hcd/usb1/1-1/1-1.1 to volume engine2
07-19 15:54:34.230 D/Vold    (  214): Volume engine2 state changing -1 (Initializing) -> 0 (No-Media)
07-19 15:54:34.230 I/Vold    (  214): int process_config(VolumeManager*) 222 /devices/msm_dwc3/f9200000.dwc3/xhci-hcd/usb2/2-1/2-1.1 to volume engine3
07-19 15:54:34.230 D/Vold    (  214): Volume engine3 state changing -1 (Initializing) -> 0 (No-Media)
07-19 15:54:34.250 D/Vold    (  214): Volume sdcard1 state changing 0 (No-Media) -> 2 (Pending)
07-19 15:54:34.250 D/Vold    (  214): Volume sdcard1 state changing 2 (Pending) -> 1 (Idle-Unmounted)
07-19 15:54:34.480 I/Vold    (  214): set msata.status property : waiting
07-19 15:54:34.820 D/Vold    (  214): Volume usbdisk2 state changing 0 (No-Media) -> 2 (Pending)
07-19 15:54:34.820 D/Vold    (  214): Volume usbdisk2 state changing 2 (Pending) -> 1 (Idle-Unmounted)
07-19 15:54:36.680 D/Vold    (  214): Volume usbdisk0 state changing 0 (No-Media) -> 2 (Pending)
07-19 15:54:36.680 D/Vold    (  214): Volume usbdisk0 state changing 2 (Pending) -> 1 (Idle-Unmounted)
07-19 15:54:37.520 I/DirectVolume(  214):  virtual int DirectVolume::handleBlockEvent(NetlinkEvent*): set msata.status property : exist
07-19 15:54:37.520 I/DirectVolume(  214):  virtual int DirectVolume::handleBlockEvent(NetlinkEvent*): dpath = /devices/msm_dwc3/f9200000.dwc3/xhci-hcd/usb1/1-1/1-1.3
07-19 15:54:37.520 D/Vold    (  214): Volume sata0 state changing 0 (No-Media) -> 1 (Idle-Unmounted)
07-19 15:54:38.430 I/SystemServer(  506): Entered the Android system server!
07-19 15:54:38.430 I/SystemServer(  506): Waiting for installd to be ready.
07-19 15:54:38.430 I/Installer(  506): connecting...
07-19 15:54:38.430 I/SystemServer(  506): Power Manager
07-19 15:54:38.430 I/PowerManagerService(  506): Get MCUService Success
07-19 15:54:38.430 I/SystemServer(  506): Activity Manager
07-19 15:54:38.440 I/ActivityManager(  506): Memory class: 96
07-19 15:54:38.530 I/IntentFirewall(  506): Read new rules (A:0 B:0 S:0)
07-19 15:54:38.530 I/SystemServer(  506): Display Manager
07-19 15:54:38.530 I/SystemServer(  506): Telephony Registry
07-19 15:54:38.540 I/DisplayManagerService(  506): Display device added: DisplayDeviceInfo{"Built-in Screen": 1920 x 1080, 60.0 fps, density 160, 159.895 x 160.421 dpi, touch INTERNAL, rotation 0, type BUILT_IN, FLAG_DEFAULT_DISPLAY, FLAG_ROTATES_WITH_CONTENT, FLAG_SECURE, FLAG_SUPPORTS_PROTECTED_BUFFERS}
07-19 15:54:38.540 I/SystemServer(  506): Scheduling Policy
07-19 15:54:38.540 I/SystemServer(  506): Package Manager
07-19 15:54:38.550 W/PackageManager(  506): No security bridge jar found, using default
07-19 15:54:38.600 D/SELinuxMMAC(  506): Couldn't find install policy /data/security/mac_permissions.xml
07-19 15:54:38.600 D/SELinuxMMAC(  506): Using install policy file /system/etc/security/mac_permissions.xml
07-19 15:54:38.680 W/PackageManager(  506): Library not found: /system/framework/com.android.future.usb.accessory.jar
07-19 15:54:38.680 W/PackageManager(  506): Library not found: /system/framework/DigitalPenService.jar
07-19 15:54:38.880 W/PackageParser(  506): No actions in intent filter at /system/app/Bluetooth.apk Binary XML file line #227
07-19 15:54:38.890 W/PackageParser(  506): Unknown element under <application>: uses-feature at /system/app/BluetoothExt.apk Binary XML file line #55
07-19 15:54:38.890 W/PackageParser(  506): No actions in intent filter at /system/app/BluetoothExt.apk Binary XML file line #82
07-19 15:54:38.890 W/PackageParser(  506): No actions in intent filter at /system/app/BluetoothExt.apk Binary XML file line #106
07-19 15:54:38.890 W/PackageParser(  506): No actions in intent filter at /system/app/BluetoothExt.apk Binary XML file line #130
07-19 15:54:38.890 W/PackageParser(  506): No actions in intent filter at /system/app/BluetoothExt.apk Binary XML file line #157
07-19 15:54:39.060 I/PackageManager(  506): Time to scan packages: 0.388 seconds
07-19 15:54:39.060 W/PackageManager(  506): Removing dangling permission: com.qualcomm.permission.INTERFACE_RADIO from package null
07-19 15:54:39.060 W/PackageManager(  506): Removing dangling permission: com.qualcomm.permission.INTERFACE_NETRAW from package null
07-19 15:54:39.060 W/PackageManager(  506): Removing dangling permission: com.qualcomm.permission.IZAT from package null
07-19 15:54:39.060 W/PackageManager(  506): Removing dangling permission: com.qualcomm.permission.INTERFACE_DIAG from package null
07-19 15:54:39.060 W/PackageManager(  506): Unknown permission android.permission.ACCESS_DOWNLOAD_MANAGER in package com.android.defcontainer
07-19 15:54:39.060 W/PackageManager(  506): Unknown permission android.permission.ACCESS_ALL_DOWNLOADS in package com.android.defcontainer
07-19 15:54:39.060 W/PackageManager(  506): Unknown permission android.permission.DOWNLOAD_WITHOUT_NOTIFICATION in package com.android.inputmethod.latin
07-19 15:54:39.060 W/PackageManager(  506): Unknown permission com.qualcomm.permission.wfd.QC_WFD in package com.qualcomm.qti.services.secureui
07-19 15:54:39.060 W/PackageManager(  506): Unknown permission com.google.android.gallery3d.permission.GALLERY_PROVIDER in package com.android.bluetooth
07-19 15:54:39.060 W/PackageManager(  506): Unknown permission com.android.gallery3d.permission.GALLERY_PROVIDER in package com.android.bluetooth
07-19 15:54:39.060 W/PackageManager(  506): Unknown permission android.permission.MMS_SEND_OUTBOX_MSG in package com.android.bluetooth
07-19 15:54:39.060 W/PackageManager(  506): Unknown permission android.permission.ACCESS_DOWNLOAD_MANAGER in package com.android.browser
07-19 15:54:39.060 W/PackageManager(  506): Unknown permission android.permission.SEND_DOWNLOAD_COMPLETED_INTENTS in package com.android.browser
07-19 15:54:39.060 W/PackageManager(  506): Unknown permission com.android.launcher.permission.READ_SETTINGS in package com.android.onetimeinitializer
07-19 15:54:39.060 W/PackageManager(  506): Unknown permission com.android.launcher.permission.WRITE_SETTINGS in package com.android.onetimeinitializer
07-19 15:54:39.060 W/PackageManager(  506): Unknown permission android.permission.MMS_PUSH in package org.codeaurora.bluetooth
07-19 15:54:39.060 W/PackageManager(  506): Unknown permission com.google.android.gallery3d.permission.PICASA_STORE in package com.android.dreams.phototable
07-19 15:54:39.070 W/PackageManager(  506): Unknown permission com.google.android.googleapps.permission.GOOGLE_AUTH in package com.android.settings
07-19 15:54:39.070 W/PackageManager(  506): Unknown permission android.permission.ACCESS_DOWNLOAD_MANAGER in package com.android.settings
07-19 15:54:39.070 W/PackageManager(  506): Unknown permission com.android.launcher.permission.READ_SETTINGS in package com.android.settings
07-19 15:54:39.070 W/PackageManager(  506): Unknown permission com.android.launcher.permission.WRITE_SETTINGS in package com.android.settings
07-19 15:54:39.070 W/PackageManager(  506): Not granting permission android.permission.DELETE_PACKAGES to package com.svox.pico (protectionLevel=18 flags=0x8be45)
07-19 15:54:39.070 W/PackageManager(  506): Unknown permission android.permission.DOWNLOAD_WITHOUT_NOTIFICATION in package com.android.email
07-19 15:54:39.140 I/SystemServer(  506): Entropy Mixer
07-19 15:54:39.140 I/EntropyMixer(  506): Writing entropy...
07-19 15:54:39.150 I/SystemServer(  506): User Service
07-19 15:54:39.150 I/SystemServer(  506): Account Manager
07-19 15:54:39.160 I/SystemServer(  506): Content Manager
07-19 15:54:39.160 I/SystemServer(  506): System Content Providers
07-19 15:54:39.180 I/SystemServer(  506): Lights Service
07-19 15:54:39.180 I/SystemServer(  506): Battery Service
07-19 15:54:39.190 I/SystemServer(  506): Vibrator Service
07-19 15:54:39.190 I/SystemServer(  506): Consumer IR Service
07-19 15:54:39.190 I/SystemServer(  506): Alarm Manager
07-19 15:54:39.190 I/SystemServer(  506): Init Watchdog
07-19 15:54:39.190 I/SystemServer(  506): Input Manager
07-19 15:54:39.190 I/InputManager(  506): Initializing input manager, mUseDevInputEventForAudioJack=true
07-19 15:54:39.190 I/SystemServer(  506): Window Manager
07-19 15:54:39.200 I/WindowManager(  506): No existing display settings /data/system/display_settings.xml; starting empty
07-19 15:54:39.210 I/WindowManager(  506): No keyguard interface!
07-19 15:54:39.210 I/InputManager(  506): Starting input manager
07-19 15:54:39.210 I/SystemServer(  506): Bluetooth Manager Service
07-19 15:54:39.210 I/SystemServer(  506): Input Method Service
07-19 15:54:39.210 W/InputMethodManagerService(  506): Couldn't create dir.: /data/system/inputmethod
07-19 15:54:39.230 I/SystemServer(  506): Accessibility Manager
07-19 15:54:39.230 I/WindowManager(  506): FORCED DISPLAY SIZE: 1366x768
07-19 15:54:39.230 I/WindowManager(  506): Using new display size: 1920x1080
07-19 15:54:39.300 I/ActivityManager(  506): Config changes=1df8 {1.0 ?mcc?mnc en_US ldltr sw768dp w1366dp h768dp 160dpi xlrg long land ?uimode ?night -touch -keyb/v/h -nav/h s.2}
07-19 15:54:39.300 I/WindowManager(  506): Screen frozen for +71ms due to new-config
07-19 15:54:39.300 I/ActivityManager(  506): Config changes=c00 {1.0 ?mcc?mnc en_US ldltr sw1080dp w1920dp h1055dp 160dpi xlrg long land ?uimode ?night -touch -keyb/v/h -nav/h s.3}
07-19 15:54:39.300 I/SystemServer(  506): Mount Service
07-19 15:54:39.300 D/MountService(  506): got storage path: /storage/sdcard0 description: Internal storage primary: true removable: false emulated: true mtpReserve: 100 allowMassStorage: false maxFileSize: 0
07-19 15:54:39.310 D/MountService(  506): addVolumeLocked() StorageVolume:
07-19 15:54:39.310 D/MountService(  506):     mStorageId=65537 mPath=/storage/emulated/0 mDescriptionId=17040670 
07-19 15:54:39.310 D/MountService(  506):     mPrimary=true mRemovable=false mEmulated=true mMtpReserveSpace=100 
07-19 15:54:39.310 D/MountService(  506):     mAllowMassStorage=false mMaxFileSize=0 mOwner=UserHandle{0} mUuid=null 
07-19 15:54:39.310 D/MountService(  506):     mUserLabel=null mState=null 
07-19 15:54:39.310 D/MountService(  506): got storage path: /storage/sdcard1 description: SD card primary: false removable: true emulated: false mtpReserve: 0 allowMassStorage: true maxFileSize: 0
07-19 15:54:39.310 D/MountService(  506): addVolumeLocked() StorageVolume:
07-19 15:54:39.310 D/MountService(  506):     mStorageId=0 mPath=/storage/sdcard1 mDescriptionId=17040671 mPrimary=false 
07-19 15:54:39.310 D/MountService(  506):     mRemovable=true mEmulated=false mMtpReserveSpace=0 mAllowMassStorage=true 
07-19 15:54:39.310 D/MountService(  506):     mMaxFileSize=0 mOwner=null mUuid=null mUserLabel=null mState=null 
07-19 15:54:39.310 D/MountService(  506): got storage path: /storage/sata0 description: SATA primary: false removable: true emulated: false mtpReserve: 0 allowMassStorage: true maxFileSize: 0
07-19 15:54:39.310 D/MountService(  506): addVolumeLocked() StorageVolume:
07-19 15:54:39.310 D/MountService(  506):     mStorageId=0 mPath=/storage/sata0 mDescriptionId=17040672 mPrimary=false 
07-19 15:54:39.310 D/MountService(  506):     mRemovable=true mEmulated=false mMtpReserveSpace=0 mAllowMassStorage=true 
07-19 15:54:39.310 D/MountService(  506):     mMaxFileSize=0 mOwner=null mUuid=null mUserLabel=null mState=null 
07-19 15:54:39.310 D/MountService(  506): got storage path: /storage/usbdisk0 description: USBDISK0 primary: false removable: true emulated: false mtpReserve: 0 allowMassStorage: true maxFileSize: 0
07-19 15:54:39.310 D/MountService(  506): addVolumeLocked() StorageVolume:
07-19 15:54:39.310 D/MountService(  506):     mStorageId=0 mPath=/storage/usbdisk0 mDescriptionId=17040673 
07-19 15:54:39.310 D/MountService(  506):     mPrimary=false mRemovable=true mEmulated=false mMtpReserveSpace=0 
07-19 15:54:39.310 D/MountService(  506):     mAllowMassStorage=true mMaxFileSize=0 mOwner=null mUuid=null 
07-19 15:54:39.310 D/MountService(  506):     mUserLabel=null mState=null 
07-19 15:54:39.310 D/MountService(  506): got storage path: /storage/usbdisk1 description: USBDISK1 primary: false removable: true emulated: false mtpReserve: 0 allowMassStorage: true maxFileSize: 0
07-19 15:54:39.310 D/MountService(  506): addVolumeLocked() StorageVolume:
07-19 15:54:39.310 D/MountService(  506):     mStorageId=0 mPath=/storage/usbdisk1 mDescriptionId=17040674 
07-19 15:54:39.310 D/MountService(  506):     mPrimary=false mRemovable=true mEmulated=false mMtpReserveSpace=0 
07-19 15:54:39.310 D/MountService(  506):     mAllowMassStorage=true mMaxFileSize=0 mOwner=null mUuid=null 
07-19 15:54:39.310 D/MountService(  506):     mUserLabel=null mState=null 
07-19 15:54:39.310 D/MountService(  506): got storage path: /storage/usbdisk2 description: USBDISK2 primary: false removable: true emulated: false mtpReserve: 0 allowMassStorage: true maxFileSize: 0
07-19 15:54:39.310 D/MountService(  506): addVolumeLocked() StorageVolume:
07-19 15:54:39.310 D/MountService(  506):     mStorageId=0 mPath=/storage/usbdisk2 mDescriptionId=17040675 
07-19 15:54:39.310 D/MountService(  506):     mPrimary=false mRemovable=true mEmulated=false mMtpReserveSpace=0 
07-19 15:54:39.310 D/MountService(  506):     mAllowMassStorage=true mMaxFileSize=0 mOwner=null mUuid=null 
07-19 15:54:39.310 D/MountService(  506):     mUserLabel=null mState=null 
07-19 15:54:39.310 D/MountService(  506): got storage path: /storage/engine2 description: ENGINE2 primary: false removable: true emulated: false mtpReserve: 0 allowMassStorage: true maxFileSize: 0
07-19 15:54:39.310 D/MountService(  506): addVolumeLocked() StorageVolume:
07-19 15:54:39.310 D/MountService(  506):     mStorageId=0 mPath=/storage/engine2 mDescriptionId=17040676 mPrimary=false 
07-19 15:54:39.310 D/MountService(  506):     mRemovable=true mEmulated=false mMtpReserveSpace=0 mAllowMassStorage=true 
07-19 15:54:39.310 D/MountService(  506):     mMaxFileSize=0 mOwner=null mUuid=null mUserLabel=null mState=null 
07-19 15:54:39.310 D/MountService(  506): got storage path: /storage/engine3 description: ENGINE3 primary: false removable: true emulated: false mtpReserve: 0 allowMassStorage: true maxFileSize: 0
07-19 15:54:39.310 D/MountService(  506): addVolumeLocked() StorageVolume:
07-19 15:54:39.310 D/MountService(  506):     mStorageId=0 mPath=/storage/engine3 mDescriptionId=17040677 mPrimary=false 
07-19 15:54:39.310 D/MountService(  506):     mRemovable=true mEmulated=false mMtpReserveSpace=0 mAllowMassStorage=true 
07-19 15:54:39.310 D/MountService(  506):     mMaxFileSize=0 mOwner=null mUuid=null mUserLabel=null mState=null 
07-19 15:54:39.310 I/SystemServer(  506): LockSettingsService
07-19 15:54:39.310 I/SystemServer(  506): Device Policy
07-19 15:54:39.310 I/ActivityManager(  506): Config changes=8 {1.0 ?mcc?mnc en_US ldltr sw1080dp w1920dp h1055dp 160dpi xlrg long land ?uimode ?night finger -keyb/v/h -nav/h s.4}
07-19 15:54:39.310 I/SystemServer(  506): Status Bar
07-19 15:54:39.310 I/SystemServer(  506): Clipboard Service
07-19 15:54:39.310 W/ClipboardService(  506): No security bridge jar found, using default
07-19 15:54:39.310 I/SystemServer(  506): NetworkManagement Service
07-19 15:54:39.320 I/SystemServer(  506): Text Service Manager Service
07-19 15:54:39.320 I/SystemServer(  506): NetworkStats Service
07-19 15:54:39.320 W/MountService(  506): Duplicate state transition (unmounted -> unmounted) for /storage/sdcard1
07-19 15:54:39.320 W/MountService(  506): Duplicate state transition (unmounted -> unmounted) for /storage/sata0
07-19 15:54:39.320 W/MountService(  506): Duplicate state transition (unmounted -> unmounted) for /storage/usbdisk0
07-19 15:54:39.320 D/MountService(  506): volume state changed for /storage/usbdisk1 (unmounted -> removed)
07-19 15:54:39.320 W/MountService(  506): Duplicate state transition (unmounted -> unmounted) for /storage/usbdisk2
07-19 15:54:39.320 D/MountService(  506): volume state changed for /storage/engine2 (unmounted -> removed)
07-19 15:54:39.320 D/MountService(  506): volume state changed for /storage/engine3 (unmounted -> removed)
07-19 15:54:39.320 I/SystemServer(  506): NetworkPolicy Service
07-19 15:54:39.320 W/PackageManager(  506): Unknown permission android.permission.ACCESS_DOWNLOAD_MANAGER in package com.android.defcontainer
07-19 15:54:39.320 W/PackageManager(  506): Unknown permission android.permission.ACCESS_ALL_DOWNLOADS in package com.android.defcontainer
07-19 15:54:39.320 W/PackageManager(  506): Unknown permission android.permission.DOWNLOAD_WITHOUT_NOTIFICATION in package com.android.inputmethod.latin
07-19 15:54:39.320 W/PackageManager(  506): Unknown permission com.qualcomm.permission.wfd.QC_WFD in package com.qualcomm.qti.services.secureui
07-19 15:54:39.320 W/PackageManager(  506): Unknown permission com.google.android.gallery3d.permission.GALLERY_PROVIDER in package com.android.bluetooth
07-19 15:54:39.320 W/PackageManager(  506): Unknown permission com.android.gallery3d.permission.GALLERY_PROVIDER in package com.android.bluetooth
07-19 15:54:39.320 W/PackageManager(  506): Unknown permission android.permission.MMS_SEND_OUTBOX_MSG in package com.android.bluetooth
07-19 15:54:39.320 W/PackageManager(  506): Unknown permission android.permission.ACCESS_DOWNLOAD_MANAGER in package com.android.browser
07-19 15:54:39.320 W/PackageManager(  506): Unknown permission android.permission.SEND_DOWNLOAD_COMPLETED_INTENTS in package com.android.browser
07-19 15:54:39.320 I/SystemServer(  506): Wi-Fi P2pService
07-19 15:54:39.320 W/PackageManager(  506): Unknown permission com.android.launcher.permission.READ_SETTINGS in package com.android.onetimeinitializer
07-19 15:54:39.320 W/PackageManager(  506): Unknown permission com.android.launcher.permission.WRITE_SETTINGS in package com.android.onetimeinitializer
07-19 15:54:39.320 W/PackageManager(  506): Unknown permission android.permission.MMS_PUSH in package org.codeaurora.bluetooth
07-19 15:54:39.320 W/PackageManager(  506): Unknown permission com.google.android.gallery3d.permission.PICASA_STORE in package com.android.dreams.phototable
07-19 15:54:39.320 W/PackageManager(  506): Unknown permission com.google.android.googleapps.permission.GOOGLE_AUTH in package com.android.settings
07-19 15:54:39.320 W/PackageManager(  506): Unknown permission android.permission.ACCESS_DOWNLOAD_MANAGER in package com.android.settings
07-19 15:54:39.320 W/PackageManager(  506): Unknown permission com.android.launcher.permission.READ_SETTINGS in package com.android.settings
07-19 15:54:39.320 W/PackageManager(  506): Unknown permission com.android.launcher.permission.WRITE_SETTINGS in package com.android.settings
07-19 15:54:39.320 W/PackageManager(  506): Not granting permission android.permission.DELETE_PACKAGES to package com.svox.pico (protectionLevel=18 flags=0x8be45)
07-19 15:54:39.320 W/PackageManager(  506): Unknown permission android.permission.DOWNLOAD_WITHOUT_NOTIFICATION in package com.android.email
07-19 15:54:39.400 I/SystemServer(  506): Wi-Fi Service
07-19 15:54:39.440 I/SystemServer(  506): QcConnectivity Service
07-19 15:54:39.450 D/QcConnectivityService(  506): QcConnectivityService starting up
07-19 15:54:39.450 D/QcConnectivityService(  506): wifiOnly=true
07-19 15:54:39.450 D/QcConnectivityService(  506): networkAttributes - ignoring mobile as this dev is wifiOnly 0
07-19 15:54:39.450 D/QcConnectivityService(  506): networkAttributes - ignoring mobile as this dev is wifiOnly 2
07-19 15:54:39.450 D/QcConnectivityService(  506): networkAttributes - ignoring mobile as this dev is wifiOnly 3
07-19 15:54:39.450 D/QcConnectivityService(  506): networkAttributes - ignoring mobile as this dev is wifiOnly 4
07-19 15:54:39.450 D/QcConnectivityService(  506): networkAttributes - ignoring mobile as this dev is wifiOnly 5
07-19 15:54:39.450 D/QcConnectivityService(  506): networkAttributes - ignoring mobile as this dev is wifiOnly 10
07-19 15:54:39.450 D/QcConnectivityService(  506): networkAttributes - ignoring mobile as this dev is wifiOnly 11
07-19 15:54:39.450 D/QcConnectivityService(  506): networkAttributes - ignoring mobile as this dev is wifiOnly 12
07-19 15:54:39.450 E/QcConnectivityService(  506): Ignoring protectedNetwork 10
07-19 15:54:39.450 E/QcConnectivityService(  506): Ignoring protectedNetwork 11
07-19 15:54:39.450 E/QcConnectivityService(  506): Ignoring protectedNetwork 12
07-19 15:54:39.450 E/QcConnectivityService(  506): Ignoring protectedNetwork 14
07-19 15:54:39.450 V/EthernetStateTracker(  506): Starts...
07-19 15:54:39.450 V/EthernetStateTracker(  506): Successed
07-19 15:54:39.450 I/EthernetService(  506): Ethernet dev enabled 2
07-19 15:54:39.450 V/EthernetService(  506): device 0 name eth0
07-19 15:54:39.450 E/EthernetService(  506): Registering SCREEN OFF / ON , Battery Bcast
07-19 15:54:39.450 V/EthernetMonitor(  506): go poll events
07-19 15:54:39.450 V/EthernetStateTracker(  506): start to monitor the ethernet devices
07-19 15:54:39.450 I/EthernetManager(  506): Init Ethernet Manager, service: com.android.server.EthernetService@419ec2c8
07-19 15:54:39.450 V/EthernetStateTracker(  506): state == mEM.ETHERNET_STATE_ENABLED
07-19 15:54:39.450 I/EthernetStateTracker(  506): event: 7  IDLE ==> IDLE
07-19 15:54:39.450 I/EthernetStateTracker(  506): reset device eth0
07-19 15:54:39.450 D/Nat464Xlat(  506): requiresClat: netType=9, hasIPv4Address=false
07-19 15:54:39.780 V/EthernetMonitor(  506): get event eth0:17:
07-19 15:54:39.780 V/EthernetMonitor(  506): dev: eth0 ev 17
07-19 15:54:39.780 I/EthernetStateTracker(  506): report event 5 on dev eth0
07-19 15:54:39.780 V/EthernetStateTracker(  506): update network state tracker
07-19 15:54:40.060 I/EthernetStateTracker(  506): reset device eth0
07-19 15:54:40.339 W/ContextImpl(  506): Calling a method in the system process without a qualified user: android.app.ContextImpl.bindService:1568 android.bluetooth.BluetoothPan.doBind:148 android.bluetooth.BluetoothPan.<init>:141 android.bluetooth.BluetoothAdapter.getProfileProxy:1373 android.bluetooth.BluetoothTetheringDataTracker.startMonitoring:116 
07-19 15:54:40.359 W/QcConnectivityService(  506): Created CNE Service
07-19 15:54:40.359 I/WifiService(  506): WifiService starting up with Wi-Fi enabled
07-19 15:54:40.359 D/WifiService(  506): setWifiEnabled: true pid=506, uid=1000
07-19 15:54:40.359 I/SystemServer(  506): Network Service Discovery Service
07-19 15:54:40.369 D/NsdService(  506): Network service discovery enabled true
07-19 15:54:40.369 I/SystemServer(  506): UpdateLock Service
07-19 15:54:40.369 I/SystemServer(  506): Notification Manager
07-19 15:54:40.369 I/SystemServer(  506): Device Storage Monitor
07-19 15:54:40.369 I/SystemServer(  506): Location Manager
07-19 15:54:40.369 I/SystemServer(  506): Country Detector
07-19 15:54:40.369 I/SystemServer(  506): Search Service
07-19 15:54:40.369 I/SystemServer(  506): DropBox Service
07-19 15:54:40.369 I/SystemServer(  506): Wallpaper Service
07-19 15:54:40.379 I/SystemServer(  506): Audio Service
07-19 15:54:40.429 I/SystemServer(  506): Dock Observer
07-19 15:54:40.429 W/DockObserver(  506): This kernel does not have dock station support
07-19 15:54:40.429 I/SystemServer(  506): Wired Accessory Manager
07-19 15:54:40.429 I/SystemServer(  506): USB Service
07-19 15:54:40.439 I/SystemServer(  506): Serial Service
07-19 15:54:40.439 I/SystemServer(  506): Twilight Service
07-19 15:54:40.439 I/SystemServer(  506): UI Mode Manager Service
07-19 15:54:40.439 I/SystemServer(  506): Backup Service
07-19 15:54:40.439 V/BackupManagerService(  506): Initializing package tracking
07-19 15:54:40.439 V/BackupManagerService(  506): No ancestral data
07-19 15:54:40.439 V/BackupManagerService(  506): addPackageParticipantsLocked: all
07-19 15:54:40.439 I/BackupManagerService(  506): Scheduling backup for new app com.android.browser
07-19 15:54:40.439 D/BackupManagerService(  506): Now staging backup of com.android.browser
07-19 15:54:40.449 I/BackupManagerService(  506): Scheduling backup for new app com.android.sharedstoragebackup
07-19 15:54:40.449 D/BackupManagerService(  506): Now staging backup of com.android.sharedstoragebackup
07-19 15:54:40.459 I/BackupManagerService(  506): Scheduling backup for new app android
07-19 15:54:40.459 D/BackupManagerService(  506): Now staging backup of android
07-19 15:54:40.459 I/BackupManagerService(  506): Scheduling backup for new app com.qti.backupagent
07-19 15:54:40.459 D/BackupManagerService(  506): Now staging backup of com.qti.backupagent
07-19 15:54:40.459 I/BackupManagerService(  506): Scheduling backup for new app com.android.providers.settings
07-19 15:54:40.459 D/BackupManagerService(  506): Now staging backup of com.android.providers.settings
07-19 15:54:40.459 V/BackupManagerService(  506): Starting with transport android/com.android.internal.backup.LocalTransport
07-19 15:54:40.459 V/BackupManagerService(  506): Found transports: 1
07-19 15:54:40.459 I/BackupManagerService(  506): Binding to transport host ComponentInfo{android/com.android.internal.backup.LocalTransportService}
07-19 15:54:40.459 I/BackupManagerService(  506): Found stale backup journal, scheduling
07-19 15:54:40.459 I/BackupManagerService(  506):   com.android.browser
07-19 15:54:40.459 I/BackupManagerService(  506):   com.android.sharedstoragebackup
07-19 15:54:40.459 I/BackupManagerService(  506):   android
07-19 15:54:40.459 I/BackupManagerService(  506):   com.qti.backupagent
07-19 15:54:40.459 I/BackupManagerService(  506):   com.android.providers.settings
07-19 15:54:40.459 I/BackupManagerService(  506): Backup enabled => false
07-19 15:54:40.469 I/BackupManagerService(  506): Opting out of backup
07-19 15:54:40.469 I/SystemServer(  506): AppWidget Service
07-19 15:54:40.469 I/SystemServer(  506): Recognition Service
07-19 15:54:40.469 I/SystemServer(  506): DiskStats Service
07-19 15:54:40.469 I/SystemServer(  506): SamplingProfiler Service
07-19 15:54:40.479 I/SystemServer(  506): NetworkTimeUpdateService
07-19 15:54:40.479 I/SystemServer(  506): CommonTimeManagementService
07-19 15:54:40.479 I/SystemServer(  506): CertBlacklister
07-19 15:54:40.479 I/SystemServer(  506): Dreams Service
07-19 15:54:40.479 I/SystemServer(  506): Assets Atlas Service
07-19 15:54:40.479 I/SystemServer(  506): IdleMaintenanceService
07-19 15:54:40.479 I/SystemServer(  506): Print Service
07-19 15:54:40.479 I/SystemServer(  506): Media Router Service
07-19 15:54:40.539 I/ActivityManager(  506): Start proc com.android.systemui for service com.android.keyguard/.KeyguardService: pid=575 uid=10003 gids={50003, 1028, 1015, 1035, 3002, 3001}
07-19 15:54:40.539 W/SystemServer(  506): ***********************************************
07-19 15:54:40.639 I/ActivityManager(  506): System now ready
07-19 15:54:40.639 I/SystemServer(  506): Making services ready
07-19 15:54:40.649 D/NetworkManagementService(  506): enabling bandwidth control
07-19 15:54:40.649 I/Vold    (  214): /dev/block/vold/8:32 being considered for volume sata0
07-19 15:54:40.649 D/Vold    (  214): Volume sata0 state changing 1 (Idle-Unmounted) -> 3 (Checking)
07-19 15:54:40.649 D/MountService(  506): volume state changed for /storage/sata0 (unmounted -> checking)
07-19 15:54:40.649 D/MountService(  506): sendStorageIntent Intent { act=android.intent.action.MEDIA_CHECKING dat=file:///storage/sata0 (has extras) } to UserHandle{-1}
07-19 15:54:40.649 D/fsck_msdos(  595): sectors Per cluster :64 
07-19 15:54:40.649 D/fsck_msdos(  595): boot->ClusterOffset :60942 
07-19 15:54:40.649 I/fsck_msdos(  595): FAT32 Filesystem
07-19 15:54:40.649 D/fsck_msdos(  595): Using cluster_chain_descriptor
07-19 15:54:40.649 I/fsck_msdos(  595): Total clusters 3906386 
07-19 15:54:40.669 W/NetworkStats(  506): bandwidth controls disabled, unable to track stats
07-19 15:54:40.669 W/NetworkPolicy(  506): bandwidth controls disabled, unable to enforce policy
07-19 15:54:40.669 I/StatusBarManagerService(  506): registerStatusBar bar=com.android.internal.statusbar.IStatusBar$Stub$Proxy@41b87a58
07-19 15:54:40.679 I/EthernetStateTracker(  506): Broadcasting Ethernet: 2 IDLE
07-19 15:54:40.679 W/ContextImpl(  506): Calling a method in the system process without a qualified user: android.app.ContextImpl.sendStickyBroadcast:1306 android.net.ethernet.EthernetStateTracker.broadcastState:660 android.net.ethernet.EthernetStateTracker.systemReady:650 com.android.server.QcConnectivityService.systemReady:2396 com.android.server.ServerThread$2.run:1042 
07-19 15:54:40.679 W/SystemServer(  506): ***********************************************
07-19 15:54:40.699 W/ContextImpl(  506): Calling a method in the system process without a qualified user: android.app.ContextImpl.sendBroadcast:1148 com.android.server.usb.UsbSettingsManager.deviceAttached:621 com.android.server.usb.UsbHostManager.usbDeviceAdded:156 com.android.server.usb.UsbHostManager.monitorUsbHostBus:-2 com.android.server.usb.UsbHostManager.access$000:38 
07-19 15:54:40.719 I/ActivityManager(  506): Start proc android.process.media for broadcast com.android.providers.media/.MtpReceiver: pid=605 uid=10004 gids={50004, 1028, 1015, 1023, 1024}
07-19 15:54:40.719 I/ActivityManager(  506): Config changes=200 {1.0 ?mcc?mnc en_US ldltr sw1080dp w1920dp h1055dp 160dpi xlrg long land finger -keyb/v/h -nav/h s.5}
07-19 15:54:40.719 W/RecognitionManagerService(  506): no available voice recognition services found for user 0
07-19 15:54:40.719 W/ContextImpl(  506): Calling a method in the system process without a qualified user: android.app.ContextImpl.sendBroadcast:1148 com.android.server.usb.UsbSettingsManager.deviceAttached:621 com.android.server.usb.UsbHostManager.usbDeviceAdded:156 com.android.server.usb.UsbHostManager.monitorUsbHostBus:-2 com.android.server.usb.UsbHostManager.access$000:38 
07-19 15:54:40.719 W/ContextImpl(  506): Calling a method in the system process without a qualified user: android.app.ContextImpl.sendBroadcast:1148 com.android.server.usb.UsbSettingsManager.deviceAttached:621 com.android.server.usb.UsbHostManager.usbDeviceAdded:156 com.android.server.usb.UsbHostManager.monitorUsbHostBus:-2 com.android.server.usb.UsbHostManager.access$000:38 
07-19 15:54:40.719 W/ContextImpl(  506): Calling a method in the system process without a qualified user: android.app.ContextImpl.sendBroadcast:1148 com.android.server.usb.UsbSettingsManager.deviceAttached:621 com.android.server.usb.UsbHostManager.usbDeviceAdded:156 com.android.server.usb.UsbHostManager.monitorUsbHostBus:-2 com.android.server.usb.UsbHostManager.access$000:38 
07-19 15:54:40.719 W/ContextImpl(  506): Calling a method in the system process without a qualified user: android.app.ContextImpl.bindService:1568 android.bluetooth.BluetoothHeadset.doBind:283 android.bluetooth.BluetoothHeadset.<init>:276 android.bluetooth.BluetoothAdapter.getProfileProxy:1364 android.media.AudioService.getBluetoothHeadset:2284 
07-19 15:54:40.719 W/ContextImpl(  506): Calling a method in the system process without a qualified user: android.app.ContextImpl.sendBroadcast:1148 com.android.server.usb.UsbSettingsManager.deviceAttached:621 com.android.server.usb.UsbHostManager.usbDeviceAdded:156 com.android.server.usb.UsbHostManager.monitorUsbHostBus:-2 com.android.server.usb.UsbHostManager.access$000:38 
07-19 15:54:40.719 W/ContextImpl(  506): Calling a method in the system process without a qualified user: android.app.ContextImpl.sendBroadcast:1148 com.android.server.usb.UsbSettingsManager.deviceAttached:621 com.android.server.usb.UsbHostManager.usbDeviceAdded:156 com.android.server.usb.UsbHostManager.monitorUsbHostBus:-2 com.android.server.usb.UsbHostManager.access$000:38 
07-19 15:54:40.719 W/ContextImpl(  506): Calling a method in the system process without a qualified user: android.app.ContextImpl.bindService:1568 android.bluetooth.BluetoothA2dp.doBind:165 android.bluetooth.BluetoothA2dp.<init>:158 android.bluetooth.BluetoothAdapter.getProfileProxy:1367 android.media.AudioService.onSystemReady:600 
07-19 15:54:40.729 W/ContextImpl(  506): Calling a method in the system process without a qualified user: android.app.ContextImpl.sendBroadcast:1148 com.android.server.usb.UsbSettingsManager.deviceAttached:621 com.android.server.usb.UsbHostManager.usbDeviceAdded:156 com.android.server.usb.UsbHostManager.monitorUsbHostBus:-2 com.android.server.usb.UsbHostManager.access$000:38 
07-19 15:54:40.739 W/InputMethodManagerService(  506): Ignoring setImeWindowStatus of uid 1000 token: null
07-19 15:54:40.759 I/ActivityManager(  506): Start proc com.android.inputmethod.latin for service com.android.inputmethod.latin/.LatinIME: pid=624 uid=10017 gids={50017, 1028, 1015}
07-19 15:54:40.759 V/InputMethodManagerService(  506): Adding window token: android.os.Binder@41b4aa58
07-19 15:54:40.799 V/EthernetMonitor(  506): go poll events
07-19 15:54:40.809 W/LocationManagerService(  506): no network location provider found
07-19 15:54:40.809 E/LocationManagerService(  506): no fused location provider found
07-19 15:54:40.809 E/LocationManagerService(  506): java.lang.IllegalStateException: Location service needs a fused location provider
07-19 15:54:40.809 E/LocationManagerService(  506): 	at com.android.server.LocationManagerService.loadProvidersLocked(LocationManagerService.java:420)
07-19 15:54:40.809 E/LocationManagerService(  506): 	at com.android.server.LocationManagerService.systemRunning(LocationManagerService.java:250)
07-19 15:54:40.809 E/LocationManagerService(  506): 	at com.android.server.ServerThread$2.run(SystemServer.java:1097)
07-19 15:54:40.809 E/LocationManagerService(  506): 	at com.android.server.am.ActivityManagerService.systemReady(ActivityManagerService.java:9411)
07-19 15:54:40.809 E/LocationManagerService(  506): 	at com.android.server.ServerThread.initAndLoop(SystemServer.java:1004)
07-19 15:54:40.809 E/LocationManagerService(  506): 	at com.android.server.SystemServer.main(SystemServer.java:1267)
07-19 15:54:40.809 E/LocationManagerService(  506): 	at java.lang.reflect.Method.invokeNative(Native Method)
07-19 15:54:40.809 E/LocationManagerService(  506): 	at java.lang.reflect.Method.invoke(Method.java:515)
07-19 15:54:40.809 E/LocationManagerService(  506): 	at com.android.internal.os.ZygoteInit$MethodAndArgsCaller.run(ZygoteInit.java:786)
07-19 15:54:40.809 E/LocationManagerService(  506): 	at com.android.internal.os.ZygoteInit.main(ZygoteInit.java:602)
07-19 15:54:40.809 E/LocationManagerService(  506): 	at dalvik.system.NativeStart.main(Native Method)
07-19 15:54:40.809 E/LocationManagerService(  506): no geocoder provider found
07-19 15:54:40.809 E/LocationManagerService(  506): No FusedProvider found.
07-19 15:54:40.819 E/LocationManagerService(  506): no geofence provider found
07-19 15:54:40.839 I/ActivityManager(  506): Start proc com.android.settings for broadcast com.android.settings/.widget.SettingsAppWidgetProvider: pid=651 uid=1000 gids={41000, 1028, 1015, 3003, 3001, 3002, 1023}
07-19 15:54:40.859 I/ActivityManager(  506): Start proc com.qualcomm.qti.services.secureui:sui_service for added application com.qualcomm.qti.services.secureui:sui_service: pid=663 uid=1000 gids={41000, 1028, 1015, 3003, 3001, 3002, 1023}
07-19 15:54:40.859 I/ActivityManager(  506): START u0 {act=android.intent.action.MAIN cat=[android.intent.category.HOME] flg=0x10000000 cmp=com.ultrasound.usstarter/.Starter} from pid 0
07-19 15:54:40.889 I/ActivityManager(  506): Start proc com.ultrasound.usstarter for activity com.ultrasound.usstarter/.Starter: pid=683 uid=1000 gids={41000, 1028, 1015, 3003, 3001, 3002, 1023}
07-19 15:54:40.909 I/ActivityManager(  506): Start proc com.android.printspooler for service com.android.printspooler/.PrintSpoolerService: pid=702 uid=10026 gids={50026}
07-19 15:54:40.909 E/ActivityThread(  575): Failed to find provider info for com.android.contacts
07-19 15:54:40.929 W/InputMethodManagerService(  506): Focus gain on non-focused client android.view.inputmethod.InputMethodManager$1@41a13978 (uid=1000 pid=506)
07-19 15:54:40.939 I/EthernetStateTracker(  506): stop dhcp and interface
07-19 15:54:40.979 E/ActivityThread(  624): Failed to find provider info for user_dictionary
07-19 15:54:41.089 W/ContextImpl(  651): Calling a method in the system process without a qualified user: android.app.ContextImpl.bindService:1568 android.content.ContextWrapper.bindService:517 android.bluetooth.BluetoothInputDevice.doBind:256 android.bluetooth.BluetoothInputDevice.<init>:249 android.bluetooth.BluetoothAdapter.getProfileProxy:1370 
07-19 15:54:41.089 W/ContextImpl(  651): Calling a method in the system process without a qualified user: android.app.ContextImpl.bindService:1568 android.content.ContextWrapper.bindService:517 android.bluetooth.BluetoothPan.doBind:148 android.bluetooth.BluetoothPan.<init>:141 android.bluetooth.BluetoothAdapter.getProfileProxy:1373 
07-19 15:54:41.089 W/ContextImpl(  651): Calling a method in the system process without a qualified user: android.app.ContextImpl.bindService:1568 android.content.ContextWrapper.bindService:517 android.bluetooth.BluetoothMap.doBind:109 android.bluetooth.BluetoothMap.<init>:102 android.bluetooth.BluetoothAdapter.getProfileProxy:1385 
07-19 15:54:41.089 W/ContextImpl(  651): Calling a method in the system process without a qualified user: android.app.ContextImpl.bindService:1568 android.content.ContextWrapper.bindService:517 android.bluetooth.BluetoothPbap.doBind:164 android.bluetooth.BluetoothPbap.<init>:157 com.android.settings.bluetooth.PbapServerProfile.<init>:68 
07-19 15:54:41.099 I/fsck_msdos(  595): ** Phase 2 - Check Cluster Chains 
07-19 15:54:41.109 I/fsck_msdos(  595): Begin to handle the cluster chain
07-19 15:54:41.119 E/ActivityThread(  575): Failed to find provider info for com.android.contacts
07-19 15:54:41.219 D/fsck_msdos(  595): rootDir->head :2
07-19 15:54:41.239 I/EthernetStateTracker(  506): event: 5  IDLE ==> DISCONNECTED
07-19 15:54:41.239 I/EthernetStateTracker(  506): Broadcasting Ethernet: 2 DISCONNECTED
07-19 15:54:41.239 W/ContextImpl(  506): Calling a method in the system process without a qualified user: android.app.ContextImpl.sendStickyBroadcast:1306 android.net.ethernet.EthernetStateTracker.broadcastState:660 android.net.ethernet.EthernetStateTracker.updateState:461 android.net.ethernet.EthernetStateTracker.handleMessage:474 android.os.Handler.dispatchMessage:102 
07-19 15:54:41.239 D/QcConnectivityService(  506): Attempting to switch to wifi
07-19 15:54:41.239 D/QcConnectivityService(  506): Attempting to switch to BLUETOOTH_TETHER
07-19 15:54:41.239 V/WiredAccessoryManager(  506): notifyWiredAccessoryChanged: when=0 bits=SW_HEADPHONE_INSERT  mask=14
07-19 15:54:41.239 V/WiredAccessoryManager(  506): newName=h2w newState=2 headsetState=2 prev headsetState=0
07-19 15:54:41.239 V/WiredAccessoryManager(  506): init()
07-19 15:54:41.239 D/Nat464Xlat(  506): requiresClat: netType=9, hasIPv4Address=false
07-19 15:54:41.259 D/fsck_msdos(  595): Verify Filesystem information
07-19 15:54:41.259 W/fsck_msdos(  595): 587 files, 152096 free (3543697 clusters)
07-19 15:54:41.259 I/fsck_msdos(  595): free_rb_tree 
07-19 15:54:41.259 I/fsck_msdos(  595): free_fragment_tree
07-19 15:54:41.259 I/fsck_msdos(  595): free_fragment_tree
07-19 15:54:41.259 I/fsck_msdos(  595): free_fragment_tree: rb_tree is empty 
07-19 15:54:41.269 V/BackupManagerService(  506): Connected to transport ComponentInfo{android/com.android.internal.backup.LocalTransportService}
07-19 15:54:41.269 V/BackupManagerService(  506): Registering transport android/com.android.internal.backup.LocalTransportService::android/com.android.internal.backup.LocalTransport = com.android.internal.backup.LocalTransport@41bc7198
07-19 15:54:41.289 I/Vold    (  214): Filesystem check completed OK
07-19 15:54:41.299 V/WiredAccessoryManager(  506): device h2w connected
07-19 15:54:41.339 D/Vold    (  214): Volume sata0 state changing 3 (Checking) -> 4 (Mounted)
07-19 15:54:41.339 D/MountService(  506): volume state changed for /storage/sata0 (checking -> mounted)
07-19 15:54:41.339 E/VoldConnector(  506): NDC Command {3 volume mount /storage/sata0} took too long (696ms)
07-19 15:54:41.339 I/Vold    (  214): /dev/block/vold/8:1 being considered for volume usbdisk2
07-19 15:54:41.339 D/Vold    (  214): Volume usbdisk2 state changing 1 (Idle-Unmounted) -> 3 (Checking)
07-19 15:54:41.349 D/fsck_msdos(  765): sectors Per cluster :8 
07-19 15:54:41.349 D/fsck_msdos(  765): boot->ClusterOffset :16368 
07-19 15:54:41.349 I/fsck_msdos(  765): FAT32 Filesystem
07-19 15:54:41.349 D/fsck_msdos(  765): Using cluster_chain_descriptor
07-19 15:54:41.349 I/fsck_msdos(  765): Total clusters 962047 
07-19 15:54:41.349 D/MountService(  506): sendStorageIntent Intent { act=android.intent.action.MEDIA_MOUNTED dat=file:///storage/sata0 (has extras) } to UserHandle{-1}
07-19 15:54:41.359 D/MountService(  506): volume state changed for /storage/usbdisk2 (unmounted -> checking)
07-19 15:54:41.359 D/MountService(  506): sendStorageIntent Intent { act=android.intent.action.MEDIA_CHECKING dat=file:///storage/usbdisk2 (has extras) } to UserHandle{-1}
07-19 15:54:41.419 I/WindowManager(  506): Using new display size: 1366x768
07-19 15:54:41.589 I/ActivityManager(  506): Config changes=c00 {1.0 ?mcc?mnc en_US ldltr sw768dp w1366dp h743dp 160dpi xlrg long land finger -keyb/v/h -nav/h s.6}
07-19 15:54:41.619 I/ActivityManager(  506): START u0 {act=android.intent.action.MAIN cat=[android.intent.category.LAUNCHER] flg=0x10000000 pkg=com.qisda.viva cmp=com.qisda.viva/.LoginActivity} from pid 683
07-19 15:54:41.659 I/fsck_msdos(  765): Begin to compare FAT
07-19 15:54:41.679 I/fsck_msdos(  765): ** Phase 2 - Check Cluster Chains 
07-19 15:54:41.679 I/fsck_msdos(  765): Begin to handle the cluster chain
07-19 15:54:41.709 D/fsck_msdos(  765): rootDir->head :2
07-19 15:54:41.719 D/fsck_msdos(  765): Verify Filesystem information
07-19 15:54:41.719 W/fsck_msdos(  765): 78 files, 3827624 free (956906 clusters)
07-19 15:54:41.719 I/fsck_msdos(  765): free_rb_tree 
07-19 15:54:41.719 I/fsck_msdos(  765): free_fragment_tree
07-19 15:54:41.719 I/fsck_msdos(  765): free_fragment_tree
07-19 15:54:41.719 I/fsck_msdos(  765): free_fragment_tree: rb_tree is empty 
07-19 15:54:41.729 I/Vold    (  214): Filesystem check completed OK
07-19 15:54:41.759 D/Vold    (  214): Volume usbdisk2 state changing 3 (Checking) -> 4 (Mounted)
07-19 15:54:41.769 I/Vold    (  214): /dev/block/vold/8:17 being considered for volume usbdisk0
07-19 15:54:41.769 D/Vold    (  214): Volume usbdisk0 state changing 1 (Idle-Unmounted) -> 3 (Checking)
07-19 15:54:41.769 D/MountService(  506): volume state changed for /storage/usbdisk2 (checking -> mounted)
07-19 15:54:41.769 D/MountService(  506): sendStorageIntent Intent { act=android.intent.action.MEDIA_MOUNTED dat=file:///storage/usbdisk2 (has extras) } to UserHandle{-1}
07-19 15:54:41.769 D/fsck_msdos(  854): sectors Per cluster :32 
07-19 15:54:41.769 D/fsck_msdos(  854): boot->ClusterOffset :7808 
07-19 15:54:41.769 I/fsck_msdos(  854): FAT32 Filesystem
07-19 15:54:41.769 D/fsck_msdos(  854): Using cluster_chain_descriptor
07-19 15:54:41.769 I/fsck_msdos(  854): Total clusters 244740 
07-19 15:54:41.929 I/fsck_msdos(  854): Begin to compare FAT
07-19 15:54:41.949 I/fsck_msdos(  854): ** Phase 2 - Check Cluster Chains 
07-19 15:54:41.949 I/fsck_msdos(  854): Begin to handle the cluster chain
07-19 15:54:41.949 I/WindowManager(  506): Screenshot max retries 4 of Token{41b50a40 ActivityRecord{41b507c8 u0 com.ultrasound.usstarter/.Starter t1}} appWin=Window{418e3bd0 u0 com.ultrasound.usstarter/com.ultrasound.usstarter.Starter} drawState=1
07-19 15:54:41.949 W/WindowManager(  506): Screenshot failure taking screenshot for (1366x768) to layer 21005
07-19 15:54:41.959 D/MountService(  506): volume state changed for /storage/usbdisk0 (unmounted -> checking)
07-19 15:54:41.959 D/MountService(  506): sendStorageIntent Intent { act=android.intent.action.MEDIA_CHECKING dat=file:///storage/usbdisk0 (has extras) } to UserHandle{-1}
07-19 15:54:41.959 D/fsck_msdos(  854): rootDir->head :2
07-19 15:54:41.959 D/fsck_msdos(  854): Verify Filesystem information
07-19 15:54:41.959 W/fsck_msdos(  854): 2 files, 3915776 free (244736 clusters)
07-19 15:54:41.959 I/fsck_msdos(  854): free_rb_tree 
07-19 15:54:41.959 I/fsck_msdos(  854): free_fragment_tree
07-19 15:54:41.959 I/fsck_msdos(  854): free_fragment_tree
07-19 15:54:41.959 I/fsck_msdos(  854): free_fragment_tree: rb_tree is empty 
07-19 15:54:41.969 I/Vold    (  214): Filesystem check completed OK
07-19 15:54:41.999 D/Vold    (  214): Volume usbdisk0 state changing 3 (Checking) -> 4 (Mounted)
07-19 15:54:41.999 I/PowerManagerService(  506): Boot animation finished.
07-19 15:54:42.009 D/MountService(  506): volume state changed for /storage/usbdisk0 (checking -> mounted)
07-19 15:54:42.009 I/Vold    (  214): /dev/block/vold/179:65 being considered for volume sdcard1
07-19 15:54:42.009 D/Vold    (  214): Volume sdcard1 state changing 1 (Idle-Unmounted) -> 3 (Checking)
07-19 15:54:42.009 D/MountService(  506): sendStorageIntent Intent { act=android.intent.action.MEDIA_MOUNTED dat=file:///storage/usbdisk0 (has extras) } to UserHandle{-1}
07-19 15:54:42.009 D/MountService(  506): volume state changed for /storage/sdcard1 (unmounted -> checking)
07-19 15:54:42.009 E/ActivityThread(  575): Failed to find provider info for com.android.contacts
07-19 15:54:42.019 I/BootReceiver(  506): Copying audit failures to DropBox
07-19 15:54:42.019 I/BootReceiver(  506): Checking for fsck errors
07-19 15:54:42.019 D/MountService(  506): sendStorageIntent Intent { act=android.intent.action.MEDIA_CHECKING dat=file:///storage/sdcard1 (has extras) } to UserHandle{-1}
07-19 15:54:42.019 E/ActivityThread(  506): Failed to find provider info for downloads
07-19 15:54:42.019 E/BootReceiver(  506): Can't remove old update packages
07-19 15:54:42.019 E/BootReceiver(  506): java.lang.IllegalArgumentException: Unknown URL content://downloads/my_downloads
07-19 15:54:42.019 E/BootReceiver(  506): 	at android.content.ContentResolver.delete(ContentResolver.java:1278)
07-19 15:54:42.019 E/BootReceiver(  506): 	at android.provider.Downloads.removeAllDownloadsByPackage(Downloads.java:805)
07-19 15:54:42.019 E/BootReceiver(  506): 	at com.android.server.BootReceiver.removeOldUpdatePackages(BootReceiver.java:97)
07-19 15:54:42.019 E/BootReceiver(  506): 	at com.android.server.BootReceiver.access$100(BootReceiver.java:42)
07-19 15:54:42.019 E/BootReceiver(  506): 	at com.android.server.BootReceiver$1.run(BootReceiver.java:86)
07-19 15:54:42.039 I/ActivityManager(  506): Start proc com.qisda.viva for activity com.qisda.viva/.LoginActivity: pid=872 uid=1000 gids={41000, 1028, 1015, 3003, 3001, 3002, 1023}
07-19 15:54:42.049 I/WindowManager(  506): Screen frozen for +628ms due to Window{41b4f4a0 u0 StatusBar}
07-19 15:54:42.069 I/WindowManager(  506): Using new display size: 1366x768
07-19 15:54:42.079 D/fsck_msdos(  869): sectors Per cluster :64 
07-19 15:54:42.079 D/fsck_msdos(  869): boot->ClusterOffset :376 
07-19 15:54:42.079 I/fsck_msdos(  869): FAT16 Fielsystem
07-19 15:54:42.079 D/fsck_msdos(  869): Using cluster_chain_descriptor
07-19 15:54:42.079 I/fsck_msdos(  869): Total clusters 59447 
07-19 15:54:42.079 I/ActivityManager(  506): START u0 {act=android.intent.action.MAIN cat=[android.intent.category.LAUNCHER] flg=0x10000000 pkg=com.qisda.viva cmp=com.qisda.viva/.LoginActivity} from pid 683
07-19 15:54:42.079 W/ActivityManager(  506): Duplicate finish request for ActivityRecord{41b507c8 u0 com.ultrasound.usstarter/.Starter t1 f}
07-19 15:54:42.089 I/fsck_msdos(  869): Begin to compare FAT
07-19 15:54:42.089 I/fsck_msdos(  869): ** Phase 2 - Check Cluster Chains 
07-19 15:54:42.089 I/fsck_msdos(  869): Begin to handle the cluster chain
07-19 15:54:42.089 D/fsck_msdos(  869): rootDir->head :0
