* daemon not running. starting it now on port 5037 *
* daemon started successfully *
--------- beginning of /dev/log/system
07-18 09:39:22.530 I/Vold    (  215): Vold 2.1 (the revenge) firing up
07-18 09:39:22.530 I/Vold    (  215): int process_config(VolumeManager*) 222 /devices/msm_sdcc.2/mmc_host to volume sdcard1
07-18 09:39:22.530 D/Vold    (  215): Volume sdcard1 state changing -1 (Initializing) -> 0 (No-Media)
07-18 09:39:22.530 I/Vold    (  215): int process_config(VolumeManager*) 222 /devices/msm_dwc3/f9200000.dwc3/xhci-hcd/usb1/1-1/1-1.3 to volume sata0
07-18 09:39:22.530 I/Vold    (  215): int check_if_blkdevice_exist(const char*) 158 /sys/devices/msm_dwc3/f9200000.dwc3/xhci-hcd/usb1/1-1/1-1.3
07-18 09:39:22.530 I/Vold    (  215): set msata.status property : waiting
07-18 09:39:22.780 D/Vold    (  215): Volume sata0 state changing -1 (Initializing) -> 0 (No-Media)
07-18 09:39:22.780 I/Vold    (  215): int process_config(VolumeManager*) 222 /devices/msm_smsc_hub/msm_hsic_host/usb3/3-1/3-1.1 to volume usbdisk0
07-18 09:39:22.780 D/Vold    (  215): Volume usbdisk0 state changing -1 (Initializing) -> 0 (No-Media)
07-18 09:39:22.780 I/Vold    (  215): int process_config(VolumeManager*) 222 /devices/msm_dwc3/f9200000.dwc3/xhci-hcd/usb1/1-1/1-1.2 to volume usbdisk1
07-18 09:39:22.780 D/Vold    (  215): Volume usbdisk1 state changing -1 (Initializing) -> 0 (No-Media)
07-18 09:39:22.780 I/Vold    (  215): int process_config(VolumeManager*) 222 /devices/msm_dwc3/f9200000.dwc3/xhci-hcd/usb2/2-1/2-1.2 to volume usbdisk2
07-18 09:39:22.780 D/Vold    (  215): Volume usbdisk2 state changing -1 (Initializing) -> 0 (No-Media)
07-18 09:39:22.780 I/Vold    (  215): int process_config(VolumeManager*) 222 /devices/msm_dwc3/f9200000.dwc3/xhci-hcd/usb1/1-1/1-1.1 to volume engine2
07-18 09:39:22.780 D/Vold    (  215): Volume engine2 state changing -1 (Initializing) -> 0 (No-Media)
07-18 09:39:22.780 I/Vold    (  215): int process_config(VolumeManager*) 222 /devices/msm_dwc3/f9200000.dwc3/xhci-hcd/usb2/2-1/2-1.1 to volume engine3
07-18 09:39:22.780 D/Vold    (  215): Volume engine3 state changing -1 (Initializing) -> 0 (No-Media)
07-18 09:39:22.800 D/Vold    (  215): Volume sdcard1 state changing 0 (No-Media) -> 2 (Pending)
07-18 09:39:22.180 D/Vold    (  215): Volume usbdisk2 state changing 0 (No-Media) -> 2 (Pending)
07-18 09:39:22.180 D/Vold    (  215): Volume usbdisk2 state changing 2 (Pending) -> 1 (Idle-Unmounted)
07-18 09:39:22.800 D/Vold    (  215): Volume sdcard1 state changing 2 (Pending) -> 1 (Idle-Unmounted)
07-18 09:39:24.040 D/Vold    (  215): Volume usbdisk0 state changing 0 (No-Media) -> 2 (Pending)
07-18 09:39:24.040 D/Vold    (  215): Volume usbdisk0 state changing 2 (Pending) -> 1 (Idle-Unmounted)
07-18 09:39:24.890 I/DirectVolume(  215):  virtual int DirectVolume::handleBlockEvent(NetlinkEvent*): set msata.status property : exist
07-18 09:39:24.890 I/DirectVolume(  215):  virtual int DirectVolume::handleBlockEvent(NetlinkEvent*): dpath = /devices/msm_dwc3/f9200000.dwc3/xhci-hcd/usb1/1-1/1-1.3
07-18 09:39:24.890 D/Vold    (  215): Volume sata0 state changing 0 (No-Media) -> 1 (Idle-Unmounted)
07-18 09:39:24.980 I/SystemServer(  496): Entered the Android system server!
07-18 09:39:24.980 I/SystemServer(  496): Waiting for installd to be ready.
07-18 09:39:24.980 I/Installer(  496): connecting...
07-18 09:39:24.980 I/SystemServer(  496): Power Manager
07-18 09:39:24.990 I/PowerManagerService(  496): Get MCUService Success
07-18 09:39:24.990 I/SystemServer(  496): Activity Manager
07-18 09:39:25.000 I/ActivityManager(  496): Memory class: 96
07-18 09:39:25.090 I/IntentFirewall(  496): Read new rules (A:0 B:0 S:0)
07-18 09:39:25.090 I/SystemServer(  496): Display Manager
07-18 09:39:25.100 I/SystemServer(  496): Telephony Registry
07-18 09:39:25.100 I/DisplayManagerService(  496): Display device added: DisplayDeviceInfo{"Built-in Screen": 1920 x 1080, 60.0 fps, density 160, 159.895 x 160.421 dpi, touch INTERNAL, rotation 0, type BUILT_IN, FLAG_DEFAULT_DISPLAY, FLAG_ROTATES_WITH_CONTENT, FLAG_SECURE, FLAG_SUPPORTS_PROTECTED_BUFFERS}
07-18 09:39:25.100 I/DisplayManagerService(  496): Display device added: DisplayDeviceInfo{"HDMI Screen": 1280 x 720, 60.000004 fps, density 213, 213.0 x 213.0 dpi, touch EXTERNAL, rotation 0, type HDMI, FLAG_SECURE, FLAG_SUPPORTS_PROTECTED_BUFFERS, FLAG_PRESENTATION}
07-18 09:39:25.100 I/SystemServer(  496): Scheduling Policy
07-18 09:39:25.100 I/SystemServer(  496): Package Manager
07-18 09:39:25.100 W/PackageManager(  496): No security bridge jar found, using default
07-18 09:39:25.150 D/SELinuxMMAC(  496): Couldn't find install policy /data/security/mac_permissions.xml
07-18 09:39:25.150 D/SELinuxMMAC(  496): Using install policy file /system/etc/security/mac_permissions.xml
07-18 09:39:25.250 W/PackageManager(  496): Library not found: /system/framework/com.android.future.usb.accessory.jar
07-18 09:39:25.250 W/PackageManager(  496): Library not found: /system/framework/DigitalPenService.jar
07-18 09:39:25.490 W/PackageParser(  496): No actions in intent filter at /system/app/Bluetooth.apk Binary XML file line #227
07-18 09:39:25.500 W/PackageParser(  496): Unknown element under <application>: uses-feature at /system/app/BluetoothExt.apk Binary XML file line #55
07-18 09:39:25.500 W/PackageParser(  496): No actions in intent filter at /system/app/BluetoothExt.apk Binary XML file line #82
07-18 09:39:25.500 W/PackageParser(  496): No actions in intent filter at /system/app/BluetoothExt.apk Binary XML file line #106
07-18 09:39:25.500 W/PackageParser(  496): No actions in intent filter at /system/app/BluetoothExt.apk Binary XML file line #130
07-18 09:39:25.500 W/PackageParser(  496): No actions in intent filter at /system/app/BluetoothExt.apk Binary XML file line #157
07-18 09:39:25.710 I/PackageManager(  496): Time to scan packages: 0.465 seconds
07-18 09:39:25.710 W/PackageManager(  496): Removing dangling permission: com.qualcomm.permission.INTERFACE_RADIO from package null
07-18 09:39:25.710 W/PackageManager(  496): Removing dangling permission: com.qualcomm.permission.INTERFACE_NETRAW from package null
07-18 09:39:25.710 W/PackageManager(  496): Removing dangling permission: com.qualcomm.permission.IZAT from package null
07-18 09:39:25.710 W/PackageManager(  496): Removing dangling permission: com.qualcomm.permission.INTERFACE_DIAG from package null
07-18 09:39:25.710 W/PackageManager(  496): Unknown permission android.permission.ACCESS_DOWNLOAD_MANAGER in package com.android.defcontainer
07-18 09:39:25.710 W/PackageManager(  496): Unknown permission android.permission.ACCESS_ALL_DOWNLOADS in package com.android.defcontainer
07-18 09:39:25.710 W/PackageManager(  496): Unknown permission android.permission.DOWNLOAD_WITHOUT_NOTIFICATION in package com.android.inputmethod.latin
07-18 09:39:25.710 W/PackageManager(  496): Unknown permission com.qualcomm.permission.wfd.QC_WFD in package com.qualcomm.qti.services.secureui
07-18 09:39:25.710 W/PackageManager(  496): Unknown permission com.google.android.gallery3d.permission.GALLERY_PROVIDER in package com.android.bluetooth
07-18 09:39:25.710 W/PackageManager(  496): Unknown permission com.android.gallery3d.permission.GALLERY_PROVIDER in package com.android.bluetooth
07-18 09:39:25.710 W/PackageManager(  496): Unknown permission android.permission.MMS_SEND_OUTBOX_MSG in package com.android.bluetooth
07-18 09:39:25.710 W/PackageManager(  496): Unknown permission android.permission.ACCESS_DOWNLOAD_MANAGER in package com.android.browser
07-18 09:39:25.710 W/PackageManager(  496): Unknown permission android.permission.SEND_DOWNLOAD_COMPLETED_INTENTS in package com.android.browser
07-18 09:39:25.710 W/PackageManager(  496): Unknown permission com.android.launcher.permission.READ_SETTINGS in package com.android.onetimeinitializer
07-18 09:39:25.710 W/PackageManager(  496): Unknown permission com.android.launcher.permission.WRITE_SETTINGS in package com.android.onetimeinitializer
07-18 09:39:25.710 W/PackageManager(  496): Unknown permission android.permission.MMS_PUSH in package org.codeaurora.bluetooth
07-18 09:39:25.710 W/PackageManager(  496): Unknown permission com.google.android.gallery3d.permission.PICASA_STORE in package com.android.dreams.phototable
07-18 09:39:25.710 W/PackageManager(  496): Unknown permission com.google.android.googleapps.permission.GOOGLE_AUTH in package com.android.settings
07-18 09:39:25.710 W/PackageManager(  496): Unknown permission android.permission.ACCESS_DOWNLOAD_MANAGER in package com.android.settings
07-18 09:39:25.710 W/PackageManager(  496): Unknown permission com.android.launcher.permission.READ_SETTINGS in package com.android.settings
07-18 09:39:25.710 W/PackageManager(  496): Unknown permission com.android.launcher.permission.WRITE_SETTINGS in package com.android.settings
07-18 09:39:25.710 W/PackageManager(  496): Not granting permission android.permission.DELETE_PACKAGES to package com.svox.pico (protectionLevel=18 flags=0x8be45)
07-18 09:39:25.710 W/PackageManager(  496): Unknown permission android.permission.DOWNLOAD_WITHOUT_NOTIFICATION in package com.android.email
07-18 09:39:25.820 I/SystemServer(  496): Entropy Mixer
07-18 09:39:25.820 I/EntropyMixer(  496): Writing entropy...
07-18 09:39:25.840 I/SystemServer(  496): User Service
07-18 09:39:25.840 I/SystemServer(  496): Account Manager
07-18 09:39:25.840 I/SystemServer(  496): Content Manager
07-18 09:39:25.840 I/SystemServer(  496): System Content Providers
07-18 09:39:25.860 I/SystemServer(  496): Lights Service
07-18 09:39:25.860 I/SystemServer(  496): Battery Service
07-18 09:39:25.860 I/SystemServer(  496): Vibrator Service
07-18 09:39:25.870 I/SystemServer(  496): Consumer IR Service
07-18 09:39:25.870 I/SystemServer(  496): Alarm Manager
07-18 09:39:25.870 I/SystemServer(  496): Init Watchdog
07-18 09:39:25.870 I/SystemServer(  496): Input Manager
07-18 09:39:25.870 I/InputManager(  496): Initializing input manager, mUseDevInputEventForAudioJack=true
07-18 09:39:25.870 I/SystemServer(  496): Window Manager
07-18 09:39:25.880 I/WindowManager(  496): No existing display settings /data/system/display_settings.xml; starting empty
07-18 09:39:25.900 I/WindowManager(  496): No keyguard interface!
07-18 09:39:25.900 I/InputManager(  496): Starting input manager
07-18 09:39:25.900 I/SystemServer(  496): Bluetooth Manager Service
07-18 09:39:25.900 I/SystemServer(  496): Input Method Service
07-18 09:39:25.910 W/InputMethodManagerService(  496): Couldn't create dir.: /data/system/inputmethod
07-18 09:39:25.920 I/SystemServer(  496): Accessibility Manager
07-18 09:39:25.920 I/WindowManager(  496): FORCED DISPLAY SIZE: 1366x768
07-18 09:39:25.920 I/WindowManager(  496): Using new display size: 1920x1080
07-18 09:39:26.000 I/ActivityManager(  496): Config changes=1df8 {1.0 ?mcc?mnc en_US ldltr sw768dp w1366dp h768dp 160dpi xlrg long land ?uimode ?night -touch -keyb/v/h -nav/h s.2}
07-18 09:39:26.010 I/WindowManager(  496): Screen frozen for +83ms due to new-config
07-18 09:39:26.010 I/ActivityManager(  496): Config changes=c08 {1.0 ?mcc?mnc en_US ldltr sw1080dp w1920dp h1055dp 160dpi xlrg long land ?uimode ?night finger -keyb/v/h -nav/h s.3}
07-18 09:39:26.010 I/SystemServer(  496): Mount Service
07-18 09:39:26.010 D/MountService(  496): got storage path: /storage/sdcard0 description: Internal storage primary: true removable: false emulated: true mtpReserve: 100 allowMassStorage: false maxFileSize: 0
07-18 09:39:26.010 D/MountService(  496): addVolumeLocked() StorageVolume:
07-18 09:39:26.010 D/MountService(  496):     mStorageId=65537 mPath=/storage/emulated/0 mDescriptionId=17040670 
07-18 09:39:26.010 D/MountService(  496):     mPrimary=true mRemovable=false mEmulated=true mMtpReserveSpace=100 
07-18 09:39:26.010 D/MountService(  496):     mAllowMassStorage=false mMaxFileSize=0 mOwner=UserHandle{0} mUuid=null 
07-18 09:39:26.010 D/MountService(  496):     mUserLabel=null mState=null 
07-18 09:39:26.010 D/MountService(  496): got storage path: /storage/sdcard1 description: SD card primary: false removable: true emulated: false mtpReserve: 0 allowMassStorage: true maxFileSize: 0
07-18 09:39:26.010 D/MountService(  496): addVolumeLocked() StorageVolume:
07-18 09:39:26.010 D/MountService(  496):     mStorageId=0 mPath=/storage/sdcard1 mDescriptionId=17040671 mPrimary=false 
07-18 09:39:26.010 D/MountService(  496):     mRemovable=true mEmulated=false mMtpReserveSpace=0 mAllowMassStorage=true 
07-18 09:39:26.010 D/MountService(  496):     mMaxFileSize=0 mOwner=null mUuid=null mUserLabel=null mState=null 
07-18 09:39:26.010 D/MountService(  496): got storage path: /storage/sata0 description: SATA primary: false removable: true emulated: false mtpReserve: 0 allowMassStorage: true maxFileSize: 0
07-18 09:39:26.010 D/MountService(  496): addVolumeLocked() StorageVolume:
07-18 09:39:26.010 D/MountService(  496):     mStorageId=0 mPath=/storage/sata0 mDescriptionId=17040672 mPrimary=false 
07-18 09:39:26.010 D/MountService(  496):     mRemovable=true mEmulated=false mMtpReserveSpace=0 mAllowMassStorage=true 
07-18 09:39:26.010 D/MountService(  496):     mMaxFileSize=0 mOwner=null mUuid=null mUserLabel=null mState=null 
07-18 09:39:26.010 D/MountService(  496): got storage path: /storage/usbdisk0 description: USBDISK0 primary: false removable: true emulated: false mtpReserve: 0 allowMassStorage: true maxFileSize: 0
07-18 09:39:26.010 D/MountService(  496): addVolumeLocked() StorageVolume:
07-18 09:39:26.010 D/MountService(  496):     mStorageId=0 mPath=/storage/usbdisk0 mDescriptionId=17040673 
07-18 09:39:26.010 D/MountService(  496):     mPrimary=false mRemovable=true mEmulated=false mMtpReserveSpace=0 
07-18 09:39:26.010 D/MountService(  496):     mAllowMassStorage=true mMaxFileSize=0 mOwner=null mUuid=null 
07-18 09:39:26.010 D/MountService(  496):     mUserLabel=null mState=null 
07-18 09:39:26.010 D/MountService(  496): got storage path: /storage/usbdisk1 description: USBDISK1 primary: false removable: true emulated: false mtpReserve: 0 allowMassStorage: true maxFileSize: 0
07-18 09:39:26.010 D/MountService(  496): addVolumeLocked() StorageVolume:
07-18 09:39:26.010 D/MountService(  496):     mStorageId=0 mPath=/storage/usbdisk1 mDescriptionId=17040674 
07-18 09:39:26.010 D/MountService(  496):     mPrimary=false mRemovable=true mEmulated=false mMtpReserveSpace=0 
07-18 09:39:26.010 D/MountService(  496):     mAllowMassStorage=true mMaxFileSize=0 mOwner=null mUuid=null 
07-18 09:39:26.010 D/MountService(  496):     mUserLabel=null mState=null 
07-18 09:39:26.010 D/MountService(  496): got storage path: /storage/usbdisk2 description: USBDISK2 primary: false removable: true emulated: false mtpReserve: 0 allowMassStorage: true maxFileSize: 0
07-18 09:39:26.010 D/MountService(  496): addVolumeLocked() StorageVolume:
07-18 09:39:26.010 D/MountService(  496):     mStorageId=0 mPath=/storage/usbdisk2 mDescriptionId=17040675 
07-18 09:39:26.010 D/MountService(  496):     mPrimary=false mRemovable=true mEmulated=false mMtpReserveSpace=0 
07-18 09:39:26.010 D/MountService(  496):     mAllowMassStorage=true mMaxFileSize=0 mOwner=null mUuid=null 
07-18 09:39:26.010 D/MountService(  496):     mUserLabel=null mState=null 
07-18 09:39:26.010 D/MountService(  496): got storage path: /storage/engine2 description: ENGINE2 primary: false removable: true emulated: false mtpReserve: 0 allowMassStorage: true maxFileSize: 0
07-18 09:39:26.010 D/MountService(  496): addVolumeLocked() StorageVolume:
07-18 09:39:26.010 D/MountService(  496):     mStorageId=0 mPath=/storage/engine2 mDescriptionId=17040676 mPrimary=false 
07-18 09:39:26.010 D/MountService(  496):     mRemovable=true mEmulated=false mMtpReserveSpace=0 mAllowMassStorage=true 
07-18 09:39:26.010 D/MountService(  496):     mMaxFileSize=0 mOwner=null mUuid=null mUserLabel=null mState=null 
07-18 09:39:26.020 D/MountService(  496): got storage path: /storage/engine3 description: ENGINE3 primary: false removable: true emulated: false mtpReserve: 0 allowMassStorage: true maxFileSize: 0
07-18 09:39:26.020 D/MountService(  496): addVolumeLocked() StorageVolume:
07-18 09:39:26.020 D/MountService(  496):     mStorageId=0 mPath=/storage/engine3 mDescriptionId=17040677 mPrimary=false 
07-18 09:39:26.020 D/MountService(  496):     mRemovable=true mEmulated=false mMtpReserveSpace=0 mAllowMassStorage=true 
07-18 09:39:26.020 D/MountService(  496):     mMaxFileSize=0 mOwner=null mUuid=null mUserLabel=null mState=null 
07-18 09:39:26.020 I/SystemServer(  496): LockSettingsService
07-18 09:39:26.020 I/SystemServer(  496): Device Policy
07-18 09:39:26.020 I/SystemServer(  496): Status Bar
07-18 09:39:26.020 I/SystemServer(  496): Clipboard Service
07-18 09:39:26.020 W/ClipboardService(  496): No security bridge jar found, using default
07-18 09:39:26.020 I/SystemServer(  496): NetworkManagement Service
07-18 09:39:26.020 I/SystemServer(  496): Text Service Manager Service
07-18 09:39:26.020 W/MountService(  496): Duplicate state transition (unmounted -> unmounted) for /storage/sdcard1
07-18 09:39:26.020 W/MountService(  496): Duplicate state transition (unmounted -> unmounted) for /storage/sata0
07-18 09:39:26.020 W/MountService(  496): Duplicate state transition (unmounted -> unmounted) for /storage/usbdisk0
07-18 09:39:26.020 D/MountService(  496): volume state changed for /storage/usbdisk1 (unmounted -> removed)
07-18 09:39:26.020 W/MountService(  496): Duplicate state transition (unmounted -> unmounted) for /storage/usbdisk2
07-18 09:39:26.020 D/MountService(  496): volume state changed for /storage/engine2 (unmounted -> removed)
07-18 09:39:26.020 D/MountService(  496): volume state changed for /storage/engine3 (unmounted -> removed)
07-18 09:39:26.020 I/SystemServer(  496): NetworkStats Service
07-18 09:39:26.020 W/PackageManager(  496): Unknown permission android.permission.ACCESS_DOWNLOAD_MANAGER in package com.android.defcontainer
07-18 09:39:26.020 W/PackageManager(  496): Unknown permission android.permission.ACCESS_ALL_DOWNLOADS in package com.android.defcontainer
07-18 09:39:26.020 W/PackageManager(  496): Unknown permission android.permission.DOWNLOAD_WITHOUT_NOTIFICATION in package com.android.inputmethod.latin
07-18 09:39:26.020 W/PackageManager(  496): Unknown permission com.qualcomm.permission.wfd.QC_WFD in package com.qualcomm.qti.services.secureui
07-18 09:39:26.030 W/PackageManager(  496): Unknown permission com.google.android.gallery3d.permission.GALLERY_PROVIDER in package com.android.bluetooth
07-18 09:39:26.030 W/PackageManager(  496): Unknown permission com.android.gallery3d.permission.GALLERY_PROVIDER in package com.android.bluetooth
07-18 09:39:26.030 W/PackageManager(  496): Unknown permission android.permission.MMS_SEND_OUTBOX_MSG in package com.android.bluetooth
07-18 09:39:26.030 W/PackageManager(  496): Unknown permission android.permission.ACCESS_DOWNLOAD_MANAGER in package com.android.browser
07-18 09:39:26.030 W/PackageManager(  496): Unknown permission android.permission.SEND_DOWNLOAD_COMPLETED_INTENTS in package com.android.browser
07-18 09:39:26.030 W/PackageManager(  496): Unknown permission com.android.launcher.permission.READ_SETTINGS in package com.android.onetimeinitializer
07-18 09:39:26.030 W/PackageManager(  496): Unknown permission com.android.launcher.permission.WRITE_SETTINGS in package com.android.onetimeinitializer
07-18 09:39:26.030 I/SystemServer(  496): NetworkPolicy Service
07-18 09:39:26.030 W/PackageManager(  496): Unknown permission android.permission.MMS_PUSH in package org.codeaurora.bluetooth
07-18 09:39:26.030 W/PackageManager(  496): Unknown permission com.google.android.gallery3d.permission.PICASA_STORE in package com.android.dreams.phototable
07-18 09:39:26.030 W/PackageManager(  496): Unknown permission com.google.android.googleapps.permission.GOOGLE_AUTH in package com.android.settings
07-18 09:39:26.030 W/PackageManager(  496): Unknown permission android.permission.ACCESS_DOWNLOAD_MANAGER in package com.android.settings
07-18 09:39:26.030 W/PackageManager(  496): Unknown permission com.android.launcher.permission.READ_SETTINGS in package com.android.settings
07-18 09:39:26.030 W/PackageManager(  496): Unknown permission com.android.launcher.permission.WRITE_SETTINGS in package com.android.settings
07-18 09:39:26.030 I/SystemServer(  496): Wi-Fi P2pService
07-18 09:39:26.030 W/PackageManager(  496): Not granting permission android.permission.DELETE_PACKAGES to package com.svox.pico (protectionLevel=18 flags=0x8be45)
07-18 09:39:26.030 W/PackageManager(  496): Unknown permission android.permission.DOWNLOAD_WITHOUT_NOTIFICATION in package com.android.email
07-18 09:39:26.110 I/SystemServer(  496): Wi-Fi Service
07-18 09:39:26.140 I/SystemServer(  496): QcConnectivity Service
07-18 09:39:26.150 D/QcConnectivityService(  496): QcConnectivityService starting up
07-18 09:39:26.150 D/QcConnectivityService(  496): wifiOnly=true
07-18 09:39:26.150 D/QcConnectivityService(  496): networkAttributes - ignoring mobile as this dev is wifiOnly 0
07-18 09:39:26.150 D/QcConnectivityService(  496): networkAttributes - ignoring mobile as this dev is wifiOnly 2
07-18 09:39:26.150 D/QcConnectivityService(  496): networkAttributes - ignoring mobile as this dev is wifiOnly 3
07-18 09:39:26.150 D/QcConnectivityService(  496): networkAttributes - ignoring mobile as this dev is wifiOnly 4
07-18 09:39:26.150 D/QcConnectivityService(  496): networkAttributes - ignoring mobile as this dev is wifiOnly 5
07-18 09:39:26.150 D/QcConnectivityService(  496): networkAttributes - ignoring mobile as this dev is wifiOnly 10
07-18 09:39:26.150 D/QcConnectivityService(  496): networkAttributes - ignoring mobile as this dev is wifiOnly 11
07-18 09:39:26.150 D/QcConnectivityService(  496): networkAttributes - ignoring mobile as this dev is wifiOnly 12
07-18 09:39:26.150 E/QcConnectivityService(  496): Ignoring protectedNetwork 10
07-18 09:39:26.150 E/QcConnectivityService(  496): Ignoring protectedNetwork 11
07-18 09:39:26.150 E/QcConnectivityService(  496): Ignoring protectedNetwork 12
07-18 09:39:26.150 E/QcConnectivityService(  496): Ignoring protectedNetwork 14
07-18 09:39:26.150 V/EthernetStateTracker(  496): Starts...
07-18 09:39:26.150 V/EthernetStateTracker(  496): Successed
07-18 09:39:26.150 I/EthernetService(  496): Ethernet dev enabled 2
07-18 09:39:26.150 V/EthernetService(  496): device 0 name eth0
07-18 09:39:26.150 E/EthernetService(  496): Registering SCREEN OFF / ON , Battery Bcast
07-18 09:39:26.150 V/EthernetMonitor(  496): go poll events
07-18 09:39:26.150 V/EthernetStateTracker(  496): start to monitor the ethernet devices
07-18 09:39:26.150 I/EthernetManager(  496): Init Ethernet Manager, service: com.android.server.EthernetService@41981a38
07-18 09:39:26.150 V/EthernetStateTracker(  496): state == mEM.ETHERNET_STATE_ENABLED
07-18 09:39:26.150 I/EthernetStateTracker(  496): event: 7  IDLE ==> IDLE
07-18 09:39:26.150 I/EthernetStateTracker(  496): reset device eth0
07-18 09:39:26.150 D/Nat464Xlat(  496): requiresClat: netType=9, hasIPv4Address=false
07-18 09:39:26.480 V/EthernetMonitor(  496): get event eth0:17:
07-18 09:39:26.480 V/EthernetMonitor(  496): dev: eth0 ev 17
07-18 09:39:26.480 I/EthernetStateTracker(  496): report event 5 on dev eth0
07-18 09:39:26.480 V/EthernetStateTracker(  496): update network state tracker
07-18 09:39:26.769 I/EthernetStateTracker(  496): reset device eth0
07-18 09:39:27.040 W/ContextImpl(  496): Calling a method in the system process without a qualified user: android.app.ContextImpl.bindService:1568 android.bluetooth.BluetoothPan.doBind:148 android.bluetooth.BluetoothPan.<init>:141 android.bluetooth.BluetoothAdapter.getProfileProxy:1373 android.bluetooth.BluetoothTetheringDataTracker.startMonitoring:116 
07-18 09:39:27.060 W/QcConnectivityService(  496): Created CNE Service
07-18 09:39:27.060 I/WifiService(  496): WifiService starting up with Wi-Fi disabled
07-18 09:39:27.060 I/SystemServer(  496): Network Service Discovery Service
07-18 09:39:27.060 D/NsdService(  496): Network service discovery enabled true
07-18 09:39:27.060 I/SystemServer(  496): UpdateLock Service
07-18 09:39:27.060 I/SystemServer(  496): Notification Manager
07-18 09:39:27.070 I/SystemServer(  496): Device Storage Monitor
07-18 09:39:27.070 I/SystemServer(  496): Location Manager
07-18 09:39:27.070 I/SystemServer(  496): Country Detector
07-18 09:39:27.070 I/SystemServer(  496): Search Service
07-18 09:39:27.070 I/SystemServer(  496): DropBox Service
07-18 09:39:27.070 I/SystemServer(  496): Wallpaper Service
07-18 09:39:27.070 I/SystemServer(  496): Audio Service
07-18 09:39:27.120 I/SystemServer(  496): Dock Observer
07-18 09:39:27.120 W/DockObserver(  496): This kernel does not have dock station support
07-18 09:39:27.120 I/SystemServer(  496): Wired Accessory Manager
07-18 09:39:27.120 I/SystemServer(  496): USB Service
07-18 09:39:27.120 I/SystemServer(  496): Serial Service
07-18 09:39:27.120 I/SystemServer(  496): Twilight Service
07-18 09:39:27.120 I/SystemServer(  496): UI Mode Manager Service
07-18 09:39:27.120 I/SystemServer(  496): Backup Service
07-18 09:39:27.120 V/BackupManagerService(  496): Initializing package tracking
07-18 09:39:27.120 V/BackupManagerService(  496): No ancestral data
07-18 09:39:27.120 V/BackupManagerService(  496): addPackageParticipantsLocked: all
07-18 09:39:27.120 I/BackupManagerService(  496): Scheduling backup for new app com.android.browser
07-18 09:39:27.120 D/BackupManagerService(  496): Now staging backup of com.android.browser
07-18 09:39:27.140 I/BackupManagerService(  496): Scheduling backup for new app com.android.sharedstoragebackup
07-18 09:39:27.140 D/BackupManagerService(  496): Now staging backup of com.android.sharedstoragebackup
07-18 09:39:27.140 I/BackupManagerService(  496): Scheduling backup for new app android
07-18 09:39:27.140 D/BackupManagerService(  496): Now staging backup of android
07-18 09:39:27.140 I/BackupManagerService(  496): Scheduling backup for new app com.qti.backupagent
07-18 09:39:27.140 D/BackupManagerService(  496): Now staging backup of com.qti.backupagent
07-18 09:39:27.140 I/BackupManagerService(  496): Scheduling backup for new app com.android.providers.settings
07-18 09:39:27.140 D/BackupManagerService(  496): Now staging backup of com.android.providers.settings
07-18 09:39:27.150 V/BackupManagerService(  496): Starting with transport android/com.android.internal.backup.LocalTransport
07-18 09:39:27.150 V/BackupManagerService(  496): Found transports: 1
07-18 09:39:27.150 I/BackupManagerService(  496): Binding to transport host ComponentInfo{android/com.android.internal.backup.LocalTransportService}
07-18 09:39:27.150 I/BackupManagerService(  496): Found stale backup journal, scheduling
07-18 09:39:27.150 I/BackupManagerService(  496):   com.android.browser
07-18 09:39:27.150 I/BackupManagerService(  496):   com.android.sharedstoragebackup
07-18 09:39:27.150 I/BackupManagerService(  496):   android
07-18 09:39:27.150 I/BackupManagerService(  496):   com.qti.backupagent
07-18 09:39:27.150 I/BackupManagerService(  496):   com.android.providers.settings
07-18 09:39:27.150 I/BackupManagerService(  496): Backup enabled => false
07-18 09:39:27.150 I/BackupManagerService(  496): Opting out of backup
07-18 09:39:27.150 I/SystemServer(  496): AppWidget Service
07-18 09:39:27.150 I/SystemServer(  496): Recognition Service
07-18 09:39:27.150 I/SystemServer(  496): DiskStats Service
07-18 09:39:27.150 I/SystemServer(  496): SamplingProfiler Service
07-18 09:39:27.160 I/SystemServer(  496): NetworkTimeUpdateService
07-18 09:39:27.160 I/SystemServer(  496): CommonTimeManagementService
07-18 09:39:27.160 I/SystemServer(  496): CertBlacklister
07-18 09:39:27.160 I/SystemServer(  496): Dreams Service
07-18 09:39:27.160 I/SystemServer(  496): Assets Atlas Service
07-18 09:39:27.160 I/SystemServer(  496): IdleMaintenanceService
07-18 09:39:27.160 I/SystemServer(  496): Print Service
07-18 09:39:27.160 I/SystemServer(  496): Media Router Service
07-18 09:39:27.200 I/ActivityManager(  496): Start proc com.android.systemui for service com.android.keyguard/.KeyguardService: pid=568 uid=10003 gids={50003, 1028, 1015, 1035, 3002, 3001}
07-18 09:39:27.200 W/SystemServer(  496): ***********************************************
07-18 09:39:27.240 I/ActivityManager(  496): System now ready
07-18 09:39:27.250 I/SystemServer(  496): Making services ready
07-18 09:39:27.250 D/NetworkManagementService(  496): enabling bandwidth control
07-18 09:39:27.250 I/Vold    (  215): /dev/block/vold/8:32 being considered for volume sata0
07-18 09:39:27.250 D/Vold    (  215): Volume sata0 state changing 1 (Idle-Unmounted) -> 3 (Checking)
07-18 09:39:27.250 D/MountService(  496): volume state changed for /storage/sata0 (unmounted -> checking)
07-18 09:39:27.250 D/MountService(  496): sendStorageIntent Intent { act=android.intent.action.MEDIA_CHECKING dat=file:///storage/sata0 (has extras) } to UserHandle{-1}
07-18 09:39:27.260 D/fsck_msdos(  583): sectors Per cluster :64 
07-18 09:39:27.260 D/fsck_msdos(  583): boot->ClusterOffset :60942 
07-18 09:39:27.260 I/fsck_msdos(  583): FAT32 Filesystem
07-18 09:39:27.260 D/fsck_msdos(  583): Using cluster_chain_descriptor
07-18 09:39:27.260 I/fsck_msdos(  583): Total clusters 3906386 
07-18 09:39:27.310 W/NetworkStats(  496): bandwidth controls disabled, unable to track stats
07-18 09:39:27.310 W/NetworkPolicy(  496): bandwidth controls disabled, unable to enforce policy
07-18 09:39:27.310 I/EthernetStateTracker(  496): Broadcasting Ethernet: 2 IDLE
07-18 09:39:27.320 W/ContextImpl(  496): Calling a method in the system process without a qualified user: android.app.ContextImpl.sendStickyBroadcast:1306 android.net.ethernet.EthernetStateTracker.broadcastState:660 android.net.ethernet.EthernetStateTracker.systemReady:650 com.android.server.QcConnectivityService.systemReady:2396 com.android.server.ServerThread$2.run:1042 
07-18 09:39:27.320 W/SystemServer(  496): ***********************************************
07-18 09:39:27.320 I/StatusBarManagerService(  496): registerStatusBar bar=com.android.internal.statusbar.IStatusBar$Stub$Proxy@419780d8
07-18 09:39:27.350 W/ContextImpl(  496): Calling a method in the system process without a qualified user: android.app.ContextImpl.sendBroadcast:1148 com.android.server.usb.UsbSettingsManager.deviceAttached:621 com.android.server.usb.UsbHostManager.usbDeviceAdded:156 com.android.server.usb.UsbHostManager.monitorUsbHostBus:-2 com.android.server.usb.UsbHostManager.access$000:38 
07-18 09:39:27.360 I/ActivityManager(  496): Start proc android.process.media for broadcast com.android.providers.media/.MtpReceiver: pid=597 uid=10004 gids={50004, 1028, 1015, 1023, 1024}
07-18 09:39:27.370 I/ActivityManager(  496): Config changes=200 {1.0 ?mcc?mnc en_US ldltr sw1080dp w1920dp h1055dp 160dpi xlrg long land finger -keyb/v/h -nav/h s.4}
07-18 09:39:27.370 W/ContextImpl(  496): Calling a method in the system process without a qualified user: android.app.ContextImpl.sendBroadcast:1148 com.android.server.usb.UsbSettingsManager.deviceAttached:621 com.android.server.usb.UsbHostManager.usbDeviceAdded:156 com.android.server.usb.UsbHostManager.monitorUsbHostBus:-2 com.android.server.usb.UsbHostManager.access$000:38 
07-18 09:39:27.370 W/RecognitionManagerService(  496): no available voice recognition services found for user 0
07-18 09:39:27.370 W/ContextImpl(  496): Calling a method in the system process without a qualified user: android.app.ContextImpl.sendBroadcast:1148 com.android.server.usb.UsbSettingsManager.deviceAttached:621 com.android.server.usb.UsbHostManager.usbDeviceAdded:156 com.android.server.usb.UsbHostManager.monitorUsbHostBus:-2 com.android.server.usb.UsbHostManager.access$000:38 
07-18 09:39:27.370 W/ContextImpl(  496): Calling a method in the system process without a qualified user: android.app.ContextImpl.sendBroadcast:1148 com.android.server.usb.UsbSettingsManager.deviceAttached:621 com.android.server.usb.UsbHostManager.usbDeviceAdded:156 com.android.server.usb.UsbHostManager.monitorUsbHostBus:-2 com.android.server.usb.UsbHostManager.access$000:38 
07-18 09:39:27.370 W/ContextImpl(  496): Calling a method in the system process without a qualified user: android.app.ContextImpl.sendBroadcast:1148 com.android.server.usb.UsbSettingsManager.deviceAttached:621 com.android.server.usb.UsbHostManager.usbDeviceAdded:156 com.android.server.usb.UsbHostManager.monitorUsbHostBus:-2 com.android.server.usb.UsbHostManager.access$000:38 
07-18 09:39:27.370 W/ContextImpl(  496): Calling a method in the system process without a qualified user: android.app.ContextImpl.bindService:1568 android.bluetooth.BluetoothHeadset.doBind:283 android.bluetooth.BluetoothHeadset.<init>:276 android.bluetooth.BluetoothAdapter.getProfileProxy:1364 android.media.AudioService.getBluetoothHeadset:2284 
07-18 09:39:27.370 W/ContextImpl(  496): Calling a method in the system process without a qualified user: android.app.ContextImpl.sendBroadcast:1148 com.android.server.usb.UsbSettingsManager.deviceAttached:621 com.android.server.usb.UsbHostManager.usbDeviceAdded:156 com.android.server.usb.UsbHostManager.monitorUsbHostBus:-2 com.android.server.usb.UsbHostManager.access$000:38 
07-18 09:39:27.370 W/ContextImpl(  496): Calling a method in the system process without a qualified user: android.app.ContextImpl.bindService:1568 android.bluetooth.BluetoothA2dp.doBind:165 android.bluetooth.BluetoothA2dp.<init>:158 android.bluetooth.BluetoothAdapter.getProfileProxy:1367 android.media.AudioService.onSystemReady:600 
07-18 09:39:27.370 W/ContextImpl(  496): Calling a method in the system process without a qualified user: android.app.ContextImpl.sendBroadcast:1148 com.android.server.usb.UsbSettingsManager.deviceAttached:621 com.android.server.usb.UsbHostManager.usbDeviceAdded:156 com.android.server.usb.UsbHostManager.monitorUsbHostBus:-2 com.android.server.usb.UsbHostManager.access$000:38 
07-18 09:39:27.390 W/InputMethodManagerService(  496): Ignoring setImeWindowStatus of uid 1000 token: null
07-18 09:39:27.410 I/ActivityManager(  496): Start proc com.android.inputmethod.latin for service com.android.inputmethod.latin/.LatinIME: pid=613 uid=10017 gids={50017, 1028, 1015}
07-18 09:39:27.410 V/InputMethodManagerService(  496): Adding window token: android.os.Binder@418c2e48
07-18 09:39:27.440 W/LocationManagerService(  496): no network location provider found
07-18 09:39:27.440 E/LocationManagerService(  496): no fused location provider found
07-18 09:39:27.440 E/LocationManagerService(  496): java.lang.IllegalStateException: Location service needs a fused location provider
07-18 09:39:27.440 E/LocationManagerService(  496): 	at com.android.server.LocationManagerService.loadProvidersLocked(LocationManagerService.java:420)
07-18 09:39:27.440 E/LocationManagerService(  496): 	at com.android.server.LocationManagerService.systemRunning(LocationManagerService.java:250)
07-18 09:39:27.440 E/LocationManagerService(  496): 	at com.android.server.ServerThread$2.run(SystemServer.java:1097)
07-18 09:39:27.440 E/LocationManagerService(  496): 	at com.android.server.am.ActivityManagerService.systemReady(ActivityManagerService.java:9411)
07-18 09:39:27.440 E/LocationManagerService(  496): 	at com.android.server.ServerThread.initAndLoop(SystemServer.java:1004)
07-18 09:39:27.440 E/LocationManagerService(  496): 	at com.android.server.SystemServer.main(SystemServer.java:1267)
07-18 09:39:27.440 E/LocationManagerService(  496): 	at java.lang.reflect.Method.invokeNative(Native Method)
07-18 09:39:27.440 E/LocationManagerService(  496): 	at java.lang.reflect.Method.invoke(Method.java:515)
07-18 09:39:27.440 E/LocationManagerService(  496): 	at com.android.internal.os.ZygoteInit$MethodAndArgsCaller.run(ZygoteInit.java:786)
07-18 09:39:27.440 E/LocationManagerService(  496): 	at com.android.internal.os.ZygoteInit.main(ZygoteInit.java:602)
07-18 09:39:27.440 E/LocationManagerService(  496): 	at dalvik.system.NativeStart.main(Native Method)
07-18 09:39:27.440 E/LocationManagerService(  496): no geocoder provider found
07-18 09:39:27.450 E/LocationManagerService(  496): No FusedProvider found.
07-18 09:39:27.450 E/LocationManagerService(  496): no geofence provider found
07-18 09:39:27.480 I/ActivityManager(  496): Start proc com.qualcomm.qti.services.secureui:sui_service for added application com.qualcomm.qti.services.secureui:sui_service: pid=641 uid=1000 gids={41000, 1028, 1015, 3003, 3001, 3002, 1023}
07-18 09:39:27.480 I/ActivityManager(  496): START u0 {act=android.intent.action.MAIN cat=[android.intent.category.HOME] flg=0x10000000 cmp=com.ultrasound.usstarter/.Starter} from pid 0
07-18 09:39:27.500 I/ActivityManager(  496): Start proc com.ultrasound.usstarter for activity com.ultrasound.usstarter/.Starter: pid=655 uid=1000 gids={41000, 1028, 1015, 3003, 3001, 3002, 1023}
07-18 09:39:27.500 V/EthernetMonitor(  496): go poll events
07-18 09:39:27.510 W/InputMethodManagerService(  496): Focus gain on non-focused client android.view.inputmethod.InputMethodManager$1@419a7e60 (uid=1000 pid=496)
07-18 09:39:27.510 I/ActivityManager(  496): Start proc com.android.printspooler for service com.android.printspooler/.PrintSpoolerService: pid=670 uid=10026 gids={50026}
07-18 09:39:27.520 V/WiredAccessoryManager(  496): notifyWiredAccessoryChanged: when=0 bits= mask=14
07-18 09:39:27.520 V/WiredAccessoryManager(  496): newName=h2w newState=0 headsetState=0 prev headsetState=0
07-18 09:39:27.520 V/WiredAccessoryManager(  496): init()
07-18 09:39:27.520 V/WiredAccessoryManager(  496): newName=hdmi_audio newState=16 headsetState=16 prev headsetState=0
07-18 09:39:27.520 V/BackupManagerService(  496): Connected to transport ComponentInfo{android/com.android.internal.backup.LocalTransportService}
07-18 09:39:27.520 V/BackupManagerService(  496): Registering transport android/com.android.internal.backup.LocalTransportService::android/com.android.internal.backup.LocalTransport = com.android.internal.backup.LocalTransport@41b652d0
07-18 09:39:27.520 I/EthernetStateTracker(  496): stop dhcp and interface
07-18 09:39:27.570 I/ActivityManager(  496): Start proc com.android.settings for broadcast com.android.settings/.widget.SettingsAppWidgetProvider: pid=692 uid=1000 gids={41000, 1028, 1015, 3003, 3001, 3002, 1023}
07-18 09:39:27.620 E/ActivityThread(  613): Failed to find provider info for user_dictionary
07-18 09:39:27.620 E/ActivityThread(  568): Failed to find provider info for com.android.contacts
07-18 09:39:27.700 I/fsck_msdos(  583): ** Phase 2 - Check Cluster Chains 
07-18 09:39:27.700 I/fsck_msdos(  583): Begin to handle the cluster chain
07-18 09:39:27.710 W/ContextImpl(  692): Calling a method in the system process without a qualified user: android.app.ContextImpl.bindService:1568 android.content.ContextWrapper.bindService:517 android.bluetooth.BluetoothInputDevice.doBind:256 android.bluetooth.BluetoothInputDevice.<init>:249 android.bluetooth.BluetoothAdapter.getProfileProxy:1370 
07-18 09:39:27.710 W/ContextImpl(  692): Calling a method in the system process without a qualified user: android.app.ContextImpl.bindService:1568 android.content.ContextWrapper.bindService:517 android.bluetooth.BluetoothPan.doBind:148 android.bluetooth.BluetoothPan.<init>:141 android.bluetooth.BluetoothAdapter.getProfileProxy:1373 
07-18 09:39:27.720 W/ContextImpl(  692): Calling a method in the system process without a qualified user: android.app.ContextImpl.bindService:1568 android.content.ContextWrapper.bindService:517 android.bluetooth.BluetoothMap.doBind:109 android.bluetooth.BluetoothMap.<init>:102 android.bluetooth.BluetoothAdapter.getProfileProxy:1385 
07-18 09:39:27.740 W/ContextImpl(  692): Calling a method in the system process without a qualified user: android.app.ContextImpl.bindService:1568 android.content.ContextWrapper.bindService:517 android.bluetooth.BluetoothPbap.doBind:164 android.bluetooth.BluetoothPbap.<init>:157 com.android.settings.bluetooth.PbapServerProfile.<init>:68 
07-18 09:39:27.810 I/EthernetStateTracker(  496): event: 5  IDLE ==> DISCONNECTED
07-18 09:39:27.810 I/EthernetStateTracker(  496): Broadcasting Ethernet: 2 DISCONNECTED
07-18 09:39:27.810 D/fsck_msdos(  583): rootDir->head :2
07-18 09:39:27.820 W/ContextImpl(  496): Calling a method in the system process without a qualified user: android.app.ContextImpl.sendStickyBroadcast:1306 android.net.ethernet.EthernetStateTracker.broadcastState:660 android.net.ethernet.EthernetStateTracker.updateState:461 android.net.ethernet.EthernetStateTracker.handleMessage:474 android.os.Handler.dispatchMessage:102 
07-18 09:39:27.820 D/QcConnectivityService(  496): Attempting to switch to wifi
07-18 09:39:27.820 D/QcConnectivityService(  496): Attempting to switch to BLUETOOTH_TETHER
07-18 09:39:27.820 D/Nat464Xlat(  496): requiresClat: netType=9, hasIPv4Address=false
07-18 09:39:27.850 V/WiredAccessoryManager(  496): device hdmi_audio connected
07-18 09:39:27.850 D/fsck_msdos(  583): Verify Filesystem information
07-18 09:39:27.850 W/fsck_msdos(  583): 81 files, 3360224 free (3906095 clusters)
07-18 09:39:27.850 I/fsck_msdos(  583): free_rb_tree 
07-18 09:39:27.850 I/fsck_msdos(  583): free_fragment_tree
07-18 09:39:27.850 I/fsck_msdos(  583): free_fragment_tree
07-18 09:39:27.850 I/fsck_msdos(  583): free_fragment_tree: rb_tree is empty 
07-18 09:39:27.890 I/Vold    (  215): Filesystem check completed OK
07-18 09:39:27.890 I/ActivityManager(  496): Start proc com.android.music for broadcast com.android.music/.MediaButtonIntentReceiver: pid=728 uid=10020 gids={50020, 3003, 1028, 1015, 3002}
07-18 09:39:27.910 D/Vold    (  215): Volume sata0 state changing 3 (Checking) -> 4 (Mounted)
07-18 09:39:27.920 D/MountService(  496): volume state changed for /storage/sata0 (checking -> mounted)
07-18 09:39:27.920 E/VoldConnector(  496): NDC Command {3 volume mount /storage/sata0} took too long (669ms)
07-18 09:39:27.920 D/MountService(  496): sendStorageIntent Intent { act=android.intent.action.MEDIA_MOUNTED dat=file:///storage/sata0 (has extras) } to UserHandle{-1}
07-18 09:39:27.920 I/Vold    (  215): /dev/block/vold/8:1 being considered for volume usbdisk2
07-18 09:39:27.920 D/Vold    (  215): Volume usbdisk2 state changing 1 (Idle-Unmounted) -> 3 (Checking)
07-18 09:39:27.920 D/MountService(  496): volume state changed for /storage/usbdisk2 (unmounted -> checking)
07-18 09:39:27.920 D/MountService(  496): sendStorageIntent Intent { act=android.intent.action.MEDIA_CHECKING dat=file:///storage/usbdisk2 (has extras) } to UserHandle{-1}
07-18 09:39:27.930 D/fsck_msdos(  744): sectors Per cluster :8 
07-18 09:39:27.930 D/fsck_msdos(  744): boot->ClusterOffset :16368 
07-18 09:39:27.930 I/fsck_msdos(  744): FAT32 Filesystem
07-18 09:39:27.930 D/fsck_msdos(  744): Using cluster_chain_descriptor
07-18 09:39:27.930 I/fsck_msdos(  744): Total clusters 962047 
07-18 09:39:27.950 I/ActivityManager(  496): Start proc com.android.externalstorage for broadcast com.android.externalstorage/.MountReceiver: pid=745 uid=10002 gids={50002, 1028, 1015, 1023}
07-18 09:39:28.009 I/WindowManager(  496): Using new display size: 1366x768
07-18 09:39:28.129 I/ActivityManager(  496): Config changes=c00 {1.0 ?mcc?mnc en_US ldltr sw768dp w1366dp h743dp 160dpi xlrg long land finger -keyb/v/h -nav/h s.5}
07-18 09:39:28.149 I/ActivityManager(  496): START u0 {act=android.intent.action.MAIN cat=[android.intent.category.LAUNCHER] flg=0x10000000 pkg=com.qisda.viva cmp=com.qisda.viva/.LoginActivity} from pid 655
07-18 09:39:28.229 I/fsck_msdos(  744): Begin to compare FAT
07-18 09:39:28.249 I/fsck_msdos(  744): ** Phase 2 - Check Cluster Chains 
07-18 09:39:28.249 I/fsck_msdos(  744): Begin to handle the cluster chain
07-18 09:39:28.279 D/fsck_msdos(  744): rootDir->head :2
07-18 09:39:28.279 D/fsck_msdos(  744): Verify Filesystem information
07-18 09:39:28.279 W/fsck_msdos(  744): 65 files, 3827676 free (956919 clusters)
07-18 09:39:28.279 I/fsck_msdos(  744): free_rb_tree 
07-18 09:39:28.279 I/fsck_msdos(  744): free_fragment_tree
07-18 09:39:28.279 I/fsck_msdos(  744): free_fragment_tree
07-18 09:39:28.279 I/fsck_msdos(  744): free_fragment_tree: rb_tree is empty 
07-18 09:39:28.289 I/Vold    (  215): Filesystem check completed OK
07-18 09:39:28.309 D/Vold    (  215): Volume usbdisk2 state changing 3 (Checking) -> 4 (Mounted)
07-18 09:39:28.319 D/MountService(  496): volume state changed for /storage/usbdisk2 (checking -> mounted)
07-18 09:39:28.319 D/MountService(  496): sendStorageIntent Intent { act=android.intent.action.MEDIA_MOUNTED dat=file:///storage/usbdisk2 (has extras) } to UserHandle{-1}
07-18 09:39:28.319 I/Vold    (  215): /dev/block/vold/8:17 being considered for volume usbdisk0
07-18 09:39:28.319 D/Vold    (  215): Volume usbdisk0 state changing 1 (Idle-Unmounted) -> 3 (Checking)
07-18 09:39:28.319 D/fsck_msdos(  806): sectors Per cluster :32 
07-18 09:39:28.319 D/fsck_msdos(  806): boot->ClusterOffset :7808 
07-18 09:39:28.319 I/fsck_msdos(  806): FAT32 Filesystem
07-18 09:39:28.319 D/fsck_msdos(  806): Using cluster_chain_descriptor
07-18 09:39:28.319 I/fsck_msdos(  806): Total clusters 244740 
07-18 09:39:28.459 I/WindowManager(  496): Screenshot max retries 4 of Token{41b59688 ActivityRecord{41b47ad0 u0 com.ultrasound.usstarter/.Starter t1}} appWin=Window{41b62a08 u0 com.ultrasound.usstarter/com.ultrasound.usstarter.Starter} drawState=1
07-18 09:39:28.459 W/WindowManager(  496): Screenshot failure taking screenshot for (1366x768) to layer 21005
07-18 09:39:28.459 D/MountService(  496): volume state changed for /storage/usbdisk0 (unmounted -> checking)
07-18 09:39:28.459 D/MountService(  496): sendStorageIntent Intent { act=android.intent.action.MEDIA_CHECKING dat=file:///storage/usbdisk0 (has extras) } to UserHandle{-1}
07-18 09:39:28.469 I/fsck_msdos(  806): Begin to compare FAT
07-18 09:39:28.479 I/fsck_msdos(  806): ** Phase 2 - Check Cluster Chains 
07-18 09:39:28.479 I/fsck_msdos(  806): Begin to handle the cluster chain
07-18 09:39:28.479 D/fsck_msdos(  806): rootDir->head :2
07-18 09:39:28.479 D/fsck_msdos(  806): Verify Filesystem information
07-18 09:39:28.479 W/fsck_msdos(  806): 2 files, 3915776 free (244736 clusters)
07-18 09:39:28.479 I/fsck_msdos(  806): free_rb_tree 
07-18 09:39:28.479 I/fsck_msdos(  806): free_fragment_tree
07-18 09:39:28.479 I/fsck_msdos(  806): free_fragment_tree
07-18 09:39:28.479 I/fsck_msdos(  806): free_fragment_tree: rb_tree is empty 
07-18 09:39:28.489 I/Vold    (  215): Filesystem check completed OK
07-18 09:39:28.519 D/Vold    (  215): Volume usbdisk0 state changing 3 (Checking) -> 4 (Mounted)
07-18 09:39:28.519 D/MountService(  496): volume state changed for /storage/usbdisk0 (checking -> mounted)
07-18 09:39:28.519 I/Vold    (  215): /dev/block/vold/179:65 being considered for volume sdcard1
07-18 09:39:28.519 D/Vold    (  215): Volume sdcard1 state changing 1 (Idle-Unmounted) -> 3 (Checking)
07-18 09:39:28.529 I/ActivityManager(  496): Start proc com.qisda.viva for activity com.qisda.viva/.LoginActivity: pid=814 uid=1000 gids={41000, 1028, 1015, 3003, 3001, 3002, 1023}
07-18 09:39:28.549 D/MountService(  496): sendStorageIntent Intent { act=android.intent.action.MEDIA_MOUNTED dat=file:///storage/usbdisk0 (has extras) } to UserHandle{-1}
07-18 09:39:28.549 D/MountService(  496): volume state changed for /storage/sdcard1 (unmounted -> checking)
07-18 09:39:28.559 D/MountService(  496): sendStorageIntent Intent { act=android.intent.action.MEDIA_CHECKING dat=file:///storage/sdcard1 (has extras) } to UserHandle{-1}
07-18 09:39:28.569 I/WindowManager(  496): Using new display size: 1366x768
07-18 09:39:28.579 I/ActivityManager(  496): START u0 {act=android.intent.action.MAIN cat=[android.intent.category.LAUNCHER] flg=0x10000000 pkg=com.qisda.viva cmp=com.qisda.viva/.LoginActivity} from pid 655
07-18 09:39:28.579 W/ActivityManager(  496): Duplicate finish request for ActivityRecord{41b47ad0 u0 com.ultrasound.usstarter/.Starter t1 f}
07-18 09:39:28.589 D/fsck_msdos(  812): sectors Per cluster :8 
07-18 09:39:28.589 D/fsck_msdos(  812): boot->ClusterOffset :8176 
07-18 09:39:28.589 I/fsck_msdos(  812): FAT32 Filesystem
07-18 09:39:28.589 D/fsck_msdos(  812): Using cluster_chain_descriptor
07-18 09:39:28.589 I/fsck_msdos(  812): Total clusters 491234 
07-18 09:39:28.689 E/ActivityThread(  568): Failed to find provider info for com.android.contacts
07-18 09:39:28.709 I/WindowManager(  496): Screen frozen for +705ms due to Window{41b6e6f0 u0 StatusBar}
07-18 09:39:28.819 I/fsck_msdos(  812): Begin to compare FAT
07-18 09:39:28.829 I/fsck_msdos(  812): ** Phase 2 - Check Cluster Chains 
07-18 09:39:28.829 I/fsck_msdos(  812): Begin to handle the cluster chain
07-18 09:39:28.839 D/fsck_msdos(  812): rootDir->head :2
07-18 09:39:28.849 D/fsck_msdos(  812): Verify Filesystem information
07-18 09:39:28.849 W/fsck_msdos(  812): 73 files, 1939840 free (484960 clusters)
07-18 09:39:28.849 I/fsck_msdos(  812): free_rb_tree 
07-18 09:39:28.849 I/fsck_msdos(  812): free_fragment_tree
07-18 09:39:28.849 I/fsck_msdos(  812): free_fragment_tree
07-18 09:39:28.849 I/fsck_msdos(  812): free_fragment_tree: rb_tree is empty 
07-18 09:39:28.869 I/Vold    (  215): Filesystem check completed OK
07-18 09:39:28.889 D/Vold    (  215): Volume sdcard1 state changing 3 (Checking) -> 4 (Mounted)
