11-15 13:25:55.179 V/Camera-JNI( 1211): setScanView
11-15 13:25:55.179 V/Camera  ( 1211): setScanView
11-15 13:25:55.179 D/CameraClient(  234): setScanView (pid 1211)
11-15 13:25:55.179 V/US_UltrasoundHALBase(  234): UltrasoundHALBase::setScanView() iViewType=6, iWidth=685, iHeight=275
11-15 13:25:55.179 V/US_UltrasoundHALBase(  234): UltrasoundHALBase::setScanView() EX
11-15 13:25:55.179 V/Camera-JNI( 1211): setScanView
11-15 13:25:55.179 V/Camera  ( 1211): setScanView
11-15 13:25:55.179 D/CameraClient(  234): setScanView (pid 1211)
11-15 13:25:55.179 V/US_UltrasoundHALBase(  234): UltrasoundHALBase::setScanView() iViewType=4, iWidth=416, iHeight=320
11-15 13:25:55.179 V/US_UltrasoundHALBase(  234): UltrasoundHALBase::setScanView() EX
11-15 13:25:55.179 V/Camera-JNI( 1211): setScanView
11-15 13:25:55.179 V/Camera  ( 1211): setScanView
11-15 13:25:55.179 D/CameraClient(  234): setScanView (pid 1211)
11-15 13:25:55.179 V/US_UltrasoundHALBase(  234): UltrasoundHALBase::setScanView() iViewType=5, iWidth=416, iHeight=320
11-15 13:25:55.179 V/US_UltrasoundHALBase(  234): UltrasoundHALBase::setScanView() EX
11-15 13:25:55.179 V/Camera-JNI( 1211): setScanView
11-15 13:25:55.179 V/Camera  ( 1211): setScanView
11-15 13:25:55.179 D/CameraClient(  234): setScanView (pid 1211)
11-15 13:25:55.179 V/US_UltrasoundHALBase(  234): UltrasoundHALBase::setScanView() iViewType=7, iWidth=344, iHeight=275
11-15 13:25:55.179 V/US_UltrasoundHALBase(  234): UltrasoundHALBase::setScanView() EX
11-15 13:25:55.179 V/Camera-JNI( 1211): setScanView
11-15 13:25:55.179 V/Camera  ( 1211): setScanView
11-15 13:25:55.179 D/CameraClient(  234): setScanView (pid 1211)
11-15 13:25:55.179 V/US_UltrasoundHALBase(  234): UltrasoundHALBase::setScanView() iViewType=8, iWidth=344, iHeight=275
11-15 13:25:55.179 V/US_UltrasoundHALBase(  234): UltrasoundHALBase::setScanView() EX
11-15 13:25:55.179 V/Camera-JNI( 1211): setOverlayDimension
11-15 13:25:55.179 V/Camera  ( 1211): sendCommand
11-15 13:25:55.179 V/US_UltrasoundHALBase(  234): UltrasoundHALBase::sendCommand() EN, cmd = 104, arg1 = 966, arg2 = 708
11-15 13:25:55.179 V/OverlayManager(  234): setOverlayImageDimension: (966, 708) 
11-15 13:25:55.179 V/US_UltrasoundHALBase(  234): UltrasoundHALBase::sendCommand() EX, cmd = 104, rc = 0
11-15 13:25:55.179 V/Camera  ( 1211): sendCommand
11-15 13:25:55.179 V/US_UltrasoundHALBase(  234): UltrasoundHALBase::sendCommand() EN, cmd = 105, arg1 = 0, arg2 = 68
11-15 13:25:55.179 V/OverlayManager(  234): setOverlayImageOffset: (0, 68) 
11-15 13:25:55.179 V/US_UltrasoundHALBase(  234): UltrasoundHALBase::sendCommand() EX, cmd = 105, rc = 0
11-15 13:25:55.179 V/Camera  ( 1211): sendCommand
11-15 13:25:55.179 V/US_UltrasoundHALBase(  234): UltrasoundHALBase::sendCommand() EN, cmd = 106, arg1 = 832, arg2 = 640
11-15 13:25:55.179 V/OverlayManager(  234): setOverlayImageWindowDimension: (832, 640) 
11-15 13:25:55.179 V/US_UltrasoundHALBase(  234): UltrasoundHALBase::sendCommand() EX, cmd = 106, rc = 0
11-15 13:25:55.179 V/Camera-JNI( 1211): setRetrospectiveLoopSave
11-15 13:25:55.179 V/Camera  ( 1211): setRetrospectiveLoopSave
11-15 13:25:55.179 D/CameraClient(  234): setRetrospectiveLoopSave (pid 1211)
11-15 13:25:55.179 V/US_UltrasoundHALBase(  234): UltrasoundHALBase::setRetrospectiveLoopSave() enable = 1
11-15 13:25:55.179 V/US_UltrasoundHALBase(  234): UltrasoundHALBase::setRetrospectiveLoopSave() EX
11-15 13:25:55.179 V/Camera-JNI( 1211): setAutoAngleCorrection
11-15 13:25:55.179 V/Camera  ( 1211): setAutoAngleCorrection
11-15 13:25:55.179 D/CameraClient(  234): setAutoAngleCorrection (pid 1211)
11-15 13:25:55.179 V/US_UltrasoundHALBase(  234): UltrasoundHALBase::setAutoAngleCorrection() enable = 0
11-15 13:25:55.179 V/US_UltrasoundHALBase(  234): UltrasoundHALBase::setAutoAngleCorrection() EX
11-15 13:25:55.179 V/Camera-JNI( 1211): setExportFormatQuality
11-15 13:25:55.179 V/Camera  ( 1211): setExportFormatQuality
11-15 13:25:55.179 D/CameraClient(  234): setExportFormatQuality (pid 1211)
11-15 13:25:55.179 V/US_UltrasoundHALBase(  234): UltrasoundHALBase::setExportFormatQuality() EN, iDicomFormat = 0, iDicomQuality = 0, iMediaFormat = -1, iMediaQuality = 0
11-15 13:25:55.179 D/US_DICOMController(  234): CDICOMController::ExportFormatQuality() iDicomFormat =0
11-15 13:25:55.179 V/US_UltrasoundHALBase(  234): UltrasoundHALBase::ExportFormatQuality() result = 0
11-15 13:25:55.189 V/Camera-JNI( 1211): setLocalHostDICOMInfo
11-15 13:25:55.189 V/Camera  ( 1211): setLocalHostDICOMInfo
11-15 13:25:55.189 D/CameraClient(  234): setLocalHostDICOMInfo (pid 1211)
11-15 13:25:55.189 V/US_UltrasoundHALBase(  234): UltrasoundHALBase::setLocalHostDICOMInfo() rgchAE_title = Ultrasound, rgchIP_addr = 10.82.211.100, port = 0
11-15 13:25:55.189 I/US_StoreController(  234): CStoreController SetLocalHostDICOMInfo() EN, AE_title=Ultrasound, IP_addr=10.82.211.100, Port=0
11-15 13:25:55.189 D/US_DICOMController(  234): CDICOMController::SetLocalHostDICOMInfo() Begin
11-15 13:25:55.189 D/US_DICOMController(  234): SCUData pstSCUSetting->rgchAETitle Ultrasound 
11-15 13:25:55.189 D/US_DICOMController(  234): SCUData pstSCUSetting->rgchClientIP 10.82.211.100 
11-15 13:25:55.189 D/US_DICOMController(  234): CDICOMController::SCUData() End
11-15 13:25:55.189 V/US_UltrasoundHALBase(  234): UltrasoundHALBase::setLocalHostDICOMInfo() result = 0
11-15 13:25:55.189 I/UI_ULTRASOUND( 1211): [DICOM]getStorageSCP1Setup user=System_Default address= timeout=0 port=0
11-15 13:25:55.189 V/Camera-JNI( 1211): setStorageSCPServer
11-15 13:25:55.189 V/Camera  ( 1211): setStorageSCPServer
11-15 13:25:55.189 D/CameraClient(  234): setStorageSCPServer (pid 1211)
11-15 13:25:55.189 V/US_UltrasoundHALBase(  234): UltrasoundHALBase::setStorageSCPServer() iNumSCP = 1, rgchAE_title = , rgchIP_addr = , port = 0, time_out=0
11-15 13:25:55.189 I/US_StoreController(  234): CStoreController SetStorageSCPServer() EN, iNumSCP=1 AE_title= IP_addr = Port=0 timeout=0
11-15 13:25:55.189 D/US_DICOMController(  234): CDICOMController::SetStorageSCPServer() Begin
11-15 13:25:55.189 D/US_DICOMController(  234):  iNumSCP 1 
11-15 13:25:55.189 D/US_DICOMController(  234): DICOMServerData pstSCPSetting[0].rgchAETitle  
11-15 13:25:55.189 D/US_DICOMController(  234): DICOMServerData pstSCPSetting[0].rgchServerIP  
11-15 13:25:55.189 D/US_DICOMController(  234): CDICOMController::DICOMServerData() End
11-15 13:25:55.189 V/US_UltrasoundHALBase(  234): UltrasoundHALBase::setStorageSCPServer() result = 0
11-15 13:25:55.189 V/Camera-JNI( 1211): setStorageSCPServer
11-15 13:25:55.189 V/Camera  ( 1211): setStorageSCPServer
11-15 13:25:55.189 D/CameraClient(  234): setStorageSCPServer (pid 1211)
11-15 13:25:55.189 V/US_UltrasoundHALBase(  234): UltrasoundHALBase::setStorageSCPServer() iNumSCP = 2, rgchAE_title = , rgchIP_addr = , port = 0, time_out=0
11-15 13:25:55.189 I/US_StoreController(  234): CStoreController SetStorageSCPServer() EN, iNumSCP=2 AE_title= IP_addr = Port=0 timeout=0
11-15 13:25:55.189 D/US_DICOMController(  234): CDICOMController::SetStorageSCPServer() Begin
11-15 13:25:55.189 D/US_DICOMController(  234):  iNumSCP 2 
11-15 13:25:55.189 D/US_DICOMController(  234): DICOMServerData pstSCPSetting[1].rgchAETitle  
11-15 13:25:55.189 D/US_DICOMController(  234): DICOMServerData pstSCPSetting[1].rgchServerIP  
11-15 13:25:55.189 D/US_DICOMController(  234): CDICOMController::DICOMServerData() End
11-15 13:25:55.189 V/US_UltrasoundHALBase(  234): UltrasoundHALBase::setStorageSCPServer() result = 0
11-15 13:25:55.189 V/Camera-JNI( 1211): setStorageSCPServer
11-15 13:25:55.189 V/Camera  ( 1211): setStorageSCPServer
11-15 13:25:55.189 D/CameraClient(  234): setStorageSCPServer (pid 1211)
11-15 13:25:55.189 V/US_UltrasoundHALBase(  234): UltrasoundHALBase::setStorageSCPServer() iNumSCP = 3, rgchAE_title = , rgchIP_addr = , port = 0, time_out=0
11-15 13:25:55.189 I/US_StoreController(  234): CStoreController SetStorageSCPServer() EN, iNumSCP=3 AE_title= IP_addr = Port=0 timeout=0
11-15 13:25:55.189 D/US_DICOMController(  234): CDICOMController::SetStorageSCPServer() Begin
11-15 13:25:55.189 D/US_DICOMController(  234):  iNumSCP 3 
11-15 13:25:55.189 D/US_DICOMController(  234): DICOMServerData pstSCPSetting[2].rgchAETitle  
11-15 13:25:55.189 D/US_DICOMController(  234): DICOMServerData pstSCPSetting[2].rgchServerIP  
11-15 13:25:55.189 D/US_DICOMController(  234): CDICOMController::DICOMServerData() End
11-15 13:25:55.189 V/US_UltrasoundHALBase(  234): UltrasoundHALBase::setStorageSCPServer() result = 0
11-15 13:25:55.189 V/Camera-JNI( 1211): setWorklistServer
11-15 13:25:55.189 V/Camera  ( 1211): setWorklistServer()
11-15 13:25:55.189 D/CameraClient(  234): setWorklistServer (pid 1211)
11-15 13:25:55.189 V/US_UltrasoundHALBase(  234): UltrasoundHALBase::setWorklistServer() pchAE_title = , pchIP_addr = , port = 0, time_out = 0
11-15 13:25:55.189 I/US_StoreController(  234): CStoreController SetWorklistServer() EN, AE_title=, IP_addr=, Port=0, timeout =0
11-15 13:25:55.189 D/US_DICOMController(  234): CDICOMController::SetWorklistServer() Begin
11-15 13:25:55.189 D/US_DICOMController(  234):  WriteECHOPackageToFile EN
11-15 13:25:55.199 D/US_DICOMController(  234):  WriteECHOPackageToFile EX
11-15 13:25:55.199 D/US_DICOMController(  234): CDICOMController::SetWorklistServer() End
11-15 13:25:55.199 V/US_UltrasoundHALBase(  234): UltrasoundHALBase::setWorklistServer() result = 0
11-15 13:25:55.199 V/Camera-JNI( 1211): setStoreCommitServer
11-15 13:25:55.199 V/Camera  ( 1211): setStoreCommitServer
11-15 13:25:55.199 D/CameraClient(  234): setStoreCommitServer (pid 1211)
11-15 13:25:55.199 V/US_UltrasoundHALBase(  234): UltrasoundHALBase::setStoreCommitServer() rgchAE_title = , rgchIP_addr = , port = 0, time_out=0
11-15 13:25:55.199 V/US_UltrasoundHALBase(  234): UltrasoundHALBase::setStoreCommitServer() EX
11-15 13:25:55.199 I/UI_ULTRASOUND( 1211): [ScanDisplayFragment]SurfaceTexture is available now. Start drawing frames to the screen.
11-15 13:25:55.219 I/Camera  ( 1211): US_MSG_OPERATION_READY, callback onUSOperationReady(), iOperationType=2
11-15 13:25:55.219 I/UI_ULTRASOUND( 1211): [CameraManager]configHALStatus remove reason=2 mHALStatusMap.size()=1
11-15 13:25:55.219 V/Camera-JNI( 1211): setParameters
11-15 13:25:55.219 V/Camera  ( 1211): setParameters
11-15 13:25:55.229 V/US_UltrasoundHALBase(  234): UltrasoundHALBase::setParameters() EN
11-15 13:25:55.229 V/US_UltrasoundHALBase(  234): UltrasoundHALBase::setParameters(), setparametersqueue is on
11-15 13:25:55.229 V/US_UltrasoundHALBase(  234): setParametersListener: partial parameters update, prepare native parameters. UI parms=us_i_cine_loop_save_length=3;us_i_cw_display_format_type=0;us_i_m_display_format_type=0
11-15 13:25:55.229 V/US_UltrasoundHALBase(  234): setParametersListener: after merged, parameter count=3, partial parameters len=87, 25966
11-15 13:25:55.229 I/ActivityManager(  501): Displayed com.qisda.viva/.ScanModeActivity: +3s210ms (total +12s851ms)
11-15 13:25:55.229 V/US_UltrasoundHALBase(  234): UltrasoundHALBase::SetParametersToParametersController() EN
11-15 13:25:55.229 D/US_CallbackNotifier(  234): onOperationReady() EN, operationType=2
11-15 13:25:55.229 V/US_UltrasoundHALBase(  234): UltrasoundHALBase::SetParametersToParametersController() EX
11-15 13:25:55.229 V/US_UltrasoundHALBase(  234): UltrasoundHALBase::setParameters() EX
11-15 13:25:55.269 I/Camera  ( 1211): US_MSG_OPERATION_READY, callback onUSOperationReady(), iOperationType=2
11-15 13:25:55.269 I/Timeline( 1211): Timeline: Activity_idle id: android.os.BinderProxy@42310778 time:28454
11-15 13:25:55.569 I/Timeline(  501): Timeline: Activity_windows_visible id: ActivityRecord{419ecb60 u0 com.qisda.viva/.ScanModeActivity t2} time:28755
11-15 13:25:55.739 E/US_VivaProUSB(  234): GetErrCount 1700 total_setup_count=157, std_setup_count=0, vendor_setup_count=157 glReadDataFromFPGACount=45 glRemovePacketsCount=40 glInfoCount=37 glInitCount=1
11-15 13:25:55.769 E/US_VivaProUSB(  234): #### [B]    ,     ,    ,    ,    ,    ,    ,    ,    ,    ,    ,[P1][F0025][t28](ID=11,10)
11-15 13:25:55.769 E/US_VivaProUSB(  234): #### [A] -4804, 4892,    ,     ,    ,    ,    ,    ,2499,2499,2499,21832,-22866,    ,(-2,17,17)
11-15 13:25:55.959 I/QCNEJ   (  501): |CORE:COM:RCVR| CNE creating socket
11-15 13:25:56.739 E/US_VivaProUSB(  234): GetErrCount 1700 total_setup_count=159, std_setup_count=0, vendor_setup_count=159 glReadDataFromFPGACount=45 glRemovePacketsCount=40 glInfoCount=37 glInitCount=1
11-15 13:25:56.779 E/US_VivaProUSB(  234): #### [B]    ,     ,    ,    ,    ,    ,    ,    ,    ,    ,    ,[P1][F0025][t28](ID=11,10)
11-15 13:25:56.779 E/US_VivaProUSB(  234): #### [A] -4838, 4892,    ,     ,    ,    ,    ,    ,2499,2499,2499,21832,-23068,    ,(-2,17,17)
11-15 13:25:57.749 E/US_VivaProUSB(  234): GetErrCount 1700 total_setup_count=161, std_setup_count=0, vendor_setup_count=161 glReadDataFromFPGACount=45 glRemovePacketsCount=40 glInfoCount=37 glInitCount=1
11-15 13:25:57.779 E/US_VivaProUSB(  234): #### [B]    ,     ,    ,    ,    ,    ,    ,    ,    ,    ,    ,[P1][F0025][t28](ID=11,10)
11-15 13:25:57.779 E/US_VivaProUSB(  234): #### [A] -4821, 4892,    ,     ,    ,    ,    ,    ,2499,2499,2499,21832,-23001,    ,(-2,17,17)
11-15 13:25:58.749 E/US_VivaProUSB(  234): GetErrCount 1700 total_setup_count=163, std_setup_count=0, vendor_setup_count=163 glReadDataFromFPGACount=45 glRemovePacketsCount=40 glInfoCount=37 glInitCount=1
11-15 13:25:58.779 E/US_VivaProUSB(  234): #### [B]    ,     ,    ,    ,    ,    ,    ,    ,    ,    ,    ,[P1][F0025][t28](ID=11,10)
11-15 13:25:58.779 E/US_VivaProUSB(  234): #### [A] -4838, 4892,    ,     ,    ,    ,    ,    ,2499,2499,2499,21832,-22956,    ,(-2,17,17)
11-15 13:25:59.739 E/US_VivaProUSB(  234): ENGINE_ERROR_TYPE_Minor,ReadDataFromFPGA 1583 WARNING: readLen=0 r=-7 LIBUSB_ERROR_TIMEOUT 
11-15 13:25:59.739 E/US_VivaProUSB(  234): ReadDataFromFPGA 1588 sleep 100 us to release lock 
11-15 13:25:59.759 E/US_VivaProUSB(  234): GetErrCount 1700 total_setup_count=165, std_setup_count=0, vendor_setup_count=165 glReadDataFromFPGACount=46 glRemovePacketsCount=40 glInfoCount=37 glInitCount=1
11-15 13:25:59.789 E/US_VivaProUSB(  234): #### [B]    ,     ,    ,    ,    ,    ,    ,    ,    ,    ,    ,[P1][F0025][t28](ID=11,10)
11-15 13:25:59.789 E/US_VivaProUSB(  234): #### [A] -4890, 4892,    ,     ,    ,    ,    ,    ,2499,2499,2499,21832,-22888,    ,(-2,17,17)
11-15 13:25:59.949 I/QCNEJ   (  501): |CORE:COM:RCVR| CNE creating socket
11-15 13:26:00.019 I/UI_ULTRASOUND( 1211): [TimeService]TIME_SERVICE_UPDATE, TIME_SERVICE_EXTRA is:11/15/2016 1:26 PM, TIME_SERVICE_EXTRA_TIME_FOR_WIDGET is:1:26 PM, TIME_SERVICE_EXTRA_DATE_FOR_WIDGET is:11/15/2016, TIME_SERVICE_EXTRA_WEEKDAY_FOR_WIDGET is:Tuesday
11-15 13:26:00.019 I/UI_ULTRASOUND( 1211): [PatientInformationFragment][time display] receive TIME_SERVICE_UPDATE, date = 11/15/2016, time = 1:26 PM
11-15 13:26:00.019 I/UI_ULTRASOUND( 1211): [StatusBar][time display] receive TIME_SERVICE_UPDATE, date = 11/15/2016, time = 1:26 PM
11-15 13:26:00.422 I/PrintK  (  217): [   33.606298] MCU_Daemon: Send Data : F1 6A D4 F2
11-15 13:26:00.432 I/PrintK  (  217): [   33.616829] MCU_Daemon: Read Data : F1 6B 00 25 00 F5 2E 7F FA AA 0B C5 17 56 5E 14 A7 0F A8 0F A8 0F 14 00 C0 00 13 00 AC F2
11-15 13:26:00.759 E/US_VivaProUSB(  234): GetErrCount 1700 total_setup_count=167, std_setup_count=0, vendor_setup_count=167 glReadDataFromFPGACount=46 glRemovePacketsCount=40 glInfoCount=37 glInitCount=1
11-15 13:26:00.789 E/US_VivaProUSB(  234): #### [B]    ,     ,    ,    ,    ,    ,    ,    ,    ,    ,    ,[P1][F0025][t28](ID=11,10)
11-15 13:26:00.789 E/US_VivaProUSB(  234): #### [A] -4752, 4892,    ,     ,    ,    ,    ,    ,2499,2499,2499,21832,-22978,    ,(-2,17,17)
11-15 13:26:01.759 E/US_VivaProUSB(  234): GetErrCount 1700 total_setup_count=169, std_setup_count=0, vendor_setup_count=169 glReadDataFromFPGACount=46 glRemovePacketsCount=40 glInfoCount=37 glInitCount=1
11-15 13:26:01.789 E/US_VivaProUSB(  234): #### [B]    ,     ,    ,    ,    ,    ,    ,    ,    ,    ,    ,[P1][F0025][t28](ID=11,10)
11-15 13:26:01.789 E/US_VivaProUSB(  234): #### [A] -4821, 4892,    ,     ,    ,    ,    ,    ,2499,2499,2499,21832,-23001,    ,(-2,17,17)
11-15 13:26:02.749 E/US_VivaProUSB(  234): GetErrCount 1700 total_setup_count=171, std_setup_count=0, vendor_setup_count=171 glReadDataFromFPGACount=46 glRemovePacketsCount=40 glInfoCount=37 glInitCount=1
11-15 13:26:02.799 E/US_VivaProUSB(  234): #### [B]    ,     ,    ,    ,    ,    ,    ,    ,    ,    ,    ,[P1][F0025][t28](ID=11,10)
11-15 13:26:02.799 E/US_VivaProUSB(  234): #### [A] -4821, 4892,    ,     ,    ,    ,    ,    ,2499,2499,2499,21832,-22956,    ,(-2,17,17)
11-15 13:26:03.759 E/US_VivaProUSB(  234): GetErrCount 1700 total_setup_count=173, std_setup_count=0, vendor_setup_count=173 glReadDataFromFPGACount=46 glRemovePacketsCount=40 glInfoCount=37 glInitCount=1
11-15 13:26:03.799 E/US_VivaProUSB(  234): #### [B]    ,     ,    ,    ,    ,    ,    ,    ,    ,    ,    ,[P1][F0025][t29](ID=11,10)
11-15 13:26:03.799 E/US_VivaProUSB(  234): #### [A] -4804, 4892,    ,     ,    ,    ,    ,    ,2499,2499,2499,21832,-23023,    ,(-2,17,17)
11-15 13:26:03.959 I/QCNEJ   (  501): |CORE:COM:RCVR| CNE creating socket
11-15 13:26:04.739 E/US_VivaProUSB(  234): ENGINE_ERROR_TYPE_Minor,ReadDataFromFPGA 1583 WARNING: readLen=0 r=-7 LIBUSB_ERROR_TIMEOUT 
11-15 13:26:04.739 E/US_VivaProUSB(  234): ReadDataFromFPGA 1588 sleep 100 us to release lock 
11-15 13:26:04.759 E/US_VivaProUSB(  234): GetErrCount 1700 total_setup_count=175, std_setup_count=0, vendor_setup_count=175 glReadDataFromFPGACount=47 glRemovePacketsCount=40 glInfoCount=37 glInitCount=1
11-15 13:26:04.799 E/US_VivaProUSB(  234): #### [B]    ,     ,    ,    ,    ,    ,    ,    ,    ,    ,    ,[P1][F0025][t29](ID=11,10)
11-15 13:26:04.799 E/US_VivaProUSB(  234): #### [A] -4734, 4892,    ,     ,    ,    ,    ,    ,2499,2499,2499,21832,-22933,    ,(-2,17,17)
11-15 13:26:05.759 E/US_VivaProUSB(  234): GetErrCount 1700 total_setup_count=177, std_setup_count=0, vendor_setup_count=177 glReadDataFromFPGACount=47 glRemovePacketsCount=40 glInfoCount=37 glInitCount=1
11-15 13:26:05.809 E/US_VivaProUSB(  234): #### [B]    ,     ,    ,    ,    ,    ,    ,    ,    ,    ,    ,[P1][F0025][t29](ID=11,10)
11-15 13:26:05.809 E/US_VivaProUSB(  234): #### [A] -4786, 4892,    ,     ,    ,    ,    ,    ,2499,2499,2499,21832,-23068,    ,(-2,17,17)
11-15 13:26:06.759 E/US_VivaProUSB(  234): GetErrCount 1700 total_setup_count=179, std_setup_count=0, vendor_setup_count=179 glReadDataFromFPGACount=47 glRemovePacketsCount=40 glInfoCount=37 glInitCount=1
11-15 13:26:06.799 E/US_VivaProUSB(  234): #### [B]    ,     ,    ,    ,    ,    ,    ,    ,    ,    ,    ,[P1][F0025][t29](ID=11,10)
11-15 13:26:06.799 E/US_VivaProUSB(  234): #### [A] -4804, 4892,    ,     ,    ,    ,    ,    ,2499,2499,2499,21832,-22978,    ,(-2,17,17)
11-15 13:26:07.749 E/US_VivaProUSB(  234): GetErrCount 1700 total_setup_count=181, std_setup_count=0, vendor_setup_count=181 glReadDataFromFPGACount=47 glRemovePacketsCount=40 glInfoCount=37 glInitCount=1
11-15 13:26:07.809 E/US_VivaProUSB(  234): #### [B]    ,     ,    ,    ,    ,    ,    ,    ,    ,    ,    ,[P1][F0025][t29](ID=11,10)
11-15 13:26:07.809 E/US_VivaProUSB(  234): #### [A] -4838, 4892,    ,     ,    ,    ,    ,    ,2499,2499,2499,21832,-23023,    ,(-2,17,17)
11-15 13:26:07.959 I/QCNEJ   (  501): |CORE:COM:RCVR| CNE creating socket
11-15 13:26:07.959 W/QCNEJ   (  501): |CORE:COM:RCVR| Couldn't find 'cnd' socket after 8 times, continuing to retry silently
11-15 13:26:08.759 E/US_VivaProUSB(  234): GetErrCount 1700 total_setup_count=183, std_setup_count=0, vendor_setup_count=183 glReadDataFromFPGACount=47 glRemovePacketsCount=40 glInfoCount=37 glInitCount=1
11-15 13:26:08.809 E/US_VivaProUSB(  234): #### [B]    ,     ,    ,    ,    ,    ,    ,    ,    ,    ,    ,[P1][F0025][t29](ID=11,10)
11-15 13:26:08.809 E/US_VivaProUSB(  234): #### [A] -4786, 4892,    ,     ,    ,    ,    ,    ,2499,2499,2499,21832,-23068,    ,(-2,17,17)
11-15 13:26:09.739 E/US_VivaProUSB(  234): ENGINE_ERROR_TYPE_Minor,ReadDataFromFPGA 1583 WARNING: readLen=0 r=-7 LIBUSB_ERROR_TIMEOUT 
11-15 13:26:09.739 E/US_VivaProUSB(  234): ReadDataFromFPGA 1588 sleep 100 us to release lock 
11-15 13:26:09.759 E/US_VivaProUSB(  234): GetErrCount 1700 total_setup_count=185, std_setup_count=0, vendor_setup_count=185 glReadDataFromFPGACount=48 glRemovePacketsCount=40 glInfoCount=37 glInitCount=1
11-15 13:26:09.819 E/US_VivaProUSB(  234): #### [B]    ,     ,    ,    ,    ,    ,    ,    ,    ,    ,    ,[P1][F0025][t29](ID=11,10)
11-15 13:26:09.819 E/US_VivaProUSB(  234): #### [A] -4804, 4892,    ,     ,    ,    ,    ,    ,2499,2499,2499,21832,-22888,    ,(-2,17,17)
11-15 13:26:10.335 I/PrintK  (  217): [   43.519429] MCU_Daemon: Send Data : F1 6A D4 F2
11-15 13:26:10.346 I/PrintK  (  217): [   43.529944] MCU_Daemon: Read Data : F1 6B 00 2F 00 F0 2E 85 FA AA 0B C5 17 56 5A 14 A5 0F A6 0F A6 0F 14 00 C0 00 13 00 56 F2
11-15 13:26:10.769 E/US_VivaProUSB(  234): GetErrCount 1700 total_setup_count=187, std_setup_count=0, vendor_setup_count=187 glReadDataFromFPGACount=48 glRemovePacketsCount=40 glInfoCount=37 glInitCount=1
11-15 13:26:10.819 E/US_VivaProUSB(  234): #### [B]    ,     ,    ,    ,    ,    ,    ,    ,    ,    ,    ,[P1][F0025][t29](ID=11,10)
11-15 13:26:10.819 E/US_VivaProUSB(  234): #### [A] -4908, 4892,    ,     ,    ,    ,    ,    ,2499,2499,2499,21832,-22911,    ,(-2,17,17)
11-15 13:26:10.878 I/PrintK  (  228): [   44.062113] netd used greatest stack depth: 4872 bytes left
11-15 13:26:11.769 E/US_VivaProUSB(  234): GetErrCount 1700 total_setup_count=189, std_setup_count=0, vendor_setup_count=189 glReadDataFromFPGACount=48 glRemovePacketsCount=40 glInfoCount=37 glInitCount=1
11-15 13:26:11.819 E/US_VivaProUSB(  234): #### [B]    ,     ,    ,    ,    ,    ,    ,    ,    ,    ,    ,[P1][F0025][t29](ID=11,10)
11-15 13:26:11.819 E/US_VivaProUSB(  234): #### [A] -4769, 4892,    ,     ,    ,    ,    ,    ,2499,2499,2499,21832,-22978,    ,(-2,17,17)
11-15 13:26:11.959 I/QCNEJ   (  501): |CORE:COM:RCVR| CNE creating socket
11-15 13:26:12.769 E/US_VivaProUSB(  234): GetErrCount 1700 total_setup_count=191, std_setup_count=0, vendor_setup_count=191 glReadDataFromFPGACount=48 glRemovePacketsCount=40 glInfoCount=37 glInitCount=1
11-15 13:26:12.819 E/US_VivaProUSB(  234): #### [B]    ,     ,    ,    ,    ,    ,    ,    ,    ,    ,    ,[P1][F0025][t29](ID=11,10)
11-15 13:26:12.819 E/US_VivaProUSB(  234): #### [A] -4786, 4892,    ,     ,    ,    ,    ,    ,2499,2499,2499,21832,-22956,    ,(-2,17,17)
11-15 13:26:13.769 E/US_VivaProUSB(  234): GetErrCount 1700 total_setup_count=193, std_setup_count=0, vendor_setup_count=193 glReadDataFromFPGACount=48 glRemovePacketsCount=40 glInfoCount=37 glInitCount=1
11-15 13:26:13.829 E/US_VivaProUSB(  234): #### [B]    ,     ,    ,    ,    ,    ,    ,    ,    ,    ,    ,[P1][F0025][t29](ID=11,10)
11-15 13:26:13.829 E/US_VivaProUSB(  234): #### [A] -4821, 4892,    ,     ,    ,    ,    ,    ,2499,2499,2499,21832,-23001,    ,(-2,17,17)
11-15 13:26:14.739 E/US_VivaProUSB(  234): ENGINE_ERROR_TYPE_Minor,ReadDataFromFPGA 1583 WARNING: readLen=0 r=-7 LIBUSB_ERROR_TIMEOUT 
11-15 13:26:14.739 E/US_VivaProUSB(  234): ReadDataFromFPGA 1588 sleep 100 us to release lock 
11-15 13:26:14.769 E/US_VivaProUSB(  234): GetErrCount 1700 total_setup_count=195, std_setup_count=0, vendor_setup_count=195 glReadDataFromFPGACount=49 glRemovePacketsCount=40 glInfoCount=37 glInitCount=1
11-15 13:26:14.819 E/US_VivaProUSB(  234): #### [B]    ,     ,    ,    ,    ,    ,    ,    ,    ,    ,    ,[P1][F0025][t29](ID=11,10)
11-15 13:26:14.819 E/US_VivaProUSB(  234): #### [A] -4890, 4892,    ,     ,    ,    ,    ,    ,2499,2499,2499,21832,-22978,    ,(-2,17,17)
11-15 13:26:15.769 E/US_VivaProUSB(  234): GetErrCount 1700 total_setup_count=197, std_setup_count=0, vendor_setup_count=197 glReadDataFromFPGACount=49 glRemovePacketsCount=40 glInfoCount=37 glInitCount=1
11-15 13:26:15.829 E/US_VivaProUSB(  234): #### [B]    ,     ,    ,    ,    ,    ,    ,    ,    ,    ,    ,[P1][F0025][t29](ID=11,10)
11-15 13:26:15.829 E/US_VivaProUSB(  234): #### [A] -4890, 4892,    ,     ,    ,    ,    ,    ,2499,2499,2499,21832,-22978,    ,(-2,17,17)
11-15 13:26:15.959 I/QCNEJ   (  501): |CORE:COM:RCVR| CNE creating socket
11-15 13:26:16.769 E/US_VivaProUSB(  234): GetErrCount 1700 total_setup_count=199, std_setup_count=0, vendor_setup_count=199 glReadDataFromFPGACount=49 glRemovePacketsCount=40 glInfoCount=37 glInitCount=1
11-15 13:26:16.829 E/US_VivaProUSB(  234): #### [B]    ,     ,    ,    ,    ,    ,    ,    ,    ,    ,    ,[P1][F0025][t29](ID=11,10)
11-15 13:26:16.829 E/US_VivaProUSB(  234): #### [A] -4821, 4892,    ,     ,    ,    ,    ,    ,2499,2499,2499,21832,-22956,    ,(-2,17,17)
11-15 13:26:17.769 E/US_VivaProUSB(  234): GetErrCount 1700 total_setup_count=201, std_setup_count=0, vendor_setup_count=201 glReadDataFromFPGACount=49 glRemovePacketsCount=40 glInfoCount=37 glInitCount=1
11-15 13:26:17.839 E/US_VivaProUSB(  234): #### [B]    ,     ,    ,    ,    ,    ,    ,    ,    ,    ,    ,[P1][F0025][t29](ID=11,10)
11-15 13:26:17.839 E/US_VivaProUSB(  234): #### [A] -4890, 4892,    ,     ,    ,    ,    ,    ,2499,2499,2499,21832,-22888,    ,(-2,17,17)
11-15 13:26:18.769 E/US_VivaProUSB(  234): GetErrCount 1700 total_setup_count=203, std_setup_count=0, vendor_setup_count=203 glReadDataFromFPGACount=49 glRemovePacketsCount=40 glInfoCount=37 glInitCount=1
11-15 13:26:18.839 E/US_VivaProUSB(  234): #### [B]    ,     ,    ,    ,    ,    ,    ,    ,    ,    ,    ,[P1][F0025][t29](ID=11,10)
11-15 13:26:18.839 E/US_VivaProUSB(  234): #### [A] -4838, 4892,    ,     ,    ,    ,    ,    ,2499,2499,2499,21832,-23068,    ,(-2,17,17)
11-15 13:26:19.749 E/US_VivaProUSB(  234): ENGINE_ERROR_TYPE_Minor,ReadDataFromFPGA 1583 WARNING: readLen=0 r=-7 LIBUSB_ERROR_TIMEOUT 
11-15 13:26:19.749 E/US_VivaProUSB(  234): ReadDataFromFPGA 1588 sleep 100 us to release lock 
11-15 13:26:19.769 E/US_VivaProUSB(  234): GetErrCount 1700 total_setup_count=205, std_setup_count=0, vendor_setup_count=205 glReadDataFromFPGACount=50 glRemovePacketsCount=40 glInfoCount=37 glInitCount=1
11-15 13:26:19.849 E/US_VivaProUSB(  234): #### [B]    ,     ,    ,    ,    ,    ,    ,    ,    ,    ,    ,[P1][F0025][t29](ID=11,10)
11-15 13:26:19.849 E/US_VivaProUSB(  234): #### [A] -4838, 4892,    ,     ,    ,    ,    ,    ,2499,2499,2499,21832,-23023,    ,(-2,17,17)
11-15 13:26:19.949 I/QCNEJ   (  501): |CORE:COM:RCVR| CNE creating socket
11-15 13:26:20.248 I/PrintK  (  217): [   53.432297] MCU_Daemon: Send Data : F1 6A D4 F2
11-15 13:26:20.259 I/PrintK  (  217): [   53.442985] MCU_Daemon: Read Data : F1 6B 00 39 00 EA 2E 80 FA AA 0B C5 17 56 56 14 A3 0F A4 0F A4 0F 14 00 C0 00 13 00 A6 F2
11-15 13:26:20.769 E/US_VivaProUSB(  234): GetErrCount 1700 total_setup_count=207, std_setup_count=0, vendor_setup_count=207 glReadDataFromFPGACount=50 glRemovePacketsCount=40 glInfoCount=37 glInitCount=1
11-15 13:26:20.849 E/US_VivaProUSB(  234): #### [B]    ,     ,    ,    ,    ,    ,    ,    ,    ,    ,    ,[P1][F0025][t30](ID=11,10)
11-15 13:26:20.849 E/US_VivaProUSB(  234): #### [A] -4786, 4892,    ,     ,    ,    ,    ,    ,2499,2499,2499,21832,-23068,    ,(-2,17,17)
11-15 13:26:21.769 E/US_VivaProUSB(  234): GetErrCount 1700 total_setup_count=209, std_setup_count=0, vendor_setup_count=209 glReadDataFromFPGACount=50 glRemovePacketsCount=40 glInfoCount=37 glInitCount=1
11-15 13:26:21.849 E/US_VivaProUSB(  234): #### [B]    ,     ,    ,    ,    ,    ,    ,    ,    ,    ,    ,[P1][F0025][t30](ID=11,10)
11-15 13:26:21.849 E/US_VivaProUSB(  234): #### [A] -4838, 4892,    ,     ,    ,    ,    ,    ,2499,2499,2499,21832,-23068,    ,(-2,17,17)
11-15 13:26:22.779 E/US_VivaProUSB(  234): GetErrCount 1700 total_setup_count=211, std_setup_count=0, vendor_setup_count=211 glReadDataFromFPGACount=50 glRemovePacketsCount=40 glInfoCount=37 glInitCount=1
11-15 13:26:22.849 E/US_VivaProUSB(  234): #### [B]    ,     ,    ,    ,    ,    ,    ,    ,    ,    ,    ,[P1][F0025][t30](ID=11,10)
11-15 13:26:22.849 E/US_VivaProUSB(  234): #### [A] -4769, 4892,    ,     ,    ,    ,    ,    ,2499,2499,2499,21832,-22956,    ,(-2,17,17)
11-15 13:26:23.779 E/US_VivaProUSB(  234): GetErrCount 1700 total_setup_count=213, std_setup_count=0, vendor_setup_count=213 glReadDataFromFPGACount=50 glRemovePacketsCount=40 glInfoCount=37 glInitCount=1
11-15 13:26:23.849 E/US_VivaProUSB(  234): #### [B]    ,     ,    ,    ,    ,    ,    ,    ,    ,    ,    ,[P1][F0025][t30](ID=11,10)
11-15 13:26:23.849 E/US_VivaProUSB(  234): #### [A] -4804, 4892,    ,     ,    ,    ,    ,    ,2499,2499,2499,21832,-22978,    ,(-2,17,17)
11-15 13:26:23.959 I/QCNEJ   (  501): |CORE:COM:RCVR| CNE creating socket
11-15 13:26:24.749 E/US_VivaProUSB(  234): ENGINE_ERROR_TYPE_Minor,ReadDataFromFPGA 1583 WARNING: readLen=0 r=-7 LIBUSB_ERROR_TIMEOUT 
11-15 13:26:24.749 E/US_VivaProUSB(  234): ReadDataFromFPGA 1588 sleep 100 us to release lock 
11-15 13:26:24.769 E/US_VivaProUSB(  234): GetErrCount 1700 total_setup_count=215, std_setup_count=0, vendor_setup_count=215 glReadDataFromFPGACount=51 glRemovePacketsCount=40 glInfoCount=37 glInitCount=1
11-15 13:26:24.859 E/US_VivaProUSB(  234): #### [B]    ,     ,    ,    ,    ,    ,    ,    ,    ,    ,    ,[P1][F0025][t30](ID=11,10)
11-15 13:26:24.859 E/US_VivaProUSB(  234): #### [A] -4890, 4892,    ,     ,    ,    ,    ,    ,2499,2499,2499,21811,-22933,    ,(-2,17,17)
11-15 13:26:25.779 E/US_VivaProUSB(  234): GetErrCount 1700 total_setup_count=217, std_setup_count=0, vendor_setup_count=217 glReadDataFromFPGACount=51 glRemovePacketsCount=40 glInfoCount=37 glInitCount=1
11-15 13:26:25.859 E/US_VivaProUSB(  234): #### [B]    ,     ,    ,    ,    ,    ,    ,    ,    ,    ,    ,[P1][F0025][t30](ID=11,10)
11-15 13:26:25.859 E/US_VivaProUSB(  234): #### [A] -4821, 4892,    ,     ,    ,    ,    ,    ,2499,2499,2499,21811,-22911,    ,(-2,17,17)
11-15 13:26:26.779 E/US_VivaProUSB(  234): GetErrCount 1700 total_setup_count=219, std_setup_count=0, vendor_setup_count=219 glReadDataFromFPGACount=51 glRemovePacketsCount=40 glInfoCount=37 glInitCount=1
11-15 13:26:26.869 E/US_VivaProUSB(  234): #### [B]    ,     ,    ,    ,    ,    ,    ,    ,    ,    ,    ,[P1][F0025][t30](ID=11,10)
11-15 13:26:26.869 E/US_VivaProUSB(  234): #### [A] -4890, 4892,    ,     ,    ,    ,    ,    ,2499,2499,2499,21811,-22911,    ,(-2,17,17)
11-15 13:26:27.779 E/US_VivaProUSB(  234): GetErrCount 1700 total_setup_count=221, std_setup_count=0, vendor_setup_count=221 glReadDataFromFPGACount=51 glRemovePacketsCount=40 glInfoCount=37 glInitCount=1
11-15 13:26:27.869 E/US_VivaProUSB(  234): #### [B]    ,     ,    ,    ,    ,    ,    ,    ,    ,    ,    ,[P1][F0025][t30](ID=11,10)
11-15 13:26:27.869 E/US_VivaProUSB(  234): #### [A] -4804, 4892,    ,     ,    ,    ,    ,    ,2499,2499,2499,21811,-22978,    ,(-2,17,17)
11-15 13:26:27.969 I/QCNEJ   (  501): |CORE:COM:RCVR| CNE creating socket
11-15 13:26:28.779 E/US_VivaProUSB(  234): GetErrCount 1700 total_setup_count=223, std_setup_count=0, vendor_setup_count=223 glReadDataFromFPGACount=51 glRemovePacketsCount=40 glInfoCount=37 glInitCount=1
11-15 13:26:28.869 E/US_VivaProUSB(  234): #### [B]    ,     ,    ,    ,    ,    ,    ,    ,    ,    ,    ,[P1][F0025][t30](ID=11,10)
11-15 13:26:28.869 E/US_VivaProUSB(  234): #### [A] -4908, 4892,    ,     ,    ,    ,    ,    ,2499,2499,2499,21811,-22911,    ,(-2,17,17)
11-15 13:26:29.749 E/US_VivaProUSB(  234): ENGINE_ERROR_TYPE_Minor,ReadDataFromFPGA 1583 WARNING: readLen=0 r=-7 LIBUSB_ERROR_TIMEOUT 
11-15 13:26:29.749 E/US_VivaProUSB(  234): ReadDataFromFPGA 1588 sleep 100 us to release lock 
11-15 13:26:29.779 E/US_VivaProUSB(  234): GetErrCount 1700 total_setup_count=225, std_setup_count=0, vendor_setup_count=225 glReadDataFromFPGACount=52 glRemovePacketsCount=40 glInfoCount=37 glInitCount=1
11-15 13:26:29.869 E/US_VivaProUSB(  234): #### [B]    ,     ,    ,    ,    ,    ,    ,    ,    ,    ,    ,[P1][F0025][t30](ID=11,10)
11-15 13:26:29.869 E/US_VivaProUSB(  234): #### [A] -4873, 4892,    ,     ,    ,    ,    ,    ,2499,2499,2499,21811,-23068,    ,(-2,17,17)
11-15 13:26:30.161 I/PrintK  (  217): [   63.345501] MCU_Daemon: Send Data : F1 6A D4 F2
11-15 13:26:30.172 I/PrintK  (  217): [   63.356026] MCU_Daemon: Read Data : F1 6B 00 43 00 E6 2E 80 FA AA 0B C5 17 56 52 14 A1 0F A2 0F A2 0F 14 00 C0 00 13 00 92 F2
11-15 13:26:30.779 E/US_VivaProUSB(  234): GetErrCount 1700 total_setup_count=227, std_setup_count=0, vendor_setup_count=227 glReadDataFromFPGACount=52 glRemovePacketsCount=40 glInfoCount=37 glInitCount=1
11-15 13:26:30.879 E/US_VivaProUSB(  234): #### [B]    ,     ,    ,    ,    ,    ,    ,    ,    ,    ,    ,[P1][F0025][t30](ID=11,10)
11-15 13:26:30.879 E/US_VivaProUSB(  234): #### [A] -4786, 4892,    ,     ,    ,    ,    ,    ,2499,2499,2499,21832,-22911,    ,(-2,17,17)
11-15 13:26:31.779 E/US_VivaProUSB(  234): GetErrCount 1700 total_setup_count=229, std_setup_count=0, vendor_setup_count=229 glReadDataFromFPGACount=52 glRemovePacketsCount=40 glInfoCount=37 glInitCount=1
11-15 13:26:31.879 E/US_VivaProUSB(  234): #### [B]    ,     ,    ,    ,    ,    ,    ,    ,    ,    ,    ,[P1][F0025][t30](ID=11,10)
11-15 13:26:31.879 E/US_VivaProUSB(  234): #### [A] -4838, 4892,    ,     ,    ,    ,    ,    ,2499,2499,2499,21811,-22978,    ,(-2,17,17)
11-15 13:26:31.969 I/QCNEJ   (  501): |CORE:COM:RCVR| CNE creating socket
11-15 13:26:32.789 E/US_VivaProUSB(  234): GetErrCount 1700 total_setup_count=231, std_setup_count=0, vendor_setup_count=231 glReadDataFromFPGACount=52 glRemovePacketsCount=40 glInfoCount=37 glInitCount=1
11-15 13:26:32.879 E/US_VivaProUSB(  234): #### [B]    ,     ,    ,    ,    ,    ,    ,    ,    ,    ,    ,[P1][F0025][t30](ID=11,10)
11-15 13:26:32.879 E/US_VivaProUSB(  234): #### [A] -4908, 4892,    ,     ,    ,    ,    ,    ,2499,2499,2499,21811,-22978,    ,(-2,17,17)
11-15 13:26:33.789 E/US_VivaProUSB(  234): GetErrCount 1700 total_setup_count=233, std_setup_count=0, vendor_setup_count=233 glReadDataFromFPGACount=52 glRemovePacketsCount=40 glInfoCount=37 glInitCount=1
11-15 13:26:33.879 E/US_VivaProUSB(  234): #### [B]    ,     ,    ,    ,    ,    ,    ,    ,    ,    ,    ,[P1][F0025][t30](ID=11,10)
11-15 13:26:33.879 E/US_VivaProUSB(  234): #### [A] -4838, 4892,    ,     ,    ,    ,    ,    ,2499,2499,2499,21811,-22888,    ,(-2,17,17)
11-15 13:26:34.759 E/US_VivaProUSB(  234): ENGINE_ERROR_TYPE_Minor,ReadDataFromFPGA 1583 WARNING: readLen=0 r=-7 LIBUSB_ERROR_TIMEOUT 
11-15 13:26:34.759 E/US_VivaProUSB(  234): ReadDataFromFPGA 1588 sleep 100 us to release lock 
11-15 13:26:34.789 E/US_VivaProUSB(  234): GetErrCount 1700 total_setup_count=235, std_setup_count=0, vendor_setup_count=235 glReadDataFromFPGACount=53 glRemovePacketsCount=40 glInfoCount=37 glInitCount=1
11-15 13:26:34.879 E/US_VivaProUSB(  234): #### [B]    ,     ,    ,    ,    ,    ,    ,    ,    ,    ,    ,[P1][F0025][t30](ID=11,10)
11-15 13:26:34.879 E/US_VivaProUSB(  234): #### [A] -4821, 4892,    ,     ,    ,    ,    ,    ,2499,2499,2499,21811,-22978,    ,(-2,17,17)
11-15 13:26:35.789 E/US_VivaProUSB(  234): GetErrCount 1700 total_setup_count=237, std_setup_count=0, vendor_setup_count=237 glReadDataFromFPGACount=53 glRemovePacketsCount=40 glInfoCount=37 glInitCount=1
11-15 13:26:35.889 E/US_VivaProUSB(  234): #### [B]    ,     ,    ,    ,    ,    ,    ,    ,    ,    ,    ,[P1][F0025][t30](ID=11,10)
11-15 13:26:35.889 E/US_VivaProUSB(  234): #### [A] -4838, 4892,    ,     ,    ,    ,    ,    ,2499,2499,2499,21811,-23001,    ,(-2,17,17)
11-15 13:26:35.969 I/QCNEJ   (  501): |CORE:COM:RCVR| CNE creating socket
11-15 13:26:35.969 I/QCNEJ   (  501): |CORE:COM:RCVR| Connected to 'cnd' socket
11-15 13:26:35.969 W/QCNEJ   (  501): |CORE| UNKOWN Unsolicited Event 25
11-15 13:26:35.969 I/QCNEJ   (  501): |CORE| CNE_REQUEST_GET_BROWSERS_INFO_LIST received
11-15 13:26:35.969 I/QCNEJ   (  501): |CORE| CNE_NOTIFY_FEATURE_STATUS received
11-15 13:26:35.969 I/QCNEJ   (  501): |CORE| CNE_NOTIFY_FEATURE_STATUS received
11-15 13:26:35.969 I/QCNEJ   (  501): |CORE| CNE_NOTIFY_FEATURE_STATUS received
11-15 13:26:36.789 E/US_VivaProUSB(  234): GetErrCount 1700 total_setup_count=239, std_setup_count=0, vendor_setup_count=239 glReadDataFromFPGACount=53 glRemovePacketsCount=40 glInfoCount=37 glInitCount=1
11-15 13:26:36.889 E/US_VivaProUSB(  234): #### [B]    ,     ,    ,    ,    ,    ,    ,    ,    ,    ,    ,[P1][F0025][t30](ID=11,10)
11-15 13:26:36.889 E/US_VivaProUSB(  234): #### [A] -4769, 4892,    ,     ,    ,    ,    ,    ,2499,2499,2499,21811,-22978,    ,(-2,17,17)
11-15 13:26:36.969 W/QCNEJ   (  501): |CORE| getWwanInfo(): Null Pointer Exceptionjava.lang.NullPointerException
11-15 13:26:36.969 E/QCNEJ   (  501): |CORE| Feature WQE is not enabled
11-15 13:26:37.789 E/US_VivaProUSB(  234): GetErrCount 1700 total_setup_count=241, std_setup_count=0, vendor_setup_count=241 glReadDataFromFPGACount=53 glRemovePacketsCount=40 glInfoCount=37 glInitCount=1
11-15 13:26:37.889 E/US_VivaProUSB(  234): #### [B]    ,     ,    ,    ,    ,    ,    ,    ,    ,    ,    ,[P1][F0025][t30](ID=11,10)
11-15 13:26:37.889 E/US_VivaProUSB(  234): #### [A] -4769, 4892,    ,     ,    ,    ,    ,    ,2499,2499,2499,21811,-22956,    ,(-2,17,17)
11-15 13:26:38.079 I/@@@@ service(  725): created queue string in 0 ms
11-15 13:26:38.079 I/@@@@ service(  725): saved state in 1 ms
11-15 13:26:38.089 I/MediaFocusControl(  501):  AudioFocus  abandonAudioFocus() from android.media.AudioManager@418e34d8com.android.music.MediaPlaybackService$3@418e2250
11-15 13:26:38.109 I/ActivityManager(  501): Start proc com.android.musicfx for broadcast com.android.musicfx/.ControlPanelReceiver: pid=1467 uid=10006 gids={50006, 3003, 3002}
11-15 13:26:38.159 V/MusicFXControlPanelReceiver( 1467): onReceive
11-15 13:26:38.159 V/MusicFXControlPanelReceiver( 1467): Action: android.media.action.CLOSE_AUDIO_EFFECT_CONTROL_SESSION
11-15 13:26:38.159 V/MusicFXControlPanelReceiver( 1467): Package name: com.android.music
11-15 13:26:38.159 V/MusicFXControlPanelReceiver( 1467): Audio session: 7
11-15 13:26:38.159 V/MusicFXControlPanelEffect( 1467): closeSession(android.app.ReceiverRestrictedContext@418dd420, com.android.music, 7)
11-15 13:26:38.779 E/US_VivaProUSB(  234): GetErrCount 1700 total_setup_count=243, std_setup_count=0, vendor_setup_count=243 glReadDataFromFPGACount=53 glRemovePacketsCount=40 glInfoCount=37 glInitCount=1
11-15 13:26:38.899 E/US_VivaProUSB(  234): #### [B]    ,     ,    ,    ,    ,    ,    ,    ,    ,    ,    ,[P1][F0025][t30](ID=11,10)
11-15 13:26:38.899 E/US_VivaProUSB(  234): #### [A] -4804, 4892,    ,     ,    ,    ,    ,    ,2499,2499,2499,21811,-22956,    ,(-2,17,17)
11-15 13:26:39.759 E/US_VivaProUSB(  234): ENGINE_ERROR_TYPE_Minor,ReadDataFromFPGA 1583 WARNING: readLen=0 r=-7 LIBUSB_ERROR_TIMEOUT 
11-15 13:26:39.759 E/US_VivaProUSB(  234): ReadDataFromFPGA 1588 sleep 100 us to release lock 
11-15 13:26:39.789 E/US_VivaProUSB(  234): GetErrCount 1700 total_setup_count=245, std_setup_count=0, vendor_setup_count=245 glReadDataFromFPGACount=54 glRemovePacketsCount=40 glInfoCount=37 glInitCount=1
11-15 13:26:39.889 E/US_VivaProUSB(  234): #### [B]    ,     ,    ,    ,    ,    ,    ,    ,    ,    ,    ,[P1][F0025][t31](ID=11,10)
11-15 13:26:39.889 E/US_VivaProUSB(  234): #### [A] -4769, 4892,    ,     ,    ,    ,    ,    ,2499,2499,2499,21811,-22888,    ,(-2,17,17)
11-15 13:26:40.074 I/PrintK  (  217): [   73.258624] MCU_Daemon: Send Data : F1 6A D4 F2
11-15 13:26:40.085 I/PrintK  (  217): [   73.269137] MCU_Daemon: Read Data : F1 6B 00 4D 00 E0 2E 7F FA AB 0B C5 17 56 4E 14 A0 0F A0 0F A0 0F 14 00 C0 00 13 00 AC F2
11-15 13:26:40.789 E/US_VivaProUSB(  234): GetErrCount 1700 total_setup_count=247, std_setup_count=0, vendor_setup_count=247 glReadDataFromFPGACount=54 glRemovePacketsCount=40 glInfoCount=37 glInitCount=1
11-15 13:26:40.899 E/US_VivaProUSB(  234): #### [B]    ,     ,    ,    ,    ,    ,    ,    ,    ,    ,    ,[P1][F0025][t31](ID=11,10)
11-15 13:26:40.899 E/US_VivaProUSB(  234): #### [A] -4786, 4892,    ,     ,    ,    ,    ,    ,2499,2499,2499,21811,-23023,    ,(-2,17,17)
11-15 13:26:41.789 E/US_VivaProUSB(  234): GetErrCount 1700 total_setup_count=249, std_setup_count=0, vendor_setup_count=249 glReadDataFromFPGACount=54 glRemovePacketsCount=40 glInfoCount=37 glInitCount=1
11-15 13:26:41.909 E/US_VivaProUSB(  234): #### [B]    ,     ,    ,    ,    ,    ,    ,    ,    ,    ,    ,[P1][F0025][t31](ID=11,10)
11-15 13:26:41.909 E/US_VivaProUSB(  234): #### [A] -4890, 4892,    ,     ,    ,    ,    ,    ,2499,2499,2499,21811,-22911,    ,(-2,17,17)
11-15 13:26:42.789 E/US_VivaProUSB(  234): GetErrCount 1700 total_setup_count=251, std_setup_count=0, vendor_setup_count=251 glReadDataFromFPGACount=54 glRemovePacketsCount=40 glInfoCount=37 glInitCount=1
11-15 13:26:42.909 E/US_VivaProUSB(  234): #### [B]    ,     ,    ,    ,    ,    ,    ,    ,    ,    ,    ,[P1][F0025][t31](ID=11,10)
11-15 13:26:42.909 E/US_VivaProUSB(  234): #### [A] -4821, 4892,    ,     ,    ,    ,    ,    ,2499,2499,2499,21811,-23045,    ,(-2,17,17)
11-15 13:26:43.799 E/US_VivaProUSB(  234): GetErrCount 1700 total_setup_count=253, std_setup_count=0, vendor_setup_count=253 glReadDataFromFPGACount=54 glRemovePacketsCount=40 glInfoCount=37 glInitCount=1
11-15 13:26:43.909 E/US_VivaProUSB(  234): #### [B]    ,     ,    ,    ,    ,    ,    ,    ,    ,    ,    ,[P1][F0025][t31](ID=11,10)
11-15 13:26:43.909 E/US_VivaProUSB(  234): #### [A] -4769, 4892,    ,     ,    ,    ,    ,    ,2499,2499,2499,21811,-22978,    ,(-2,17,17)
11-15 13:26:44.749 E/US_VivaProUSB(  234): ENGINE_ERROR_TYPE_Minor,ReadDataFromFPGA 1583 WARNING: readLen=0 r=-7 LIBUSB_ERROR_TIMEOUT 
11-15 13:26:44.749 E/US_VivaProUSB(  234): ReadDataFromFPGA 1588 sleep 100 us to release lock 
11-15 13:26:44.799 E/US_VivaProUSB(  234): GetErrCount 1700 total_setup_count=255, std_setup_count=0, vendor_setup_count=255 glReadDataFromFPGACount=55 glRemovePacketsCount=40 glInfoCount=37 glInitCount=1
11-15 13:26:44.919 E/US_VivaProUSB(  234): #### [B]    ,     ,    ,    ,    ,    ,    ,    ,    ,    ,    ,[P1][F0025][t31](ID=11,10)
11-15 13:26:44.919 E/US_VivaProUSB(  234): #### [A] -4786, 4892,    ,     ,    ,    ,    ,    ,2499,2499,2499,21811,-22978,    ,(-2,17,17)
11-15 13:26:45.789 E/US_VivaProUSB(  234): GetErrCount 1700 total_setup_count=257, std_setup_count=0, vendor_setup_count=257 glReadDataFromFPGACount=55 glRemovePacketsCount=40 glInfoCount=37 glInitCount=1
11-15 13:26:45.919 E/US_VivaProUSB(  234): #### [B]    ,     ,    ,    ,    ,    ,    ,    ,    ,    ,    ,[P1][F0025][t31](ID=11,10)
11-15 13:26:45.919 E/US_VivaProUSB(  234): #### [A] -4804, 4892,    ,     ,    ,    ,    ,    ,2499,2499,2499,21811,-22956,    ,(-2,17,17)
11-15 13:26:46.799 E/US_VivaProUSB(  234): GetErrCount 1700 total_setup_count=259, std_setup_count=0, vendor_setup_count=259 glReadDataFromFPGACount=55 glRemovePacketsCount=40 glInfoCount=37 glInitCount=1
11-15 13:26:46.919 E/US_VivaProUSB(  234): #### [B]    ,     ,    ,    ,    ,    ,    ,    ,    ,    ,    ,[P1][F0025][t31](ID=11,10)
11-15 13:26:46.919 E/US_VivaProUSB(  234): #### [A] -4890, 4892,    ,     ,    ,    ,    ,    ,2499,2499,2499,21811,-22911,    ,(-2,17,17)
11-15 13:26:47.799 E/US_VivaProUSB(  234): GetErrCount 1700 total_setup_count=261, std_setup_count=0, vendor_setup_count=261 glReadDataFromFPGACount=55 glRemovePacketsCount=40 glInfoCount=37 glInitCount=1
11-15 13:26:47.919 E/US_VivaProUSB(  234): #### [B]    ,     ,    ,    ,    ,    ,    ,    ,    ,    ,    ,[P1][F0025][t31](ID=11,10)
11-15 13:26:47.919 E/US_VivaProUSB(  234): #### [A] -4890, 4892,    ,     ,    ,    ,    ,    ,2499,2499,2499,21811,-22933,    ,(-2,17,17)
11-15 13:26:48.799 E/US_VivaProUSB(  234): GetErrCount 1700 total_setup_count=263, std_setup_count=0, vendor_setup_count=263 glReadDataFromFPGACount=55 glRemovePacketsCount=40 glInfoCount=37 glInitCount=1
11-15 13:26:48.919 E/US_VivaProUSB(  234): #### [B]    ,     ,    ,    ,    ,    ,    ,    ,    ,    ,    ,[P1][F0025][t31](ID=11,10)
11-15 13:26:48.919 E/US_VivaProUSB(  234): #### [A] -4838, 4892,    ,     ,    ,    ,    ,    ,2499,2499,2499,21811,-22956,    ,(-2,17,17)
11-15 13:26:49.759 E/US_VivaProUSB(  234): ENGINE_ERROR_TYPE_Minor,ReadDataFromFPGA 1583 WARNING: readLen=0 r=-7 LIBUSB_ERROR_TIMEOUT 
11-15 13:26:49.759 E/US_VivaProUSB(  234): ReadDataFromFPGA 1588 sleep 100 us to release lock 
11-15 13:26:49.799 E/US_VivaProUSB(  234): GetErrCount 1700 total_setup_count=265, std_setup_count=0, vendor_setup_count=265 glReadDataFromFPGACount=56 glRemovePacketsCount=40 glInfoCount=37 glInitCount=1
11-15 13:26:49.919 E/US_VivaProUSB(  234): #### [B]    ,     ,    ,    ,    ,    ,    ,    ,    ,    ,    ,[P1][F0025][t31](ID=11,10)
11-15 13:26:49.919 E/US_VivaProUSB(  234): #### [A] -4821, 4892,    ,     ,    ,    ,    ,    ,2499,2499,2499,21811,-22978,    ,(-2,17,17)
11-15 13:26:49.987 I/PrintK  (  217): [   83.171733] MCU_Daemon: Send Data : F1 6A D4 F2
11-15 13:26:49.998 I/PrintK  (  217): [   83.182252] MCU_Daemon: Read Data : F1 6B 00 57 00 DD 2E 81 FA AB 0B C5 17 56 4B 14 9E 0F 9F 0F 9F 0F 14 00 C0 00 13 00 18 F2
11-15 13:26:50.789 E/US_VivaProUSB(  234): GetErrCount 1700 total_setup_count=267, std_setup_count=0, vendor_setup_count=267 glReadDataFromFPGACount=56 glRemovePacketsCount=40 glInfoCount=37 glInitCount=1
11-15 13:26:50.929 E/US_VivaProUSB(  234): #### [B]    ,     ,    ,    ,    ,    ,    ,    ,    ,    ,    ,[P1][F0025][t31](ID=11,10)
11-15 13:26:50.929 E/US_VivaProUSB(  234): #### [A] -4890, 4892,    ,     ,    ,    ,    ,    ,2499,2499,2499,21811,-22978,    ,(-2,17,17)
11-15 13:26:51.789 E/US_VivaProUSB(  234): GetErrCount 1700 total_setup_count=269, std_setup_count=0, vendor_setup_count=269 glReadDataFromFPGACount=56 glRemovePacketsCount=40 glInfoCount=37 glInitCount=1
11-15 13:26:51.939 E/US_VivaProUSB(  234): #### [B]    ,     ,    ,    ,    ,    ,    ,    ,    ,    ,    ,[P1][F0025][t31](ID=11,10)
11-15 13:26:51.939 E/US_VivaProUSB(  234): #### [A] -4804, 4892,    ,     ,    ,    ,    ,    ,2499,2499,2499,21811,-22956,    ,(-2,17,17)
11-15 13:26:52.799 E/US_VivaProUSB(  234): GetErrCount 1700 total_setup_count=271, std_setup_count=0, vendor_setup_count=271 glReadDataFromFPGACount=56 glRemovePacketsCount=40 glInfoCount=37 glInitCount=1
11-15 13:26:52.939 E/US_VivaProUSB(  234): #### [B]    ,     ,    ,    ,    ,    ,    ,    ,    ,    ,    ,[P1][F0025][t31](ID=11,10)
11-15 13:26:52.939 E/US_VivaProUSB(  234): #### [A] -4804, 4892,    ,     ,    ,    ,    ,    ,2499,2499,2499,21811,-23045,    ,(-2,17,17)
11-15 13:26:53.809 E/US_VivaProUSB(  234): GetErrCount 1700 total_setup_count=273, std_setup_count=0, vendor_setup_count=273 glReadDataFromFPGACount=56 glRemovePacketsCount=40 glInfoCount=37 glInitCount=1
11-15 13:26:53.939 E/US_VivaProUSB(  234): #### [B]    ,     ,    ,    ,    ,    ,    ,    ,    ,    ,    ,[P1][F0025][t31](ID=11,10)
11-15 13:26:53.939 E/US_VivaProUSB(  234): #### [A] -4838, 4892,    ,     ,    ,    ,    ,    ,2499,2499,2499,21811,-22933,    ,(-2,17,17)
11-15 13:26:54.389 I/UI_ULTRASOUND( 1211): [DICOM]getStorageSCP1Setup user=System_Default address= timeout=0 port=0
11-15 13:26:54.759 E/US_VivaProUSB(  234): ENGINE_ERROR_TYPE_Minor,ReadDataFromFPGA 1583 WARNING: readLen=0 r=-7 LIBUSB_ERROR_TIMEOUT 
11-15 13:26:54.759 E/US_VivaProUSB(  234): ReadDataFromFPGA 1588 sleep 100 us to release lock 
11-15 13:26:54.809 E/US_VivaProUSB(  234): GetErrCount 1700 total_setup_count=275, std_setup_count=0, vendor_setup_count=275 glReadDataFromFPGACount=57 glRemovePacketsCount=40 glInfoCount=37 glInitCount=1
11-15 13:26:54.939 E/US_VivaProUSB(  234): #### [B]    ,     ,    ,    ,    ,    ,    ,    ,    ,    ,    ,[P1][F0025][t31](ID=11,10)
11-15 13:26:54.939 E/US_VivaProUSB(  234): #### [A] -4838, 4892,    ,     ,    ,    ,    ,    ,2499,2499,2499,21811,-22978,    ,(-2,17,17)
11-15 13:26:55.809 E/US_VivaProUSB(  234): GetErrCount 1700 total_setup_count=277, std_setup_count=0, vendor_setup_count=277 glReadDataFromFPGACount=57 glRemovePacketsCount=40 glInfoCount=37 glInitCount=1
11-15 13:26:55.949 E/US_VivaProUSB(  234): #### [B]    ,     ,    ,    ,    ,    ,    ,    ,    ,    ,    ,[P1][F0025][t31](ID=11,10)
11-15 13:26:55.949 E/US_VivaProUSB(  234): #### [A] -4856, 4892,    ,     ,    ,    ,    ,    ,2499,2499,2499,21811,-23045,    ,(-2,17,17)
11-15 13:26:56.809 E/US_VivaProUSB(  234): GetErrCount 1700 total_setup_count=279, std_setup_count=0, vendor_setup_count=279 glReadDataFromFPGACount=57 glRemovePacketsCount=40 glInfoCount=37 glInitCount=1
11-15 13:26:56.949 E/US_VivaProUSB(  234): #### [B]    ,     ,    ,    ,    ,    ,    ,    ,    ,    ,    ,[P1][F0025][t31](ID=11,10)
11-15 13:26:56.949 E/US_VivaProUSB(  234): #### [A] -4821, 4892,    ,     ,    ,    ,    ,    ,2499,2499,2499,21811,-22978,    ,(-2,17,17)
11-15 13:26:57.809 E/US_VivaProUSB(  234): GetErrCount 1700 total_setup_count=281, std_setup_count=0, vendor_setup_count=281 glReadDataFromFPGACount=57 glRemovePacketsCount=40 glInfoCount=37 glInitCount=1
11-15 13:26:57.949 E/US_VivaProUSB(  234): #### [B]    ,     ,    ,    ,    ,    ,    ,    ,    ,    ,    ,[P1][F0025][t31](ID=11,10)
11-15 13:26:57.949 E/US_VivaProUSB(  234): #### [A] -4838, 4892,    ,     ,    ,    ,    ,    ,2499,2499,2499,21811,-22933,    ,(-2,17,17)
