11-15 13:25:37.869 D/audio_hw_fm(  234): audio_extn_fm_set_parameters: set_fm_volume usecase
11-15 13:25:37.869 D/audio_hw_fm(  234): fm_set_volume: (0.007848)
11-15 13:25:37.879 E/LocSvc_eng(  501): I/===> void loc_eng_cleanup(loc_eng_data_s_type&) line 1667 
11-15 13:25:37.879 E/LocSvc_eng(  501): I/===> int loc_eng_init(loc_eng_data_s_type&, LocCallbacks*, LOC_API_ADAPTER_EVENT_MASK_T, loc_core::ContextBase*) line 1537 
11-15 13:25:37.879 E/LocSvc_eng(  501): W/int loc_eng_init(loc_eng_data_s_type&, LocCallbacks*, LOC_API_ADAPTER_EVENT_MASK_T, loc_core::ContextBase*): log_eng state error: instance already initialized
11-15 13:25:37.879 E/LocSvc_eng(  501): I/===> void loc_eng_agps_init(loc_eng_data_s_type&, AGpsExtCallbacks*) line 2107 
11-15 13:25:37.879 E/LocSvc_eng(  501): W/void loc_eng_agps_init(loc_eng_data_s_type&, AGpsExtCallbacks*): log_eng state error: agps instance already initialized
11-15 13:25:37.879 E/LocSvc_eng(  501): I/===> void loc_eng_ni_init(loc_eng_data_s_type&, GpsNiExtCallbacks*) line 298 
11-15 13:25:37.879 D/audio_hw_primary(  234): out_set_parameters: enter: usecase(0: deep-buffer-playback) kvpairs: fm_volume=0.4253543019
11-15 13:25:37.879 D/audio_hw_extn(  234): audio_extn_set_anc_parameters: anc_enabled:0
11-15 13:25:37.879 D/audio_hw_fm(  234): audio_extn_fm_set_parameters: set_fm_volume usecase
11-15 13:25:37.879 D/audio_hw_fm(  234): fm_set_volume: (0.425354)
11-15 13:25:37.879 V/BackupManagerService(  501): Connected to transport ComponentInfo{android/com.android.internal.backup.LocalTransportService}
11-15 13:25:37.879 V/BackupManagerService(  501): Registering transport android/com.android.internal.backup.LocalTransportService::android/com.android.internal.backup.LocalTransport = com.android.internal.backup.LocalTransport@41b51468
11-15 13:25:37.889 D/audio_hw_primary(  234): out_set_parameters: enter: usecase(0: deep-buffer-playback) kvpairs: fm_volume=0.0078476826
11-15 13:25:37.889 D/audio_hw_extn(  234): audio_extn_set_anc_parameters: anc_enabled:0
11-15 13:25:37.889 D/audio_hw_fm(  234): audio_extn_fm_set_parameters: set_fm_volume usecase
11-15 13:25:37.889 D/audio_hw_fm(  234): fm_set_volume: (0.007848)
11-15 13:25:37.909 D/StatusBar.NetworkController(  572): refreshViews: Data not connected!! Set no data type icon / Roaming
11-15 13:25:37.909 D/StatusBar.NetworkController(  572): refreshViews connected={ } level=0 combinedSignalIconId=0x0/(null) mobileLabel= wifiLabel=No Internet connection emergencyOnly=false combinedLabel=No Internet connection mAirplaneMode=false mDataActivity=0 mPhoneSignalIconId=0x0 mQSPhoneSignalIconId=0x0 mDataDirectionIconId=0x0 mDataSignalIconId=0x0 mDataTypeIconId=0x0 mQSDataTypeIconId=0x0 mNoSimIconId=0x0 mWifiIconId=0x0 mQSWifiIconId=0x0 mEthernetIconId=0x7f02001b mBluetoothTetherIconId=0x10805d4
11-15 13:25:37.919 V/KeyguardServiceDelegate(  501): **** SHOWN CALLED ****
11-15 13:25:37.939 D/dalvikvm(  572): GC_FOR_ALLOC freed 410K, 67% free 3644K/10968K, paused 9ms, total 10ms
11-15 13:25:37.949 I/TouchPalIME(  621): Create TouchPal.
11-15 13:25:37.969 I/dalvikvm-heap(  572): Grow heap (frag case) to 14.988MB for 9830416-byte allocation
11-15 13:25:37.979 I/dalvikvm(  725): Enabling JNI app bug workarounds for target SDK version 9...
11-15 13:25:37.979 D/dalvikvm(  572): GC_CONCURRENT freed 18K, 36% free 13226K/20572K, paused 2ms+1ms, total 13ms
11-15 13:25:37.979 I/ActivityManager(  501): Start proc com.android.music for broadcast com.android.music/.MediaButtonIntentReceiver: pid=725 uid=10027 gids={50027, 3003, 1028, 1015, 3002}
11-15 13:25:38.009 D/BluetoothAdapter(  695): 1099870056: getState() :  mService = null. Returning STATE_OFF
11-15 13:25:38.009 I/MediaFocusControl(  501):   Remote Control   registerMediaButtonIntent() for PendingIntent{4192f138: PendingIntentRecord{419eab08 com.android.music broadcastIntent}}
11-15 13:25:38.019 E/ExtMediaPlayer-JNI(  725): QCMediaPlayer could not be located....
11-15 13:25:38.019 E/MediaPlayer-JNI(  725): QCMediaPlayer mediaplayer NOT present
11-15 13:25:38.019 I/@@@@ service(  725): created queue string in 0 ms
11-15 13:25:38.019 I/@@@@ service(  725): saved state in 0 ms
11-15 13:25:38.019 I/@@@@ service(  725): saved state in 0 ms
11-15 13:25:38.029 D/ConnectivityServiceHSM(  501): Actual State: DefaultConnectivityState, Current State: DefaultConnectivityState.processMessage what=111
11-15 13:25:38.029 D/Tethering(  501): MasterInitialState.processMessage what=3
11-15 13:25:38.029 D/CaptivePortalTracker(  501): NoActiveNetworkState{ when=0 what=1 obj=NetworkInfo: type: ETHERNET[], state: DISCONNECTED/IDLE, reason: (unspecified), extra: (none), roaming: false, failover: false, isAvailable: false, isConnectedToProvisioningNetwork: false target=com.android.internal.util.StateMachine$SmHandler }
11-15 13:25:38.029 D/CaptivePortalTracker(  501): NoActiveNetworkState not a wifi connectivity change, ignore
11-15 13:25:38.029 E/ActivityThread(  501): Failed to find provider info for telephony
11-15 13:25:38.059 D/dalvikvm(  572): GC_FOR_ALLOC freed 9601K, 67% free 3626K/10972K, paused 12ms, total 12ms
11-15 13:25:38.089 I/dalvikvm-heap(  572): Grow heap (frag case) to 14.970MB for 9830416-byte allocation
11-15 13:25:38.099 D/dalvikvm(  572): GC_CONCURRENT freed <1K, 36% free 13226K/20576K, paused 1ms+1ms, total 11ms
11-15 13:25:38.199 I/Timeline(  663): Timeline: Activity_idle id: android.os.BinderProxy@418d8920 time:11383
11-15 13:25:38.219 I/SurfaceFlinger(  230): Boot is finished (8258 ms)
11-15 13:25:38.229 D/StatusBar.NetworkController(  572): updateConnectivity: intent=Intent { act=android.net.conn.CONNECTIVITY_CHANGE flg=0x4000010 (has extras) }
11-15 13:25:38.229 D/StatusBar.NetworkController(  572): updateConnectivity: networkInfo=null
11-15 13:25:38.229 D/StatusBar.NetworkController(  572): updateConnectivity: connectionStatus=0
11-15 13:25:38.229 E/StatusBar.NetworkController(  572): updateDataNetType NETWORK_TYPE_UNKNOWN
11-15 13:25:38.229 D/StatusBar.NetworkController(  572):  No service
11-15 13:25:38.229 D/StatusBar.NetworkController(  572): refreshViews: Data not connected!! Set no data type icon / Roaming
11-15 13:25:38.229 D/StatusBar.NetworkController(  572): refreshViews connected={ } level=0 combinedSignalIconId=0x0/(null) mobileLabel= wifiLabel=No Internet connection emergencyOnly=false combinedLabel=No Internet connection mAirplaneMode=false mDataActivity=0 mPhoneSignalIconId=0x0 mQSPhoneSignalIconId=0x0 mDataDirectionIconId=0x0 mDataSignalIconId=0x0 mDataTypeIconId=0x0 mQSDataTypeIconId=0x0 mNoSimIconId=0x0 mWifiIconId=0x0 mQSWifiIconId=0x0 mEthernetIconId=0x7f02009a mBluetoothTetherIconId=0x10805d4
11-15 13:25:38.231 V/PrintK  (  740): [   11.415277] msm_thermal:store_cc_enabled Core control disabled
11-15 13:25:38.239 V/MediaFocusControl(  501): updating focussed RCC change to RCD: CallingPackageName:com.android.music isFocussed:false isAvailable:true
11-15 13:25:38.239 V/MediaFocusControl(  501): updating focussed RCC change to RCD: CallingPackageName:com.android.music isFocussed:true isAvailable:true
11-15 13:25:38.249 V/PrintK  (  740): [   11.433655] msm_thermal:store_cc_enabled Core control enabled
11-15 13:25:38.249 I/RecoverySystem(  501): No recovery log file
11-15 13:25:38.259 W/Searchables(  501): No global search activity found
11-15 13:25:38.269 I/BootReceiver(  501): Copying audit failures to DropBox
11-15 13:25:38.269 I/BootReceiver(  501): Checking for fsck errors
11-15 13:25:38.269 E/ActivityThread(  501): Failed to find provider info for downloads
11-15 13:25:38.279 E/BootReceiver(  501): Can't remove old update packages
11-15 13:25:38.279 E/BootReceiver(  501): java.lang.IllegalArgumentException: Unknown URL content://downloads/my_downloads
11-15 13:25:38.279 E/BootReceiver(  501): 	at android.content.ContentResolver.delete(ContentResolver.java:1278)
11-15 13:25:38.279 E/BootReceiver(  501): 	at android.provider.Downloads.removeAllDownloadsByPackage(Downloads.java:805)
11-15 13:25:38.279 E/BootReceiver(  501): 	at com.android.server.BootReceiver.removeOldUpdatePackages(BootReceiver.java:97)
11-15 13:25:38.279 E/BootReceiver(  501): 	at com.android.server.BootReceiver.access$100(BootReceiver.java:42)
11-15 13:25:38.279 E/BootReceiver(  501): 	at com.android.server.BootReceiver$1.run(BootReceiver.java:86)
11-15 13:25:38.379 I/ActivityManager(  501): Start proc com.android.onetimeinitializer for broadcast com.android.onetimeinitializer/.OneTimeInitializerReceiver: pid=773 uid=10007 gids={50007}
11-15 13:25:38.389 D/dalvikvm(  231): GC_EXPLICIT freed 40K, 76% free 2726K/10968K, paused 1ms+1ms, total 15ms
11-15 13:25:38.409 D/dalvikvm(  231): GC_EXPLICIT freed <1K, 76% free 2727K/10968K, paused 1ms+1ms, total 14ms
11-15 13:25:38.419 I/MP-Decision(  786): OPTION ENABLED: Adjusting average
11-15 13:25:38.419 I/MP-Decision(  786): Decision parameters CPU 0: Nw=0.000000, Tw=0, Ns=0.000000, Ts=0
11-15 13:25:38.419 I/MP-Decision(  786): util_h_and=0, util_h_or=0, util_low=0
11-15 13:25:38.419 I/MP-Decision(  786): Decision parameters CPU 1: Nw=1.900000, Tw=140, Ns=1.100000, Ts=190
11-15 13:25:38.419 I/MP-Decision(  786): util_h_and=35, util_h_or=75, util_low=20
11-15 13:25:38.419 I/MP-Decision(  786): Decision parameters CPU 2: Nw=2.700000, Tw=90, Ns=2.100000, Ts=240
11-15 13:25:38.419 I/MP-Decision(  786): util_h_and=0, util_h_or=400, util_low=0
11-15 13:25:38.419 I/MP-Decision(  786): Decision parameters CPU 3: Nw=3.500000, Tw=90, Ns=3.100000, Ts=240
11-15 13:25:38.419 I/MP-Decision(  786): util_h_and=0, util_h_or=400, util_low=0
11-15 13:25:38.419 I/MP-Decision(  786): Decision parameters: poll_ms: 9 decision_ms: 50
11-15 13:25:38.419 I/MP-Decision(  786): Available core list/order for available_cpus - 4:  0 3 2 1
11-15 13:25:38.419 D/dalvikvm(  501): GC_EXPLICIT freed 1168K, 52% free 5280K/10968K, paused 2ms+2ms, total 28ms
11-15 13:25:38.419 D/dalvikvm(  231): GC_EXPLICIT freed <1K, 76% free 2727K/10968K, paused 1ms+2ms, total 16ms
11-15 13:25:38.449 I/PowerManagerService(  501): Boot animation finished.
11-15 13:25:38.454 I/PrintK  (  765): [   11.638281] cp used greatest stack depth: 5072 bytes left
11-15 13:25:38.469 V/OneTimeInitializerRece(  773): OneTimeInitializerReceiver.onReceive
11-15 13:25:38.469 I/ActivityManager(  501): Delay finish: com.android.onetimeinitializer/.OneTimeInitializerReceiver
11-15 13:25:38.489 W/ContextImpl(  501): Implicit intents with startService are not safe: Intent { act=com.dsi.ant.server.IAntHal } android.content.ContextWrapper.startService:494 android.content.ContextWrapper.startService:494 com.dsi.ant.server.AntService.startService:125 
11-15 13:25:38.489 I/ActivityManager(  501): Resuming delayed broadcast
11-15 13:25:38.489 W/ContextImpl(  501): Calling a method in the system process without a qualified user: android.app.ContextImpl.startService:1504 android.content.ContextWrapper.startService:494 android.content.ContextWrapper.startService:494 com.dsi.ant.server.AntService.startService:125 com.dsi.ant.server.startup.BootCompletedReceiver.onReceive:41 
11-15 13:25:38.509 D/dalvikvm(  501): Trying to load lib libantradio.so 0x41c24bb8
11-15 13:25:38.509 I/ActivityManager(  501): Start proc com.android.email for broadcast com.android.email/.service.EmailBroadcastReceiver: pid=831 uid=10020 gids={50020, 3003, 1028, 1015}
11-15 13:25:38.519 D/dalvikvm(  501): Added shared lib libantradio.so 0x41c24bb8
11-15 13:25:38.709 D/ActivityThread(  831): Loading provider com.android.email.provider;com.android.email.notifier: com.android.email.provider.EmailProvider
11-15 13:25:38.719 D/ActivityThread(  831): Loading provider com.android.email.provider;com.android.email.notifier: com.android.email.provider.EmailProvider
11-15 13:25:38.719 V/EthernetMonitor(  501): get event eth0:16:
11-15 13:25:38.719 V/EthernetMonitor(  501): dev: eth0 ev 16
11-15 13:25:38.719 I/EthernetStateTracker(  501): report event 6 on dev eth0
11-15 13:25:38.719 V/EthernetStateTracker(  501): update network state tracker
11-15 13:25:38.719 V/EthernetMonitor(  501): go poll events
11-15 13:25:38.719 I/EthernetStateTracker(  501): reset device eth0
11-15 13:25:38.719 I/ActivityManager(  501): Delay finish: com.android.email/.service.EmailBroadcastReceiver
11-15 13:25:38.732 V/PrintK  (  831): [   11.916416] ax88179_178a 3-1.2:1.0: eth0: ax8817X - Link status is: 1
11-15 13:25:38.719 D/EmailBroadcastReceiver(  831): Received android.intent.action.BOOT_COMPLETED
11-15 13:25:38.734 V/PrintK  (  162): [   11.918261] Write medium type: 0x013f
11-15 13:25:38.736 V/PrintK  (   27): [   11.919995] ADDRCONF(NETDEV_CHANGE): eth0: link becomes ready
11-15 13:25:38.719 D/NetUtils(  501): android_net_utils_resetConnections in env=0x4155bf48 clazz=0xe0700019 iface=eth0 mask=0x3
11-15 13:25:38.736 V/PrintK  (  162): [   11.920303] ax88179_178a 3-1.2:1.0: eth0: link up, 1000Mbps, full-duplex, lpa 0xC1E1
11-15 13:25:38.779 I/ActivityManager(  501): Resuming delayed broadcast
11-15 13:25:38.789 I/ActivityManager(  501): Start proc com.android.inputmethod.latin for broadcast com.android.inputmethod.latin/.setup.LauncherIconVisibilityManager: pid=890 uid=10024 gids={50024, 1028, 1015}
11-15 13:25:38.809 I/Email   (  831): Observing account changes for notifications
11-15 13:25:38.809 W/ActivityManager(  501): Unable to start service Intent { cmp=com.android.email/.service.AttachmentDownloadService } U=0: not found
11-15 13:25:38.829 I/LauncherIconVisibilityManager(  890): Boot has been completed
11-15 13:25:38.829 I/LauncherIconVisibilityManager(  890): Activity has already been disabled: ComponentInfo{com.android.inputmethod.latin/com.android.inputmethod.latin.setup.SetupActivity}
11-15 13:25:38.839 I/LauncherIconVisibilityManager(  890): Killing my process: pid=890
11-15 13:25:38.839 E/Process.java(  890): 1. sendSignal(pid, SIGNAL_KILL), pid=890
11-15 13:25:38.839 I/Process (  890): Sending signal. PID: 890 SIG: 9
11-15 13:25:38.849 I/ActivityManager(  501): Process com.android.inputmethod.latin (pid 890) has died.
11-15 13:25:38.849 W/ActivityManager(  501): Unable to start service Intent { cmp=com.android.email/.service.AttachmentDownloadService } U=0: not found
11-15 13:25:38.849 W/ActivityManager(  501): Unable to start service Intent { cmp=com.android.email/.service.AttachmentDownloadService } U=0: not found
11-15 13:25:38.869 W/ActivityManager(  501): Unable to start service Intent { act=com.android.email.EXCHANGE_INTENT pkg=com.android.exchange } U=0: not found
11-15 13:25:39.009 D/StatusBar.NetworkController(  572): refreshViews: Data not connected!! Set no data type icon / Roaming
11-15 13:25:39.009 D/ConnectivityServiceHSM(  501): Actual State: DefaultConnectivityState, Current State: DefaultConnectivityState.processMessage what=458752
11-15 13:25:39.009 D/StatusBar.NetworkController(  572): refreshViews connected={ } level=0 combinedSignalIconId=0x0/(null) mobileLabel= wifiLabel=No Internet connection emergencyOnly=false combinedLabel=No Internet connection mAirplaneMode=false mDataActivity=0 mPhoneSignalIconId=0x0 mQSPhoneSignalIconId=0x0 mDataDirectionIconId=0x0 mDataSignalIconId=0x0 mDataTypeIconId=0x0 mQSDataTypeIconId=0x0 mNoSimIconId=0x0 mWifiIconId=0x0 mQSWifiIconId=0x0 mEthernetIconId=0x7f020019 mBluetoothTetherIconId=0x10805d4
11-15 13:25:39.009 I/EthernetStateTracker(  501): event: 6  DISCONNECTED ==> OBTAINING_IPADDR
11-15 13:25:39.009 I/EthernetStateTracker(  501): Broadcasting Ethernet: 2 OBTAINING_IPADDR
11-15 13:25:39.009 W/ContextImpl(  501): Calling a method in the system process without a qualified user: android.app.ContextImpl.sendStickyBroadcast:1306 android.net.ethernet.EthernetStateTracker.broadcastState:660 android.net.ethernet.EthernetStateTracker.updateState:461 android.net.ethernet.EthernetStateTracker.handleMessage:491 android.os.Handler.dispatchMessage:102 
11-15 13:25:39.009 I/EthernetStateTracker(  501): trigger dhcp for device eth0
11-15 13:25:39.019 D/EthernetStateTracker(  501): DhcpHandler: DHCP request started
11-15 13:25:39.039 I/ActivityManager(  501): Start proc com.oem.runin for broadcast com.oem.runin/.RunInReceiver: pid=915 uid=1000 gids={41000, 1028, 1015, 3003, 3001, 3002, 1023}
11-15 13:25:39.079 D/[RunInReceiver](  915): onReceiver
11-15 13:25:39.089 W/dalvikvm(  621): Unable to resolve superclass of Lcom/cootek/presentation/service/GcmInstanceIDListenerService; (7212)
11-15 13:25:39.089 W/dalvikvm(  621): Link of class 'Lcom/cootek/presentation/service/GcmInstanceIDListenerService;' failed
11-15 13:25:39.089 E/dalvikvm(  621): Could not find class 'com.cootek.presentation.service.GcmInstanceIDListenerService', referenced from method com.cootek.presentation.service.PresentationSystem.startGCMService
11-15 13:25:39.089 W/dalvikvm(  621): VFY: unable to resolve const-class 3269 (Lcom/cootek/presentation/service/GcmInstanceIDListenerService;) in Lcom/cootek/presentation/service/PresentationSystem;
11-15 13:25:39.089 D/dalvikvm(  621): VFY: replacing opcode 0x1c at 0x0017
11-15 13:25:39.089 I/dalvikvm(  621): Could not find method com.tencent.android.tpush.XGPushManager.registerPush, referenced from method com.cootek.presentation.service.PresentationSystem.startXGService
11-15 13:25:39.089 W/dalvikvm(  621): VFY: unable to resolve static method 58176: Lcom/tencent/android/tpush/XGPushManager;.registerPush (Landroid/content/Context;Ljava/lang/String;)V
11-15 13:25:39.089 D/dalvikvm(  621): VFY: replacing opcode 0x71 at 0x003a
11-15 13:25:39.089 W/dalvikvm(  621): Unable to resolve superclass of Lcom/cootek/presentation/service/GcmInstanceIDListenerService; (7212)
11-15 13:25:39.089 W/dalvikvm(  621): Link of class 'Lcom/cootek/presentation/service/GcmInstanceIDListenerService;' failed
11-15 13:25:39.089 E/dalvikvm(  621): Could not find class 'com.cootek.presentation.service.GcmInstanceIDListenerService', referenced from method com.cootek.presentation.service.PresentationSystem.stopGCMService
11-15 13:25:39.089 W/dalvikvm(  621): VFY: unable to resolve const-class 3269 (Lcom/cootek/presentation/service/GcmInstanceIDListenerService;) in Lcom/cootek/presentation/service/PresentationSystem;
11-15 13:25:39.089 D/dalvikvm(  621): VFY: replacing opcode 0x1c at 0x0017
11-15 13:25:39.089 I/dalvikvm(  621): Could not find method com.tencent.android.tpush.XGPushManager.unregisterPush, referenced from method com.cootek.presentation.service.PresentationSystem.stopXGService
11-15 13:25:39.089 W/dalvikvm(  621): VFY: unable to resolve static method 58177: Lcom/tencent/android/tpush/XGPushManager;.unregisterPush (Landroid/content/Context;)V
11-15 13:25:39.089 D/dalvikvm(  621): VFY: replacing opcode 0x71 at 0x0002
11-15 13:25:39.099 D/dalvikvm(  648): No JNI_OnLoad found in /vendor/lib/libsecureuisvc_jni.so 0x418da448, skipping init
11-15 13:25:39.099 D/SecUISvc(  648): Thread created.
11-15 13:25:39.099 D/SecUISvc(  648): Service started flags 0 startId 1
11-15 13:25:39.099 W/dalvikvm(  648): Unable to resolve superclass of Lcom/qualcomm/qti/services/secureui/WfdListener; (37)
11-15 13:25:39.099 W/dalvikvm(  648): Link of class 'Lcom/qualcomm/qti/services/secureui/WfdListener;' failed
11-15 13:25:39.099 W/dalvikvm(  648): Unable to resolve superclass of Lcom/qualcomm/qti/services/secureui/WfdListener; (37)
11-15 13:25:39.099 W/dalvikvm(  648): Link of class 'Lcom/qualcomm/qti/services/secureui/WfdListener;' failed
11-15 13:25:39.099 W/dalvikvm(  648): Unable to resolve superclass of Lcom/qualcomm/qti/services/secureui/WfdListener; (37)
11-15 13:25:39.099 W/dalvikvm(  648): Link of class 'Lcom/qualcomm/qti/services/secureui/WfdListener;' failed
11-15 13:25:39.099 W/dalvikvm(  648): VFY: unable to find class referenced in signature (Lcom/qualcomm/qti/services/secureui/WfdListener;)
11-15 13:25:39.099 W/dalvikvm(  648): Unable to resolve superclass of Lcom/qualcomm/qti/services/secureui/WfdListener; (37)
11-15 13:25:39.099 W/dalvikvm(  648): Link of class 'Lcom/qualcomm/qti/services/secureui/WfdListener;' failed
11-15 13:25:39.099 W/dalvikvm(  648): VFY: unable to find class referenced in signature (Lcom/qualcomm/qti/services/secureui/WfdListener;)
11-15 13:25:39.099 W/dalvikvm(  648): Unable to resolve superclass of Lcom/qualcomm/qti/services/secureui/WfdListener; (37)
11-15 13:25:39.099 W/dalvikvm(  648): Link of class 'Lcom/qualcomm/qti/services/secureui/WfdListener;' failed
11-15 13:25:39.099 W/ContextImpl(  648): Calling a method in the system process without a qualified user: android.app.ContextImpl.startService:1504 android.content.ContextWrapper.startService:494 android.content.ContextWrapper.startService:494 com.qualcomm.qti.services.secureui.BootReceiver.onReceive:30 android.app.ActivityThread.handleReceiver:2411 
11-15 13:25:39.109 W/dalvikvm(  648): Unable to resolve superclass of Lcom/qualcomm/qti/services/secureui/WfdListener; (37)
11-15 13:25:39.109 W/dalvikvm(  648): Link of class 'Lcom/qualcomm/qti/services/secureui/WfdListener;' failed
11-15 13:25:39.109 W/dalvikvm(  648): VFY: unable to find class referenced in signature (Lcom/qualcomm/qti/services/secureui/WfdListener;)
11-15 13:25:39.109 W/dalvikvm(  648): Unable to resolve superclass of Lcom/qualcomm/qti/services/secureui/WfdListener; (37)
11-15 13:25:39.109 W/dalvikvm(  648): Link of class 'Lcom/qualcomm/qti/services/secureui/WfdListener;' failed
11-15 13:25:39.109 W/dalvikvm(  648): Unable to resolve superclass of Lcom/qualcomm/qti/services/secureui/WfdListener; (37)
11-15 13:25:39.109 W/dalvikvm(  648): Link of class 'Lcom/qualcomm/qti/services/secureui/WfdListener;' failed
11-15 13:25:39.109 W/dalvikvm(  648): Unable to resolve superclass of Lcom/qualcomm/qti/services/secureui/WfdListener; (37)
11-15 13:25:39.109 W/dalvikvm(  648): Link of class 'Lcom/qualcomm/qti/services/secureui/WfdListener;' failed
11-15 13:25:39.109 W/dalvikvm(  648): Unable to resolve superclass of Lcom/qualcomm/qti/services/secureui/WfdListener; (37)
11-15 13:25:39.109 W/dalvikvm(  648): Link of class 'Lcom/qualcomm/qti/services/secureui/WfdListener;' failed
11-15 13:25:39.109 I/dalvikvm(  648): Could not find method com.qualcomm.qti.services.secureui.WfdListener.pause, referenced from method com.qualcomm.qti.services.secureui.WfdReceiver.pause
11-15 13:25:39.109 W/dalvikvm(  648): VFY: unable to resolve virtual method 61: Lcom/qualcomm/qti/services/secureui/WfdListener;.pause ()Z
11-15 13:25:39.109 D/dalvikvm(  648): VFY: replacing opcode 0x6e at 0x0014
11-15 13:25:39.109 W/dalvikvm(  648): Unable to resolve superclass of Lcom/qualcomm/qti/services/secureui/WfdListener; (37)
11-15 13:25:39.109 W/dalvikvm(  648): Link of class 'Lcom/qualcomm/qti/services/secureui/WfdListener;' failed
11-15 13:25:39.109 W/dalvikvm(  648): Unable to resolve superclass of Lcom/qualcomm/qti/services/secureui/WfdListener; (37)
11-15 13:25:39.109 W/dalvikvm(  648): Link of class 'Lcom/qualcomm/qti/services/secureui/WfdListener;' failed
11-15 13:25:39.109 W/dalvikvm(  648): Unable to resolve superclass of Lcom/qualcomm/qti/services/secureui/WfdListener; (37)
11-15 13:25:39.109 W/dalvikvm(  648): Link of class 'Lcom/qualcomm/qti/services/secureui/WfdListener;' failed
11-15 13:25:39.119 I/dalvikvm(  648): Could not find method com.qualcomm.qti.services.secureui.WfdListener.resume, referenced from method com.qualcomm.qti.services.secureui.WfdReceiver.resume
11-15 13:25:39.119 W/dalvikvm(  648): VFY: unable to resolve virtual method 62: Lcom/qualcomm/qti/services/secureui/WfdListener;.resume ()V
11-15 13:25:39.119 D/dalvikvm(  648): VFY: replacing opcode 0x6e at 0x000d
11-15 13:25:39.119 I/dalvikvm(  648): Could not find method com.qualcomm.wfd.service.ISessionManagerService$Stub.asInterface, referenced from method com.qualcomm.qti.services.secureui.WfdReceiver$1.onServiceConnected
11-15 13:25:39.119 W/dalvikvm(  648): VFY: unable to resolve static method 79: Lcom/qualcomm/wfd/service/ISessionManagerService$Stub;.asInterface (Landroid/os/IBinder;)Lcom/qualcomm/wfd/service/ISessionManagerService;
11-15 13:25:39.119 D/dalvikvm(  648): VFY: replacing opcode 0x71 at 0x000e
11-15 13:25:39.119 W/dalvikvm(  648): Unable to resolve superclass of Lcom/qualcomm/qti/services/secureui/WfdListener; (37)
11-15 13:25:39.119 W/dalvikvm(  648): Link of class 'Lcom/qualcomm/qti/services/secureui/WfdListener;' failed
11-15 13:25:39.119 W/dalvikvm(  648): VFY: unable to find class referenced in signature (Lcom/qualcomm/qti/services/secureui/WfdListener;)
11-15 13:25:39.119 W/dalvikvm(  648): Unable to resolve superclass of Lcom/qualcomm/qti/services/secureui/WfdListener; (37)
11-15 13:25:39.119 W/dalvikvm(  648): Link of class 'Lcom/qualcomm/qti/services/secureui/WfdListener;' failed
11-15 13:25:39.119 W/dalvikvm(  648): VFY: unable to find class referenced in signature (Lcom/qualcomm/qti/services/secureui/WfdListener;)
11-15 13:25:39.119 W/dalvikvm(  648): Unable to resolve superclass of Lcom/qualcomm/qti/services/secureui/WfdListener; (37)
11-15 13:25:39.119 W/dalvikvm(  648): Link of class 'Lcom/qualcomm/qti/services/secureui/WfdListener;' failed
11-15 13:25:39.119 D/dalvikvm(  648): DexOpt: unable to opt direct call 0x0038 at 0x16 in Lcom/qualcomm/qti/services/secureui/WfdReceiver$1;.onServiceConnected
11-15 13:25:39.119 D/SecUISvc.WfdReceiver(  648): WfdReceiver(), wfdActive=true
11-15 13:25:39.119 D/SecUISvc.WfdReceiver(  648): Creating service, binding to WFD
11-15 13:25:39.119 W/ContextImpl(  648): Implicit intents with startService are not safe: Intent { act=com.qualcomm.wfd.service.WfdService } android.content.ContextWrapper.bindService:517 com.qualcomm.qti.services.secureui.WfdReceiver.<init>:37 com.qualcomm.qti.services.secureui.SecureUIService.run:91 
11-15 13:25:39.119 E/SecUISvc.WfdReceiver(  648): Failed to connect to Provider service
11-15 13:25:39.119 W/ContextImpl(  648): Calling a method in the system process without a qualified user: android.app.ContextImpl.bindService:1568 android.content.ContextWrapper.bindService:517 com.qualcomm.qti.services.secureui.WfdReceiver.<init>:37 com.qualcomm.qti.services.secureui.SecureUIService.run:91 java.lang.Thread.run:841 
11-15 13:25:39.119 W/ActivityManager(  501): Unable to start service Intent { act=com.qualcomm.wfd.service.WfdService } U=0: not found
11-15 13:25:39.129 V/EthernetMonitor(  501): get event eth0:20:
11-15 13:25:39.129 V/EthernetMonitor(  501): dev: eth0 ev 20
11-15 13:25:39.129 I/EthernetStateTracker(  501): report event 3 on dev eth0
11-15 13:25:39.129 V/EthernetStateTracker(  501): update network state tracker
11-15 13:25:39.129 V/EthernetMonitor(  501): go poll events
11-15 13:25:39.129 I/EthernetStateTracker(  501): event: 3  OBTAINING_IPADDR ==> CONNECTED
11-15 13:25:39.129 I/EthernetStateTracker(  501): Broadcasting Ethernet: 2 CONNECTED
11-15 13:25:39.129 W/ContextImpl(  501): Calling a method in the system process without a qualified user: android.app.ContextImpl.sendStickyBroadcast:1306 android.net.ethernet.EthernetStateTracker.broadcastState:660 android.net.ethernet.EthernetStateTracker.updateState:461 android.net.ethernet.EthernetStateTracker.handleMessage:474 android.os.Handler.dispatchMessage:102 
11-15 13:25:39.129 D/QcConnectivityService(  501): Setting TCP values: [0] which comes from [net.tcp.usercfg.default]
11-15 13:25:39.129 D/QcConnectivityService(  501): Setting TCP values: [1] which comes from [net.tcp.delack.default]
11-15 13:25:39.129 E/QcConnectivityService(  501): Unexpected mtu value: Handler (android.net.ethernet.EthernetStateTracker) {41ccb530}
11-15 13:25:39.129 E/QcConnectivityService(  501): no dns provided for ETHERNET - using 8.8.8.8
11-15 13:25:39.129 D/ConnectivityServiceHSM(  501): Actual State: DefaultConnectivityState, Current State: DefaultConnectivityState.processMessage what=458752
11-15 13:25:39.129 D/ConnectivityServiceHSM(  501): ConnectivityChange for ETHERNET: CONNECTED/CONNECTED
11-15 13:25:39.129 D/ConnectivityServiceHSM(  501): Actual State: DefaultConnectivityState, Current State: DefaultConnectivityState.processMessage what=5001
11-15 13:25:39.129 D/StatusBar.NetworkController(  572): refreshViews: Data not connected!! Set no data type icon / Roaming
11-15 13:25:39.129 D/StatusBar.NetworkController(  572): refreshViews connected={ Ethernet } level=0 combinedSignalIconId=0x7f020018/com.android.systemui:drawable/eth_connected mobileLabel= wifiLabel=No Internet connection emergencyOnly=false combinedLabel=Ethernet connected mAirplaneMode=false mDataActivity=0 mPhoneSignalIconId=0x0 mQSPhoneSignalIconId=0x0 mDataDirectionIconId=0x0 mDataSignalIconId=0x0 mDataTypeIconId=0x0 mQSDataTypeIconId=0x0 mNoSimIconId=0x0 mWifiIconId=0x0 mQSWifiIconId=0x0 mEthernetIconId=0x7f020018 mBluetoothTetherIconId=0x10805d4
11-15 13:25:39.138 W/PrintK  (    1): [   12.322540] init: untracked pid 942 exited
11-15 13:25:39.139 D/Nat464Xlat(  501): requiresClat: netType=9, hasIPv4Address=false
11-15 13:25:39.419 D/EthernetStateTracker(  501): DhcpHandler: DHCP request succeeded: {InterfaceName: eth0 LinkAddresses: [10.82.211.100/24,]  Routes: [10.82.211.0/24 -> 0.0.0.0,0.0.0.0/0 -> 10.82.211.254,] DnsAddresses: [10.82.12.11,10.82.12.12,] Domains: Qgroup.corp.comMTU: 0} DHCP server /10.82.200.48 Vendor info  lease 172800 seconds
11-15 13:25:39.529 E/Presentation(  621): presentation check interval hours=1
11-15 13:25:39.539 E/Presentation(  621): presentation check interval hours=1
11-15 13:25:39.539 I/PresentConfigUpdater(  621): delay time: 0
11-15 13:25:39.579 I/PresentConfigUpdater(  621): delay time: 9.156967
11-15 13:25:39.939 I/QCNEJ   (  501): |CORE:COM:RCVR| CNE creating socket
11-15 13:25:40.598 I/PrintK  (  217): [   13.782914] MCU_Daemon: Send Data : F1 6A D4 F2
11-15 13:25:40.609 I/PrintK  (  217): [   13.793074] MCU_Daemon: Read Data : F1 6B 00 11 00 EB 2E 12 F9 A8 0B C5 17 56 66 14 A3 0F A1 0F A1 0F 14 00 C0 00 13 00 7E F2
11-15 13:25:40.719 I/fsck_msdos(  587): ** Phase 2 - Check Cluster Chains 
11-15 13:25:40.719 I/fsck_msdos(  587): Begin to handle the cluster chain
11-15 13:25:40.819 D/ConnectivityServiceHSM(  501): Actual State: DefaultConnectivityState, Current State: DefaultConnectivityState.processMessage what=111
11-15 13:25:40.819 I/PresentConfigUpdater(  621): delay time: 0
11-15 13:25:40.829 D/Tethering(  501): MasterInitialState.processMessage what=3
11-15 13:25:40.829 D/StatusBar.NetworkController(  572): updateConnectivity: intent=Intent { act=android.net.conn.CONNECTIVITY_CHANGE flg=0x4000010 (has extras) }
11-15 13:25:40.829 D/StatusBar.NetworkController(  572): updateConnectivity: networkInfo=NetworkInfo: type: ETHERNET[], state: CONNECTED/CONNECTED, reason: (unspecified), extra: (none), roaming: false, failover: false, isAvailable: true, isConnectedToProvisioningNetwork: false
11-15 13:25:40.829 D/StatusBar.NetworkController(  572): updateConnectivity: connectionStatus=0
11-15 13:25:40.829 E/StatusBar.NetworkController(  572): updateDataNetType NETWORK_TYPE_UNKNOWN
11-15 13:25:40.829 D/StatusBar.NetworkController(  572):  No service
11-15 13:25:40.829 D/CaptivePortalTracker(  501): NoActiveNetworkState{ when=-4ms what=1 obj=NetworkInfo: type: ETHERNET[], state: DISCONNECTED/DISCONNECTED, reason: (unspecified), extra: (none), roaming: false, failover: false, isAvailable: false, isConnectedToProvisioningNetwork: false target=com.android.internal.util.StateMachine$SmHandler }
11-15 13:25:40.829 D/CaptivePortalTracker(  501): NoActiveNetworkState not a wifi connectivity change, ignore
11-15 13:25:40.829 D/StatusBar.NetworkController(  572): refreshViews: Data not connected!! Set no data type icon / Roaming
11-15 13:25:40.829 D/StatusBar.NetworkController(  572): refreshViews connected={ Ethernet } level=0 combinedSignalIconId=0x7f020099/com.android.systemui:drawable/stat_sys_ethernet_connected mobileLabel= wifiLabel=No Internet connection emergencyOnly=false combinedLabel=Ethernet mAirplaneMode=false mDataActivity=0 mPhoneSignalIconId=0x0 mQSPhoneSignalIconId=0x0 mDataDirectionIconId=0x0 mDataSignalIconId=0x0 mDataTypeIconId=0x0 mQSDataTypeIconId=0x0 mNoSimIconId=0x0 mWifiIconId=0x0 mQSWifiIconId=0x0 mEthernetIconId=0x7f020099 mBluetoothTetherIconId=0x10805d4
11-15 13:25:40.879 E/ActivityThread(  501): Failed to find provider info for telephony
11-15 13:25:41.589 I/fsck_msdos(  220): ** Phase 3 - Checking Directories
11-15 13:25:41.589 D/fsck_msdos(  587): rootDir->head :2
11-15 13:25:41.609 I/fsck_msdos(  220): ** Phase 4 - Checking for Lost Files
11-15 13:25:41.609 D/fsck_msdos(  587): Verify Filesystem information
11-15 13:25:41.609 W/fsck_msdos(  587): 136 files, 3153952 free (31197192 clusters)
11-15 13:25:41.609 I/fsck_msdos(  587): free_rb_tree 
11-15 13:25:41.609 I/fsck_msdos(  587): free_fragment_tree
11-15 13:25:41.609 I/fsck_msdos(  587): free_fragment_tree
11-15 13:25:41.609 I/fsck_msdos(  587): free_fragment_tree: rb_tree is empty 
11-15 13:25:41.829 I/Vold    (  220): Filesystem check completed OK
11-15 13:25:41.841 I/PrintK  (  587): [   15.025229] fsck_msdos used greatest stack depth: 4928 bytes left
11-15 13:25:41.849 D/Vold    (  220): blkid identified as /dev/block/vold/8:33: UUID="4A38-10EE" TYPE="vfat" 
11-15 13:25:41.849 D/Vold    (  220): Volume sata0 state changing 3 (Checking) -> 4 (Mounted)
11-15 13:25:41.849 E/VoldConnector(  501): NDC Command {3 volume mount /storage/sata0} took too long (4706ms)
11-15 13:25:41.849 I/Vold    (  220): /dev/block/vold/8:0 being considered for volume usbdisk2
11-15 13:25:41.849 D/Vold    (  220): Volume usbdisk2 state changing 1 (Idle-Unmounted) -> 3 (Checking)
11-15 13:25:41.849 D/MountService(  501): volume state changed for /storage/sata0 (checking -> mounted)
11-15 13:25:41.859 I/fsck_msdos(  220): ** /dev/block/vold/8:0
11-15 13:25:41.859 I/fsck_msdos(  220): ** Phase 1 - Read and Compare FATs
11-15 13:25:41.859 I/fsck_msdos(  220): Attempting to allocate 1883 KB for FAT
11-15 13:25:41.859 D/MountService(  501): sendStorageIntent Intent { act=android.intent.action.MEDIA_MOUNTED dat=file:///storage/sata0 (has extras) } to UserHandle{-1}
11-15 13:25:41.859 D/fsck_msdos( 1123): sectors Per cluster :64 
11-15 13:25:41.859 D/fsck_msdos( 1123): boot->ClusterOffset :7436 
11-15 13:25:41.859 I/fsck_msdos( 1123): FAT32 Filesystem
11-15 13:25:41.859 D/fsck_msdos( 1123): Using cluster_chain_descriptor
11-15 13:25:41.859 I/fsck_msdos( 1123): Total clusters 481931 
11-15 13:25:41.869 I/Starter (  663): onReceive intent=Intent { act=android.intent.action.MEDIA_MOUNTED dat=file:///storage/sata0 flg=0x10 (has extras) } getData=file:///storage/sata0
11-15 13:25:41.869 D/MountService(  501): volume state changed for /storage/usbdisk2 (unmounted -> checking)
11-15 13:25:41.869 D/MountService(  501): sendStorageIntent Intent { act=android.intent.action.MEDIA_CHECKING dat=file:///storage/usbdisk2 (has extras) } to UserHandle{-1}
11-15 13:25:41.869 I/ActivityManager(  501): Start proc com.android.externalstorage for broadcast com.android.externalstorage/.MountReceiver: pid=1125 uid=10002 gids={50002, 1028, 1015, 1023}
11-15 13:25:41.879 I/Starter (  663): onReceive ACTION_MEDIA_MOUNTED
11-15 13:25:41.879 I/Starter (  663): msata format error stat=0
11-15 13:25:41.889 I/fsck_msdos(  220): Attempting to allocate 1883 KB for FAT
11-15 13:25:41.889 I/WindowManager(  501): Using new display size: 1366x768
11-15 13:25:41.919 I/fsck_msdos( 1123): Begin to compare FAT
11-15 13:25:41.929 I/fsck_msdos( 1123): ** Phase 2 - Check Cluster Chains 
11-15 13:25:41.929 I/fsck_msdos( 1123): Begin to handle the cluster chain
11-15 13:25:41.949 I/fsck_msdos(  220): ** Phase 3 - Checking Directories
11-15 13:25:41.949 D/ExternalStorage( 1125): After updating volumes, found 2 active roots
11-15 13:25:41.949 D/ExternalStorage( 1125): After updating volumes, found 2 active roots
11-15 13:25:41.949 D/fsck_msdos( 1123): rootDir->head :2
11-15 13:25:41.959 D/MediaScannerReceiver(  601): action: android.intent.action.MEDIA_MOUNTED path: /storage/sata0
11-15 13:25:41.959 I/Starter (  663): ----setForcedDisplaySize 1366x768
11-15 13:25:41.959 I/ActivityManager(  501): Config changes=c00 {1.0 ?mcc?mnc en_US ldltr sw768dp w1366dp h743dp 160dpi xlrg long land finger -keyb/v/h -nav/h s.5}
11-15 13:25:41.969 I/Starter (  663): startAP intent=Intent { act=android.intent.action.MAIN cat=[android.intent.category.LAUNCHER] flg=0x10000000 pkg=com.qisda.viva cmp=com.qisda.viva/.LoginActivity }
11-15 13:25:41.969 I/Timeline(  663): Timeline: Activity_launch_request id:com.qisda.viva time:15150
11-15 13:25:41.969 I/InputReader(  501): Reconfiguring input devices.  changes=0x00000004
11-15 13:25:41.969 I/InputReader(  501): Device reconfigured: id=2, name='eGalax_Touch_Screen', size 1366x768, orientation 0, mode 1, display id 0
11-15 13:25:41.979 D/PhoneStatusBar(  572): mSettingsPanelGravity = 8388661
11-15 13:25:41.979 I/ActivityManager(  501): START u0 {act=android.intent.action.MAIN cat=[android.intent.category.LAUNCHER] flg=0x10000000 pkg=com.qisda.viva cmp=com.qisda.viva/.LoginActivity} from pid 663
11-15 13:25:41.989 D/StatusBar.NetworkController(  572): refreshViews: Data not connected!! Set no data type icon / Roaming
11-15 13:25:41.989 D/StatusBar.NetworkController(  572): refreshViews connected={ Ethernet } level=0 combinedSignalIconId=0x7f020099/com.android.systemui:drawable/stat_sys_ethernet_connected mobileLabel= wifiLabel=No Internet connection emergencyOnly=false combinedLabel=Ethernet mAirplaneMode=false mDataActivity=0 mPhoneSignalIconId=0x0 mQSPhoneSignalIconId=0x0 mDataDirectionIconId=0x0 mDataSignalIconId=0x0 mDataTypeIconId=0x0 mQSDataTypeIconId=0x0 mNoSimIconId=0x0 mWifiIconId=0x0 mQSWifiIconId=0x0 mEthernetIconId=0x7f020099 mBluetoothTetherIconId=0x10805d4
11-15 13:25:42.108 V/PrintK  (   27): [   15.292757] wcnss_post_bootup: Cancel APPS vote for Iris & WCNSS
11-15 13:25:42.139 D/ConnectivityServiceHSM(  501): Actual State: DefaultConnectivityState, Current State: DefaultConnectivityState.processMessage what=111
11-15 13:25:42.139 I/fsck_msdos(  220): ** Phase 4 - Checking for Lost Files
11-15 13:25:42.139 D/fsck_msdos( 1123): Verify Filesystem information
11-15 13:25:42.139 W/fsck_msdos( 1123): 3377 files, 1431072 free (306865 clusters)
11-15 13:25:42.139 I/fsck_msdos( 1123): free_rb_tree 
11-15 13:25:42.139 I/fsck_msdos( 1123): free_fragment_tree
11-15 13:25:42.139 I/fsck_msdos( 1123): free_fragment_tree
11-15 13:25:42.139 I/fsck_msdos( 1123): free_fragment_tree: rb_tree is empty 
11-15 13:25:42.179 I/Vold    (  220): Filesystem check completed OK
11-15 13:25:42.249 D/Vold    (  220): blkid identified as /dev/block/vold/8:0: UUID="7E1F-150A" TYPE="vfat" 
11-15 13:25:42.249 D/Vold    (  220): Volume usbdisk2 state changing 3 (Checking) -> 4 (Mounted)
11-15 13:25:42.249 D/MountService(  501): volume state changed for /storage/usbdisk2 (checking -> mounted)
11-15 13:25:42.249 D/MountService(  501): sendStorageIntent Intent { act=android.intent.action.MEDIA_MOUNTED dat=file:///storage/usbdisk2 (has extras) } to UserHandle{-1}
11-15 13:25:42.249 I/Vold    (  220): /dev/block/vold/8:17 being considered for volume usbdisk0
11-15 13:25:42.249 D/Vold    (  220): Volume usbdisk0 state changing 1 (Idle-Unmounted) -> 3 (Checking)
11-15 13:25:42.269 I/fsck_msdos(  220): ** /dev/block/vold/8:17
11-15 13:25:42.279 I/fsck_msdos(  220): ** Phase 1 - Read and Compare FATs
11-15 13:25:42.279 I/fsck_msdos(  220): Attempting to allocate 3830 KB for FAT
11-15 13:25:42.279 D/fsck_msdos( 1197): sectors Per cluster :8 
11-15 13:25:42.279 D/fsck_msdos( 1197): boot->ClusterOffset :15344 
11-15 13:25:42.279 I/fsck_msdos( 1197): FAT32 Filesystem
11-15 13:25:42.279 D/fsck_msdos( 1197): Using cluster_chain_descriptor
11-15 13:25:42.279 I/fsck_msdos( 1197): Total clusters 980594 
11-15 13:25:42.289 I/WindowManager(  501): Screenshot max retries 4 of Token{41adac50 ActivityRecord{41c6e0c8 u0 com.ultrasound.usstarter/.Starter t1}} appWin=Window{41ad8030 u0 com.ultrasound.usstarter/com.ultrasound.usstarter.Starter} drawState=1
11-15 13:25:42.289 W/WindowManager(  501): Screenshot failure taking screenshot for (1366x768) to layer 21005
11-15 13:25:42.299 D/Tethering(  501): MasterInitialState.processMessage what=3
11-15 13:25:42.299 D/CaptivePortalTracker(  501): NoActiveNetworkState{ when=0 what=1 obj=NetworkInfo: type: ETHERNET[], state: CONNECTED/CONNECTED, reason: (unspecified), extra: (none), roaming: false, failover: false, isAvailable: true, isConnectedToProvisioningNetwork: false target=com.android.internal.util.StateMachine$SmHandler }
11-15 13:25:42.299 D/CaptivePortalTracker(  501): NoActiveNetworkState not a wifi connectivity change, ignore
11-15 13:25:42.299 D/MountService(  501): volume state changed for /storage/usbdisk0 (unmounted -> checking)
11-15 13:25:42.299 D/MountService(  501): sendStorageIntent Intent { act=android.intent.action.MEDIA_CHECKING dat=file:///storage/usbdisk0 (has extras) } to UserHandle{-1}
11-15 13:25:42.309 I/Starter (  663): onDestroy: remove reboot runnable
11-15 13:25:42.309 E/GpsXtraDownloader(  501): No XTRA servers were specified in the GPS configuration
11-15 13:25:42.309 E/ActivityThread(  501): Failed to find provider info for telephony
11-15 13:25:42.319 E/ActivityThread(  572): Failed to find provider info for com.android.contacts
11-15 13:25:42.329 I/Starter (  663): onCreate secondsDiff=5
11-15 13:25:42.349 D/StatusBar.NetworkController(  572): updateConnectivity: intent=Intent { act=android.net.conn.CONNECTIVITY_CHANGE flg=0x4000010 (has extras) }
11-15 13:25:42.349 D/StatusBar.NetworkController(  572): updateConnectivity: networkInfo=NetworkInfo: type: ETHERNET[], state: CONNECTED/CONNECTED, reason: (unspecified), extra: (none), roaming: false, failover: false, isAvailable: true, isConnectedToProvisioningNetwork: false
11-15 13:25:42.349 D/StatusBar.NetworkController(  572): updateConnectivity: connectionStatus=0
11-15 13:25:42.349 E/StatusBar.NetworkController(  572): updateDataNetType NETWORK_TYPE_UNKNOWN
11-15 13:25:42.349 D/StatusBar.NetworkController(  572):  No service
11-15 13:25:42.349 D/StatusBar.NetworkController(  572): refreshViews: Data not connected!! Set no data type icon / Roaming
11-15 13:25:42.349 D/StatusBar.NetworkController(  572): refreshViews connected={ Ethernet } level=0 combinedSignalIconId=0x7f020099/com.android.systemui:drawable/stat_sys_ethernet_connected mobileLabel= wifiLabel=No Internet connection emergencyOnly=false combinedLabel=Ethernet mAirplaneMode=false mDataActivity=0 mPhoneSignalIconId=0x0 mQSPhoneSignalIconId=0x0 mDataDirectionIconId=0x0 mDataSignalIconId=0x0 mDataTypeIconId=0x0 mQSDataTypeIconId=0x0 mNoSimIconId=0x0 mWifiIconId=0x0 mQSWifiIconId=0x0 mEthernetIconId=0x7f020099 mBluetoothTetherIconId=0x10805d4
11-15 13:25:42.359 I/Starter (  663): onCreate hasMsataStorage=true
11-15 13:25:42.359 W/Settings(  663): Setting bugreport_in_power_menu has moved from android.provider.Settings.System to android.provider.Settings.Global
11-15 13:25:42.369 I/WindowManager(  501): Screen frozen for +476ms due to AppWindowToken{41bbaee8 token=Token{41adac50 ActivityRecord{41c6e0c8 u0 com.ultrasound.usstarter/.Starter t1}}}
11-15 13:25:42.389 I/ActivityManager(  501): Start proc com.qisda.viva for activity com.qisda.viva/.LoginActivity: pid=1211 uid=1000 gids={41000, 1028, 1015, 3003, 3001, 3002, 1023}
11-15 13:25:42.399 I/Starter (  663): msata.status=exist mRetryCount=0
11-15 13:25:42.399 I/Starter (  663): hasMountedSata0 SATA_PATH state=mounted
11-15 13:25:42.409 I/Starter (  663): onCreate hasMountedSata0 is ture
11-15 13:25:42.409 I/Starter (  663): msata format error stat=0
11-15 13:25:42.409 I/Starter (  663): msata format error stat=0
11-15 13:25:42.409 I/WindowManager(  501): Using new display size: 1366x768
11-15 13:25:42.419 I/Starter (  663): ----setForcedDisplaySize 1366x768
11-15 13:25:42.419 I/Starter (  663): startAP intent=Intent { act=android.intent.action.MAIN cat=[android.intent.category.LAUNCHER] flg=0x10000000 pkg=com.qisda.viva cmp=com.qisda.viva/.LoginActivity }
11-15 13:25:42.419 I/Timeline(  663): Timeline: Activity_launch_request id:com.qisda.viva time:15607
11-15 13:25:42.429 I/ActivityManager(  501): START u0 {act=android.intent.action.MAIN cat=[android.intent.category.LAUNCHER] flg=0x10000000 pkg=com.qisda.viva cmp=com.qisda.viva/.LoginActivity} from pid 663
11-15 13:25:42.429 W/ActivityManager(  501): Duplicate finish request for ActivityRecord{41c6e0c8 u0 com.ultrasound.usstarter/.Starter t1 f}
11-15 13:25:42.559 I/UI_ULTRASOUND( 1211): [VIVAApplication]onCreate
11-15 13:25:42.759 D/dalvikvm(  621): Trying to load lib /data/data/com.emoji.keyboard.touchpal/libsmartinputv5_ol.so 0x418d97c0
11-15 13:25:42.759 D/dalvikvm(  621): Added shared lib /data/data/com.emoji.keyboard.touchpal/libsmartinputv5_ol.so 0x418d97c0
11-15 13:25:42.779 I/fsck_msdos(  220): Attempting to allocate 3830 KB for FAT
11-15 13:25:42.869 I/UI_ULTRASOUND( 1211): [CycleButton2WithLongClick]cycleButton2 on long click mAttrNameLongClick us_i_pw_theta
11-15 13:25:42.869 I/UI_ULTRASOUND( 1211): [CycleButton2WithLongClick]cycleButton2 on long click mAttrNameLongClick us_i_cw_theta
11-15 13:25:42.949 W/FileUtils( 1211): Failed to chmod(/storage/sata0/US/databases/vivapro-db): libcore.io.ErrnoException: chmod failed: EPERM (Operation not permitted)
11-15 13:25:42.969 E/SecureUserUtil( 1211): insertDefaultAdminSettings error android.database.sqlite.SQLiteConstraintException: column SETTING_NAME is not unique (code 19)
11-15 13:25:42.969 E/SecureUserUtil( 1211): insertDefaultAdminSettings error android.database.sqlite.SQLiteConstraintException: column SETTING_NAME is not unique (code 19)
11-15 13:25:42.969 E/SecureUserUtil( 1211): insertDefaultAdminSettings error android.database.sqlite.SQLiteConstraintException: column SETTING_NAME is not unique (code 19)
11-15 13:25:42.969 E/SecureUserUtil( 1211): insertDefaultAdminSettings error android.database.sqlite.SQLiteConstraintException: column SETTING_NAME is not unique (code 19)
11-15 13:25:42.969 E/SecureUserUtil( 1211): insertDefaultAdminSettings error android.database.sqlite.SQLiteConstraintException: column SETTING_NAME is not unique (code 19)
11-15 13:25:42.969 E/SecureUserUtil( 1211): insertDefaultAdminSettings error android.database.sqlite.SQLiteConstraintException: column SETTING_NAME is not unique (code 19)
11-15 13:25:42.969 E/SecureUserUtil( 1211): insertDefaultAdminSettings error android.database.sqlite.SQLiteConstraintException: column SETTING_NAME is not unique (code 19)
11-15 13:25:42.969 E/SecureUserUtil( 1211): insertDefaultAdminSettings error android.database.sqlite.SQLiteConstraintException: column SETTING_NAME is not unique (code 19)
11-15 13:25:42.979 E/SecureUserUtil( 1211): insertDefaultAdminSettings error android.database.sqlite.SQLiteConstraintException: column SETTING_NAME is not unique (code 19)
11-15 13:25:42.979 E/SecureUserUtil( 1211): insertDefaultAdminSettings error android.database.sqlite.SQLiteConstraintException: column SETTING_NAME is not unique (code 19)
11-15 13:25:42.979 E/SecureUserUtil( 1211): insertDefaultAdminSettings error android.database.sqlite.SQLiteConstraintException: column SETTING_NAME is not unique (code 19)
11-15 13:25:42.979 E/SecureUserUtil( 1211): insertDefaultAdminSettings error android.database.sqlite.SQLiteConstraintException: column SETTING_NAME is not unique (code 19)
11-15 13:25:42.979 E/SecureUserUtil( 1211): insertDefaultAdminSettings error android.database.sqlite.SQLiteConstraintException: column SETTING_NAME is not unique (code 19)
11-15 13:25:42.979 V/SecureUserUtil( 1211): [SecureUserUtil]SecureUserUtil init 
11-15 13:25:42.989 V/SecureUserUtil( 1211): [SecureUserUtil]insertUser System_Default
11-15 13:25:42.989 V/SecureUserUtil( 1211): [SecureUserUtil]getUserItem 20161115101823768
11-15 13:25:42.989 V/SecureUserUtil( 1211): [SecureUserUtil]getUserItem 20161115091740640
11-15 13:25:42.989 V/SecureUserUtil( 1211): [SecureUserUtil]getNowDate 2016111513254308
11-15 13:25:42.999 E/SecureUserUtil( 1211): insertUser error android.database.sqlite.SQLiteConstraintException: column NAME is not unique (code 19)
11-15 13:25:43.009 V/SecureUserUtil( 1211): [SecureUserUtil]getUserItem 20161115091740640
11-15 13:25:43.009 I/UI_ULTRASOUND( 1211): [User]doInitialAssets start 
11-15 13:25:43.009 I/UI_ULTRASOUND( 1211): [PreferenceHelper]getSharedPreferenceDir  context com.qisda.viva.VIVAApplication@418deab0
11-15 13:25:43.309 I/fsck_msdos( 1197): Begin to compare FAT
11-15 13:25:43.329 I/fsck_msdos( 1197): ** Phase 2 - Check Cluster Chains 
11-15 13:25:43.329 I/fsck_msdos( 1197): Begin to handle the cluster chain
11-15 13:25:43.349 D/dalvikvm(  621): GC_CONCURRENT freed 5482K, 52% free 5343K/10968K, paused 3ms+4ms, total 46ms
11-15 13:25:43.359 I/fsck_msdos(  220): ** Phase 3 - Checking Directories
11-15 13:25:43.359 D/fsck_msdos( 1197): rootDir->head :2
11-15 13:25:43.399 I/UI_ULTRASOUND( 1211): [User]doInitialAssets end 
11-15 13:25:43.409 E/VIVAApplication( 1211): *** cancel sendBroadcastSync, mLbm: null, currentActivity: null, intent: Intent { act=notify_exam_delete (has extras) }
11-15 13:25:43.449 V/SecureUserUtil( 1211): [SecureUserUtil]getcurUserSystem_Default
11-15 13:25:43.449 V/SecureUserUtil( 1211): [SecureUserManager]getLoginUserID 1
11-15 13:25:43.449 V/SecureUserUtil( 1211): [SecureUserUtil]getcurUserSystem_Default
11-15 13:25:43.489 I/BootReceiver( 1211): ------------mPrevTime setAlarm(): 1479216343505
11-15 13:25:43.499 I/BootReceiver( 1211): ----count setAndSaveBootCount(): 11
11-15 13:25:43.499 W/FileUtils( 1211): Failed to chmod(/storage/sata0/US/shared_prefs/preference.xml): libcore.io.ErrnoException: chmod failed: EPERM (Operation not permitted)
