* daemon not running. starting it now on port 5037 *
* daemon started successfully *
--------- beginning of /dev/log/system
11-15 13:25:31.710 I/Vold    (  220): Vold 2.1 (the revenge) firing up
11-15 13:25:31.710 I/Vold    (  220): int process_config(VolumeManager*) 222 /devices/msm_sdcc.2/mmc_host to volume sdcard1
11-15 13:25:31.710 D/Vold    (  220): Volume sdcard1 state changing -1 (Initializing) -> 0 (No-Media)
11-15 13:25:31.710 I/Vold    (  220): int process_config(VolumeManager*) 222 /devices/msm_dwc3/f9200000.dwc3/xhci-hcd/usb1/1-1/1-1.3 to volume sata0
11-15 13:25:31.710 I/Vold    (  220): int check_if_blkdevice_exist(const char*) 158 /sys/devices/msm_dwc3/f9200000.dwc3/xhci-hcd/usb1/1-1/1-1.3
11-15 13:25:31.710 I/Vold    (  220): set msata.status property : waiting
11-15 13:25:31.960 D/Vold    (  220): Volume sata0 state changing -1 (Initializing) -> 0 (No-Media)
11-15 13:25:31.960 I/Vold    (  220): int process_config(VolumeManager*) 222 /devices/msm_smsc_hub/msm_hsic_host/usb3/3-1/3-1.1 to volume usbdisk0
11-15 13:25:31.960 D/Vold    (  220): Volume usbdisk0 state changing -1 (Initializing) -> 0 (No-Media)
11-15 13:25:31.960 I/Vold    (  220): int process_config(VolumeManager*) 222 /devices/msm_dwc3/f9200000.dwc3/xhci-hcd/usb1/1-1/1-1.2 to volume usbdisk1
11-15 13:25:31.960 D/Vold    (  220): Volume usbdisk1 state changing -1 (Initializing) -> 0 (No-Media)
11-15 13:25:31.960 I/Vold    (  220): int process_config(VolumeManager*) 222 /devices/msm_dwc3/f9200000.dwc3/xhci-hcd/usb2/2-1/2-1.2 to volume usbdisk2
11-15 13:25:31.960 D/Vold    (  220): Volume usbdisk2 state changing -1 (Initializing) -> 0 (No-Media)
11-15 13:25:31.960 I/Vold    (  220): int process_config(VolumeManager*) 222 /devices/msm_dwc3/f9200000.dwc3/xhci-hcd/usb1/1-1/1-1.1 to volume engine2
11-15 13:25:31.960 D/Vold    (  220): Volume engine2 state changing -1 (Initializing) -> 0 (No-Media)
11-15 13:25:31.960 I/Vold    (  220): int process_config(VolumeManager*) 222 /devices/msm_dwc3/f9200000.dwc3/xhci-hcd/usb2/2-1/2-1.1 to volume engine3
11-15 13:25:31.960 D/Vold    (  220): Volume engine3 state changing -1 (Initializing) -> 0 (No-Media)
11-15 13:25:32.010 I/DirectVolume(  220):  virtual int DirectVolume::handleBlockEvent(NetlinkEvent*): dp = /devices/msm_sdcc.2/mmc_host/mmc2/mmc2:e624/block/mmcblk1
11-15 13:25:32.010 I/DirectVolume(  220):  virtual int DirectVolume::handleBlockEvent(NetlinkEvent*): devtype = disk
11-15 13:25:32.010 I/DirectVolume(  220):  void DirectVolume::handleDiskAdded(const char*, NetlinkEvent*): mDiskNumParts = 1, mPendingPartCount = 1
11-15 13:25:32.010 D/Vold    (  220): Volume sdcard1 state changing 0 (No-Media) -> 2 (Pending)
11-15 13:25:32.010 I/DirectVolume(  220):  virtual int DirectVolume::handleBlockEvent(NetlinkEvent*): dp = /devices/msm_sdcc.2/mmc_host/mmc2/mmc2:e624/block/mmcblk1/mmcblk1p1
11-15 13:25:32.010 I/DirectVolume(  220):  virtual int DirectVolume::handleBlockEvent(NetlinkEvent*): devtype = partition
11-15 13:25:32.010 I/DirectVolume(  220):  void DirectVolume::handlePartitionAdded(const char*, NetlinkEvent*): mDiskNumParts = 1
11-15 13:25:32.010 I/DirectVolume(  220):  void DirectVolume::handlePartitionAdded(const char*, NetlinkEvent*): mPendingPartCount = 0
11-15 13:25:32.010 D/Vold    (  220): Volume sdcard1 state changing 2 (Pending) -> 1 (Idle-Unmounted)
11-15 13:25:32.450 I/DirectVolume(  220):  virtual int DirectVolume::handleBlockEvent(NetlinkEvent*): dp = /devices/msm_dwc3/f9200000.dwc3/xhci-hcd/usb2/2-1/2-1.2/2-1.2:1.0/host0/target0:0:0/0:0:0:0/block/sda
11-15 13:25:32.450 I/DirectVolume(  220):  virtual int DirectVolume::handleBlockEvent(NetlinkEvent*): devtype = disk
11-15 13:25:32.450 I/DirectVolume(  220):  void DirectVolume::handleDiskAdded(const char*, NetlinkEvent*): mDiskNumParts = 0, mPendingPartCount = 0
11-15 13:25:32.450 D/Vold    (  220): Volume usbdisk2 state changing 0 (No-Media) -> 1 (Idle-Unmounted)
11-15 13:25:33.610 I/SystemServer(  501): Entered the Android system server!
11-15 13:25:33.610 I/SystemServer(  501): Waiting for installd to be ready.
11-15 13:25:33.610 I/Installer(  501): connecting...
11-15 13:25:33.620 I/SystemServer(  501): Power Manager
11-15 13:25:33.620 I/PowerManagerService(  501): Get MCUService Success
11-15 13:25:33.620 I/SystemServer(  501): Activity Manager
11-15 13:25:33.630 I/ActivityManager(  501): Memory class: 96
11-15 13:25:33.720 I/IntentFirewall(  501): Read new rules (A:0 B:0 S:0)
11-15 13:25:33.730 I/SystemServer(  501): Display Manager
11-15 13:25:33.730 I/SystemServer(  501): Telephony Registry
11-15 13:25:33.730 I/DisplayManagerService(  501): Display device added: DisplayDeviceInfo{"Built-in Screen": 1920 x 1080, 60.0 fps, density 160, 159.895 x 160.421 dpi, touch INTERNAL, rotation 0, type BUILT_IN, FLAG_DEFAULT_DISPLAY, FLAG_ROTATES_WITH_CONTENT, FLAG_SECURE, FLAG_SUPPORTS_PROTECTED_BUFFERS}
11-15 13:25:33.730 I/SystemServer(  501): Scheduling Policy
11-15 13:25:33.730 I/SystemServer(  501): Package Manager
11-15 13:25:33.730 W/PackageManager(  501): No security bridge jar found, using default
11-15 13:25:33.790 D/SELinuxMMAC(  501): Couldn't find install policy /data/security/mac_permissions.xml
11-15 13:25:33.790 D/SELinuxMMAC(  501): Using install policy file /system/etc/security/mac_permissions.xml
11-15 13:25:33.900 W/PackageManager(  501): Library not found: /system/framework/com.android.future.usb.accessory.jar
11-15 13:25:33.900 W/PackageManager(  501): Library not found: /system/framework/DigitalPenService.jar
11-15 13:25:33.980 I/DirectVolume(  220):  virtual int DirectVolume::handleBlockEvent(NetlinkEvent*): set msata.status property : exist
11-15 13:25:33.980 I/DirectVolume(  220):  virtual int DirectVolume::handleBlockEvent(NetlinkEvent*): dpath = /devices/msm_dwc3/f9200000.dwc3/xhci-hcd/usb1/1-1/1-1.3
11-15 13:25:33.980 I/DirectVolume(  220):  virtual int DirectVolume::handleBlockEvent(NetlinkEvent*): dp = /devices/msm_dwc3/f9200000.dwc3/xhci-hcd/usb1/1-1/1-1.3/1-1.3:1.0/host2/target2:0:0/2:0:0:0/block/sdc
11-15 13:25:33.980 I/DirectVolume(  220):  virtual int DirectVolume::handleBlockEvent(NetlinkEvent*): devtype = disk
11-15 13:25:33.980 I/DirectVolume(  220):  void DirectVolume::handleDiskAdded(const char*, NetlinkEvent*): mDiskNumParts = 1, mPendingPartCount = 1
11-15 13:25:33.980 D/Vold    (  220): Volume sata0 state changing 0 (No-Media) -> 2 (Pending)
11-15 13:25:33.980 I/DirectVolume(  220):  virtual int DirectVolume::handleBlockEvent(NetlinkEvent*): set msata.status property : exist
11-15 13:25:33.980 I/DirectVolume(  220):  virtual int DirectVolume::handleBlockEvent(NetlinkEvent*): dpath = /devices/msm_dwc3/f9200000.dwc3/xhci-hcd/usb1/1-1/1-1.3
11-15 13:25:33.980 I/DirectVolume(  220):  virtual int DirectVolume::handleBlockEvent(NetlinkEvent*): dp = /devices/msm_dwc3/f9200000.dwc3/xhci-hcd/usb1/1-1/1-1.3/1-1.3:1.0/host2/target2:0:0/2:0:0:0/block/sdc/sdc1
11-15 13:25:33.980 I/DirectVolume(  220):  virtual int DirectVolume::handleBlockEvent(NetlinkEvent*): devtype = partition
11-15 13:25:33.980 I/DirectVolume(  220):  void DirectVolume::handlePartitionAdded(const char*, NetlinkEvent*): mDiskNumParts = 1
11-15 13:25:33.980 I/DirectVolume(  220):  void DirectVolume::handlePartitionAdded(const char*, NetlinkEvent*): mPendingPartCount = 0
11-15 13:25:33.980 D/Vold    (  220): Volume sata0 state changing 2 (Pending) -> 1 (Idle-Unmounted)
--------- beginning of /dev/log/main
11-15 13:25:33.985 D/PrintK  (   35): [    7.169425] sd 2:0:0:0: [sdc] 250069680 512-byte logical blocks: (128 GB/119 GiB)
11-15 13:25:33.985 V/PrintK  (  500): [    7.169470] kobject_uevent_env: Action=add, DEVPATH=/devices/msm_dwc3/f9200000.dwc3/xhci-hcd/usb1/1-1/1-1.3/1-1.3:1.0/host2/target2:0:0/2:0:0:0/scsi_generic/sg2, SUBSYSTEM=scsi_generic
11-15 13:25:33.985 D/PrintK  (  500): [    7.169525] sd 2:0:0:0: Attached scsi generic sg2 type 0
11-15 13:25:33.985 V/PrintK  (  500): [    7.169739] kobject_uevent_env: Action=add, DEVPATH=/devices/msm_dwc3/f9200000.dwc3/xhci-hcd/usb1/1-1/1-1.3/1-1.3:1.0/host2/target2:0:0/2:0:0:0/bsg/2:0:0:0, SUBSYSTEM=bsg
11-15 13:25:33.985 D/PrintK  (   35): [    7.169825] sd 2:0:0:0: [sdc] Write Protect is off
11-15 13:25:33.985 V/PrintK  (   35): [    7.169838] sd 2:0:0:0: [sdc] Mode Sense: 03 00 00 00
11-15 13:25:33.986 W/PrintK  (   35): [    7.170192] sd 2:0:0:0: [sdc] No Caching mode page present
11-15 13:25:33.986 W/PrintK  (   35): [    7.170211] sd 2:0:0:0: [sdc] Assuming drive cache: write through
11-15 13:25:33.986 D/PrintK  (   39): [    7.170246] sd 1:0:0:0: [sdb] 71776119061217281 512-byte logical blocks: (18.3 EB/15.8 EiB)
11-15 13:25:33.987 D/PrintK  (   39): [    7.171525] sd 1:0:0:0: [sdb] Write Protect is off
11-15 13:25:33.987 V/PrintK  (   39): [    7.171545] sd 1:0:0:0: [sdb] Mode Sense: 43 00 00 00
11-15 13:25:33.987 W/PrintK  (   35): [    7.171804] sd 2:0:0:0: [sdc] No Caching mode page present
11-15 13:25:33.987 W/PrintK  (   35): [    7.171821] sd 2:0:0:0: [sdc] Assuming drive cache: write through
11-15 13:25:33.988 W/PrintK  (   39): [    7.172778] sd 1:0:0:0: [sdb] No Caching mode page present
11-15 13:25:33.988 W/PrintK  (   39): [    7.172800] sd 1:0:0:0: [sdb] Assuming drive cache: write through
11-15 13:25:33.990 I/DirectVolume(  220):  virtual int DirectVolume::handleBlockEvent(NetlinkEvent*): dp = /devices/msm_smsc_hub/msm_hsic_host/usb3/3-1/3-1.1/3-1.1:1.0/host1/target1:0:0/1:0:0:0/block/sdb
11-15 13:25:33.990 I/DirectVolume(  220):  virtual int DirectVolume::handleBlockEvent(NetlinkEvent*): devtype = disk
11-15 13:25:33.990 I/DirectVolume(  220):  void DirectVolume::handleDiskAdded(const char*, NetlinkEvent*): mDiskNumParts = 1, mPendingPartCount = 1
11-15 13:25:33.990 D/Vold    (  220): Volume usbdisk0 state changing 0 (No-Media) -> 2 (Pending)
11-15 13:25:33.990 I/DirectVolume(  220):  virtual int DirectVolume::handleBlockEvent(NetlinkEvent*): dp = /devices/msm_smsc_hub/msm_hsic_host/usb3/3-1/3-1.1/3-1.1:1.0/host1/target1:0:0/1:0:0:0/block/sdb/sdb1
11-15 13:25:33.990 I/DirectVolume(  220):  virtual int DirectVolume::handleBlockEvent(NetlinkEvent*): devtype = partition
11-15 13:25:33.990 I/DirectVolume(  220):  void DirectVolume::handlePartitionAdded(const char*, NetlinkEvent*): mDiskNumParts = 1
11-15 13:25:33.990 I/DirectVolume(  220):  void DirectVolume::handlePartitionAdded(const char*, NetlinkEvent*): mPendingPartCount = 0
11-15 13:25:33.990 D/Vold    (  220): Volume usbdisk0 state changing 2 (Pending) -> 1 (Idle-Unmounted)
11-15 13:25:33.990 V/PrintK  (   35): [    7.174040]  sdc: sdc1
11-15 13:25:33.990 V/PrintK  (   35): [    7.174205] kobject_uevent_env: Action=add, DEVPATH=/devices/msm_dwc3/f9200000.dwc3/xhci-hcd/usb1/1-1/1-1.3/1-1.3:1.0/host2/target2:0:0/2:0:0:0/block/sdc, SUBSYSTEM=block
11-15 13:25:33.990 V/PrintK  (   35): [    7.174284] kobject_uevent_env: Action=add, DEVPATH=/devices/msm_dwc3/f9200000.dwc3/xhci-hcd/usb1/1-1/1-1.3/1-1.3:1.0/host2/target2:0:0/2:0:0:0/block/sdc/sdc1, SUBSYSTEM=block
11-15 13:25:33.991 W/PrintK  (   35): [    7.175810] sd 2:0:0:0: [sdc] No Caching mode page present
11-15 13:25:33.991 W/PrintK  (   35): [    7.175828] sd 2:0:0:0: [sdc] Assuming drive cache: write through
11-15 13:25:33.991 D/PrintK  (   35): [    7.175840] sd 2:0:0:0: [sdc] Attached SCSI disk
11-15 13:25:33.994 W/PrintK  (   39): [    7.178779] sd 1:0:0:0: [sdb] No Caching mode page present
11-15 13:25:33.994 W/PrintK  (   39): [    7.178803] sd 1:0:0:0: [sdb] Assuming drive cache: write through
11-15 13:25:33.998 V/PrintK  (   39): [    7.182415]  sdb: sdb1
11-15 13:25:34.003 W/PrintK  (   39): [    7.187756] sd 1:0:0:0: [sdb] No Caching mode page present
11-15 13:25:34.003 W/PrintK  (   39): [    7.187783] sd 1:0:0:0: [sdb] Assuming drive cache: write through
11-15 13:25:34.003 D/PrintK  (   39): [    7.187799] sd 1:0:0:0: [sdb] Attached SCSI removable disk
11-15 13:25:34.010 I/US_ScanProcessController(  234): FINISH CScanProcessController
11-15 13:25:34.010 I/US_QisdaUltrasound(  234): QisdaUltrasound::QisdaUltrasound() EN
11-15 13:25:34.010 V/US_UltrasoundHAL(  234): UltrasoundHAL::Initialize() EN
11-15 13:25:34.010 I/US_QisdaUltrasoundBase(  234): QisdaUltrasoundBase::Initialize() EN
11-15 13:25:34.010 I/US_QisdaUltrasoundBase(  234): QisdaUltrasoundBase::Initialize() EX
11-15 13:25:34.010 V/US_UltrasoundHAL(  234): Initialize: Fake camera is facing back
11-15 13:25:34.010 V/US_UltrasoundHALBase(  234): UltrasoundHALBase::Initialize() EN
11-15 13:25:34.010 V/US_UltrasoundHALBase(  234): UltrasoundHAL::SetUSParameters() EN
11-15 13:25:34.010 V/US_UltrasoundHALBase(  234): ultrasound_dev != NULL
11-15 13:25:34.010 V/US_UltrasoundHALBase(  234): rgchTGCGains = 128,128,128,128,128,128,128,128
11-15 13:25:34.020 V/US_UltrasoundHALBase(  234): UltrasoundHAL::SetUSParameters() EX
11-15 13:25:34.020 V/US_UltrasoundHALBase(  234): UltrasoundHALBase::Initialize() EX
11-15 13:25:34.020 V/US_UltrasoundHAL(  234): UltrasoundHAL::Initialize() EX
11-15 13:25:34.020 V/UltrasoundFactory(  234): 1 cameras are being emulated.
11-15 13:25:34.020 V/UltrasoundFactory(  234): UltrasoundFactory() EX
11-15 13:25:34.020 I/CameraService(  234): Loaded "Qisda Ultrasound" camera module
11-15 13:25:34.020 V/UltrasoundFactory(  234): get_number_of_cameras() EN
11-15 13:25:34.020 I/AudioPolicyManagerBase(  234): loadAudioPolicyConfig() loaded /system/etc/audio_policy.conf
11-15 13:25:34.030 D/audio_hw_primary(  234): adev_open: enter
11-15 13:25:34.060 W/ResourceType(  501): Failure getting entry for 0x7f050000 (t=4 e=0) in package 0 (error -75)
11-15 13:25:34.062 W/PrintK  (  234): [    7.246095] hdmi_tx_get_audio_edid_blk: failed. HDMI is not connected/ready for audio
11-15 13:25:34.083 W/PrintK  (  234): [    7.267483] hdmi_tx_get_audio_edid_blk: failed. HDMI is not connected/ready for audio
11-15 13:25:34.150 E/audio_route(  234): Control 'SLIMBUS_0_RX Port Mixer INT_BT_SCO_TX' doesn't exist - skipping
11-15 13:25:34.150 E/audio_route(  234): Control 'INTERNAL_BT_SCO_RX Audio Mixer Multimedia6' doesn't exist - skipping
11-15 13:25:34.150 E/audio_route(  234): Control 'MultiMedia4 Mixer MI2S_TX' doesn't exist - skipping
11-15 13:25:34.150 E/audio_route(  234): Control 'RX4 DSM MUX' doesn't exist - skipping
11-15 13:25:34.150 E/audio_route(  234): Control 'RX6 DSM MUX' doesn't exist - skipping
11-15 13:25:34.150 E/audio_route(  234): Control 'RX4 DSM MUX' doesn't exist - skipping
11-15 13:25:34.150 E/audio_route(  234): Control 'RX6 DSM MUX' doesn't exist - skipping
11-15 13:25:34.159 W/PrintK  (  234): [    7.343429] msm_pcm_volume_ctl_get substream runtime not found
11-15 13:25:34.159 W/PrintK  (  234): [    7.343492] msm_pcm_volume_ctl_get substream runtime not found
11-15 13:25:34.159 W/PrintK  (  234): [    7.343639] msm_pcm_volume_ctl_get substream runtime not found
11-15 13:25:34.160 W/PrintK  (  234): [    7.343951] msm_pcm_volume_ctl_get substream runtime not found
11-15 13:25:34.170 D/msm8974_platform(  234): platform_init: Opened sound card:0
11-15 13:25:34.170 D/ACDB-LOADER(  234): ACDB -> Load file: /etc/acdbdata/MTP/MTP_Bluetooth_cal.acdb
11-15 13:25:34.170 D/ACDB-LOADER(  234): ACDB -> Load file: /etc/acdbdata/MTP/MTP_General_cal.acdb
11-15 13:25:34.170 D/ACDB-LOADER(  234): ACDB -> Load file: /etc/acdbdata/MTP/MTP_Global_cal.acdb
11-15 13:25:34.170 D/ACDB-LOADER(  234): ACDB -> Load file: /etc/acdbdata/MTP/MTP_Handset_cal.acdb
11-15 13:25:34.170 D/ACDB-LOADER(  234): ACDB -> Load file: /etc/acdbdata/MTP/MTP_Hdmi_cal.acdb
11-15 13:25:34.170 D/ACDB-LOADER(  234): ACDB -> Load file: /etc/acdbdata/MTP/MTP_Headset_cal.acdb
11-15 13:25:34.170 D/ACDB-LOADER(  234): ACDB -> Load file: /etc/acdbdata/MTP/MTP_Speaker_cal.acdb
11-15 13:25:34.170 D/ACDB-LOADER(  234): ACDB -> ACDB_CMD_INITIALIZE_V2
11-15 13:25:34.180 D/        (  234): [ACDB Command]->SW Minor/Major/Revision version mismatch warning /etc/acdbdata/MTP/MTP_Bluetooth_cal.acdb
11-15 13:25:34.180 D/        (  234): [ACDB Command]->ACDB Sw Major = 3, ACDB Sw Minor = 0, ACDB Sw Revision = 0
11-15 13:25:34.180 D/        (  234): [ACDB Command]->ACDB File Major = 3, ACDB File Minor = 0, ACDB File Revision = 2
11-15 13:25:34.180 D/        (  234): [ACDB Command]->SW Minor/Major/Revision version mismatch warning /etc/acdbdata/MTP/MTP_General_cal.acdb
11-15 13:25:34.180 D/        (  234): [ACDB Command]->ACDB Sw Major = 3, ACDB Sw Minor = 0, ACDB Sw Revision = 0
11-15 13:25:34.180 D/        (  234): [ACDB Command]->ACDB File Major = 3, ACDB File Minor = 0, ACDB File Revision = 2
11-15 13:25:34.180 D/        (  234): [ACDB Command]->SW Minor/Major/Revision version mismatch warning /etc/acdbdata/MTP/MTP_Global_cal.acdb
11-15 13:25:34.180 D/        (  234): [ACDB Command]->ACDB Sw Major = 3, ACDB Sw Minor = 0, ACDB Sw Revision = 0
11-15 13:25:34.180 D/        (  234): [ACDB Command]->ACDB File Major = 3, ACDB File Minor = 0, ACDB File Revision = 2
11-15 13:25:34.180 D/        (  234): [ACDB Command]->SW Minor/Major/Revision version mismatch warning /etc/acdbdata/MTP/MTP_Handset_cal.acdb
11-15 13:25:34.180 D/        (  234): [ACDB Command]->ACDB Sw Major = 3, ACDB Sw Minor = 0, ACDB Sw Revision = 0
11-15 13:25:34.180 D/        (  234): [ACDB Command]->ACDB File Major = 3, ACDB File Minor = 0, ACDB File Revision = 2
11-15 13:25:34.180 D/        (  234): [ACDB Command]->SW Minor/Major/Revision version mismatch warning /etc/acdbdata/MTP/MTP_Hdmi_cal.acdb
11-15 13:25:34.180 D/        (  234): [ACDB Command]->ACDB Sw Major = 3, ACDB Sw Minor = 0, ACDB Sw Revision = 0
11-15 13:25:34.180 D/        (  234): [ACDB Command]->ACDB File Major = 3, ACDB File Minor = 0, ACDB File Revision = 2
11-15 13:25:34.180 D/        (  234): [ACDB Command]->SW Minor/Major/Revision version mismatch warning /etc/acdbdata/MTP/MTP_Headset_cal.acdb
11-15 13:25:34.180 D/        (  234): [ACDB Command]->ACDB Sw Major = 3, ACDB Sw Minor = 0, ACDB Sw Revision = 0
11-15 13:25:34.180 D/        (  234): [ACDB Command]->ACDB File Major = 3, ACDB File Minor = 0, ACDB File Revision = 2
11-15 13:25:34.180 D/        (  234): [ACDB Command]->SW Minor/Major/Revision version mismatch warning /etc/acdbdata/MTP/MTP_Speaker_cal.acdb
11-15 13:25:34.180 D/        (  234): [ACDB Command]->ACDB Sw Major = 3, ACDB Sw Minor = 0, ACDB Sw Revision = 0
11-15 13:25:34.180 D/        (  234): [ACDB Command]->ACDB File Major = 3, ACDB File Minor = 0, ACDB File Revision = 2
11-15 13:25:34.180 D/ACDB-LOADER(  234): ACDB -> ACPH INIT
11-15 13:25:34.180 D/        (  234): [ACPH]->Online service registered with ACPH
11-15 13:25:34.180 D/        (  234): [ACPH]->ACPH init success
11-15 13:25:34.180 D/ACDB-LOADER(  234): ACDB -> RTAC INIT
11-15 13:25:34.180 D/        (  234): [ACPH]->DSP RTC service registered with ACPH
11-15 13:25:34.180 D/ACDB-LOADER(  234): ACDB -> ADIE RTAC INIT
11-15 13:25:34.180 D/        (  234): [ACPH]->ADIE RTC service registered with ACPH
11-15 13:25:34.180 D/ACDB-LOADER(  234): No existing ION info in ACDB driver
11-15 13:25:34.180 D/ACDB-LOADER(  234): ACDB -> ION_IOC_ALLOC
11-15 13:25:34.180 D/ACDB-LOADER(  234): ACDB -> ION_IOC_SHARE
11-15 13:25:34.180 D/ACDB-LOADER(  234): ACDB -> MMAP ADDR
11-15 13:25:34.180 D/ACDB-LOADER(  234): ACDB -> register MEM to ACDB driver: 0x7e8da000
11-15 13:25:34.180 D/ACDB-LOADER(  234): ACDB -> send_asm_topology
11-15 13:25:34.180 D/ACDB-LOADER(  234): ACDB -> ACDB_CMD_GET_AUDPROC_STREAM_TOPOLOGY_ID
11-15 13:25:34.180 D/ACDB-LOADER(  234): ACDB -> send_adm_custom_topology
11-15 13:25:34.180 D/ACDB-LOADER(  234): ACDB -> ACDB_CMD_GET_AUDIO_COPP_TOPOLOGIES
11-15 13:25:34.180 D/        (  234): ACDBFILE_MGR: Property for the pid 00012E47 not found
11-15 13:25:34.180 D/        (  234): ACDB_COMMAND: Failed to fetch the property info for pid 00012E47 
11-15 13:25:34.180 E/ACDB-LOADER(  234): Error: ACDB get adm topologies returned = -18
11-15 13:25:34.180 D/ACDB-LOADER(  234): ACDB -> AUDIO_SET_ADM_CUSTOM_TOPOLOGY
11-15 13:25:34.180 D/ACDB-LOADER(  234): ACDB -> send_asm_custom_topology
11-15 13:25:34.180 D/ACDB-LOADER(  234): ACDB -> ACDB_CMD_GET_AUDIO_POPP_TOPOLOGIES
11-15 13:25:34.180 D/ACDB-LOADER(  234): ACDB -> AUDIO_SET_ASM_CUSTOM_TOPOLOGY
11-15 13:25:34.180 D/ACDB-LOADER(  234): send mbhc data
11-15 13:25:34.198 W/PrintK  (  234): [    7.382352] msm_audio_ion_import: DMA Buf name=audio_acdb_client, fd=26 handle=f4675c00
11-15 13:25:34.240 W/PackageParser(  501): No actions in intent filter at /system/app/Bluetooth.apk Binary XML file line #227
11-15 13:25:34.240 W/PackageParser(  501): Unknown element under <application>: uses-feature at /system/app/BluetoothExt.apk Binary XML file line #55
11-15 13:25:34.240 W/PackageParser(  501): No actions in intent filter at /system/app/BluetoothExt.apk Binary XML file line #82
11-15 13:25:34.240 W/PackageParser(  501): No actions in intent filter at /system/app/BluetoothExt.apk Binary XML file line #106
11-15 13:25:34.240 W/PackageParser(  501): No actions in intent filter at /system/app/BluetoothExt.apk Binary XML file line #130
11-15 13:25:34.240 W/PackageParser(  501): No actions in intent filter at /system/app/BluetoothExt.apk Binary XML file line #157
11-15 13:25:34.490 D/ACDB-LOADER(  234): ACDB -> ACDB_CMD_GET_ANC_SETTING
11-15 13:25:34.490 D/ACDB-LOADER(  234): ACDB -> ACDB_CMD_GET_ANC_SETTING
11-15 13:25:34.490 D/ACDB-LOADER(  234): ACDB -> ACDB_CMD_GET_ANC_SETTING
11-15 13:25:34.490 D/ACDB-LOADER(  234): ACDB -> ACDB_CMD_GET_ANC_SETTING
11-15 13:25:34.490 D/ACDB-LOADER(  234): ACDB -> ACDB_CMD_GET_ANC_SETTING
11-15 13:25:34.490 D/ACDB-LOADER(  234): ACDB -> ACDB_CMD_GET_ANC_SETTING
11-15 13:25:34.490 D/ACDB-LOADER(  234): ACDB -> ACDB_CMD_GET_ANC_SETTING
11-15 13:25:34.490 D/ACDB-LOADER(  234): ACDB -> init done!
11-15 13:25:34.490 D/platform_parser(  234): platform_info_init: Failed to open /system/etc/platform_info.xml, using defaults.
11-15 13:25:34.490 D/audio_hw_spkr_prot(  234): audio_extn_spkr_prot_init: Initialize speaker protection module
11-15 13:25:34.490 D/audio_hw_spkr_prot(  234): audio_extn_spkr_prot_init: Speaker protection disabled
11-15 13:25:34.490 I/AudioFlinger(  234): loadHwModule() Loaded primary audio interface from QCOM Audio HAL (audio) handle 1
11-15 13:25:34.490 I/AudioFlinger(  234): HAL output buffer size 960 frames, normal mix buffer size 960 frames
11-15 13:25:34.490 D/AudioFlinger(  234): DsNativeInterface: Creating new instance.
11-15 13:25:34.490 E/AudioFlinger(  234): DsNativeInterface: Fail to open libds_native.so
11-15 13:25:34.500 I/AudioMixer(  234): found effect "Multichannel Downmix To Stereo" from The Android Open Source Project
11-15 13:25:34.500 I/AudioFlinger(  234): Using module 1 has the primary audio interface
11-15 13:25:34.500 I/AudioFlinger(  234): AudioFlinger's thread 0x7e88b008 ready to run
11-15 13:25:34.500 D/audio_hw_primary(  234): out_set_parameters: enter: usecase(0: deep-buffer-playback) kvpairs: routing=2
11-15 13:25:34.500 D/audio_hw_extn(  234): audio_extn_set_anc_parameters: anc_enabled:0
11-15 13:25:34.500 I/AudioFlinger(  234): HAL output buffer size 240 frames, normal mix buffer size 960 frames
11-15 13:25:34.500 I/AudioMixer(  234): found effect "Multichannel Downmix To Stereo" from The Android Open Source Project
11-15 13:25:34.500 E/MonoPipe(  234): Failed to fetch local time frequency when constructing a MonoPipe (res = -32).  getNextWriteTimestamp calls will be non-functional
11-15 13:25:34.500 W/AudioFlinger(  234): Policy SCHED_FIFO priority 3 is unavailable for pid 234 tid 540; error -1
11-15 13:25:34.500 I/AudioFlinger(  234): AudioFlinger's thread 0x7e6c5008 ready to run
11-15 13:25:34.500 D/audio_hw_primary(  234): out_set_parameters: enter: usecase(1: low-latency-playback) kvpairs: routing=2
11-15 13:25:34.510 I/audio_a2dp_hw(  234): adev_open:  adev_open in A2dp_hw module
11-15 13:25:34.510 I/AudioFlinger(  234): loadHwModule() Loaded a2dp audio interface from A2DP Audio HW HAL (audio) handle 4
11-15 13:25:34.510 I/AudioFlinger(  234): loadHwModule() Loaded usb audio interface from USB audio HW HAL (audio) handle 5
11-15 13:25:34.510 I/r_submix(  234): adev_open(name=audio_hw_if)
11-15 13:25:34.510 I/r_submix(  234): adev_init_check()
11-15 13:25:34.510 I/AudioFlinger(  234): loadHwModule() Loaded r_submix audio interface from Wifi Display audio HAL (audio) handle 6
11-15 13:25:34.510 I/AudioPolicyService(  234): Loaded audio policy from LEGACY Audio Policy HAL (audio_policy)
11-15 13:25:34.520 W/Binder  (  501): Caught a RuntimeException from the binder stub implementation.
11-15 13:25:34.520 W/Binder  (  501): java.lang.NullPointerException
11-15 13:25:34.520 W/Binder  (  501): 	at com.android.server.power.PowerManagerService.updateWakeLockWorkSource(PowerManagerService.java:806)
11-15 13:25:34.520 W/Binder  (  501): 	at com.android.server.power.PowerManagerService.updateWakeLockUids(PowerManagerService.java:797)
11-15 13:25:34.520 W/Binder  (  501): 	at android.os.IPowerManager$Stub.onTransact(IPowerManager.java:103)
11-15 13:25:34.520 W/Binder  (  501): 	at android.os.Binder.execTransact(Binder.java:404)
11-15 13:25:34.520 W/Binder  (  501): 	at dalvik.system.NativeStart.run(Native Method)
11-15 13:25:34.520 W/Binder  (  501): Caught a RuntimeException from the binder stub implementation.
11-15 13:25:34.520 W/Binder  (  501): java.lang.NullPointerException
11-15 13:25:34.520 W/Binder  (  501): 	at com.android.server.power.PowerManagerService.updateWakeLockWorkSource(PowerManagerService.java:806)
11-15 13:25:34.520 W/Binder  (  501): 	at com.android.server.power.PowerManagerService.updateWakeLockUids(PowerManagerService.java:797)
11-15 13:25:34.520 W/Binder  (  501): 	at android.os.IPowerManager$Stub.onTransact(IPowerManager.java:103)
11-15 13:25:34.520 W/Binder  (  501): 	at android.os.Binder.execTransact(Binder.java:404)
11-15 13:25:34.520 W/Binder  (  501): 	at dalvik.system.NativeStart.run(Native Method)
11-15 13:25:34.560 D/PackageManager(  501): No files in app dir /vendor/app
11-15 13:25:34.570 I/PackageManager(  501): Time to scan packages: 0.672 seconds
11-15 13:25:34.570 W/PackageManager(  501): Removing dangling permission: com.qualcomm.permission.INTERFACE_RADIO from package null
11-15 13:25:34.570 W/PackageManager(  501): Removing dangling permission: com.qualcomm.permission.INTERFACE_NETRAW from package null
11-15 13:25:34.570 W/PackageManager(  501): Removing dangling permission: com.qualcomm.permission.IZAT from package null
11-15 13:25:34.570 W/PackageManager(  501): Removing dangling permission: com.qualcomm.permission.INTERFACE_DIAG from package null
11-15 13:25:34.570 W/PackageManager(  501): Unknown permission android.permission.ACCESS_DOWNLOAD_MANAGER in package com.android.defcontainer
11-15 13:25:34.570 W/PackageManager(  501): Unknown permission android.permission.ACCESS_ALL_DOWNLOADS in package com.android.defcontainer
11-15 13:25:34.570 W/PackageManager(  501): Unknown permission android.permission.DOWNLOAD_WITHOUT_NOTIFICATION in package com.android.inputmethod.latin
11-15 13:25:34.570 W/PackageManager(  501): Unknown permission com.qualcomm.permission.wfd.QC_WFD in package com.qualcomm.qti.services.secureui
11-15 13:25:34.570 W/PackageManager(  501): Unknown permission com.google.android.gallery3d.permission.GALLERY_PROVIDER in package com.android.bluetooth
11-15 13:25:34.570 W/PackageManager(  501): Unknown permission com.android.gallery3d.permission.GALLERY_PROVIDER in package com.android.bluetooth
11-15 13:25:34.570 W/PackageManager(  501): Unknown permission android.permission.MMS_SEND_OUTBOX_MSG in package com.android.bluetooth
11-15 13:25:34.570 W/PackageManager(  501): Unknown permission android.permission.ACCESS_DOWNLOAD_MANAGER in package com.android.browser
11-15 13:25:34.570 W/PackageManager(  501): Unknown permission android.permission.SEND_DOWNLOAD_COMPLETED_INTENTS in package com.android.browser
11-15 13:25:34.570 W/PackageManager(  501): Unknown permission android.permission.MMS_PUSH in package org.codeaurora.bluetooth
11-15 13:25:34.570 W/PackageManager(  501): Unknown permission com.google.android.gallery3d.permission.PICASA_STORE in package com.android.dreams.phototable
11-15 13:25:34.570 W/PackageManager(  501): Unknown permission com.google.android.googleapps.permission.GOOGLE_AUTH in package com.android.settings
11-15 13:25:34.570 W/PackageManager(  501): Unknown permission android.permission.ACCESS_DOWNLOAD_MANAGER in package com.android.settings
11-15 13:25:34.570 W/PackageManager(  501): Unknown permission com.android.vending.BILLING in package com.emoji.keyboard.touchpal
11-15 13:25:34.570 W/PackageManager(  501): Not granting permission android.permission.DELETE_PACKAGES to package com.svox.pico (protectionLevel=18 flags=0x8be45)
11-15 13:25:34.570 W/PackageManager(  501): Unknown permission android.permission.DOWNLOAD_WITHOUT_NOTIFICATION in package com.android.email
11-15 13:25:34.655 V/PrintK  (  162): [    7.839608] wcnss: NV bin size: 29812, total_fragments: 10
11-15 13:25:34.655 W/PrintK  (  162): [    7.839668] wcnss: no space available for smd frame
11-15 13:25:34.678 W/PrintK  (  162): [    7.862773] wcnss: no space available for smd frame
11-15 13:25:34.690 D/dalvikvm(  501): GC_EXPLICIT freed 2460K, 60% free 4479K/10968K, paused 2ms+2ms, total 22ms
11-15 13:25:34.690 I/SystemServer(  501): Entropy Mixer
11-15 13:25:34.690 I/EntropyMixer(  501): Writing entropy...
11-15 13:25:34.700 I/SystemServer(  501): User Service
11-15 13:25:34.700 I/SystemServer(  501): Account Manager
11-15 13:25:34.708 W/PrintK  (  162): [    7.892765] wcnss: no space available for smd frame
11-15 13:25:34.710 I/SystemServer(  501): Content Manager
11-15 13:25:34.710 I/SystemServer(  501): System Content Providers
11-15 13:25:34.730 I/SystemServer(  501): Lights Service
11-15 13:25:34.730 I/SystemServer(  501): Battery Service
11-15 13:25:34.730 I/SystemServer(  501): Vibrator Service
11-15 13:25:34.738 W/PrintK  (  162): [    7.922770] wcnss: no space available for smd frame
11-15 13:25:34.740 E/ConsumerIrService(  501): Can't open consumer IR HW Module, error: -2
11-15 13:25:34.740 W/libsuspend(  501): Error writing 'on' to /sys/power/state: Invalid argument
11-15 13:25:34.740 I/libsuspend(  501): Selected autosleep
11-15 13:25:34.740 I/QCOM PowerHAL(  501): Got set_interactive hint
11-15 13:25:34.740 D/PermissionCache(  230): checking android.permission.ACCESS_SURFACE_FLINGER for uid=1000 => granted (228 us)
11-15 13:25:34.740 D/SurfaceFlinger(  230): Screen acquired, type=0 flinger=0xb70b2450
11-15 13:25:34.740 D/SurfaceFlinger(  230):  screen was previously acquired
11-15 13:25:34.740 I/SystemServer(  501): Consumer IR Service
11-15 13:25:34.740 I/SystemServer(  501): Alarm Manager
11-15 13:25:34.740 I/SystemServer(  501): Init Watchdog
11-15 13:25:34.740 I/SystemServer(  501): Input Manager
11-15 13:25:34.740 I/InputManager(  501): Initializing input manager, mUseDevInputEventForAudioJack=true
11-15 13:25:34.740 I/SystemServer(  501): Window Manager
11-15 13:25:34.750 I/WindowManager(  501): No existing display settings /data/system/display_settings.xml; starting empty
11-15 13:25:34.760 D/EventHub(  501): No input device configuration file found for device 'USB2.0 Video Camera'.
11-15 13:25:34.760 D/BluetoothManagerService(  501): Loading stored name and address
11-15 13:25:34.760 D/BluetoothManagerService(  501): Stored bluetooth Name=InnoSight,Address=1C:E1:92:49:80:46
11-15 13:25:34.760 W/EventHub(  501): Unable to disable kernel key repeat for /dev/input/event5: Function not implemented
11-15 13:25:34.760 I/EventHub(  501): New device: id=1, fd=88, path='/dev/input/event5', name='USB2.0 Video Camera', classes=0x80000001, configuration='', keyLayout='/system/usr/keylayout/Generic.kl', keyCharacterMap='/system/usr/keychars/Generic.kcm', builtinKeyboard=false, usingSuspendBlockIoctl=true, usingClockIoctl=true
11-15 13:25:34.760 I/WindowManager(  501): No keyguard interface!
11-15 13:25:34.760 I/InputManager(  501): Starting input manager
11-15 13:25:34.760 I/SystemServer(  501): Bluetooth Manager Service
11-15 13:25:34.760 I/SystemServer(  501): Input Method Service
11-15 13:25:34.760 W/InputMethodManagerService(  501): Couldn't create dir.: /data/system/inputmethod
11-15 13:25:34.760 I/EventHub(  501): New device: id=2, fd=89, path='/dev/input/event4', name='eGalax_Touch_Screen', classes=0x14, configuration='/system/usr/idc/eGalax_Touch_Screen.idc', keyLayout='', keyCharacterMap='', builtinKeyboard=false, usingSuspendBlockIoctl=true, usingClockIoctl=true
11-15 13:25:34.760 E/EventHub(  501): could not get driver version for /dev/input/mouse0, Not a typewriter
11-15 13:25:34.778 W/PrintK  (  162): [    7.962548] wcnss: not setting up vbatt
11-15 13:25:34.800 D/EventHub(  501): No input device configuration file found for device 'apq8074-taiko-db-snd-card Headset Jack'.
11-15 13:25:34.800 I/EventHub(  501): New device: id=3, fd=93, path='/dev/input/event3', name='apq8074-taiko-db-snd-card Headset Jack', classes=0x80, configuration='', keyLayout='', keyCharacterMap='', builtinKeyboard=false, usingSuspendBlockIoctl=true, usingClockIoctl=true
11-15 13:25:34.800 D/EventHub(  501): No input device configuration file found for device 'apq8074-taiko-db-snd-card Button Jack'.
11-15 13:25:34.800 W/EventHub(  501): Unable to disable kernel key repeat for /dev/input/event2: Function not implemented
11-15 13:25:34.800 I/EventHub(  501): New device: id=4, fd=95, path='/dev/input/event2', name='apq8074-taiko-db-snd-card Button Jack', classes=0x41, configuration='', keyLayout='/system/usr/keylayout/Generic.kl', keyCharacterMap='/system/usr/keychars/Generic.kcm', builtinKeyboard=false, usingSuspendBlockIoctl=true, usingClockIoctl=true
11-15 13:25:34.800 D/EventHub(  501): No input device configuration file found for device 'qpnp_pon'.
11-15 13:25:34.800 W/EventHub(  501): Unable to disable kernel key repeat for /dev/input/event0: Function not implemented
11-15 13:25:34.800 I/EventHub(  501): New device: id=5, fd=96, path='/dev/input/event0', name='qpnp_pon', classes=0x1, configuration='', keyLayout='/system/usr/keylayout/Generic.kl', keyCharacterMap='/system/usr/keychars/Generic.kcm', builtinKeyboard=false, usingSuspendBlockIoctl=true, usingClockIoctl=true
11-15 13:25:34.800 E/EventHub(  501): could not get driver version for /dev/input/mice, Not a typewriter
11-15 13:25:34.800 D/EventHub(  501): No input device configuration file found for device 'gpio-keys'.
11-15 13:25:34.810 W/EventHub(  501): Unable to disable kernel key repeat for /dev/input/event1: Function not implemented
11-15 13:25:34.810 I/EventHub(  501): New device: id=6, fd=97, path='/dev/input/event1', name='gpio-keys', classes=0x1, configuration='', keyLayout='/system/usr/keylayout/gpio-keys.kl', keyCharacterMap='/system/usr/keychars/Generic.kcm', builtinKeyboard=false, usingSuspendBlockIoctl=true, usingClockIoctl=true
11-15 13:25:34.810 I/InputReader(  501): Device added: id=-1, name='Virtual', sources=0x00000301
11-15 13:25:34.810 I/InputReader(  501): Device added: id=6, name='gpio-keys', sources=0x00000101
11-15 13:25:34.810 I/InputReader(  501): Device added: id=5, name='qpnp_pon', sources=0x00000101
11-15 13:25:34.810 I/InputReader(  501): Device added: id=4, name='apq8074-taiko-db-snd-card Button Jack', sources=0x00000501
11-15 13:25:34.810 I/InputReader(  501): Device added: id=3, name='apq8074-taiko-db-snd-card Headset Jack', sources=0x80000000
11-15 13:25:34.810 I/InputReader(  501):   Touch device 'eGalax_Touch_Screen' could not query the properties of its associated display.  The device will be inoperable until the display size becomes available.
11-15 13:25:34.810 I/InputReader(  501): Device added: id=2, name='eGalax_Touch_Screen', sources=0x00001002
11-15 13:25:34.810 I/InputReader(  501): Device added: id=1, name='USB2.0 Video Camera', sources=0x00000101
11-15 13:25:34.810 E/InputManager-JNI(  501): An exception was thrown by callback 'notifyConfigurationChanged'.
11-15 13:25:34.810 E/InputManager-JNI(  501): java.lang.ArithmeticException: divide by zero
11-15 13:25:34.810 E/InputManager-JNI(  501): 	at com.android.internal.policy.impl.PhoneWindowManager.setInitialDisplaySize(PhoneWindowManager.java:1157)
11-15 13:25:34.810 E/InputManager-JNI(  501): 	at com.android.server.wm.WindowManagerService.configureDisplayPolicyLocked(WindowManagerService.java:7922)
11-15 13:25:34.810 E/InputManager-JNI(  501): 	at com.android.server.wm.WindowManagerService.reconfigureDisplayLocked(WindowManagerService.java:7900)
11-15 13:25:34.810 E/InputManager-JNI(  501): 	at com.android.server.wm.WindowManagerService.setForcedDisplaySizeLocked(WindowManagerService.java:7778)
11-15 13:25:34.810 E/InputManager-JNI(  501): 	at com.android.server.wm.WindowManagerService.setForcedDisplaySize(WindowManagerService.java:7715)
11-15 13:25:34.810 E/InputManager-JNI(  501): 	at com.android.server.wm.WindowManagerService.getBaseDisplaySize(WindowManagerService.java:7676)
11-15 13:25:34.810 E/InputManager-JNI(  501): 	at com.android.server.am.ProcessList.applyDisplaySize(ProcessList.java:182)
11-15 13:25:34.810 E/InputManager-JNI(  501): 	at com.android.server.am.ActivityManagerService.updateConfiguration(ActivityManagerService.java:14104)
11-15 13:25:34.810 E/InputManager-JNI(  501): 	at com.android.server.wm.WindowManagerService.sendNewConfiguration(WindowManagerService.java:6515)
11-15 13:25:34.810 E/InputManager-JNI(  501): 	at com.android.server.wm.InputMonitor.notifyConfigurationChanged(InputMonitor.java:340)
11-15 13:25:34.810 E/InputManager-JNI(  501): 	at com.android.server.input.InputManagerService.notifyConfigurationChanged(InputManagerService.java:1283)
11-15 13:25:34.810 E/InputManager-JNI(  501): 	at dalvik.system.NativeStart.run(Native Method)
11-15 13:25:34.810 I/WindowManager(  501): Using new display size: 0x0
11-15 13:25:34.830 D/PermissionCache(  230): checking android.permission.READ_FRAME_BUFFER for uid=1000 => granted (109 us)
11-15 13:25:34.830 I/SystemServer(  501): Accessibility Manager
11-15 13:25:34.830 I/WindowManager(  501): FORCED DISPLAY SIZE: 1366x768
11-15 13:25:34.830 I/WindowManager(  501): Using new display size: 1920x1080
11-15 13:25:34.870 I/ActivityManager(  501): Config changes=1df8 {1.0 ?mcc?mnc en_US ldltr sw768dp w1366dp h743dp 160dpi xlrg long land ?uimode ?night -touch -keyb/v/h -nav/h s.2}
11-15 13:25:34.880 I/WindowManager(  501): Screen frozen for +45ms due to new-config
11-15 13:25:34.880 I/ActivityManager(  501): Config changes=c08 {1.0 ?mcc?mnc en_US ldltr sw1080dp w1920dp h1055dp 160dpi xlrg long land ?uimode ?night finger -keyb/v/h -nav/h s.3}
11-15 13:25:34.880 I/SystemServer(  501): Mount Service
11-15 13:25:34.880 D/MountService(  501): got storage path: /storage/sdcard0 description: Internal storage primary: true removable: false emulated: true mtpReserve: 100 allowMassStorage: false maxFileSize: 0
11-15 13:25:34.880 D/MountService(  501): addVolumeLocked() StorageVolume:
11-15 13:25:34.880 D/MountService(  501):     mStorageId=65537 mPath=/storage/emulated/0 mDescriptionId=17040671 
11-15 13:25:34.880 D/MountService(  501):     mPrimary=true mRemovable=false mEmulated=true mMtpReserveSpace=100 
11-15 13:25:34.880 D/MountService(  501):     mAllowMassStorage=false mMaxFileSize=0 mOwner=UserHandle{0} mUuid=null 
11-15 13:25:34.880 D/MountService(  501):     mUserLabel=null mState=null 
11-15 13:25:34.880 D/MountService(  501): got storage path: /storage/sdcard1 description: SD card primary: false removable: true emulated: false mtpReserve: 0 allowMassStorage: true maxFileSize: 0
11-15 13:25:34.880 D/MountService(  501): addVolumeLocked() StorageVolume:
11-15 13:25:34.880 D/MountService(  501):     mStorageId=0 mPath=/storage/sdcard1 mDescriptionId=17040672 mPrimary=false 
11-15 13:25:34.880 D/MountService(  501):     mRemovable=true mEmulated=false mMtpReserveSpace=0 mAllowMassStorage=true 
11-15 13:25:34.880 D/MountService(  501):     mMaxFileSize=0 mOwner=null mUuid=null mUserLabel=null mState=null 
11-15 13:25:34.880 D/MountService(  501): got storage path: /storage/sata0 description: SATA primary: false removable: true emulated: false mtpReserve: 0 allowMassStorage: true maxFileSize: 0
11-15 13:25:34.880 D/MountService(  501): addVolumeLocked() StorageVolume:
11-15 13:25:34.880 D/MountService(  501):     mStorageId=0 mPath=/storage/sata0 mDescriptionId=17040673 mPrimary=false 
11-15 13:25:34.880 D/MountService(  501):     mRemovable=true mEmulated=false mMtpReserveSpace=0 mAllowMassStorage=true 
11-15 13:25:34.880 D/MountService(  501):     mMaxFileSize=0 mOwner=null mUuid=null mUserLabel=null mState=null 
11-15 13:25:34.880 D/MountService(  501): got storage path: /storage/usbdisk0 description: USBDISK0 primary: false removable: true emulated: false mtpReserve: 0 allowMassStorage: true maxFileSize: 0
11-15 13:25:34.880 D/MountService(  501): addVolumeLocked() StorageVolume:
11-15 13:25:34.880 D/MountService(  501):     mStorageId=0 mPath=/storage/usbdisk0 mDescriptionId=17040674 
11-15 13:25:34.880 D/MountService(  501):     mPrimary=false mRemovable=true mEmulated=false mMtpReserveSpace=0 
11-15 13:25:34.880 D/MountService(  501):     mAllowMassStorage=true mMaxFileSize=0 mOwner=null mUuid=null 
11-15 13:25:34.880 D/MountService(  501):     mUserLabel=null mState=null 
11-15 13:25:34.880 D/MountService(  501): got storage path: /storage/usbdisk1 description: USBDISK1 primary: false removable: true emulated: false mtpReserve: 0 allowMassStorage: true maxFileSize: 0
11-15 13:25:34.880 D/MountService(  501): addVolumeLocked() StorageVolume:
11-15 13:25:34.880 D/MountService(  501):     mStorageId=0 mPath=/storage/usbdisk1 mDescriptionId=17040675 
11-15 13:25:34.880 D/MountService(  501):     mPrimary=false mRemovable=true mEmulated=false mMtpReserveSpace=0 
11-15 13:25:34.880 D/MountService(  501):     mAllowMassStorage=true mMaxFileSize=0 mOwner=null mUuid=null 
11-15 13:25:34.880 D/MountService(  501):     mUserLabel=null mState=null 
11-15 13:25:34.880 D/MountService(  501): got storage path: /storage/usbdisk2 description: USBDISK2 primary: false removable: true emulated: false mtpReserve: 0 allowMassStorage: true maxFileSize: 0
11-15 13:25:34.880 D/MountService(  501): addVolumeLocked() StorageVolume:
11-15 13:25:34.880 D/MountService(  501):     mStorageId=0 mPath=/storage/usbdisk2 mDescriptionId=17040676 
11-15 13:25:34.880 D/MountService(  501):     mPrimary=false mRemovable=true mEmulated=false mMtpReserveSpace=0 
11-15 13:25:34.880 D/MountService(  501):     mAllowMassStorage=true mMaxFileSize=0 mOwner=null mUuid=null 
11-15 13:25:34.880 D/MountService(  501):     mUserLabel=null mState=null 
11-15 13:25:34.880 D/MountService(  501): got storage path: /storage/engine2 description: ENGINE2 primary: false removable: true emulated: false mtpReserve: 0 allowMassStorage: true maxFileSize: 0
11-15 13:25:34.880 D/MountService(  501): addVolumeLocked() StorageVolume:
11-15 13:25:34.880 D/MountService(  501):     mStorageId=0 mPath=/storage/engine2 mDescriptionId=17040677 mPrimary=false 
11-15 13:25:34.880 D/MountService(  501):     mRemovable=true mEmulated=false mMtpReserveSpace=0 mAllowMassStorage=true 
11-15 13:25:34.880 D/MountService(  501):     mMaxFileSize=0 mOwner=null mUuid=null mUserLabel=null mState=null 
11-15 13:25:34.880 D/MountService(  501): got storage path: /storage/engine3 description: ENGINE3 primary: false removable: true emulated: false mtpReserve: 0 allowMassStorage: true maxFileSize: 0
11-15 13:25:34.880 D/MountService(  501): addVolumeLocked() StorageVolume:
11-15 13:25:34.880 D/MountService(  501):     mStorageId=0 mPath=/storage/engine3 mDescriptionId=17040678 mPrimary=false 
11-15 13:25:34.880 D/MountService(  501):     mRemovable=true mEmulated=false mMtpReserveSpace=0 mAllowMassStorage=true 
11-15 13:25:34.880 D/MountService(  501):     mMaxFileSize=0 mOwner=null mUuid=null mUserLabel=null mState=null 
11-15 13:25:34.880 I/SystemServer(  501): LockSettingsService
11-15 13:25:34.887 V/PrintK  (  501): [    8.070977] lowmem_shrink: convert oom_adj to oom_score_adj:
11-15 13:25:34.887 V/PrintK  (  501): [    8.070993] oom_adj 0 => oom_score_adj 0
11-15 13:25:34.887 V/PrintK  (  501): [    8.070998] oom_adj 1 => oom_score_adj 58
11-15 13:25:34.887 V/PrintK  (  501): [    8.071009] oom_adj 2 => oom_score_adj 117
11-15 13:25:34.887 V/PrintK  (  501): [    8.071225] oom_adj 3 => oom_score_adj 176
11-15 13:25:34.887 V/PrintK  (  501): [    8.071230] oom_adj 9 => oom_score_adj 529
11-15 13:25:34.887 V/PrintK  (  501): [    8.071360] oom_adj 15 => oom_score_adj 1000
11-15 13:25:34.890 I/PackageManager(  501): No secure containers on sdcard
11-15 13:25:34.890 I/InputReader(  501): Reconfiguring input devices.  changes=0x00000004
11-15 13:25:34.890 I/InputReader(  501): Device reconfigured: id=2, name='eGalax_Touch_Screen', size 1920x1080, orientation 0, mode 1, display id 0
11-15 13:25:34.890 I/SystemServer(  501): Device Policy
11-15 13:25:34.890 I/SystemServer(  501): Status Bar
11-15 13:25:34.890 I/SystemServer(  501): Clipboard Service
11-15 13:25:34.890 W/ClipboardService(  501): No security bridge jar found, using default
11-15 13:25:34.890 I/SystemServer(  501): NetworkManagement Service
11-15 13:25:34.890 I/SystemServer(  501): Text Service Manager Service
11-15 13:25:34.890 W/MountService(  501): Duplicate state transition (unmounted -> unmounted) for /storage/sdcard1
11-15 13:25:34.890 W/MountService(  501): Duplicate state transition (unmounted -> unmounted) for /storage/sata0
11-15 13:25:34.890 W/MountService(  501): Duplicate state transition (unmounted -> unmounted) for /storage/usbdisk0
11-15 13:25:34.890 D/MountService(  501): volume state changed for /storage/usbdisk1 (unmounted -> removed)
11-15 13:25:34.890 W/MountService(  501): Duplicate state transition (unmounted -> unmounted) for /storage/usbdisk2
11-15 13:25:34.890 D/MountService(  501): volume state changed for /storage/engine2 (unmounted -> removed)
11-15 13:25:34.890 D/MountService(  501): volume state changed for /storage/engine3 (unmounted -> removed)
11-15 13:25:34.890 I/SystemServer(  501): NetworkStats Service
11-15 13:25:34.890 W/PackageManager(  501): Unknown permission android.permission.ACCESS_DOWNLOAD_MANAGER in package com.android.defcontainer
11-15 13:25:34.890 W/PackageManager(  501): Unknown permission android.permission.ACCESS_ALL_DOWNLOADS in package com.android.defcontainer
11-15 13:25:34.890 W/PackageManager(  501): Unknown permission android.permission.DOWNLOAD_WITHOUT_NOTIFICATION in package com.android.inputmethod.latin
11-15 13:25:34.890 W/PackageManager(  501): Unknown permission com.qualcomm.permission.wfd.QC_WFD in package com.qualcomm.qti.services.secureui
11-15 13:25:34.890 W/PackageManager(  501): Unknown permission com.google.android.gallery3d.permission.GALLERY_PROVIDER in package com.android.bluetooth
11-15 13:25:34.890 W/PackageManager(  501): Unknown permission com.android.gallery3d.permission.GALLERY_PROVIDER in package com.android.bluetooth
11-15 13:25:34.890 W/PackageManager(  501): Unknown permission android.permission.MMS_SEND_OUTBOX_MSG in package com.android.bluetooth
11-15 13:25:34.890 W/PackageManager(  501): Unknown permission android.permission.ACCESS_DOWNLOAD_MANAGER in package com.android.browser
11-15 13:25:34.890 W/PackageManager(  501): Unknown permission android.permission.SEND_DOWNLOAD_COMPLETED_INTENTS in package com.android.browser
11-15 13:25:34.900 W/PackageManager(  501): Unknown permission android.permission.MMS_PUSH in package org.codeaurora.bluetooth
11-15 13:25:34.900 I/SystemServer(  501): NetworkPolicy Service
11-15 13:25:34.900 W/PackageManager(  501): Unknown permission com.google.android.gallery3d.permission.PICASA_STORE in package com.android.dreams.phototable
11-15 13:25:34.900 W/PackageManager(  501): Unknown permission com.google.android.googleapps.permission.GOOGLE_AUTH in package com.android.settings
11-15 13:25:34.900 W/PackageManager(  501): Unknown permission android.permission.ACCESS_DOWNLOAD_MANAGER in package com.android.settings
11-15 13:25:34.900 I/SystemServer(  501): Wi-Fi P2pService
11-15 13:25:34.900 W/PackageManager(  501): Unknown permission com.android.vending.BILLING in package com.emoji.keyboard.touchpal
11-15 13:25:34.900 W/PackageManager(  501): Not granting permission android.permission.DELETE_PACKAGES to package com.svox.pico (protectionLevel=18 flags=0x8be45)
11-15 13:25:34.900 W/PackageManager(  501): Unknown permission android.permission.DOWNLOAD_WITHOUT_NOTIFICATION in package com.android.email
11-15 13:25:34.980 I/SystemServer(  501): Wi-Fi Service
11-15 13:25:35.009 D/WifiController(  501): isAirplaneModeOn = false, isWifiEnabled = false, isScanningAvailable = false
11-15 13:25:35.009 I/SystemServer(  501): QcConnectivity Service
11-15 13:25:35.019 D/ConnectivityServiceHSM(  501): ConnectivityServiceHSM entering DefaultConnectivityState
11-15 13:25:35.019 D/QcConnectivityService(  501): QcConnectivityService starting up
11-15 13:25:35.019 D/QcConnectivityService(  501): wifiOnly=true
11-15 13:25:35.019 D/QcConnectivityService(  501): networkAttributes - ignoring mobile as this dev is wifiOnly 0
11-15 13:25:35.019 D/QcConnectivityService(  501): networkAttributes - ignoring mobile as this dev is wifiOnly 2
11-15 13:25:35.019 D/QcConnectivityService(  501): networkAttributes - ignoring mobile as this dev is wifiOnly 3
11-15 13:25:35.019 D/QcConnectivityService(  501): networkAttributes - ignoring mobile as this dev is wifiOnly 4
11-15 13:25:35.019 D/QcConnectivityService(  501): networkAttributes - ignoring mobile as this dev is wifiOnly 5
