11-15 13:25:43.529 I/UI_ULTRASOUND( 1211): [Utility]readSerialNumber isTablet true out: SN201611115TEST
11-15 13:25:43.539 I/UI_ULTRASOUND( 1211): [Utility]readSerialNumber isTablet true out: SN201611115TEST
11-15 13:25:43.559 I/UI_ULTRASOUND( 1211): [Utility]readSerialNumber isTablet true out: SN201611115TEST
11-15 13:25:43.569 I/BootReceiver( 1211): ----result setAndSaveBootCount(): true
11-15 13:25:43.579 I/UI_ULTRASOUND( 1211): [LoginActivity]onCreate:
11-15 13:25:43.579 D/dalvikvm( 1211): No JNI_OnLoad found in /system/lib/libjni_qisdavivapro.so 0x418dc2b0, skipping init
11-15 13:25:43.579 D/PhoneStatusBar(  572): disable: < EXPAND* ICONS* ALERTS* TICKER* SYSTEM_INFO* back HOME* RECENT* CLOCK* search >
11-15 13:25:43.649 D/dalvikvm( 1211): GC_FOR_ALLOC freed 1005K, 16% free 9295K/10968K, paused 23ms, total 23ms
11-15 13:25:43.649 I/dalvikvm-heap( 1211): Grow heap (frag case) to 11.837MB for 736480-byte allocation
11-15 13:25:43.669 D/dalvikvm( 1211): GC_FOR_ALLOC freed 102K, 16% free 9916K/11688K, paused 14ms, total 16ms
11-15 13:25:43.669 I/dalvikvm-heap( 1211): Grow heap (frag case) to 12.444MB for 736480-byte allocation
11-15 13:25:43.679 I/UI_ULTRASOUND( 1211): [CameraManager]openCamera, isCameraRelease=true
11-15 13:25:43.679 I/Camera  ( 1211): open() EN
11-15 13:25:43.679 V/UltrasoundFactory(  234): get_camera_info() EN
11-15 13:25:43.679 V/UltrasoundFactory(  234): getInfo() EN
11-15 13:25:43.679 V/UltrasoundFactory(  234): getInfo: id = 0
11-15 13:25:43.679 V/US_UltrasoundHALBase(  234): UltrasoundHALBase::getInfo() EN
11-15 13:25:43.679 V/UltrasoundHALBasic(  234): getInfo
11-15 13:25:43.679 I/Camera  ( 1211): Camera(int cameraId) EN, cameraId=0
11-15 13:25:43.679 V/UltrasoundFactory(  234): get_camera_info() EN
11-15 13:25:43.679 V/UltrasoundFactory(  234): getInfo() EN
11-15 13:25:43.679 V/UltrasoundFactory(  234): getInfo: id = 0
11-15 13:25:43.679 V/US_UltrasoundHALBase(  234): UltrasoundHALBase::getInfo() EN
11-15 13:25:43.679 V/UltrasoundHALBasic(  234): getInfo
11-15 13:25:43.679 V/UltrasoundFactory(  234): get_camera_info() EN
11-15 13:25:43.679 V/UltrasoundFactory(  234): getInfo() EN
11-15 13:25:43.679 V/UltrasoundFactory(  234): getInfo: id = 0
11-15 13:25:43.679 V/US_UltrasoundHALBase(  234): UltrasoundHALBase::getInfo() EN
11-15 13:25:43.679 V/UltrasoundHALBasic(  234): getInfo
11-15 13:25:43.679 I/ExtendedUtils(  234): AV Sync late margin : Intended=40ms Using=0ms
11-15 13:25:43.679 I/AwesomePlayer(  234): setDataSource_l(URL suppressed)
11-15 13:25:43.689 D/ExtendedUtils(  234): extended extractor not needed, return default
11-15 13:25:43.699 W/AwesomePlayer(  234): Could not offload audio decode, try pcm offload
11-15 13:25:43.699 I/ExtendedUtils(  234): AV Sync late margin : Intended=40ms Using=0ms
11-15 13:25:43.699 I/AwesomePlayer(  234): setDataSource_l(URL suppressed)
11-15 13:25:43.709 D/ExtendedUtils(  234): extended extractor not needed, return default
11-15 13:25:43.709 W/AwesomePlayer(  234): Could not offload audio decode, try pcm offload
11-15 13:25:43.709 I/CameraClient(  234): Opening camera 0
11-15 13:25:43.709 V/UltrasoundFactory(  234): device_open() EN, mUltrasoundNum=1
11-15 13:25:43.709 V/UltrasoundFactory(  234): openQisdaUltrasound() EN
11-15 13:25:43.709 V/UltrasoundFactory(  234): openQisdaUltrasound: id = 0
11-15 13:25:43.709 V/US_UltrasoundHALBase(  234): UltrasoundHALBase::connectUltrasound() EN
11-15 13:25:43.709 I/US_QisdaUltrasound(  234): QisdaUltrasound::connectQisdaUltrasound() EN
11-15 13:25:43.709 D/US_ParametersController(  234): SetSystemStatus() uStatus = 512
11-15 13:25:43.709 D/US_ParametersController(  234): m_stScanningParameters.ScanningConfig->SystemStatus=512
11-15 13:25:43.709 I/US_ScanProcessController(  234): StartSystem
11-15 13:25:43.709 I/US_DataCommunication(  234): OpenDeviceHandle
11-15 13:25:43.709 D/US_DataCommunication(  234): Try to call USBControl
11-15 13:25:43.709 E/US_VivaProUSB(  234): Viva pro USB driver Ver:0x4F
11-15 13:25:43.719 D/US_VivaProUSB(  234): device found (FX3_NORMAL)
11-15 13:25:43.719 D/US_VivaProUSB(  234): LibUSB init Done
11-15 13:25:43.719 E/US_VivaProUSB(  234): InitUSB 2853 aID=11 bID=10
11-15 13:25:43.719 E/US_VivaProUSB(  234): Use Rev9 ADC parameter!
11-15 13:25:43.719 E/US_VivaProUSB(  234): FX3 Ver: 0x0025
11-15 13:25:43.719 E/US_VivaProUSB(  234): USBControl 1745 glInitCount=1 InitialDone=0 
11-15 13:25:43.739 E/US_VivaProUSB(  234): [FX3]Reg0 = 0x00 (0) Pass
11-15 13:25:43.739 E/US_VivaProUSB(  234): [FX3]Reg1 = 0x20 (0) Pass
11-15 13:25:43.739 E/US_VivaProUSB(  234): [FX3]Reg2 = 0x00 (0) Pass
11-15 13:25:43.739 E/US_VivaProUSB(  234): [FX3]Reg3 = 0x20 (0) Pass
11-15 13:25:43.739 E/US_VivaProUSB(  234): [FX3]Program_B  = 0, De-active
11-15 13:25:43.739 E/US_VivaProUSB(  234): [FX3]PGOOD_N    = 1, 12V Good
11-15 13:25:43.739 E/US_VivaProUSB(  234): [FX3]REBOOT     = 0, 12V On
11-15 13:25:43.739 E/US_VivaProUSB(  234): [FX3]FPGA_RESET = 1, De-active
11-15 13:25:43.739 E/US_VivaProUSB(  234): [FX3]MUX_SWITCH = 0
11-15 13:25:43.739 E/US_VivaProUSB(  234): [FX3]FPGA_READY = 1, Ready
11-15 13:25:43.739 E/US_VivaProUSB(  234): [FX3]9534_INT_N = 1
11-15 13:25:43.739 D/US_DataCommunication(  234): R=0
11-15 13:25:43.739 D/US_DataCommunication(  234): RestFPGA
11-15 13:25:43.739 E/US_VivaProUSB(  234): USBControl 1878 EP0_FPGA_Reset set 0
11-15 13:25:43.739 E/US_VivaProUSB(  234): exp_switch_s1s0, Reg0=0x02, Switch = FPGA A
11-15 13:25:43.739 E/US_VivaProUSB(  234): ReadADCCalibrationData, NHV_RAW =  3557
11-15 13:25:43.749 E/US_VivaProUSB(  234): exp_switch_s1s0, Reg0=0x00, Switch = FX3
11-15 13:25:43.749 D/US_DataCommunication(  234): R=0
11-15 13:25:43.749 E/US_VivaProUSB(  234): USBControl 1878 EP0_FPGA_Reset set 1
11-15 13:25:43.749 I/US_DataCommunication(  234): RestUSB
11-15 13:25:43.749 E/US_VivaProUSB(  234): USBControl 1849 InitialDone = 1 
11-15 13:25:43.749 E/US_VivaProUSB(  234): USBControl 1854 don't call Reset if data is flowing
11-15 13:25:43.749 D/US_DataCommunication(  234): R=0
11-15 13:25:43.750 I/PrintK  (  217): [   16.934585] MCU_Daemon: Send Data : F1 1A 00 00 00 D6 F2
11-15 13:25:43.749 I/US_ScanProcessController(  234): SyncLVDS
11-15 13:25:43.749 I/US_ParametersController(  234): AFETestIOMapping
11-15 13:25:43.749 I/US_ScanProcessController(  234): UpdateConfigSetting
11-15 13:25:43.749 D/US_ScanProcessController(  234): iTableType=20 iTableID=0x8 m_iRawDataSize=12
11-15 13:25:43.749 I/US_DataCommunication(  234): EngineCommandPacking
11-15 13:25:43.749 I/US_DataCommunication(  234): DataPacking_SPISetting
11-15 13:25:43.749 D/US_DataCommunication(  234): CheckSum=176 iSize=12
11-15 13:25:43.749 I/US_ScanProcessController(  234): HandleConfigSettingCallback
11-15 13:25:43.749 I/US_ScanProcessController(  234): AckStatusParser 176
11-15 13:25:43.749 E/US_VivaProUSB(  234): Engine Fan speed 0
11-15 13:25:43.749 E/US_VivaProUSB(  234): #### [B]    ,     ,    ,    ,    ,    ,    ,    ,    ,    ,    ,[P1][F0025][t27](ID=11,10)
11-15 13:25:43.749 E/US_VivaProUSB(  234): #### [A] -5654, 4892,    ,     ,    ,    ,    ,    ,2499,2499,2499,21790,-22911,    ,(-2,17,17)
11-15 13:25:43.759 I/HandWriteManager(  621): skip creating v5 package
11-15 13:25:43.759 I/HandWriteManager(  621): skip creating package
11-15 13:25:43.760 I/PrintK  (  217): [   16.944723] MCU_Daemon: Read Data : F1 1B 01 20 F2
11-15 13:25:43.799 I/US_ScanProcessController(  234): UpdateConfigSetting
11-15 13:25:43.799 D/US_ScanProcessController(  234): iTableType=4 iTableID=0x14 m_iRawDataSize=6
11-15 13:25:43.799 I/US_DataCommunication(  234): EngineCommandPacking
11-15 13:25:43.799 I/US_DataCommunication(  234): DataPacking_ScanningStates
11-15 13:25:43.799 D/US_DataCommunication(  234): CheckSum=40 iSize=6
11-15 13:25:43.799 I/US_ScanProcessController(  234): HandleConfigSettingCallback
11-15 13:25:43.799 I/US_ScanProcessController(  234): AckStatusParser 40
11-15 13:25:43.799 D/US_ScanProcessController(  234): LVDS_Sync....
11-15 13:25:43.799 I/PresentConfigUpdater(  621): delay time: 0
11-15 13:25:43.809 D/US_ScanProcessController(  234):  UpdateConfigSetting(UplaodStates)
11-15 13:25:43.809 I/US_ScanProcessController(  234): UpdateConfigSetting
11-15 13:25:43.809 D/US_ScanProcessController(  234): iTableType=5 iTableID=0x14 m_iRawDataSize=6
11-15 13:25:43.809 I/US_DataCommunication(  234): EngineCommandPacking
11-15 13:25:43.809 I/US_DataCommunication(  234): DataPacking_ScanningStates
11-15 13:25:43.809 D/US_DataCommunication(  234): CheckSum=136 iSize=6
11-15 13:25:43.809 I/US_ScanProcessController(  234): HandleConfigSettingCallback
11-15 13:25:43.809 I/US_ScanProcessController(  234): AckStatusParser 136
11-15 13:25:43.809 D/US_ScanProcessController(  234): ReceiveRawFrame(EngineStatus)
11-15 13:25:43.809 D/US_ScanProcessController(  234): UploadEngineStatus
11-15 13:25:43.809 D/US_ScanProcessController(  234): Engine status: 32769 2048
11-15 13:25:43.809 D/ExternalStorage( 1125): After updating volumes, found 3 active roots
11-15 13:25:43.809 D/US_ScanProcessController(  234): iReCheck=1 m_EngineStatus=134250497
11-15 13:25:43.809 I/US_ScanProcessController(  234): LVDS_Sync.... finished, m_EngineStatus&LVDS_Sync=1
11-15 13:25:43.809 I/US_ParametersController(  234): AFETestIOMapping
11-15 13:25:43.809 I/US_ScanProcessController(  234): UpdateConfigSetting
11-15 13:25:43.809 D/US_ScanProcessController(  234): iTableType=20 iTableID=0x8 m_iRawDataSize=12
11-15 13:25:43.809 I/US_DataCommunication(  234): EngineCommandPacking
11-15 13:25:43.809 I/US_DataCommunication(  234): DataPacking_SPISetting
11-15 13:25:43.809 D/US_DataCommunication(  234): CheckSum=186 iSize=12
11-15 13:25:43.809 I/US_ScanProcessController(  234): HandleConfigSettingCallback
11-15 13:25:43.809 I/US_ScanProcessController(  234): AckStatusParser 186
11-15 13:25:43.809 V/US_ScanProcessController(  234): pScanningConfigSetting->stPortID.iValue = 2
11-15 13:25:43.809 I/US_ScanProcessController(  234): UpdateConfigSetting
11-15 13:25:43.809 D/US_ScanProcessController(  234): iTableType=35 iTableID=0x10 m_iRawDataSize=7
11-15 13:25:43.809 I/US_DataCommunication(  234): EngineCommandPacking
11-15 13:25:43.809 I/US_DataCommunication(  234): DataPacking_PortConfig
11-15 13:25:43.809 D/US_DataCommunication(  234): CheckSum=207 iSize=7
11-15 13:25:43.809 I/US_ScanProcessController(  234): HandleConfigSettingCallback
11-15 13:25:43.809 I/US_ScanProcessController(  234): AckStatusParser 207
11-15 13:25:43.819 D/MediaScannerReceiver(  601): action: android.intent.action.MEDIA_MOUNTED path: /storage/usbdisk2
11-15 13:25:43.819 V/US_DataCommunication(  234): GetProbeStatus(PortID=0), pParams->AdcStatus->A0_PROBE_ADC1_RAW=4095, pParams->AdcStatus->A0_PROBE_ADC2_RAW=4095, pParams->AdcStatus->A0_PROBE_ADC3_RAW=4095
11-15 13:25:43.819 V/US_DataCommunication(  234): GetProbeStatus(), iVenderID=17, iProbeTYpe=17
11-15 13:25:43.819 V/US_DataCommunication(  234): GetProbeStatus(), pParams->ProbeStatus->ProbeID[0]=4095
11-15 13:25:43.819 I/US_ScanProcessController(  234): UpdateConfigSetting
11-15 13:25:43.819 D/US_ScanProcessController(  234): iTableType=35 iTableID=0x10 m_iRawDataSize=7
11-15 13:25:43.819 I/US_DataCommunication(  234): EngineCommandPacking
11-15 13:25:43.819 I/US_DataCommunication(  234): DataPacking_PortConfig
11-15 13:25:43.819 D/US_DataCommunication(  234): CheckSum=206 iSize=7
11-15 13:25:43.819 I/US_ScanProcessController(  234): HandleConfigSettingCallback
11-15 13:25:43.819 I/US_ScanProcessController(  234): AckStatusParser 206
11-15 13:25:43.819 V/US_DataCommunication(  234): GetProbeStatus(PortID=1), pParams->AdcStatus->A0_PROBE_ADC1_RAW=4095, pParams->AdcStatus->A0_PROBE_ADC2_RAW=4095, pParams->AdcStatus->A0_PROBE_ADC3_RAW=4095
11-15 13:25:43.819 V/US_DataCommunication(  234): GetProbeStatus(), iVenderID=17, iProbeTYpe=17
11-15 13:25:43.819 V/US_DataCommunication(  234): GetProbeStatus(), pParams->ProbeStatus->ProbeID[1]=4095
11-15 13:25:43.819 I/US_ScanProcessController(  234): UpdateConfigSetting
11-15 13:25:43.819 D/US_ScanProcessController(  234): iTableType=35 iTableID=0x10 m_iRawDataSize=7
11-15 13:25:43.819 I/US_DataCommunication(  234): EngineCommandPacking
11-15 13:25:43.819 I/US_DataCommunication(  234): DataPacking_PortConfig
11-15 13:25:43.819 D/US_DataCommunication(  234): CheckSum=204 iSize=7
11-15 13:25:43.819 I/US_ScanProcessController(  234): HandleConfigSettingCallback
11-15 13:25:43.819 I/US_ScanProcessController(  234): AckStatusParser 204
11-15 13:25:43.819 V/US_DataCommunication(  234): GetProbeStatus(PortID=2), pParams->AdcStatus->A0_PROBE_ADC1_RAW=4095, pParams->AdcStatus->A0_PROBE_ADC2_RAW=4095, pParams->AdcStatus->A0_PROBE_ADC3_RAW=4095
11-15 13:25:43.819 V/US_DataCommunication(  234): GetProbeStatus(), iVenderID=17, iProbeTYpe=17
11-15 13:25:43.819 V/US_DataCommunication(  234): GetProbeStatus(), pParams->ProbeStatus->ProbeID[2]=4095
11-15 13:25:43.819 I/US_ScanProcessController(  234): UpdateConfigSetting
11-15 13:25:43.819 D/US_ScanProcessController(  234): iTableType=35 iTableID=0x10 m_iRawDataSize=7
11-15 13:25:43.819 I/US_DataCommunication(  234): EngineCommandPacking
11-15 13:25:43.819 I/US_DataCommunication(  234): DataPacking_PortConfig
11-15 13:25:43.819 D/US_DataCommunication(  234): CheckSum=196 iSize=7
11-15 13:25:43.819 I/US_ScanProcessController(  234): HandleConfigSettingCallback
11-15 13:25:43.819 I/US_ScanProcessController(  234): AckStatusParser 196
11-15 13:25:43.829 V/US_DataCommunication(  234): GetProbeStatus(PortID=2), pParams->AdcStatus->A0_PROBE_ADC1_RAW=4095, pParams->AdcStatus->A0_PROBE_ADC2_RAW=4095, pParams->AdcStatus->A0_PROBE_ADC3_RAW=4095
11-15 13:25:43.829 V/US_DataCommunication(  234): GetProbeStatus(), iVenderID=17, iProbeTYpe=17
11-15 13:25:43.829 V/US_DataCommunication(  234): GetProbeStatus(), pParams->ProbeStatus->ProbeID[2]=4095
11-15 13:25:43.829 D/US_ScanProcessController(  234): 2016-11-15 13:25:43  FPSChange: 0 => 30
11-15 13:25:43.829 D/US_ScanProcessController(  234): pScanningConfigSetting->stProbeID.iValue=3172 pScanningConfigSetting->usProbeType=1
11-15 13:25:43.829 I/US_ParametersController(  234): ReleaseConfigFileParameter
11-15 13:25:43.829 I/US_ParametersController(  234): ReleaseBeamformerConfigSetting
11-15 13:25:43.829 I/US_ParametersController(  234): ReleasePresetConfigSetting
11-15 13:25:43.829 D/US_MXMLParser(  234): Release XML memory : 0
11-15 13:25:43.829 I/US_ParametersController(  234): ReleasePresetConfigSetting
11-15 13:25:43.829 I/US_ParametersController(  234): ReleasePresetListSetting
11-15 13:25:43.829 I/US_ParametersController(  234): ReleaseProbeConfigSetting
11-15 13:25:43.829 D/US_MXMLParser(  234): Release XML memory : 0
11-15 13:25:43.829 I/US_ParametersController(  234): GetProbeConfigFileName
11-15 13:25:43.829 D/US_ParametersController(  234): m_stScanningParameters.ScanningConfig->ProbeConfigFileName=//system//data//US//xml//ProbeConfig_LA_ID3172_CH64.xml;
11-15 13:25:43.859 D/US_MXMLParser(  234): Ex:ReadConfigFile
11-15 13:25:43.859 D/US_ParametersController(  234): ReadProbeConfigFile OK
11-15 13:25:43.859 I/US_ParametersController(  234): AFERegisterMapping
11-15 13:25:43.859 D/US_ParametersController(  234): AFERegisterMapping NumOfSetting: 38
11-15 13:25:43.859 I/US_ParametersController(  234): GetPresetListFileName
11-15 13:25:43.859 D/US_ParametersController(  234): PresetListFileNameFileName=/system/data/US/xml/ProbeConfig_LA_ID3172_PresetList.xml
11-15 13:25:43.859 D/US_MXMLParser(  234): Ex:ReadConfigFile
11-15 13:25:43.859 D/US_ParametersController(  234): Support Exam 0: Carotid
11-15 13:25:43.859 D/US_ParametersController(  234): Support Exam 1: Arterial
11-15 13:25:43.859 D/US_ParametersController(  234): Support Exam 2: Venous
11-15 13:25:43.859 D/US_ParametersController(  234): Support Exam 3: Thyroid
11-15 13:25:43.859 D/US_ParametersController(  234): Support Exam 4: Breast
11-15 13:25:43.859 D/US_ParametersController(  234): Support Exam 5: Bowel
11-15 13:25:43.869 D/US_ParametersController(  234): Support Exam 6: Musculoskeletal
11-15 13:25:43.869 D/US_ParametersController(  234): Support Exam 7: Nerve
11-15 13:25:43.869 D/US_ParametersController(  234): Support Exam 8: Thyroid_OOB
11-15 13:25:43.869 D/US_ParametersController(  234): Support Exam 9: Thyroid_OOB_PW
11-15 13:25:43.869 D/US_MXMLParser(  234): Release XML memory : 0
11-15 13:25:43.879 D/US_ParametersController(  234): PresetConfigFileName=/system/data/US/xml/PresetConfig_LA_ID3172_CH64_Thyroid.xml
11-15 13:25:43.879 I/US_ParametersController(  234): GetPresetConfigSetting
11-15 13:25:43.879 D/US_ParametersController(  234): ReadPresetConfigFile() /system/data/US/xml/PresetConfig_LA_ID3172_CH64_Thyroid.xml++
11-15 13:25:43.879 D/dalvikvm(  621): GC_CONCURRENT freed 2554K, 57% free 4776K/10968K, paused 2ms+3ms, total 32ms
11-15 13:25:43.899 D/US_MXMLParser(  234): Ex:ReadConfigFile
11-15 13:25:43.899 D/US_ParametersController(  234): ReadPresetConfigFile OK
11-15 13:25:43.899 D/US_ParametersController(  234): ScanningConfig->fTGCDepthGainDB_AFE=2.100000
11-15 13:25:43.899 D/US_ParametersController(  234): GetPresetConfigSetting: iPreviousSizeOfSupportedValues=0,ScanningConfig->stSpeckleReduction.iSizeOfSupportedValues=5
11-15 13:25:43.909 D/US_ParametersController(  234): GetPresetConfigSetting: iPreviousSizeOfSupportedValuesParams=0,ScanningConfig->stSpeckleReductionParams.iSizeOfSupportedValues=20, iPreviousSizeOfSupportedValues=0, ScanningConfig->stSpeckleReduction.iSizeOfSupportedValues=5
11-15 13:25:43.909 D/US_ParametersController(  234): GetPresetConfigSetting: ModeConfig_SW->iNumOfSpeckleReductionParams=0, ScanningConfig->stSpeckleReductionParams.iSizeOfSupportedValues=20
11-15 13:25:43.909 D/US_ParametersController(  234): UpdateColorROIWithSectorSize...
11-15 13:25:43.909 I/US_ParametersController(  234): GetPresetConfigSetting
11-15 13:25:43.909 D/US_ParametersController(  234): ReadPresetConfigFile() /system/data/US/xml/PresetConfig_LA_ID3172_CH64_Thyroid.xml++
11-15 13:25:43.919 D/US_MXMLParser(  234): Release XML memory : 0
11-15 13:25:43.939 D/US_MXMLParser(  234): Ex:ReadConfigFile
11-15 13:25:43.939 D/US_ParametersController(  234): ReadPresetConfigFile OK
11-15 13:25:43.939 D/US_ParametersController(  234): ScanningConfig->fTGCDepthGainDB_AFE=2.100000
11-15 13:25:43.939 D/US_ParametersController(  234): GetPresetConfigSetting: iPreviousSizeOfSupportedValues=0,ScanningConfig->stSpeckleReduction.iSizeOfSupportedValues=5
11-15 13:25:43.939 D/US_ParametersController(  234): GetPresetConfigSetting: iPreviousSizeOfSupportedValuesParams=0,ScanningConfig->stSpeckleReductionParams.iSizeOfSupportedValues=20, iPreviousSizeOfSupportedValues=0, ScanningConfig->stSpeckleReduction.iSizeOfSupportedValues=5
11-15 13:25:43.939 D/US_ParametersController(  234): GetPresetConfigSetting: ModeConfig_SW->iNumOfSpeckleReductionParams=0, ScanningConfig->stSpeckleReductionParams.iSizeOfSupportedValues=20
11-15 13:25:43.939 D/US_ParametersController(  234): UpdateColorROIWithSectorSize...
11-15 13:25:43.939 I/QCNEJ   (  501): |CORE:COM:RCVR| CNE creating socket
11-15 13:25:43.949 I/US_ParametersController(  234): GetBeamformerConfigFileName
11-15 13:25:43.949 D/US_ParametersController(  234): m_stScanningParameters.ScanningConfig->BeamformerConfigFileName=//system//data//US//xml//BeamformerTable_LA_ID3172_CH64_C1540.xml
11-15 13:25:44.099 D/fsck_msdos( 1197): Verify Filesystem information
11-15 13:25:44.099 W/fsck_msdos( 1197): 78 files, 3878136 free (969534 clusters)
11-15 13:25:44.099 I/fsck_msdos( 1197): free_rb_tree 
11-15 13:25:44.099 I/fsck_msdos( 1197): free_fragment_tree
11-15 13:25:44.099 I/fsck_msdos( 1197): free_fragment_tree
11-15 13:25:44.099 I/fsck_msdos( 1197): free_fragment_tree: rb_tree is empty 
11-15 13:25:44.109 I/fsck_msdos(  220): ** Phase 4 - Checking for Lost Files
11-15 13:25:44.119 I/Vold    (  220): Filesystem check completed OK
11-15 13:25:44.179 D/US_MXMLParser(  234): Ex:ReadConfigFile
11-15 13:25:44.179 D/US_ParametersController(  234): GetBeamformerSetting(): ReadConfigFile OK
11-15 13:25:44.229 D/US_MXMLParser(  234): Release XML memory : 0
11-15 13:25:44.229 V/US_UltrasoundHALBase(  234): UltrasoundHAL::SetUSParameters() EN
11-15 13:25:44.229 V/US_UltrasoundHALBase(  234): ultrasound_dev != NULL
11-15 13:25:44.229 V/US_UltrasoundHALBase(  234): rgchTGCGains = 128,128,128,128,128,128,128,128
11-15 13:25:44.229 V/US_UltrasoundHALBase(  234): UltrasoundHAL::SetUSParameters() EX
11-15 13:25:44.229 V/US_UltrasoundHALBase(  234): UltrasoundHALBase::UpdatePartialParaToAP() EN, sKeyList=us_i_probe_id
11-15 13:25:44.229 V/US_UltrasoundHALBase(  234): UltrasoundHALBase::UpdatePartialParaToAP() EX, para = exposure-compensation=0;exposure-compensation-step=0.5;focal-length=4.31;focus-mode=fixed;focus-mode-values=fixed;horizontal-view-angle=54.8;jpeg-quality=90;jpeg-thumbnail-height=384;jpeg-thumbnail-quality=90;jpeg-thumbnail-size-values=320x240,0x0;jpeg-thumbnail-width=512;max-exposure-compensation=6;min-exposure-compensation=-6;picture-format=jpeg;picture-format-values=jpeg;picture-size=832x640;picture-size-values=832x640, 640x480,352x288,320x240;preview-format=yuv420sp;preview-format-values=yuv420sp,yuv420p,rgba8888;preview-fps-range=5,30;preview-fps-range-values=(5,30);preview-frame-rate=24;preview-frame-rate-values=30,24,20,15,10,5;preview-size=832x640;preview-size-values=832x640, 640x480,352x288,320x240;prop-facing=back;prop-orientation=90;us_f_b_tx_power_ratio=80;us_f_b_tx_power_ratio-values=10.000000,20.000000,30.000000,40.000000,50.000000,60.000000,70.000000,80.000000,90.000000,100.000000;us_f_cla_r=0;us_f_color_prf=1;us_f_color_prf-values=0.400000
11-15 13:25:44.229 D/US_CallbackNotifier(  234): onUpdateParaToAP() EN, keyType = 1, sKeyList = us_i_probe_id, sParam=exposure-compensation=0;exposure-compensation-step=0.5;focal-length=4.31;focus-mode=fixed;focus-mode-values=fixed;horizontal-view-angle=54.8;jpeg-quality=90;jpeg-thumbnail-height=384;jpeg-thumbnail-quality=90;jpeg-thumbnail-size-values=320x240,0x0;jpeg-thumbnail-width=512;max-exposure-compensation=6;min-exposure-compensation=-6;picture-format=jpeg;picture-format-values=jpeg;picture-size=832x640;picture-size-values=832x640, 640x480,352x288,320x240;preview-format=yuv420sp;preview-format-values=yuv420sp,yuv420p,rgba8888;preview-fps-range=5,30;preview-fps-range-values=(5,30);preview-frame-rate=24;preview-frame-rate-values=30,24,20,15,10,5;preview-size=832x640;preview-size-values=832x640, 640x480,352x288,320x240;prop-facing=back;prop-orientation=90;us_f_b_tx_power_ratio=80;us_f_b_tx_power_ratio-values=10.000000,20.000000,30.000000,40.000000,50.000000,60.000000,70.000000,80.000000,90.000000,100.000000;us_f_cla_r=0;us_f_color_prf=1;us_f_color_prf-
11-15 13:25:44.229 V/US_UltrasoundHALBase(  234): UltrasoundHALBase::UpdatePartialParaToAP() EX
11-15 13:25:44.229 V/US_UltrasoundHALBase(  234): UltrasoundHALBase::UpdateParaToAP() EN key = us_i_probe_id, iValue = 3172
11-15 13:25:44.229 V/US_UltrasoundHALBase(  234): UltrasoundHALBase::UpdateParaToAP() EX
11-15 13:25:44.229 D/US_ScanProcessController(  234): HAL Version: 00.17.0022
11-15 13:25:44.229 D/US_ScanProcessController(  234): XML Version: 00.17.0024.0118
11-15 13:25:44.229 I/US_ScanProcessController(  234): GetADCStatus
11-15 13:25:44.249 E/US_VivaProUSB(  234): HouseKeepingADC, Val=0x8C,Mux=0,Addr=0x96,status=0,data[4:6]=0xFF 00 00, Access Fail!!!
11-15 13:25:44.249 E/US_VivaProUSB(  234): HouseKeepingADC, Val=0x8C,Mux=0,Addr=0x96,status=0,data[4:6]=0xFF 00 00, Access Fail!!!
11-15 13:25:44.249 E/US_VivaProUSB(  234): HouseKeepingADC, Val=0xCC,Mux=0,Addr=0x96,status=0,data[4:6]=0xFF 00 00, Access Fail!!!
11-15 13:25:44.249 E/US_VivaProUSB(  234): HouseKeepingADC, Val=0x9C,Mux=0,Addr=0x96,status=0,data[4:6]=0xFF 00 00, Access Fail!!!
11-15 13:25:44.249 E/US_VivaProUSB(  234): HouseKeepingADC, Val=0x9C,Mux=1,Addr=0x96,status=0,data[4:6]=0xFF 00 00, Access Fail!!!
11-15 13:25:44.249 E/US_VivaProUSB(  234): HouseKeepingADC, Val=0xDC,Mux=0,Addr=0x96,status=0,data[4:6]=0xFF 00 00, Access Fail!!!
11-15 13:25:44.249 E/US_VivaProUSB(  234): HouseKeepingADC, Val=0xDC,Mux=1,Addr=0x96,status=0,data[4:6]=0xFF 00 00, Access Fail!!!
11-15 13:25:44.249 E/US_VivaProUSB(  234): HouseKeepingADC, Val=0xAC,Mux=0,Addr=0x96,status=0,data[4:6]=0xFF 00 00, Access Fail!!!
11-15 13:25:44.249 E/US_VivaProUSB(  234): HouseKeepingADC, Val=0xAC,Mux=1,Addr=0x96,status=0,data[4:6]=0xFF 00 00, Access Fail!!!
11-15 13:25:44.259 E/US_VivaProUSB(  234): HouseKeepingADC, Val=0xEC,Mux=0,Addr=0x96,status=0,data[4:6]=0xFF 00 00, Access Fail!!!
11-15 13:25:44.259 E/US_VivaProUSB(  234): HouseKeepingADC, Val=0xEC,Mux=1,Addr=0x96,status=0,data[4:6]=0xFF 00 00, Access Fail!!!
11-15 13:25:44.259 E/US_VivaProUSB(  234): HouseKeepingADC, Val=0xBC,Mux=0,Addr=0x96,status=0,data[4:6]=0xFF 00 00, Access Fail!!!
11-15 13:25:44.259 E/US_VivaProUSB(  234): HouseKeepingADC, Val=0xBC,Mux=1,Addr=0x96,status=0,data[4:6]=0xFF 00 00, Access Fail!!!
11-15 13:25:44.259 I/US_ScanProcessController(  234): B_PCBA_B_ID=989
11-15 13:25:44.259 I/US_ScanProcessController(  234): B_VDD_CHG_DOWN=11682
11-15 13:25:44.259 I/US_ScanProcessController(  234): B_FX3_3V3_DOWN=3273
11-15 13:25:44.259 I/US_ScanProcessController(  234): B_VDDQ=1351
11-15 13:25:44.259 I/US_ScanProcessController(  234): B_VDD_FX3_1V2=1199
11-15 13:25:44.259 I/US_ScanProcessController(  234): B_VDD_FX3_1V8=1796
11-15 13:25:44.259 I/US_ScanProcessController(  234): B_VDD_3V6_DOWN=3615
11-15 13:25:44.259 I/US_ScanProcessController(  234): B_VDD_1V0=1005
11-15 13:25:44.259 I/US_ScanProcessController(  234): B_VDD_1V8=1810
11-15 13:25:44.259 I/US_ScanProcessController(  234): B_VDD_3V3_DOWN=3332
11-15 13:25:44.259 I/US_ScanProcessController(  234): B_VDD5V0_DOWN=4991
11-15 13:25:44.259 I/US_ScanProcessController(  234): A0_NHV_DOWN_INV=-4804
11-15 13:25:44.259 I/US_ScanProcessController(  234): A0_PHV_DOWN=4892
11-15 13:25:44.259 I/US_ScanProcessController(  234): A0_P5V_DOWN=5045
11-15 13:25:44.259 I/US_ScanProcessController(  234): A0_N5V_DOWN_INV=-5191
11-15 13:25:44.259 I/US_ScanProcessController(  234): A0_AVDD1=1771
11-15 13:25:44.259 I/US_ScanProcessController(  234): A0_AVDD2_DOWN=3233
11-15 13:25:44.269 I/US_ScanProcessController(  234): A0_AVDD_5V_DOWN=4975
11-15 13:25:44.269 I/US_ScanProcessController(  234): A0_PCBA_A_ID=836
11-15 13:25:44.269 I/US_ScanProcessController(  234): A0_PROBE_ADC1=2499
11-15 13:25:44.269 I/US_ScanProcessController(  234): A0_PROBE_ADC2=2499
11-15 13:25:44.269 I/US_ScanProcessController(  234): A0_PROBE_ADC3=2499
11-15 13:25:44.269 I/US_ScanProcessController(  234): A0_PHVP10_DOWN=21641
11-15 13:25:44.269 I/US_ScanProcessController(  234): A0_NHVM10_DOWN_INV=-22844
11-15 13:25:44.269 I/US_ScanProcessController(  234): A0_PCBA_TEMP=1593
11-15 13:25:44.269 I/US_ScanProcessController(  234): A1_NHV_DOWN_INV=0
11-15 13:25:44.269 I/US_ScanProcessController(  234): A1_PHV_DOWN=0
11-15 13:25:44.269 I/US_ScanProcessController(  234): A1_P5V_DOWN=0
11-15 13:25:44.269 I/US_ScanProcessController(  234): A1_N5V_DOWN_INV=0
11-15 13:25:44.269 I/US_ScanProcessController(  234): A1_AVDD1=0
11-15 13:25:44.269 I/US_ScanProcessController(  234): A1_AVDD2_DOWN=0
11-15 13:25:44.269 I/US_ScanProcessController(  234): A1_AVDD_5V_DOWN=0
11-15 13:25:44.269 I/US_ScanProcessController(  234): A1_PCBA_A_ID=0
11-15 13:25:44.269 I/US_ScanProcessController(  234): A1_PROBE_ADC1=0
11-15 13:25:44.269 I/US_ScanProcessController(  234): A1_PROBE_ADC2=0
11-15 13:25:44.269 I/US_ScanProcessController(  234): A1_PROBE_ADC3=0
11-15 13:25:44.269 I/US_ScanProcessController(  234): A1_PHVP10_DOWN=0
11-15 13:25:44.269 I/US_ScanProcessController(  234): A1_NHVM10_DOWN_INV=0
11-15 13:25:44.269 I/US_ScanProcessController(  234): A1_PCBA_TEMP=0
11-15 13:25:44.269 I/US_ScanProcessController(  234): GetPLLStatus
11-15 13:25:44.279 I/US_ScanProcessController(  234): Engine board A Version: 000.0011
11-15 13:25:44.279 I/US_ScanProcessController(  234): Engine board B Version: 000.0010
11-15 13:25:44.279 I/US_ScanProcessController(  234): USB Driver Version: 79
11-15 13:25:44.279 I/US_ScanProcessController(  234): USB FW Version: 00.37
11-15 13:25:44.279 D/US_ParametersController(  234): SetSystemStatus() uStatus = 4
11-15 13:25:44.279 D/US_ParametersController(  234): m_stScanningParameters.ScanningConfig->SystemStatus=516
11-15 13:25:44.279 D/US_ParametersController(  234): stSetting->iSizeOfSupportedValues =10, stSetting->iValue=1 stSetting->iMaxIndex=1 iMaxValue=2
11-15 13:25:44.279 V/US_UltrasoundHALBase(  234): UltrasoundHALBase::UpdateParaToAP() EN key = us_i_focal_number, iValue = 1
11-15 13:25:44.279 V/US_UltrasoundHALBase(  234): UltrasoundHALBase::UpdateParaToAP() EX
11-15 13:25:44.279 I/US_ScanProcessController(  234): InitConfigSetting
11-15 13:25:44.279 D/US_ScanProcessController(  234): OutputControlTable
11-15 13:25:44.279 I/US_ScanProcessController(  234): UpdateConfigSetting
11-15 13:25:44.279 D/US_ScanProcessController(  234): iTableType=38 iTableID=0x1a m_iRawDataSize=10
11-15 13:25:44.279 I/US_DataCommunication(  234): EngineCommandPacking
11-15 13:25:44.279 I/US_DataCommunication(  234): DataPacking_OutputControl_A
11-15 13:25:44.279 D/US_DataCommunication(  234): pParams->OCS->MaximumTxPower=71
11-15 13:25:44.279 D/US_DataCommunication(  234): pParams->OCS->MaximumCycles=8
11-15 13:25:44.279 D/US_DataCommunication(  234): pParams->OCS->MaximumCWAperture=32
11-15 13:25:44.279 D/US_DataCommunication(  234): pParams->OCS->MinimumNSI=10
11-15 13:25:44.279 D/US_DataCommunication(  234): CheckSum=39 iSize=10
11-15 13:25:44.279 I/US_ScanProcessController(  234): HandleConfigSettingCallback
11-15 13:25:44.279 I/US_ScanProcessController(  234): AckStatusParser 39
11-15 13:25:44.279 I/US_ScanProcessController(  234): UpdateConfigSetting
11-15 13:25:44.279 D/US_ScanProcessController(  234): iTableType=39 iTableID=0x1b m_iRawDataSize=7
11-15 13:25:44.279 I/US_DataCommunication(  234): EngineCommandPacking
11-15 13:25:44.279 I/US_DataCommunication(  234): DataPacking_OutputControl_B
11-15 13:25:44.279 D/US_DataCommunication(  234): pParams->OCS->MinimumNSI=10
11-15 13:25:44.279 D/US_DataCommunication(  234): CheckSum=197 iSize=7
11-15 13:25:44.279 I/US_ScanProcessController(  234): HandleConfigSettingCallback
11-15 13:25:44.279 I/US_ScanProcessController(  234): AckStatusParser 197
11-15 13:25:44.279 D/US_ScanProcessController(  234): PreLoadTable
11-15 13:25:44.279 I/US_ScanProcessController(  234): UpdateConfigSetting
11-15 13:25:44.279 D/US_ScanProcessController(  234): iTableType=12 iTableID=0x0 m_iRawDataSize=25
11-15 13:25:44.279 I/US_DataCommunication(  234): EngineCommandPacking
11-15 13:25:44.279 I/US_DataCommunication(  234): DataPacking_PreLoad_A
11-15 13:25:44.279 D/US_DataCommunication(  234): CheckSum=29 iSize=25
11-15 13:25:44.279 I/US_ScanProcessController(  234): HandleConfigSettingCallback
11-15 13:25:44.279 I/US_ScanProcessController(  234): AckStatusParser 29
11-15 13:25:44.279 I/US_ScanProcessController(  234): UpdateConfigSetting
11-15 13:25:44.279 D/US_ScanProcessController(  234): iTableType=29 iTableID=0x1 m_iRawDataSize=41
11-15 13:25:44.279 I/US_DataCommunication(  234): EngineCommandPacking
11-15 13:25:44.279 I/US_DataCommunication(  234): DataPacking_PreLoad_B
11-15 13:25:44.279 D/US_DataCommunication(  234): CheckSum=170 iSize=41
11-15 13:25:44.279 I/US_ScanProcessController(  234): HandleConfigSettingCallback
11-15 13:25:44.279 I/US_ScanProcessController(  234): AckStatusParser 170
11-15 13:25:44.279 D/US_ScanProcessController(  234): RxApodizationTable
11-15 13:25:44.279 I/US_ScanProcessController(  234): UpdateConfigSetting
11-15 13:25:44.279 D/US_ScanProcessController(  234): iTableType=16 iTableID=0x2 m_iRawDataSize=4102
11-15 13:25:44.279 I/US_DataCommunication(  234): EngineCommandPacking
11-15 13:25:44.279 I/US_DataCommunication(  234): DataPacking_Apodization
11-15 13:25:44.279 D/US_DataCommunication(  234): CheckSum=36938 iSize=4102
11-15 13:25:44.279 I/US_ScanProcessController(  234): HandleConfigSettingCallback
11-15 13:25:44.279 I/US_ScanProcessController(  234): AckStatusParser 36938
11-15 13:25:44.279 D/US_ScanProcessController(  234): RxFocusingTable
11-15 13:25:44.279 I/US_ScanProcessController(  234): UpdateConfigSetting
11-15 13:25:44.279 D/US_ScanProcessController(  234): iTableType=18 iTableID=0x4 m_iRawDataSize=87492
11-15 13:25:44.289 I/US_DataCommunication(  234): EngineCommandPacking
11-15 13:25:44.289 I/US_DataCommunication(  234): DataPacking_RxFocusing
11-15 13:25:44.289 D/US_DataCommunication(  234): CheckSum=4652 iSize=87492
11-15 13:25:44.299 I/US_ScanProcessController(  234): HandleConfigSettingCallback
11-15 13:25:44.309 I/US_ScanProcessController(  234): AckStatusParser 4652
11-15 13:25:44.309 D/US_ScanProcessController(  234): SPISettingTable_Tx
11-15 13:25:44.309 I/US_ScanProcessController(  234): UpdateConfigSetting
11-15 13:25:44.309 D/US_ScanProcessController(  234): iTableType=20 iTableID=0x8 m_iRawDataSize=120
11-15 13:25:44.309 I/US_DataCommunication(  234): EngineCommandPacking
11-15 13:25:44.309 I/US_DataCommunication(  234): DataPacking_SPISetting
11-15 13:25:44.309 D/US_DataCommunication(  234): CheckSum=108 iSize=120
11-15 13:25:44.309 I/US_ScanProcessController(  234): HandleConfigSettingCallback
11-15 13:25:44.309 I/US_ScanProcessController(  234): AckStatusParser 108
11-15 13:25:44.309 D/US_ScanProcessController(  234): TxFocusingTable
11-15 13:25:44.309 I/US_ScanProcessController(  234): UpdateConfigSetting
11-15 13:25:44.309 D/US_ScanProcessController(  234): iTableType=17 iTableID=0x3 m_iRawDataSize=66566
11-15 13:25:44.309 I/US_DataCommunication(  234): EngineCommandPacking
11-15 13:25:44.309 I/US_DataCommunication(  234): DataPacking_TxFocusing
11-15 13:25:44.309 D/US_DataCommunication(  234): pParams->TxFocusing->SizeOfFullTxTable=66560
11-15 13:25:44.309 D/US_DataCommunication(  234): CheckSum=1723 iSize=66566
11-15 13:25:44.319 I/US_ScanProcessController(  234): HandleConfigSettingCallback
11-15 13:25:44.319 I/US_ScanProcessController(  234): AckStatusParser 1723
11-15 13:25:44.319 D/US_ScanProcessController(  234): RxTestPatternTable
11-15 13:25:44.319 I/US_ScanProcessController(  234): UpdateConfigSetting
11-15 13:25:44.319 D/US_ScanProcessController(  234): iTableType=28 iTableID=0x11 m_iRawDataSize=1030
11-15 13:25:44.319 I/US_DataCommunication(  234): EngineCommandPacking
11-15 13:25:44.319 I/US_DataCommunication(  234): DataPacking_TestPattern
11-15 13:25:44.319 D/US_DataCommunication(  234): CheckSum=7787 iSize=1030
11-15 13:25:44.319 I/US_ScanProcessController(  234): HandleConfigSettingCallback
11-15 13:25:44.319 I/US_ScanProcessController(  234): AckStatusParser 7787
11-15 13:25:44.319 I/US_ScanProcessController(  234): UpdateConfigSetting
11-15 13:25:44.319 D/US_ScanProcessController(  234): iTableType=8 iTableID=0xb m_iRawDataSize=18440
11-15 13:25:44.319 I/US_DataCommunication(  234): EngineCommandPacking
11-15 13:25:44.319 I/US_DataCommunication(  234): DataPacking_BeamformerConfig_A
11-15 13:25:44.319 D/US_DataCommunication(  234): pParams->BeamformerConfig->NumOfSettingIndex=2048
11-15 13:25:44.319 D/US_DataCommunication(  234): CheckSum=10615 iSize=18440
11-15 13:25:44.319 I/US_ScanProcessController(  234): HandleConfigSettingCallback
11-15 13:25:44.319 I/US_ScanProcessController(  234): AckStatusParser 10615
11-15 13:25:44.319 I/US_ScanProcessController(  234): UpdateConfigSetting
11-15 13:25:44.319 D/US_ScanProcessController(  234): iTableType=31 iTableID=0xc m_iRawDataSize=2056
11-15 13:25:44.319 I/US_DataCommunication(  234): EngineCommandPacking
11-15 13:25:44.319 I/US_DataCommunication(  234): DataPacking_BeamformerConfig_B
11-15 13:25:44.319 D/US_DataCommunication(  234): CheckSum=207 iSize=2056
11-15 13:25:44.319 I/US_ScanProcessController(  234): HandleConfigSettingCallback
11-15 13:25:44.319 I/US_ScanProcessController(  234): AckStatusParser 207
11-15 13:25:44.319 I/US_ScanProcessController(  234): UpdateConfigSetting
11-15 13:25:44.319 D/US_ScanProcessController(  234): iTableType=7 iTableID=0xa m_iRawDataSize=10245
11-15 13:25:44.319 I/US_DataCommunication(  234): EngineCommandPacking
11-15 13:25:44.319 I/US_DataCommunication(  234): DataPacking_SequenceConfig
11-15 13:25:44.319 D/US_DataCommunication(  234): pParams->SequenceConfig->NumOfScanLine=5119
11-15 13:25:44.319 D/US_DataCommunication(  234): CheckSum=13376 iSize=10245
11-15 13:25:44.329 I/US_ScanProcessController(  234): HandleConfigSettingCallback
11-15 13:25:44.329 I/US_ScanProcessController(  234): AckStatusParser 13376
11-15 13:25:44.329 D/US_ParametersController(  234): EnableProbePort() EN : PortID=2, m_stScanningParameters.ScanningConfig->stPortID.iValue=2
11-15 13:25:44.329 I/US_ScanProcessController(  234): UpdateConfigSetting
11-15 13:25:44.329 D/US_ScanProcessController(  234): iTableType=25 iTableID=0x18 m_iRawDataSize=6
11-15 13:25:44.329 I/US_DataCommunication(  234): EngineCommandPacking
11-15 13:25:44.329 I/US_DataCommunication(  234): DataPacking_FpgaVersionRequest
11-15 13:25:44.329 D/US_DataCommunication(  234): CheckSum=264 iSize=6
11-15 13:25:44.329 I/US_ScanProcessController(  234): HandleConfigSettingCallback
11-15 13:25:44.329 I/US_ScanProcessController(  234): AckStatusParser 264
11-15 13:25:44.329 D/US_ScanProcessController(  234): FPGA Version: A: 00.11.007B B: 00.11.0081
11-15 13:25:44.329 D/US_ScanProcessController(  234): FPGA Serial Number A:003A0F63C2432B2C, B:003A0F5ACA612B14
11-15 13:25:44.329 I/US_QisdaUltrasoundBase(  234): QisdaUltrasoundBase::startDeliveringFrames() EN
11-15 13:25:44.329 I/US_QisdaUltrasoundBase(  234): QisdaUltrasoundBase::startWorkerThread() EN
11-15 13:25:44.329 V/US_UltrasoundHALBase(  234): UltrasoundHALBase::setCallbacks() EN
11-15 13:25:44.329 V/US_CallbackNotifier(  234): setCallbacks: 0xb69bca61, 0xb69bf499, 0xb69bf41d, 0xb69bf639 (0xb81c9360)
11-15 13:25:44.329 V/US_UltrasoundHALBase(  234): UltrasoundHALBase::setUSCallbacks() EN
11-15 13:25:44.329 V/US_CallbackNotifier(  234): setUSCallbacks: 0xb69bca6d (0xb81c9360)
11-15 13:25:44.329 I/US_QisdaUltrasoundBase(  234): Starting Qisda Ultrasound worker thread...
11-15 13:25:44.329 D/US_QisdaUltrasoundBase(  234): Qisda Ultrasound worker thread has been started.
11-15 13:25:44.329 V/US_UltrasoundHALBase(  234): UltrasoundHALBase::enableMsgType() EN
11-15 13:25:44.329 V/US_CallbackNotifier(  234): enableMessage: msg_type = 0xc0d
11-15 13:25:44.329 V/US_UltrasoundHALBase(  234): UltrasoundHALBase::enableMsgType() EN
11-15 13:25:44.329 V/US_CallbackNotifier(  234): enableMessage: msg_type = 0x4000
11-15 13:25:44.329 V/US_UltrasoundHALBase(  234): UltrasoundHALBase::enableMsgType() EN
11-15 13:25:44.329 V/US_CallbackNotifier(  234): enableMessage: msg_type = 0xbfff0000
11-15 13:25:44.329 D/US_ParametersController(  234): ModeConfig_SW->iPreviousCycles_PW=0 ModeConfig_SW->iPreviousHVDuty=0
11-15 13:25:44.329 I/US_ParametersController(  234): OCS_Protected: MI=0.430000 TIS=0.000000 TIB=0.000000 (PowerLevel=80 ,Pulse cycles=8)
11-15 13:25:44.329 D/US_ParametersController(  234): OCS_Update NumOfLineSample
11-15 13:25:44.329 D/US_ParametersController(  234): OCS_SafetyProtection:ModeConfig->NumOfLineSample[Group_B]=1054,ModeConfig->NumOfLineSample[Group_Color]=0 ,ModeConfig->NumOfLineSample[Group_Wave]=0
11-15 13:25:44.329 D/US_ParametersController(  234): OCS_Update NSI
11-15 13:25:44.329 D/US_ParametersController(  234): OCS_SafetyProtection:ModeConfig->NSI[Group_B]=5181,ModeConfig->NSI[Group_Color]=0 ,ModeConfig->NSI[Group_Wave]=0,ModeConfig_SW->iPriRatio_PW_B=0 ,ModeConfig_SW->iNsiEndRG_Ratio=1
11-15 13:25:44.329 I/Camera  ( 1211): getInitialParameters() EN, should only be called after open camera
11-15 13:25:44.329 V/US_UltrasoundHALBase(  234): UltrasoundHALBase::UpdatePartialParaToAP() EN, sKeyList=us_i_pw_wf_cut_off_freq;
11-15 13:25:44.329 V/Camera-JNI( 1211): getParameters
11-15 13:25:44.329 V/Camera  ( 1211): getParameters
11-15 13:25:44.329 V/US_UltrasoundHALBase(  234): UltrasoundHALBase::UpdatePartialParaToAP() EX, para = exposure-compensation=0;exposure-compensation-step=0.5;focal-length=4.31;focus-mode=fixed;focus-mode-values=fixed;horizontal-view-angle=54.8;jpeg-quality=90;jpeg-thumbnail-height=384;jpeg-thumbnail-quality=90;jpeg-thumbnail-size-values=320x240,0x0;jpeg-thumbnail-width=512;max-exposure-compensation=6;min-exposure-compensation=-6;picture-format=jpeg;picture-format-values=jpeg;picture-size=832x640;picture-size-values=832x640, 640x480,352x288,320x240;preview-format=yuv420sp;preview-format-values=yuv420sp,yuv420p,rgba8888;preview-fps-range=5,30;preview-fps-range-values=(5,30);preview-frame-rate=24;preview-frame-rate-values=30,24,20,15,10,5;preview-size=832x640;preview-size-values=832x640, 640x480,352x288,320x240;prop-facing=back;prop-orientation=90;us_f_b_tx_power_ratio=80;us_f_b_tx_power_ratio-values=10.000000,20.000000,30.000000,40.000000,50.000000,60.000000,70.000000,80.000000,90.000000,100.000000;us_f_cla_r=0;us_f_color_prf=1;us_f_color_prf-values=0.400000
11-15 13:25:44.329 D/US_CallbackNotifier(  234): onUpdateParaToAP() EN, keyType = 2, sKeyList = us_i_pw_wf_cut_off_freq;, sParam=exposure-compensation=0;exposure-compensation-step=0.5;focal-length=4.31;focus-mode=fixed;focus-mode-values=fixed;horizontal-view-angle=54.8;jpeg-quality=90;jpeg-thumbnail-height=384;jpeg-thumbnail-quality=90;jpeg-thumbnail-size-values=320x240,0x0;jpeg-thumbnail-width=512;max-exposure-compensation=6;min-exposure-compensation=-6;picture-format=jpeg;picture-format-values=jpeg;picture-size=832x640;picture-size-values=832x640, 640x480,352x288,320x240;preview-format=yuv420sp;preview-format-values=yuv420sp,yuv420p,rgba8888;preview-fps-range=5,30;preview-fps-range-values=(5,30);preview-frame-rate=24;preview-frame-rate-values=30,24,20,15,10,5;preview-size=832x640;preview-size-values=832x640, 640x480,352x288,320x240;prop-facing=back;prop-orientation=90;us_f_b_tx_power_ratio=80;us_f_b_tx_power_ratio-values=10.000000,20.000000,30.000000,40.000000,50.000000,60.000000,70.000000,80.000000,90.000000,100.000000;us_f_cla_r=0;us_f_color_prf=1;us_f
11-15 13:25:44.329 V/US_UltrasoundHALBase(  234): UltrasoundHALBase::UpdatePartialParaToAP() EX
11-15 13:25:44.329 V/US_UltrasoundHALBase(  234): UltrasoundHALBase::UpdateParaToAP() EN key = us_f_pw_prf, fpValue = 2.000000
11-15 13:25:44.329 V/US_UltrasoundHALBase(  234): UltrasoundHALBase::UpdateParaToAP() EX
11-15 13:25:44.329 V/US_UltrasoundHALBase(  234): UltrasoundHALBase::getParameters() EN
11-15 13:25:44.329 D/US_UltrasoundHALBase(  234): gettgcvalstr=128,128,128,128,128,128,128,128
11-15 13:25:44.329 V/US_UltrasoundHALBase(  234): UltrasoundHALBase::getParameters() EX, para = exposure-compensation=0;exposure-compensation-step=0.5;focal-length=4.31;focus-mode=fixed;focus-mode-values=fixed;horizontal-view-angle=54.8;jpeg-quality=90;jpeg-thumbnail-height=384;jpeg-thumbnail-quality=90;jpeg-thumbnail-size-values=320x240,0x0;jpeg-thumbnail-width=512;max-exposure-compensation=6;min-exposure-compensation=-6;picture-format=jpeg;picture-format-values=jpeg;picture-size=832x640;picture-size-values=832x640, 640x480,352x288,320x240;preview-format=yuv420sp;preview-format-values=yuv420sp,yuv420p,rgba8888;preview-fps-range=5,30;preview-fps-range-values=(5,30);preview-frame-rate=24;preview-frame-rate-values=30,24,20,15,10,5;preview-size=832x640;preview-size-values=832x640, 640x480,352x288,320x240;prop-facing=back;prop-orientation=90;us_f_b_tx_power_ratio=80;us_f_b_tx_power_ratio-values=10.000000,20.000000,30.000000,40.000000,50.000000,60.000000,70.000000,80.000000,90.000000,100.000000;us_f_cla_r=0;us_f_color_prf=1;us_f_color_prf-values=0.400000,0.50000
11-15 13:25:44.329 V/US_UltrasoundHALBase(  234): UltrasoundHALBase::putParameters() EN
11-15 13:25:44.329 V/US_UltrasoundHALBase(  234): UltrasoundHALBase::putParameters() EX
11-15 13:25:44.329 V/US_UltrasoundHALBase(  234): UltrasoundHALBase::UpdatePartialParaToAP() EN, sKeyList=us_i_cw_wf_cut_off_freq;
11-15 13:25:44.329 V/US_UltrasoundHALBase(  234): UltrasoundHALBase::UpdatePartialParaToAP() EX, para = exposure-compensation=0;exposure-compensation-step=0.5;focal-length=4.31;focus-mode=fixed;focus-mode-values=fixed;horizontal-view-angle=54.8;jpeg-quality=90;jpeg-thumbnail-height=384;jpeg-thumbnail-quality=90;jpeg-thumbnail-size-values=320x240,0x0;jpeg-thumbnail-width=512;max-exposure-compensation=6;min-exposure-compensation=-6;picture-format=jpeg;picture-format-values=jpeg;picture-size=832x640;picture-size-values=832x640, 640x480,352x288,320x240;preview-format=yuv420sp;preview-format-values=yuv420sp,yuv420p,rgba8888;preview-fps-range=5,30;preview-fps-range-values=(5,30);preview-frame-rate=24;preview-frame-rate-values=30,24,20,15,10,5;preview-size=832x640;preview-size-values=832x640, 640x480,352x288,320x240;prop-facing=back;prop-orientation=90;us_f_b_tx_power_ratio=80;us_f_b_tx_power_ratio-values=10.000000,20.000000,30.000000,40.000000,50.000000,60.000000,70.000000,80.000000,90.000000,100.000000;us_f_cla_r=0;us_f_color_prf=1;us_f_color_prf-values=0.400000
11-15 13:25:44.329 D/US_CallbackNotifier(  234): onUpdateParaToAP() EN, keyType = 2, sKeyList = us_i_cw_wf_cut_off_freq;, sParam=exposure-compensation=0;exposure-compensation-step=0.5;focal-length=4.31;focus-mode=fixed;focus-mode-values=fixed;horizontal-view-angle=54.8;jpeg-quality=90;jpeg-thumbnail-height=384;jpeg-thumbnail-quality=90;jpeg-thumbnail-size-values=320x240,0x0;jpeg-thumbnail-width=512;max-exposure-compensation=6;min-exposure-compensation=-6;picture-format=jpeg;picture-format-values=jpeg;picture-size=832x640;picture-size-values=832x640, 640x480,352x288,320x240;preview-format=yuv420sp;preview-format-values=yuv420sp,yuv420p,rgba8888;preview-fps-range=5,30;preview-fps-range-values=(5,30);preview-frame-rate=24;preview-frame-rate-values=30,24,20,15,10,5;preview-size=832x640;preview-size-values=832x640, 640x480,352x288,320x240;prop-facing=back;prop-orientation=90;us_f_b_tx_power_ratio=80;us_f_b_tx_power_ratio-values=10.000000,20.000000,30.000000,40.000000,50.000000,60.000000,70.000000,80.000000,90.000000,100.000000;us_f_cla_r=0;us_f_color_prf=1;us_f
11-15 13:25:44.339 V/US_UltrasoundHALBase(  234): UltrasoundHALBase::UpdatePartialParaToAP() EX
11-15 13:25:44.339 V/US_UltrasoundHALBase(  234): UltrasoundHALBase::UpdateParaToAP() EN key = us_f_cw_prf, fpValue = 4.000000
11-15 13:25:44.339 V/US_UltrasoundHALBase(  234): UltrasoundHALBase::UpdateParaToAP() EX
11-15 13:25:44.339 D/US_ParametersController(  234): OCS_Update scheduling setting
11-15 13:25:44.339 D/US_ParametersController(  234): iFrameType=1 iTotalLine_B=384 iTotalLine_Color=0 iTotalLine_Wave=0 m_stEngineParameters.SequenceConfig->NumOfScanLine=384
11-15 13:25:44.339 I/US_ScanProcessController(  234): UpdateFpgaParameter
11-15 13:25:44.339 D/US_ScanProcessController(  234): fREEZE=0 -1025
11-15 13:25:44.339 D/US_ScanProcessController(  234): UpdateParameters: 0, 4
11-15 13:25:44.339 I/US_ScanProcessController(  234): UpdateConfigSetting
11-15 13:25:44.339 D/US_ScanProcessController(  234): iTableType=4 iTableID=0x14 m_iRawDataSize=6
11-15 13:25:44.339 I/US_DataCommunication(  234): EngineCommandPacking
11-15 13:25:44.339 I/US_DataCommunication(  234): DataPacking_ScanningStates
11-15 13:25:44.339 D/US_DataCommunication(  234): CheckSum=12 iSize=6
11-15 13:25:44.339 E/US_VivaProUSB(  234): SetPCBMode 533 enter freeze mode ...
11-15 13:25:44.339 E/US_VivaProUSB(  234): InsertDataIntoAA55Buffer 399 glAA55Buf[0]=0 glAA55Buf[1]=0 gettid=1301
11-15 13:25:44.339 E/US_VivaProUSB(  234): InsertDataIntoAA55Buffer 400 size=2 ioErr=0 toErr=0
11-15 13:25:44.339 E/US_VivaProUSB(  234): InsertDataIntoAA55Buffer 402 ptr[size-2]=55 ptr[size-1]=aa
11-15 13:25:44.339 E/US_VivaProUSB(  234): WriteToUSB 1489 Freeze Command to FX3 Done, TXActualLength=12 r=0, 5641 5649 0004 0000 0000 0000
