07-18 10:47:41.109 E/US_VivaProUSB(  229): void* GetErrCount(void*) 1435 total_setup_count=94, std_setup_count=0, vendor_setup_count=94 glReadDataFromFPGACount=8839 glRemovePacketsCount=8825 glInfoCount=52454 glInitCount=1
07-18 10:47:42.119 E/US_VivaProUSB(  229): #### [B]    ,     ,    ,    ,    ,    ,    ,    ,    ,    ,    ,[P1][F0024][t37]
07-18 10:47:42.119 E/US_VivaProUSB(  229): #### [A] -5567, 5135,    ,     ,    ,    ,    ,    ,2499,2499,2499,21875,-22373,    ,(-2,17,17)
07-18 10:47:42.119 E/US_VivaProUSB(  229): void* GetErrCount(void*) 1435 total_setup_count=96, std_setup_count=0, vendor_setup_count=96 glReadDataFromFPGACount=8839 glRemovePacketsCount=8825 glInfoCount=52454 glInitCount=1
07-18 10:47:43.039 I/QCNEJ   (  498): |CORE:COM:RCVR| CNE creating socket
07-18 10:47:43.109 I/UI_ULTRASOUND(  855): [HighlightButton]THI updateValueText 0
07-18 10:47:43.109 V/Camera-JNI(  855): getCurrentPreset
07-18 10:47:43.109 V/Camera  (  855): getCurrentPreset
07-18 10:47:43.109 D/CameraClient(  229): getCurrentPreset (pid 855)
07-18 10:47:43.109 V/US_UltrasoundHALBase(  229): UltrasoundHALBase::getCurrentPreset() EN, probeID=3172
07-18 10:47:43.109 D/US_ParametersController(  229): GetCurrentPreset EN, probeID = 3172
07-18 10:47:43.109 V/US_UltrasoundHALBase(  229): UltrasoundHALBase::getCurrentPreset() EX, ret_str = Thyroid
07-18 10:47:43.109 I/UI_ULTRASOUND(  855): [HighlightButton]Full Screen updateValueText 0
07-18 10:47:43.109 I/UI_ULTRASOUND(  855): [HighlightButton]Zoom updateValueText 0
07-18 10:47:43.109 I/UI_ULTRASOUND(  855): [HighlightButton]Dual updateValueText 0
07-18 10:47:43.119 E/US_VivaProUSB(  229): #### [B]    ,     ,    ,    ,    ,    ,    ,    ,    ,    ,    ,[P1][F0024][t37]
07-18 10:47:43.119 E/US_VivaProUSB(  229): #### [A] -5619, 5135,    ,     ,    ,    ,    ,    ,2499,2499,2499,21854,-22418,    ,(-2,17,17)
07-18 10:47:43.119 E/US_VivaProUSB(  229): void* GetErrCount(void*) 1435 total_setup_count=98, std_setup_count=0, vendor_setup_count=98 glReadDataFromFPGACount=8839 glRemovePacketsCount=8825 glInfoCount=52454 glInitCount=1
07-18 10:47:43.129 V/Camera-JNI(  855): setParameters
07-18 10:47:43.129 V/Camera  (  855): setParameters
07-18 10:47:43.129 V/US_UltrasoundHALBase(  229): UltrasoundHALBase::setParameters() EN
07-18 10:47:43.129 V/US_UltrasoundHALBase(  229): UltrasoundHALBase::setParameters(), setparametersqueue is on
07-18 10:47:43.139 V/US_UltrasoundHALBase(  229): setParametersListener: partial parameters update, prepare native parameters. UI parms=us_i_b_steering_angle=0
07-18 10:47:43.139 V/US_UltrasoundHALBase(  229): setParametersListener: after merged, parameter count=1, partial parameters len=23, 25920
07-18 10:47:43.139 V/US_UltrasoundHALBase(  229): UltrasoundHALBase::SetParametersToParametersController() EN
07-18 10:47:43.139 V/US_UltrasoundHALBase(  229): UltrasoundHALBase::UpdateParaToAP() EN key = us_i_b_steering_angle, iValue = 0
07-18 10:47:43.139 V/US_UltrasoundHALBase(  229): UltrasoundHALBase::UpdateParaToAP() EX
07-18 10:47:43.139 V/US_UltrasoundHALBase(  229): UltrasoundHALBase::SetParametersToParametersController() EX
07-18 10:47:43.139 V/US_UltrasoundHALBase(  229): UltrasoundHALBase::setParameters() EX
07-18 10:47:43.139 I/UI_ULTRASOUND(  855): [HighlightButton]L/R updateValueText 0
07-18 10:47:43.139 I/UI_ULTRASOUND(  855): [HighlightButton]U/D updateValueText 0
07-18 10:47:43.149 I/UI_ULTRASOUND(  855): [HighlightButton]Trap updateValueText 0
07-18 10:47:43.149 V/Camera-JNI(  855): setParameters
07-18 10:47:43.149 V/Camera  (  855): setParameters
07-18 10:47:43.149 V/US_UltrasoundHALBase(  229): UltrasoundHALBase::setParameters() EN
07-18 10:47:43.149 V/US_UltrasoundHALBase(  229): UltrasoundHALBase::setParameters(), setparametersqueue is on
07-18 10:47:43.149 V/US_UltrasoundHALBase(  229): UltrasoundHALBase::setParameters() EX
07-18 10:47:43.149 V/US_UltrasoundHALBase(  229): setParametersListener: partial parameters update, prepare native parameters. UI parms=us_i_trapezoid_status=0
07-18 10:47:43.149 V/US_UltrasoundHALBase(  229): setParametersListener: after merged, parameter count=1, partial parameters len=23, 25920
07-18 10:47:43.149 V/US_UltrasoundHALBase(  229): UltrasoundHALBase::SetParametersToParametersController() EN
07-18 10:47:43.149 V/US_UltrasoundHALBase(  229): UltrasoundHALBase::UpdateParaToAP() EN key = us_i_trapezoid_status, iValue = 0
07-18 10:47:43.149 V/US_UltrasoundHALBase(  229): UltrasoundHALBase::UpdateParaToAP() EX
07-18 10:47:43.149 V/US_UltrasoundHALBase(  229): UltrasoundHALBase::SetParametersToParametersController() EX
07-18 10:47:43.149 I/UI_ULTRASOUND(  855): [HighlightButton]ENV updateValueText 0
07-18 10:47:43.149 I/UI_ULTRASOUND(  855): [FakeFramework]getFake$USSectorWidthIndex, width=256 , index=26
07-18 10:47:43.159 I/UI_ULTRASOUND(  855): [HighlightButton]Probe Pos updateValueText 0
07-18 10:47:43.159 I/UI_ULTRASOUND(  855): [HighlightButton]Rotate updateValueText 0
07-18 10:47:43.179 D/ScanDisplayFragment(  855): ViewLayerChanged A false
07-18 10:47:43.179 D/ScanDisplayFragment(  855): ViewLayerChanged B false
07-18 10:47:43.179 D/ScanDisplayFragment(  855): ViewLayerChanged M false
07-18 10:47:43.179 D/ScanDisplayFragment(  855): ViewLayerChanged A false
07-18 10:47:43.179 D/ScanDisplayFragment(  855): ViewLayerChanged B false
07-18 10:47:43.179 D/ScanDisplayFragment(  855): ViewLayerChanged M false
07-18 10:47:43.199 V/Camera-JNI(  855): getCurrentPreset
07-18 10:47:43.199 V/Camera  (  855): getCurrentPreset
07-18 10:47:43.199 D/CameraClient(  229): getCurrentPreset (pid 855)
07-18 10:47:43.199 V/US_UltrasoundHALBase(  229): UltrasoundHALBase::getCurrentPreset() EN, probeID=3172
07-18 10:47:43.199 D/US_ParametersController(  229): GetCurrentPreset EN, probeID = 3172
07-18 10:47:43.199 V/US_UltrasoundHALBase(  229): UltrasoundHALBase::getCurrentPreset() EX, ret_str = Thyroid
07-18 10:47:43.199 I/UI_ULTRASOUND(  855): [VIVAApplication]userApplication userSelectPresetName Thyroid
07-18 10:47:43.199 I/UI_ULTRASOUND(  855): [VIVAApplication]userApplication Thyroid
07-18 10:47:43.199 D/ScanDisplayFragment(  855): ViewLayerChanged A false
07-18 10:47:43.199 D/ScanDisplayFragment(  855): ViewLayerChanged B false
07-18 10:47:43.199 D/ScanDisplayFragment(  855): ViewLayerChanged M false
07-18 10:47:43.199 D/ContainerLayout(  855): UpdatePainterViewOnStateChangeMEASURE_OBJ_CLEAR
07-18 10:47:43.209 W/ContextImpl(  855): Calling a method in the system process without a qualified user: android.app.ContextImpl.bindService:1568 android.content.ContextWrapper.bindService:517 com.qisda.viva.fragments.ControlHorizontalViewFragment.bindExportToExternalService:1378 com.qisda.viva.fragments.ControlHorizontalViewFragment.onStart:578 android.support.v4.app.Fragment.performStart:1528 
07-18 10:47:43.219 I/UI_ULTRASOUND(  855): [ExportExamToDicomService]networkStatusChange networkStatus=0 lanConnected=true wifiConnected=false
07-18 10:47:43.229 I/UI_ULTRASOUND(  855): [ControlHorizontalViewFactory]initPenetrationResolutionsSeekbar  mode= 1 level = 1
07-18 10:47:43.229 W/ContextImpl(  855): Calling a method in the system process without a qualified user: android.app.ContextImpl.bindService:1568 android.content.ContextWrapper.bindService:517 com.qisda.viva.fragments.ControlHorizontalViewFragment.bindExportToExternalService:1378 com.qisda.viva.fragments.ControlHorizontalViewFragment.onStart:578 android.support.v4.app.Fragment.performStart:1528 
07-18 10:47:43.239 V/SecureUserUtil(  855): [SecureUserUtil]getcurUserSystem_Default
07-18 10:47:43.259 I/UI_ULTRASOUND(  855): [ScanModeActivity]checkAndGetPresetModel presetModel=com.qisda.viva.setting.utils.preset.PresetModel@419ec578
07-18 10:47:43.259 V/Camera-JNI(  855): getProbeStatusSC
07-18 10:47:43.259 V/Camera  (  855): getProbeStatusSC
07-18 10:47:43.259 D/CameraClient(  229): getProbeStatusSC (pid 855)
07-18 10:47:43.259 V/US_UltrasoundHALBase(  229): UltrasoundHALBase::getProbeStatusSC() EN, probeID=3047, iProbeStatus=1, engineParameters->ProbeStatus->NumOfProbe=5
07-18 10:47:43.259 V/Camera-JNI(  855): getProbeStatusSC
07-18 10:47:43.259 V/Camera  (  855): getProbeStatusSC
07-18 10:47:43.259 D/CameraClient(  229): getProbeStatusSC (pid 855)
07-18 10:47:43.259 V/US_UltrasoundHALBase(  229): UltrasoundHALBase::getProbeStatusSC() EN, probeID=3047, iProbeStatus=1, engineParameters->ProbeStatus->NumOfProbe=5
07-18 10:47:43.259 V/Camera-JNI(  855): getProbeStatusSC
07-18 10:47:43.259 V/Camera  (  855): getProbeStatusSC
07-18 10:47:43.259 D/CameraClient(  229): getProbeStatusSC (pid 855)
07-18 10:47:43.259 V/US_UltrasoundHALBase(  229): UltrasoundHALBase::getProbeStatusSC() EN, probeID=3047, iProbeStatus=1, engineParameters->ProbeStatus->NumOfProbe=5
07-18 10:47:43.259 W/System.err(  855): java.text.ParseException: Unparseable date: "" (at offset 0)
07-18 10:47:43.259 W/System.err(  855): 	at java.text.DateFormat.parse(DateFormat.java:555)
07-18 10:47:43.259 W/System.err(  855): 	at com.qisda.viva.fragments.PatientInformationFragment.updatePatientInfo(PatientInformationFragment.java:322)
07-18 10:47:43.259 W/System.err(  855): 	at com.qisda.viva.fragments.PatientInformationFragment.onResume(PatientInformationFragment.java:260)
07-18 10:47:43.259 W/System.err(  855): 	at android.support.v4.app.Fragment.performResume(Fragment.java:1547)
07-18 10:47:43.259 W/System.err(  855): 	at android.support.v4.app.FragmentManagerImpl.moveToState(FragmentManager.java:978)
07-18 10:47:43.259 W/System.err(  855): 	at android.support.v4.app.FragmentManagerImpl.moveToState(FragmentManager.java:1121)
07-18 10:47:43.259 W/System.err(  855): 	at android.support.v4.app.FragmentManagerImpl.moveToState(FragmentManager.java:1103)
07-18 10:47:43.259 W/System.err(  855): 	at android.support.v4.app.FragmentManagerImpl.dispatchResume(FragmentManager.java:1911)
07-18 10:47:43.259 W/System.err(  855): 	at android.support.v4.app.FragmentActivity.onResumeFragments(FragmentActivity.java:467)
07-18 10:47:43.259 W/System.err(  855): 	at com.qisda.viva.ScanModeActivity.onResumeFragments(ScanModeActivity.java:459)
07-18 10:47:43.259 W/System.err(  855): 	at android.support.v4.app.FragmentActivity.onPostResume(FragmentActivity.java:456)
07-18 10:47:43.259 W/System.err(  855): 	at android.app.Activity.performResume(Activity.java:5323)
07-18 10:47:43.259 W/System.err(  855): 	at android.app.ActivityThread.performResumeActivity(ActivityThread.java:2767)
07-18 10:47:43.259 W/System.err(  855): 	at android.app.ActivityThread.handleResumeActivity(ActivityThread.java:2806)
07-18 10:47:43.259 W/System.err(  855): 	at android.app.ActivityThread$H.handleMessage(ActivityThread.java:1241)
07-18 10:47:43.259 W/System.err(  855): 	at android.os.Handler.dispatchMessage(Handler.java:102)
07-18 10:47:43.259 W/System.err(  855): 	at android.os.Looper.loop(Looper.java:136)
07-18 10:47:43.259 W/System.err(  855): 	at android.app.ActivityThread.main(ActivityThread.java:5034)
07-18 10:47:43.259 W/System.err(  855): 	at java.lang.reflect.Method.invokeNative(Native Method)
07-18 10:47:43.259 W/System.err(  855): 	at java.lang.reflect.Method.invoke(Method.java:515)
07-18 10:47:43.259 W/System.err(  855): 	at com.android.internal.os.ZygoteInit$MethodAndArgsCaller.run(ZygoteInit.java:786)
07-18 10:47:43.259 W/System.err(  855): 	at com.android.internal.os.ZygoteInit.main(ZygoteInit.java:602)
07-18 10:47:43.259 W/System.err(  855): 	at dalvik.system.NativeStart.main(Native Method)
07-18 10:47:43.259 V/Camera-JNI(  855): getCurrentPreset
07-18 10:47:43.259 V/Camera  (  855): getCurrentPreset
07-18 10:47:43.259 D/CameraClient(  229): getCurrentPreset (pid 855)
07-18 10:47:43.259 V/US_UltrasoundHALBase(  229): UltrasoundHALBase::getCurrentPreset() EN, probeID=3172
07-18 10:47:43.259 D/US_ParametersController(  229): GetCurrentPreset EN, probeID = 3172
07-18 10:47:43.259 V/US_UltrasoundHALBase(  229): UltrasoundHALBase::getCurrentPreset() EX, ret_str = Thyroid
07-18 10:47:43.319 I/UI_ULTRASOUND(  855): [DICOM]getStorageSCP1Setup user=System_Default address=
07-18 10:47:43.399 E/US_VivaProUSB(  229): int ReadDataFromFPGA(uint8_t*, uint32_t, uint32_t*, uint32_t*, uint32_t*, uint32_t) 1319 WARNING: ada_info readLen=0 r=-7 LIBUSB_ERROR_TIMEOUT 
07-18 10:47:43.399 E/US_VivaProUSB(  229): int ReadDataFromFPGA(uint8_t*, uint32_t, uint32_t*, uint32_t*, uint32_t*, uint32_t) 1326 sleep 100 us to release lock 
07-18 10:47:43.419 V/Camera  (  855): parseIntParam() str = us_i_trapezoid_status,0,0,1;
07-18 10:47:43.419 V/Camera  (  855): getIntParam() str = us_i_trapezoid_status,0,0,1
07-18 10:47:43.419 I/UI_ULTRASOUND(  855): [ExportExamService]ExportExamService onCreate...
07-18 10:47:43.419 I/UI_ULTRASOUND(  855): [ExportExamService]start mExportThreads 
07-18 10:47:43.419 I/UI_ULTRASOUND(  855): [ExportExamToDicomService]networkStatusChange networkStatus=2 lanConnected=true wifiConnected=false
07-18 10:47:43.419 I/UI_ULTRASOUND(  855): [ExportExamToDicomService]networkStatusChange networkStatus=1 lanConnected=true wifiConnected=false
07-18 10:47:43.419 I/UI_ULTRASOUND(  855): [ExportExamToDicomService]reUploadAll exportLogList.size=0 getExamQueueSize()=0 needNotify=false
07-18 10:47:43.419 I/UI_ULTRASOUND(  855): [ExportExamService]ExportExamService onDestroy...
07-18 10:47:43.419 I/UI_ULTRASOUND(  855): [ExportExamService]ExportExamService onCreate...
07-18 10:47:43.419 I/UI_ULTRASOUND(  855): [ExportExamService]start mExportThreads 
07-18 10:47:43.439 V/Camera-JNI(  855): getProbeStatusSC
07-18 10:47:43.439 V/Camera  (  855): getProbeStatusSC
07-18 10:47:43.439 D/CameraClient(  229): getProbeStatusSC (pid 855)
07-18 10:47:43.439 V/US_UltrasoundHALBase(  229): UltrasoundHALBase::getProbeStatusSC() EN, probeID=3047, iProbeStatus=1, engineParameters->ProbeStatus->NumOfProbe=5
07-18 10:47:43.439 I/Camera  (  855): startPreviewUS() EN
07-18 10:47:43.439 V/Camera-JNI(  855): startPreviewUS
07-18 10:47:43.439 V/Camera  (  855): startPreviewUS
07-18 10:47:43.439 V/US_UltrasoundHALBase(  229): UltrasoundHALBase::enableMsgType() EN
07-18 10:47:43.439 V/US_CallbackNotifier(  229): enableMessage: msg_type = 0x8000
07-18 10:47:43.439 V/US_CallbackNotifier(  229): **** Currently enabled messages:
07-18 10:47:43.439 V/US_CallbackNotifier(  229):     CAMERA_MSG_ERROR
07-18 10:47:43.439 V/US_CallbackNotifier(  229):     CAMERA_MSG_FOCUS
07-18 10:47:43.439 V/US_CallbackNotifier(  229):     CAMERA_MSG_ZOOM
07-18 10:47:43.439 V/US_CallbackNotifier(  229):     CAMERA_MSG_PREVIEW_METADATA
07-18 10:47:43.439 V/US_UltrasoundHALBase(  229): UltrasoundHALBase::enableMsgType() EN
07-18 10:47:43.439 V/US_CallbackNotifier(  229): enableMessage: msg_type = 0x1400000
07-18 10:47:43.439 V/US_CallbackNotifier(  229): **** Currently enabled messages:
07-18 10:47:43.439 V/US_CallbackNotifier(  229):     CAMERA_MSG_ERROR
07-18 10:47:43.439 V/US_CallbackNotifier(  229):     CAMERA_MSG_FOCUS
07-18 10:47:43.439 V/US_CallbackNotifier(  229):     CAMERA_MSG_ZOOM
07-18 10:47:43.439 V/US_CallbackNotifier(  229):     CAMERA_MSG_PREVIEW_METADATA
07-18 10:47:43.439 V/US_UltrasoundHALBase(  229): UltrasoundHALBase::enableMsgType() EN
07-18 10:47:43.439 V/US_CallbackNotifier(  229): enableMessage: msg_type = 0x1500000
07-18 10:47:43.439 V/US_CallbackNotifier(  229): **** Currently enabled messages:
07-18 10:47:43.439 V/US_CallbackNotifier(  229):     CAMERA_MSG_ERROR
07-18 10:47:43.439 V/US_CallbackNotifier(  229):     CAMERA_MSG_FOCUS
07-18 10:47:43.439 V/US_CallbackNotifier(  229):     CAMERA_MSG_ZOOM
07-18 10:47:43.439 V/US_CallbackNotifier(  229):     CAMERA_MSG_PREVIEW_METADATA
07-18 10:47:43.439 V/US_UltrasoundHALBase(  229): UltrasoundHALBase::enableMsgType() EN
07-18 10:47:43.439 V/US_CallbackNotifier(  229): enableMessage: msg_type = 0x1600000
07-18 10:47:43.439 V/US_CallbackNotifier(  229): **** Currently enabled messages:
07-18 10:47:43.439 V/US_CallbackNotifier(  229):     CAMERA_MSG_ERROR
07-18 10:47:43.439 V/US_CallbackNotifier(  229):     CAMERA_MSG_FOCUS
07-18 10:47:43.439 V/US_CallbackNotifier(  229):     CAMERA_MSG_ZOOM
07-18 10:47:43.439 V/US_CallbackNotifier(  229):     CAMERA_MSG_PREVIEW_METADATA
07-18 10:47:43.439 V/US_UltrasoundHALBase(  229): UltrasoundHALBase::enableMsgType() EN
07-18 10:47:43.439 V/US_CallbackNotifier(  229): enableMessage: msg_type = 0x1700000
07-18 10:47:43.439 V/US_CallbackNotifier(  229): **** Currently enabled messages:
07-18 10:47:43.439 V/US_CallbackNotifier(  229):     CAMERA_MSG_ERROR
07-18 10:47:43.439 V/US_CallbackNotifier(  229):     CAMERA_MSG_FOCUS
07-18 10:47:43.439 V/US_CallbackNotifier(  229):     CAMERA_MSG_ZOOM
07-18 10:47:43.439 V/US_CallbackNotifier(  229):     CAMERA_MSG_PREVIEW_METADATA
07-18 10:47:43.439 V/US_UltrasoundHALBase(  229): UltrasoundHALBase::enableMsgType() EN
07-18 10:47:43.439 V/US_CallbackNotifier(  229): enableMessage: msg_type = 0x1800000
07-18 10:47:43.439 V/US_CallbackNotifier(  229): **** Currently enabled messages:
07-18 10:47:43.439 V/US_CallbackNotifier(  229):     CAMERA_MSG_ERROR
07-18 10:47:43.439 V/US_CallbackNotifier(  229):     CAMERA_MSG_FOCUS
07-18 10:47:43.439 V/US_CallbackNotifier(  229):     CAMERA_MSG_ZOOM
07-18 10:47:43.439 V/US_CallbackNotifier(  229):     CAMERA_MSG_PREVIEW_METADATA
07-18 10:47:43.439 V/US_UltrasoundHALBase(  229): UltrasoundHALBase::enableMsgType() EN
07-18 10:47:43.439 V/US_CallbackNotifier(  229): enableMessage: msg_type = 0x1900000
07-18 10:47:43.439 V/US_CallbackNotifier(  229): **** Currently enabled messages:
07-18 10:47:43.439 V/US_CallbackNotifier(  229):     CAMERA_MSG_ERROR
07-18 10:47:43.439 V/US_CallbackNotifier(  229):     CAMERA_MSG_FOCUS
07-18 10:47:43.439 V/US_CallbackNotifier(  229):     CAMERA_MSG_ZOOM
07-18 10:47:43.439 V/US_CallbackNotifier(  229):     CAMERA_MSG_PREVIEW_METADATA
07-18 10:47:43.439 V/US_UltrasoundHALBase(  229): UltrasoundHALBase::enableMsgType() EN
07-18 10:47:43.439 V/US_CallbackNotifier(  229): enableMessage: msg_type = 0x10000
07-18 10:47:43.439 V/US_CallbackNotifier(  229): **** Currently enabled messages:
07-18 10:47:43.439 V/US_CallbackNotifier(  229):     CAMERA_MSG_ERROR
07-18 10:47:43.439 V/US_CallbackNotifier(  229):     CAMERA_MSG_FOCUS
07-18 10:47:43.439 V/US_CallbackNotifier(  229):     CAMERA_MSG_ZOOM
07-18 10:47:43.439 V/US_CallbackNotifier(  229):     CAMERA_MSG_PREVIEW_METADATA
07-18 10:47:43.439 V/US_UltrasoundHALBase(  229): UltrasoundHALBase::setPreviewWindow() EN
07-18 10:47:43.439 V/US_PreviewWindow(  229): setPreviewWindow: current: 0x0 -> new: 0x0
07-18 10:47:43.439 D/US_UltrasoundHALBase(  229): UltrasoundHALBase::startPreview() EN
07-18 10:47:43.439 D/US_ScanProcessController(  229): skipWaveUpdate ++++++ , skipwave=0
07-18 10:47:43.439 V/US_UltrasoundHALBase(  229): UltrasoundHALBase::doStartPreviewUS() EN
07-18 10:47:43.439 V/US_PreviewWindow(  229): startPreview
07-18 10:47:43.439 V/US_UltrasoundHALBase(  229): UltrasoundHALBase::doStartPreviewUS() width = 832, height = 640
07-18 10:47:43.439 V/US_UltrasoundHALBase(  229): ShouldResetScanningParameters EX, bResetParam=1
07-18 10:47:43.439 V/US_UltrasoundHALBase(  229): ResetScanningParameters EN
07-18 10:47:43.439 D/US_ParametersController(  229): ResetScanningParameters
07-18 10:47:43.439 D/US_ParametersController(  229): GetBackupFullScreenStatus2nd EN, m_stScanningParametersBackup.DisplayConfig->iFullScreenStatus2nd = 0
07-18 10:47:43.439 V/US_UltrasoundHALBase(  229): ResetScanningParameters EX
07-18 10:47:43.439 D/US_ParametersController(  229): GetBackupFullScreenStatus2nd EN, m_stScanningParametersBackup.DisplayConfig->iFullScreenStatus2nd = 0
07-18 10:47:43.439 V/US_UltrasoundHALBase(  229): doStartPreviewUS(): blockCROIsSetting = 0
07-18 10:47:43.439 V/US_UltrasoundHALBase(  229): UltrasoundHALBase::SetParametersToParametersController() EN
07-18 10:47:43.439 V/US_UltrasoundHALBase(  229): UltrasoundHALBase::SetParametersToParametersController() EX
07-18 10:47:43.439 D/US_UltrasoundHALBase(  229): Starting camera: 832x640 -> NV21(yuv420sp)
07-18 10:47:43.439 I/US_QisdaUltrasound(  229): UltrasoundHAL::startQisdaUltrasound() EN
07-18 10:47:43.439 I/US_QisdaUltrasoundBase(  229): QisdaUltrasoundBase::commonStart() EN
07-18 10:47:43.439 D/US_ParametersController(  229): SetSystemStatus() uStatus = 1
07-18 10:47:43.439 D/US_ParametersController(  229): m_stScanningParameters.ScanningConfig->SystemStatus=513
07-18 10:47:43.439 I/US_ScanProcessController(  229): StartScan EN
07-18 10:47:43.439 I/US_ScanProcessController(  229): PulserPowerOn
07-18 10:47:43.439 I/US_DataCommunication(  229): PulserPowerOn
07-18 10:47:43.449 D/US_ParametersController(  229): UpdateEngineConfig, m_stEngineParameters.ModeConfig_SW->iStartLineNum_B=1 m_stEngineParameters.ModeConfig_SW->iEndLineNum_B=256 iLineDensity=1
07-18 10:47:43.449 D/US_ParametersController(  229): UpdateModeConfig, ModeConfig->NSI[Group_B]=5181 ModeConfig->MaxDepth[Group_B]=8744 ModeConfig->NumOfLineSample[Group_B]=1054
07-18 10:47:43.449 I/US_ParametersController(  229): ScanScheduling: iFrameType=1, b2DRefreash=0
07-18 10:47:43.449 D/US_ParametersController(  229): m_stEngineParameters.BeamformerConfig->NumOfSettingIndex=768
07-18 10:47:43.449 D/US_ParametersController(  229): iNumOfSteeringAngle=3 iNumOfFocalPoint=1 iNumOfScanLine=256 iNumOfRxBeam_B=2
07-18 10:47:43.459 D/US_ScanProcessController(  229): SystemStatus =514  ProcessRequest=1090 iSystemMode=1
07-18 10:47:43.459 D/US_ScanProcessController(  229): UpdateParameters: 4, 4
07-18 10:47:43.459 I/US_ScanProcessController(  229): SyncLVDS
07-18 10:47:43.459 I/US_ParametersController(  229): AFETestIOMapping
07-18 10:47:43.459 D/US_ParametersController(  229): UpdateEngineConfig, m_stEngineParameters.ModeConfig_SW->iStartLineNum_B=1 m_stEngineParameters.ModeConfig_SW->iEndLineNum_B=256 iLineDensity=1
07-18 10:47:43.459 I/US_ScanProcessController(  229): UpdateConfigSetting
07-18 10:47:43.459 D/US_ScanProcessController(  229): iTableType=20 iTableID=0x8 m_iRawDataSize=12
07-18 10:47:43.459 I/US_ScanProcessController(  229): UpdateFpgaParameter
07-18 10:47:43.459 I/US_DataCommunication(  229): EngineCommandPacking
07-18 10:47:43.459 I/US_StoreController(  229): ResetCineMemory() EN m_iPlayPaused = 1
07-18 10:47:43.459 I/US_DataCommunication(  229): DataPacking_SPISetting
07-18 10:47:43.459 D/US_DataCommunication(  229): CheckSum=176 iSize=12
07-18 10:47:43.459 E/US_VivaProUSB(  229): int USBControl(int, USB_Info*) 1536 first write after freeze 
07-18 10:47:43.459 I/US_StoreController(  229): ResetCineMemory() EX
07-18 10:47:43.459 I/US_ScanProcessController(  229): HandleConfigSettingCallback
07-18 10:47:43.459 D/US_VivaProUSB(  229): void ReadFromBuffer(unsigned int*, short unsigned int*) 1116 dataSize=1066 BufDataStart=0
07-18 10:47:43.459 I/US_ScanProcessController(  229): AckStatusParser 176
07-18 10:47:43.459 D/US_StoreController(  229): ToReassignStoreFrameIndex() iCineLoopSaveLength = 7, m_pStorePara->fpBTimeDuration = 0.000000, iFrameNum = 434, iMaxFrameNum = 500, iTotalSubFrameNum = 0,
07-18 10:47:43.459 D/US_StoreController(  229): ToReassignStoreFrameIndex() m_pStorePara->iBStartFrameIndex = 0, m_pStorePara->iBEndFrameIndex = 499
07-18 10:47:43.459 D/US_StoreController(  229): ToReassignStoreFrameIndex() iCurrentFrameNum = 500, m_pStorePara->iBStartFrameIndex = 0, m_pStorePara->iBEndFrameIndex = 499, m_pStorePara->iTotalSubFrameNumber = 0
07-18 10:47:43.459 I/US_ScanProcessController(  229): StartScan EX
07-18 10:47:43.459 I/US_ParametersController(  229): UpdateMaxSupportFocusNum
07-18 10:47:43.459 V/US_UltrasoundHALBase(  229): UltrasoundHALBase::UpdateAllParaToAP() EX, para = exposure-compensation=0;exposure-compensation-step=0.5;focal-length=4.31;focus-mode=fixed;focus-mode-values=fixed;horizontal-view-angle=54.8;jpeg-quality=90;jpeg-thumbnail-height=384;jpeg-thumbnail-quality=90;jpeg-thumbnail-size-values=320x240,0x0;jpeg-thumbnail-width=512;max-exposure-compensation=6;min-exposure-compensation=-6;picture-format=jpeg;picture-format-values=jpeg;picture-size=832x640;picture-size-values=832x640, 640x480,352x288,320x240;preview-format=yuv420sp;preview-format-values=yuv420sp,yuv420p,rgba8888;preview-fps-range=5,30;preview-fps-range-values=(5,30);preview-frame-rate=24;preview-frame-rate-values=30,24,20,15,10,5;preview-size=832x640;preview-size-values=832x640, 640x480,352x288,320x240;prop-facing=back;prop-orientation=90;us_f_b_tx_power_ratio=80;us_f_b_tx_power_ratio-values=10.000000,20.000000,30.000000,40.000000,50.000000,60.000000,70.000000,80.000000,90.000000,100.000000;us_f_cla_r=0;us_f_color_prf=1;us_f_color_prf-values=0.400000,0.5
07-18 10:47:43.459 V/US_UltrasoundHALBase(  229): UltrasoundHALBase::doStartPreviewUS() EX
07-18 10:47:43.469 I/Camera  (  855): startPreviewUS() EX, s = exposure-compensation=0;exposure-compensation-step=0.5;focal-length=4.31;focus-mode=fixed;focus-mode-values=fixed;horizontal-view-angle=54.8;jpeg-quality=90;jpeg-thumbnail-height=384;jpeg-thumbnail-quality=90;jpeg-thumbnail-size-values=320x240,0x0;jpeg-thumbnail-width=512;max-exposure-compensation=6;min-exposure-compensation=-6;picture-format=jpeg;picture-format-values=jpeg;picture-size=832x640;picture-size-values=832x640, 640x480,352x288,320x240;preview-format=yuv420sp;preview-format-values=yuv420sp,yuv420p,rgba8888;preview-fps-range=5,30;preview-fps-range-values=(5,30);preview-frame-rate=24;preview-frame-rate-values=30,24,20,15,10,5;preview-size=832x640;preview-size-values=832x640, 640x480,352x288,320x240;prop-facing=back;prop-orientation=90;us_f_b_tx_power_ratio=80;us_f_b_tx_power_ratio-values=10.000000,20.000000,30.000000,40.000000,50.000000,60.000000,70.000000,80.000000,90.000000,100.000000;us_f_cla_r=0;us_f_color_prf=1;us_f_color_prf-values=0.400000,0.500000,0.600000,0.700000,0.800000,0.900000,1.000000,1.250000,1.500000,1.750000,2.000000,2.250000,2.500000,2.750000,3.000000,3.500000,4.000000,4.500000,5.000000,6.000000,7.000000,8.000000;us_f_color_tx_power_ratio=80;us_f_color_tx_power_ratio-values=10.000000,20.000000,30.000000,40.000000,50.000000,60.000000,70.000000,80.000000,90.000000,100.000000;us_f_color_wf_cut_off_freq=20;us_f_color_wf_cut_off_freq-values=10.000000,20.000000,30.000000,40.000000,50.000000,60.000000,70.000000,80.000000,90.000000,100.000000,110.000000,120.000000,130.000000,140.000000,150.000000,160.000000,170.000000,180.000000,190.000000,200.000000;us_f_cw_prf=4;us_f_cw_prf-values=1.000000,1.300000,2.000000,3.000000,4.000000,5.000000,6.000000,7.000000,8.000000,9.000000,10.000000,11.000000,12.000000;us_f_cw_time_line=8;us_f_cw_tx_power_ratio=80;us_f_cw_tx_power_ratio-values=10.000000,20.000000,30.000000,40.000000,50.000000,60.000000,70.000000,80.000000,90.000000,100.000000;us_f_cw_velocity_step=3.2;us_f_cw_wf_cut_off_freq=80;us_f_cw_wf_cut_off_freq-values=40.000000,80.000000,120.000000,160.000000,200.000000,240.000000,280.000000,320.000000,360.000000,400.000000,440.000000,480.000000,520.000000,560.000000,600.000000,640.000000,680.000000,720.000000,760.000000,800.000000;us_f_doppler_angle=60;us_f_doppler_angle-values=-60.000000,-30.000000,0.000000,30.000000,60.000000;us_f_focus_pos=15.0;us_f_focus_pos-values=5.000000,10.000000,15.000000,20.000000,25.000000,30.000000,35.000000,40.000000,45.000000,50.000000,55.000000,60.000000,65.000000,70.000000,75.000000,80.000000,85.000000,90.000000,95.000000,100.000000;us_f_m_time_line=8;us_f_m_tx_power_ratio=80;us_f_m_tx_power_ratio-values=10.000000,20.000000,30.000000,40.000000,50.000000,60.000000,70.000000,80.000000,90.000000,100.000000;us_f_mechanical_index=0.43;us_f_physical_depth=40;us_f_physical_depth-values=10.000000,20.000000,30.000000,35.000000,40.000000,45.000000,50.000000,55.000000,60.000000,70.000000,80.000000,90.000000,100.000000,110.000000,120.000000;us_f_pitch_size_mm=0.3;us_f_pixel_size_mm=0.0625;us_f_power_prf=0.9;us_f_power_prf-values=0.400000,0.500000,0.600000,0.700000,0.800000,0.900000,1.000000,2.000000,3.000000,4.000000,5.000000,6.000000,7.000000,8.000000;us_f_power_tx_power_ratio=80;us_f_power_tx_power_ratio-values=10.000000,20.000000,30.000000,40.000000,50.000000,60.000000,70.000000,80.000000,90.000000,100.000000;us_f_power_wf_cut_off_freq=9;us_f_power_wf_cut_off_freq-values=9.000000,18.000000,27.000000,36.000000,45.000000,54.000000,63.000000,72.000000,81.000000,90.000000,99.000000,108.000000,117.000000,126.000000,135.000000,144.000000,153.000000,162.000000,171.000000,180.000000;us_f_pw_prf=2;us_f_pw_prf-values=1.000000,1.300000,2.000000,3.000000,4.000000,5.000000,6.000000,7.000000,8.000000,9.000000,10.000000,11.000000,12.000000;us_f_pw_time_line=8;us_f_pw_tx_power_ratio=80;us_f_pw_tx_power_ratio-values=10.000000,20.000000,30.000000,40.000000,50.000000,60.000000,70.000000,80.000000,90.000000,100.000000;us_f_pw_velocity_step=3.2;us_f_pw_wf_cut_off_freq=120;us_f_pw_wf_cut_off_freq-values=20.
07-18 10:47:43.479 V/Camera-JNI(  855): getProbeNameSC
07-18 10:47:43.479 V/Camera  (  855): getProbeNameSC
07-18 10:47:43.479 D/CameraClient(  229): getProbeNameSC (pid 855)
07-18 10:47:43.479 V/US_UltrasoundHALBase(  229): UltrasoundHALBase::getProbeNameSC() EN, probeID=3172
07-18 10:47:43.479 V/US_UltrasoundHALBase(  229): UltrasoundHALBase::getProbeNameSC() EX, ret_str = L12-4
07-18 10:47:43.479 V/Camera-JNI(  855): getProbeNameSC
07-18 10:47:43.479 V/Camera  (  855): getProbeNameSC
07-18 10:47:43.479 D/CameraClient(  229): getProbeNameSC (pid 855)
07-18 10:47:43.479 V/US_UltrasoundHALBase(  229): UltrasoundHALBase::getProbeNameSC() EN, probeID=3172
07-18 10:47:43.479 V/US_UltrasoundHALBase(  229): UltrasoundHALBase::getProbeNameSC() EX, ret_str = L12-4
07-18 10:47:43.479 V/Camera-JNI(  855): getProbeNameSC
07-18 10:47:43.479 V/Camera  (  855): getProbeNameSC
07-18 10:47:43.479 D/CameraClient(  229): getProbeNameSC (pid 855)
07-18 10:47:43.479 V/US_UltrasoundHALBase(  229): UltrasoundHALBase::getProbeNameSC() EN, probeID=3172
07-18 10:47:43.479 V/US_UltrasoundHALBase(  229): UltrasoundHALBase::getProbeNameSC() EX, ret_str = L12-4
07-18 10:47:43.479 V/Camera-JNI(  855): getProbeNameSC
07-18 10:47:43.479 V/Camera  (  855): getProbeNameSC
07-18 10:47:43.479 D/CameraClient(  229): getProbeNameSC (pid 855)
07-18 10:47:43.479 V/US_UltrasoundHALBase(  229): UltrasoundHALBase::getProbeNameSC() EN, probeID=3172
07-18 10:47:43.479 V/US_UltrasoundHALBase(  229): UltrasoundHALBase::getProbeNameSC() EX, ret_str = L12-4
07-18 10:47:43.489 D/ScanDisplayFragment(  855): ViewLayerChanged A false
07-18 10:47:43.489 D/ScanDisplayFragment(  855): ViewLayerChanged B false
07-18 10:47:43.489 D/ScanDisplayFragment(  855): ViewLayerChanged M false
07-18 10:47:43.509 I/UI_ULTRASOUND(  855): [HighlightButton]THI updateValueText 0
07-18 10:47:43.509 I/US_ScanProcessController(  229): UpdateConfigSetting
07-18 10:47:43.509 D/US_ScanProcessController(  229): iTableType=4 iTableID=0x14 m_iRawDataSize=6
07-18 10:47:43.509 I/US_DataCommunication(  229): EngineCommandPacking
07-18 10:47:43.509 I/US_DataCommunication(  229): DataPacking_ScanningStates
07-18 10:47:43.509 D/US_DataCommunication(  229): CheckSum=40 iSize=6
07-18 10:47:43.509 V/Camera-JNI(  855): getCurrentPreset
07-18 10:47:43.509 V/Camera  (  855): getCurrentPreset
07-18 10:47:43.509 I/US_ScanProcessController(  229): HandleConfigSettingCallback
07-18 10:47:43.509 D/US_VivaProUSB(  229): void ReadFromBuffer(unsigned int*, short unsigned int*) 1116 dataSize=8 BufDataStart=8
07-18 10:47:43.509 I/US_ScanProcessController(  229): AckStatusParser 40
07-18 10:47:43.509 D/US_ScanProcessController(  229): LVDS_Sync....
07-18 10:47:43.509 D/US_ScanProcessController(  229):  UpdateConfigSetting(UplaodStates)
07-18 10:47:43.509 I/US_ScanProcessController(  229): UpdateConfigSetting
07-18 10:47:43.509 D/US_ScanProcessController(  229): iTableType=5 iTableID=0x14 m_iRawDataSize=6
07-18 10:47:43.509 I/US_DataCommunication(  229): EngineCommandPacking
07-18 10:47:43.509 I/US_DataCommunication(  229): DataPacking_ScanningStates
07-18 10:47:43.509 D/US_DataCommunication(  229): CheckSum=136 iSize=6
07-18 10:47:43.509 I/US_ScanProcessController(  229): HandleConfigSettingCallback
07-18 10:47:43.509 D/US_VivaProUSB(  229): void ReadFromBuffer(unsigned int*, short unsigned int*) 1116 dataSize=8 BufDataStart=16
07-18 10:47:43.509 I/US_ScanProcessController(  229): AckStatusParser 136
07-18 10:47:43.509 D/US_ScanProcessController(  229): ReceiveRawFrame(EngineStatus)
07-18 10:47:43.509 D/US_VivaProUSB(  229): void ReadFromBuffer(unsigned int*, short unsigned int*) 1116 dataSize=8 BufDataStart=24
07-18 10:47:43.509 D/US_ScanProcessController(  229): UploadEngineStatus
07-18 10:47:43.509 D/US_ScanProcessController(  229): Engine status: 0 0
07-18 10:47:43.509 D/US_ScanProcessController(  229): iReCheck=1 m_EngineStatus=0
07-18 10:47:43.509 D/CameraClient(  229): getCurrentPreset (pid 855)
07-18 10:47:43.509 V/US_UltrasoundHALBase(  229): UltrasoundHALBase::getCurrentPreset() EN, probeID=3172
07-18 10:47:43.509 D/US_ParametersController(  229): GetCurrentPreset EN, probeID = 3172
07-18 10:47:43.509 V/US_UltrasoundHALBase(  229): UltrasoundHALBase::getCurrentPreset() EX, ret_str = Thyroid
07-18 10:47:43.509 I/UI_ULTRASOUND(  855): [HighlightButton]Full Screen updateValueText 0
07-18 10:47:43.509 I/UI_ULTRASOUND(  855): [HighlightButton]Zoom updateValueText 0
07-18 10:47:43.509 I/UI_ULTRASOUND(  855): [HighlightButton]Dual updateValueText 0
07-18 10:47:43.519 D/US_ScanProcessController(  229):  UpdateConfigSetting(UplaodStates)
07-18 10:47:43.519 I/US_ScanProcessController(  229): UpdateConfigSetting
07-18 10:47:43.519 D/US_ScanProcessController(  229): iTableType=5 iTableID=0x14 m_iRawDataSize=6
07-18 10:47:43.519 I/US_DataCommunication(  229): EngineCommandPacking
07-18 10:47:43.519 I/US_DataCommunication(  229): DataPacking_ScanningStates
07-18 10:47:43.519 D/US_DataCommunication(  229): CheckSum=136 iSize=6
07-18 10:47:43.519 I/US_ScanProcessController(  229): HandleConfigSettingCallback
07-18 10:47:43.519 D/US_VivaProUSB(  229): void ReadFromBuffer(unsigned int*, short unsigned int*) 1116 dataSize=8 BufDataStart=32
07-18 10:47:43.519 I/US_ScanProcessController(  229): AckStatusParser 136
07-18 10:47:43.519 D/US_ScanProcessController(  229): ReceiveRawFrame(EngineStatus)
07-18 10:47:43.519 D/US_VivaProUSB(  229): void ReadFromBuffer(unsigned int*, short unsigned int*) 1116 dataSize=8 BufDataStart=40
07-18 10:47:43.519 D/US_ScanProcessController(  229): UploadEngineStatus
07-18 10:47:43.519 D/US_ScanProcessController(  229): Engine status: 1 0
07-18 10:47:43.519 D/US_ScanProcessController(  229): iReCheck=2 m_EngineStatus=1
07-18 10:47:43.519 V/Camera-JNI(  855): setParameters
07-18 10:47:43.519 V/Camera  (  855): setParameters
07-18 10:47:43.519 V/US_UltrasoundHALBase(  229): UltrasoundHALBase::setParameters() EN
07-18 10:47:43.519 V/US_UltrasoundHALBase(  229): UltrasoundHALBase::setParameters(), setparametersqueue is on
07-18 10:47:43.519 V/US_UltrasoundHALBase(  229): UltrasoundHALBase::setParameters() EX
07-18 10:47:43.519 V/US_UltrasoundHALBase(  229): setParametersListener: partial parameters update, prepare native parameters. UI parms=us_i_b_steering_angle=0
07-18 10:47:43.519 I/UI_ULTRASOUND(  855): [HighlightButton]L/R updateValueText 0
07-18 10:47:43.519 V/US_UltrasoundHALBase(  229): setParametersListener: after merged, parameter count=1, partial parameters len=23, 25920
07-18 10:47:43.519 I/UI_ULTRASOUND(  855): [HighlightButton]U/D updateValueText 0
07-18 10:47:43.519 V/US_UltrasoundHALBase(  229): UltrasoundHALBase::SetParametersToParametersController() EN
07-18 10:47:43.519 V/US_UltrasoundHALBase(  229): UltrasoundHALBase::UpdateParaToAP() EN key = us_i_b_steering_angle, iValue = 0
07-18 10:47:43.519 V/US_UltrasoundHALBase(  229): UltrasoundHALBase::UpdateParaToAP() EX
07-18 10:47:43.519 V/US_UltrasoundHALBase(  229): UltrasoundHALBase::SetParametersToParametersController() EX
07-18 10:47:43.519 I/UI_ULTRASOUND(  855): [HighlightButton]Trap updateValueText 0
07-18 10:47:43.519 V/Camera-JNI(  855): setParameters
07-18 10:47:43.519 V/Camera  (  855): setParameters
07-18 10:47:43.519 V/US_UltrasoundHALBase(  229): UltrasoundHALBase::setParameters() EN
07-18 10:47:43.519 V/US_UltrasoundHALBase(  229): UltrasoundHALBase::setParameters(), setparametersqueue is on
07-18 10:47:43.519 V/US_UltrasoundHALBase(  229): UltrasoundHALBase::setParameters() EX
07-18 10:47:43.519 V/US_UltrasoundHALBase(  229): setParametersListener: partial parameters update, prepare native parameters. UI parms=us_i_trapezoid_status=0
07-18 10:47:43.529 V/US_UltrasoundHALBase(  229): setParametersListener: after merged, parameter count=1, partial parameters len=23, 25920
07-18 10:47:43.529 V/US_UltrasoundHALBase(  229): UltrasoundHALBase::SetParametersToParametersController() EN
07-18 10:47:43.529 V/US_UltrasoundHALBase(  229): UltrasoundHALBase::UpdateParaToAP() EN key = us_i_trapezoid_status, iValue = 0
07-18 10:47:43.529 V/US_UltrasoundHALBase(  229): UltrasoundHALBase::UpdateParaToAP() EX
07-18 10:47:43.529 V/US_UltrasoundHALBase(  229): UltrasoundHALBase::SetParametersToParametersController() EX
07-18 10:47:43.529 I/US_ScanProcessController(  229): LVDS_Sync.... finished, m_EngineStatus&LVDS_Sync=1
07-18 10:47:43.529 I/US_ParametersController(  229): AFETestIOMapping
07-18 10:47:43.529 I/US_ScanProcessController(  229): UpdateConfigSetting
07-18 10:47:43.529 D/US_ScanProcessController(  229): iTableType=20 iTableID=0x8 m_iRawDataSize=12
07-18 10:47:43.529 I/US_DataCommunication(  229): EngineCommandPacking
07-18 10:47:43.529 I/US_DataCommunication(  229): DataPacking_SPISetting
07-18 10:47:43.529 D/US_DataCommunication(  229): CheckSum=186 iSize=12
07-18 10:47:43.529 I/US_ScanProcessController(  229): HandleConfigSettingCallback
07-18 10:47:43.529 D/US_VivaProUSB(  229): void ReadFromBuffer(unsigned int*, short unsigned int*) 1116 dataSize=8 BufDataStart=48
07-18 10:47:43.529 I/US_ScanProcessController(  229): AckStatusParser 186
07-18 10:47:43.529 D/US_ScanProcessController(  229): AFEPowerModeMapping check always sync lvds: 1 1
07-18 10:47:43.529 I/US_ScanProcessController(  229): UpdateConfigSetting
07-18 10:47:43.529 D/US_ScanProcessController(  229): iTableType=13 iTableID=0x7 m_iRawDataSize=262
07-18 10:47:43.529 I/US_DataCommunication(  229): EngineCommandPacking
07-18 10:47:43.529 I/US_DataCommunication(  229): DataPacking_Compression
07-18 10:47:43.529 D/US_DataCommunication(  229): FINISH COMPRESSION TABLE
07-18 10:47:43.529 D/US_DataCommunication(  229): CheckSum=27312 iSize=262
07-18 10:47:43.529 I/US_ScanProcessController(  229): HandleConfigSettingCallback
07-18 10:47:43.529 D/US_VivaProUSB(  229): void ReadFromBuffer(unsigned int*, short unsigned int*) 1116 dataSize=8 BufDataStart=56
07-18 10:47:43.529 I/US_ScanProcessController(  229): AckStatusParser 27312
07-18 10:47:43.529 I/US_ScanProcessController(  229): UpdateConfigSetting
07-18 10:47:43.529 D/US_ScanProcessController(  229): iTableType=14 iTableID=0x5 m_iRawDataSize=886
07-18 10:47:43.529 I/US_DataCommunication(  229): EngineCommandPacking
07-18 10:47:43.529 I/US_DataCommunication(  229): DataPacking_TxApertureSize
07-18 10:47:43.529 D/US_DataCommunication(  229): pParams->ModeConfig_SW->iMaximumCWAperture=32,pParams->ModeConfig_SW->ScanningFrameType=0
07-18 10:47:43.529 D/US_DataCommunication(  229): CheckSum=829 iSize=886
07-18 10:47:43.529 I/US_ScanProcessController(  229): HandleConfigSettingCallback
07-18 10:47:43.529 D/US_VivaProUSB(  229): void ReadFromBuffer(unsigned int*, short unsigned int*) 1116 dataSize=8 BufDataStart=64
07-18 10:47:43.529 I/US_ScanProcessController(  229): AckStatusParser 829
07-18 10:47:43.529 I/US_ScanProcessController(  229): UpdateConfigSetting
07-18 10:47:43.529 D/US_ScanProcessController(  229): iTableType=15 iTableID=0x6 m_iRawDataSize=70
07-18 10:47:43.529 I/US_DataCommunication(  229): EngineCommandPacking
07-18 10:47:43.529 I/US_DataCommunication(  229): DataPacking_RxApertureSize
07-18 10:47:43.529 D/US_DataCommunication(  229): CheckSum=63831 iSize=70
07-18 10:47:43.529 I/US_ScanProcessController(  229): HandleConfigSettingCallback
07-18 10:47:43.529 D/US_VivaProUSB(  229): void ReadFromBuffer(unsigned int*, short unsigned int*) 1116 dataSize=8 BufDataStart=72
07-18 10:47:43.529 I/US_ScanProcessController(  229): AckStatusParser 63831
07-18 10:47:43.529 I/US_ScanProcessController(  229): UpdateConfigSetting
07-18 10:47:43.529 D/US_ScanProcessController(  229): iTableType=9 iTableID=0xd m_iRawDataSize=125
07-18 10:47:43.529 I/US_DataCommunication(  229): EngineCommandPacking
07-18 10:47:43.529 I/US_DataCommunication(  229): DataPacking_ModeConfig_A
07-18 10:47:43.529 D/US_DataCommunication(  229): pParams->ModeConfig_SW->iMaximumCycles=8
07-18 10:47:43.529 D/US_DataCommunication(  229): pParams->ModeConfig_SW->iMinimumNSI=10
07-18 10:47:43.529 D/US_DataCommunication(  229): CheckSum=59849 iSize=125
07-18 10:47:43.529 I/US_ScanProcessController(  229): HandleConfigSettingCallback
07-18 10:47:43.529 D/US_VivaProUSB(  229): void ReadFromBuffer(unsigned int*, short unsigned int*) 1116 dataSize=8 BufDataStart=80
07-18 10:47:43.529 I/US_ScanProcessController(  229): AckStatusParser 59849
07-18 10:47:43.529 I/US_ScanProcessController(  229): UpdateConfigSetting
07-18 10:47:43.529 D/US_ScanProcessController(  229): iTableType=30 iTableID=0xe m_iRawDataSize=298
07-18 10:47:43.529 I/US_DataCommunication(  229): EngineCommandPacking
07-18 10:47:43.529 I/US_DataCommunication(  229): DataPacking_ModeConfig_B
07-18 10:47:43.529 D/US_DataCommunication(  229): CheckSum=50139 iSize=298
07-18 10:47:43.529 I/US_ScanProcessController(  229): HandleConfigSettingCallback
07-18 10:47:43.529 D/US_VivaProUSB(  229): void ReadFromBuffer(unsigned int*, short unsigned int*) 1116 dataSize=8 BufDataStart=88
07-18 10:47:43.529 I/US_ScanProcessController(  229): AckStatusParser 50139
07-18 10:47:43.529 I/US_ScanProcessController(  229): UpdateConfigSetting
07-18 10:47:43.529 D/US_ScanProcessController(  229): iTableType=10 iTableID=0xf m_iRawDataSize=990
07-18 10:47:43.529 I/US_DataCommunication(  229): EngineCommandPacking
07-18 10:47:43.529 I/US_DataCommunication(  229): DataPacking_FreqConfig
07-18 10:47:43.529 D/US_DataCommunication(  229): CheckSum=60500 iSize=990
07-18 10:47:43.529 I/US_ScanProcessController(  229): HandleConfigSettingCallback
07-18 10:47:43.529 D/US_VivaProUSB(  229): void ReadFromBuffer(unsigned int*, short unsigned int*) 1116 dataSize=8 BufDataStart=96
07-18 10:47:43.529 I/US_ScanProcessController(  229): AckStatusParser 60500
07-18 10:47:43.529 I/US_ScanProcessController(  229): UpdateConfigSetting
07-18 10:47:43.529 D/US_ScanProcessController(  229): iTableType=11 iTableID=0x9 m_iRawDataSize=173
07-18 10:47:43.529 I/US_DataCommunication(  229): EngineCommandPacking
07-18 10:47:43.529 I/US_DataCommunication(  229): DataPacking_FrontConfig
07-18 10:47:43.529 D/US_DataCommunication(  229): pParams->ModeConfig_SW->iMaximumTxHVDuty=71
07-18 10:47:43.529 D/US_DataCommunication(  229): pParams->ModeConfig_SW->iMaximumTxHVDuty=71
07-18 10:47:43.529 D/US_DataCommunication(  229): pParams->ModeConfig_SW->iMaximumTxHVDuty=71
07-18 10:47:43.529 D/US_DataCommunication(  229): CheckSum=10039 iSize=173
07-18 10:47:43.529 I/US_ScanProcessController(  229): HandleConfigSettingCallback
07-18 10:47:43.529 D/US_VivaProUSB(  229): void ReadFromBuffer(unsigned int*, short unsigned int*) 1116 dataSize=8 BufDataStart=104
07-18 10:47:43.529 I/US_ScanProcessController(  229): AckStatusParser 10039
07-18 10:47:43.529 I/US_ScanProcessController(  229): UpdateConfigSetting
07-18 10:47:43.529 D/US_ScanProcessController(  229): iTableType=8 iTableID=0xb m_iRawDataSize=6920
07-18 10:47:43.529 I/US_DataCommunication(  229): EngineCommandPacking
07-18 10:47:43.529 I/US_DataCommunication(  229): DataPacking_BeamformerConfig_A
07-18 10:47:43.529 D/US_DataCommunication(  229): CheckSum=6216 iSize=6920
07-18 10:47:43.529 I/US_ScanProcessController(  229): HandleConfigSettingCallback
07-18 10:47:43.529 D/US_VivaProUSB(  229): void ReadFromBuffer(unsigned int*, short unsigned int*) 1116 dataSize=8 BufDataStart=112
07-18 10:47:43.529 I/US_ScanProcessController(  229): AckStatusParser 6216
07-18 10:47:43.529 I/US_ScanProcessController(  229): UpdateConfigSetting
07-18 10:47:43.529 D/US_ScanProcessController(  229): iTableType=31 iTableID=0xc m_iRawDataSize=776
07-18 10:47:43.529 I/US_DataCommunication(  229): EngineCommandPacking
07-18 10:47:43.529 I/US_DataCommunication(  229): DataPacking_BeamformerConfig_B
07-18 10:47:43.529 D/US_DataCommunication(  229): CheckSum=207 iSize=776
07-18 10:47:43.529 I/US_ScanProcessController(  229): HandleConfigSettingCallback
07-18 10:47:43.529 D/US_VivaProUSB(  229): void ReadFromBuffer(unsigned int*, short unsigned int*) 1116 dataSize=8 BufDataStart=120
07-18 10:47:43.529 I/US_ScanProcessController(  229): AckStatusParser 207
07-18 10:47:43.529 D/US_ScanProcessController(  229): iScanSequencyFrameSize=409344, AllocateFrameBuffer iUpdateFrameType=1 iFrameSize=137984
07-18 10:47:43.529 D/US_ScanProcessController(  229): ExcuteScanProcessing, delete memory for pRawFrameBuffer2=0x7c714008
07-18 10:47:43.529 D/US_ScanProcessController(  229): ExcuteScanProcessing, allocate memory for pRawFrameBuffer2, iScanSequencyFrameSize*3/2=614016, sizeof(short)=2  (total: 1228032)
07-18 10:47:43.529 D/US_ScanProcessController(  229): ExcuteScanProcessing, allocate memory for pRawFrameBuffer2=0xb89ed488
07-18 10:47:43.529 I/US_ScanProcessController(  229): UpdateConfigSetting
07-18 10:47:43.529 D/US_ScanProcessController(  229): iTableType=7 iTableID=0xa m_iRawDataSize=775
07-18 10:47:43.529 I/US_DataCommunication(  229): EngineCommandPacking
07-18 10:47:43.529 I/US_DataCommunication(  229): DataPacking_SequenceConfig
07-18 10:47:43.529 D/US_DataCommunication(  229): CheckSum=704 iSize=775
07-18 10:47:43.539 I/US_ScanProcessController(  229): HandleConfigSettingCallback
07-18 10:47:43.539 D/US_VivaProUSB(  229): void ReadFromBuffer(unsigned int*, short unsigned int*) 1116 dataSize=8 BufDataStart=128
07-18 10:47:43.539 I/US_ScanProcessController(  229): AckStatusParser 704
07-18 10:47:43.539 I/US_ScanProcessController(  229): UpdateConfigSetting
07-18 10:47:43.539 D/US_ScanProcessController(  229): iTableType=4 iTableID=0x14 m_iRawDataSize=6
07-18 10:47:43.539 I/US_DataCommunication(  229): EngineCommandPacking
07-18 10:47:43.539 I/US_DataCommunication(  229): DataPacking_ScanningStates
07-18 10:47:43.539 D/US_DataCommunication(  229): CheckSum=10 iSize=6
07-18 10:47:43.539 I/US_ScanProcessController(  229): HandleConfigSettingCallback
07-18 10:47:43.539 D/US_VivaProUSB(  229): void ReadFromBuffer(unsigned int*, short unsigned int*) 1116 dataSize=8 BufDataStart=136
07-18 10:47:43.539 I/US_ScanProcessController(  229): AckStatusParser 10
07-18 10:47:43.539 I/US_ScanProcessController(  229): MultiFrameReceiving EN : iBufferSize=136448, pRawFrame=0xb89ed488, ReceiveRawFrame table=19
07-18 10:47:43.539 I/UI_ULTRASOUND(  855): [HighlightButton]ENV updateValueText 0
07-18 10:47:43.539 D/US_VivaProUSB(  229): void ReadFromBuffer(unsigned int*, short unsigned int*) 1116 dataSize=6396 BufDataStart=144
07-18 10:47:43.539 D/US_VivaProUSB(  229): void ReadFromBuffer(unsigned int*, short unsigned int*) 1116 dataSize=6396 BufDataStart=6540
07-18 10:47:43.539 I/UI_ULTRASOUND(  855): [FakeFramework]getFake$USSectorWidthIndex, width=256 , index=26
07-18 10:47:43.539 I/UI_ULTRASOUND(  855): [HighlightButton]Probe Pos updateValueText 0
07-18 10:47:43.549 D/US_ScanProcessController(  229): m_iReceivedBFrameSize=134912 134912, m_iReceivedColorFrameSize=0 0, m_iReceivedWaveFrameSize=0 0 (0, 0)
07-18 10:47:43.549 I/US_StoreController(  229): StoreFrameInMemory() m_pStorePara->iBStoreFrameIndex = 0, iCurrentCompoundIndex = 1, iCurrentENVIndex = 0, iScanLineNum = 256, iSampleNum = 527
07-18 10:47:43.549 D/US_ScanProcessController(  229): FrameProcessingListener: wait  5035716.000000 micro sec
07-18 10:47:43.549 D/US_ScanProcessController(  229): FrameProcessingListener: pCScanProcessController->m_FrameParameters_queue.size() = 1
07-18 10:47:43.559 I/UI_ULTRASOUND(  855): [HighlightButton]Rotate updateValueText 0
07-18 10:47:43.559 D/US_ScanProcessController(  229): MultiFrameProcessing() send  condStartFrameProcessing (B), m_iSkipFocusIndex = -1, iCurrentFocusIndex = 1, m_iSkipCompoundIndex = -1, iCurrentCompoundIndex = 1
07-18 10:47:43.559 D/US_ScanProcessController(  229): fpFrameTime_ms = 16.000000
07-18 10:47:43.559 D/US_ScanProcessController(  229): UpdateFrameRate() FPS = 62, iCPU1Temp = 44, iCPU2Temp = 41, iCPU3Temp = 41, iCPU4Temp = 47, ENG Temp = 37, iPOPTemp = 43
07-18 10:47:43.559 I/US_ScanProcessController(  229): MultiFrameReceiving EN : iBufferSize=136448, pRawFrame=0xb89ed488, ReceiveRawFrame table=19
07-18 10:47:43.569 D/US_ScanProcessController(  229): m_iReceivedBFrameSize=134912 134912, m_iReceivedColorFrameSize=0 0, m_iReceivedWaveFrameSize=0 0 (0, 0)
07-18 10:47:43.569 I/US_StoreController(  229): StoreFrameInMemory() m_pStorePara->iBStoreFrameIndex = 1, iCurrentCompoundIndex = 2, iCurrentENVIndex = 0, iScanLineNum = 256, iSampleNum = 527
07-18 10:47:43.569 D/US_ScanProcessController(  229): MultiFrameProcessing() send  condStartFrameProcessing (B), m_iSkipFocusIndex = -1, iCurrentFocusIndex = 1, m_iSkipCompoundIndex = -1, iCurrentCompoundIndex = 2
07-18 10:47:43.569 D/US_ScanProcessController(  229): FrameProcessingListener: pCScanProcessController->m_FrameParameters_queue.size() = 2
