07-18 10:47:43.569 I/US_ScanProcessController(  229): MultiFrameReceiving EN : iBufferSize=136448, pRawFrame=0xb89ed488, ReceiveRawFrame table=19
07-18 10:47:43.589 D/US_ScanProcessController(  229): m_iReceivedBFrameSize=134912 134912, m_iReceivedColorFrameSize=0 0, m_iReceivedWaveFrameSize=0 0 (0, 0)
07-18 10:47:43.589 I/US_StoreController(  229): StoreFrameInMemory() m_pStorePara->iBStoreFrameIndex = 2, iCurrentCompoundIndex = 3, iCurrentENVIndex = 0, iScanLineNum = 256, iSampleNum = 527
07-18 10:47:43.589 D/US_ScanProcessController(  229): MultiFrameProcessing() send  condStartFrameProcessing (B), m_iSkipFocusIndex = -1, iCurrentFocusIndex = 1, m_iSkipCompoundIndex = -1, iCurrentCompoundIndex = 3
07-18 10:47:43.589 D/US_ScanProcessController(  229): FrameProcessingListener: pCScanProcessController->m_FrameParameters_queue.size() = 3
07-18 10:47:43.589 D/US_ScanProcessController(  229): iUpdateFrameType: 1: iReceivedFrameSize=409344 iReceivedScanLine=384
07-18 10:47:43.589 D/US_ParametersController(  229): UpdateEngineConfig, m_stEngineParameters.ModeConfig_SW->iStartLineNum_B=1 m_stEngineParameters.ModeConfig_SW->iEndLineNum_B=256 iLineDensity=1
07-18 10:47:43.589 D/US_ParametersController(  229): stSetting->iSizeOfSupportedValues =10, stSetting->iValue=1 stSetting->iMaxIndex=1 iMaxValue=2
07-18 10:47:43.589 V/US_UltrasoundHALBase(  229): UltrasoundHALBase::UpdateParaToAP() EN key = us_i_focal_number, iValue = 1
07-18 10:47:43.589 V/US_UltrasoundHALBase(  229): UltrasoundHALBase::UpdateParaToAP() EX
07-18 10:47:43.589 D/US_ParametersController(  229): UpdateModeConfig, ModeConfig->NSI[Group_B]=5181 ModeConfig->MaxDepth[Group_B]=8744 ModeConfig->NumOfLineSample[Group_B]=1054
07-18 10:47:43.589 I/US_ParametersController(  229): ScanScheduling: iFrameType=1, b2DRefreash=0
07-18 10:47:43.589 D/US_ParametersController(  229): m_stEngineParameters.BeamformerConfig->NumOfSettingIndex=768
07-18 10:47:43.589 D/US_ParametersController(  229): iNumOfSteeringAngle=3 iNumOfFocalPoint=1 iNumOfScanLine=256 iNumOfRxBeam_B=2
07-18 10:47:43.589 D/US_ScanProcessController(  229): SystemStatus =514  ProcessRequest=1024 iSystemMode=1
07-18 10:47:43.589 D/US_ScanProcessController(  229): iScanSequencyFrameSize=409344, AllocateFrameBuffer iUpdateFrameType=1 iFrameSize=137984
07-18 10:47:43.589 I/US_ScanProcessController(  229): MultiFrameReceiving EN : iBufferSize=136448, pRawFrame=0xb89ed488, ReceiveRawFrame table=19
07-18 10:47:43.599 V/Camera-JNI(  855): getProbeNameSC
07-18 10:47:43.599 V/Camera  (  855): getProbeNameSC
07-18 10:47:43.599 D/CameraClient(  229): getProbeNameSC (pid 855)
07-18 10:47:43.599 V/US_UltrasoundHALBase(  229): UltrasoundHALBase::getProbeNameSC() EN, probeID=3172
07-18 10:47:43.599 V/US_UltrasoundHALBase(  229): UltrasoundHALBase::getProbeNameSC() EX, ret_str = L12-4
07-18 10:47:43.599 V/Camera-JNI(  855): getProbeNameSC
07-18 10:47:43.599 V/Camera  (  855): getProbeNameSC
07-18 10:47:43.599 D/CameraClient(  229): getProbeNameSC (pid 855)
07-18 10:47:43.599 V/US_UltrasoundHALBase(  229): UltrasoundHALBase::getProbeNameSC() EN, probeID=3172
07-18 10:47:43.599 V/US_UltrasoundHALBase(  229): UltrasoundHALBase::getProbeNameSC() EX, ret_str = L12-4
07-18 10:47:43.599 V/Camera-JNI(  855): getProbeNameSC
07-18 10:47:43.599 V/Camera  (  855): getProbeNameSC
07-18 10:47:43.599 D/CameraClient(  229): getProbeNameSC (pid 855)
07-18 10:47:43.599 V/US_UltrasoundHALBase(  229): UltrasoundHALBase::getProbeNameSC() EN, probeID=3172
07-18 10:47:43.599 V/US_UltrasoundHALBase(  229): UltrasoundHALBase::getProbeNameSC() EX, ret_str = L12-4
07-18 10:47:43.599 V/Camera-JNI(  855): getProbeNameSC
07-18 10:47:43.599 V/Camera  (  855): getProbeNameSC
07-18 10:47:43.599 D/CameraClient(  229): getProbeNameSC (pid 855)
07-18 10:47:43.599 V/US_UltrasoundHALBase(  229): UltrasoundHALBase::getProbeNameSC() EN, probeID=3172
07-18 10:47:43.599 V/US_UltrasoundHALBase(  229): UltrasoundHALBase::getProbeNameSC() EX, ret_str = L12-4
07-18 10:47:43.599 D/US_ScanProcessController(  229): m_iReceivedBFrameSize=134912 134912, m_iReceivedColorFrameSize=0 0, m_iReceivedWaveFrameSize=0 0 (0, 0)
07-18 10:47:43.599 I/US_StoreController(  229): StoreFrameInMemory() m_pStorePara->iBStoreFrameIndex = 3, iCurrentCompoundIndex = 1, iCurrentENVIndex = 0, iScanLineNum = 256, iSampleNum = 527
07-18 10:47:43.599 D/US_ScanProcessController(  229): MultiFrameProcessing() send  condStartFrameProcessing (B), m_iSkipFocusIndex = -1, iCurrentFocusIndex = 1, m_iSkipCompoundIndex = -1, iCurrentCompoundIndex = 1
07-18 10:47:43.599 D/US_ScanProcessController(  229): FrameProcessingListener: pCScanProcessController->m_FrameParameters_queue.size() = 4
07-18 10:47:43.599 I/US_ScanProcessController(  229): MultiFrameReceiving EN : iBufferSize=136448, pRawFrame=0xb89ed488, ReceiveRawFrame table=19
07-18 10:47:43.609 I/UI_ULTRASOUND(  855): [ControlHorizontalViewFactory]initPenetrationResolutionsSeekbar  mode= 1 level = 1
07-18 10:47:43.619 D/US_ScanProcessController(  229): m_iReceivedBFrameSize=134912 134912, m_iReceivedColorFrameSize=0 0, m_iReceivedWaveFrameSize=0 0 (0, 0)
07-18 10:47:43.619 I/US_StoreController(  229): StoreFrameInMemory() m_pStorePara->iBStoreFrameIndex = 4, iCurrentCompoundIndex = 2, iCurrentENVIndex = 0, iScanLineNum = 256, iSampleNum = 527
07-18 10:47:43.619 D/US_ScanProcessController(  229): MultiFrameProcessing() send  condStartFrameProcessing (B), m_iSkipFocusIndex = -1, iCurrentFocusIndex = 1, m_iSkipCompoundIndex = -1, iCurrentCompoundIndex = 2
07-18 10:47:43.619 D/US_ScanProcessController(  229): FrameProcessingListener: pCScanProcessController->m_FrameParameters_queue.size() = 5
07-18 10:47:43.619 D/US_StoreController(  229): CopyFrameData() iDataMode = 1, iFrameIndex = 0, iScanLineNum = 256, iSampleNum = 527, m_pStorePara->iInitStoreIndex = 0
07-18 10:47:43.619 I/US_ScanProcessController(  229): MultiFrameReceiving EN : iBufferSize=136448, pRawFrame=0xb89ed488, ReceiveRawFrame table=19
07-18 10:47:43.619 D/US_ScanProcessController(  229): FrameProcessingListener: process B frame, fpSleepTime = -5095177.3, fpDiffTime = 5116145.0, fpProcessFrameTime = 21.0, pstFrameParameters->iCompoundingType =2, pstFrameParameters->iCurrentCompoundIndex=1
07-18 10:47:43.619 E/BufferQueue(  855): [unnamed-855-0] dequeueBuffer: BufferQueue has been abandoned!
07-18 10:47:43.619 W/Adreno-EGLSUB(  229): <DequeueBuffer:606>: dequeue native buffer fail: No such device, buffer=0x0, handle=0x0
07-18 10:47:43.619 D/US_GpuController(  229): ResetPostProcessStatus bIsReview=0
07-18 10:47:43.619 D/US_GpuController(  229): SetReviewFrameNumber bIsReview=0, bIsBParameter=1, iReviewFrameNum=0
07-18 10:47:43.619 D/US_GpuController(  229): SetReviewFrameNumber bIsReview=0, bIsBParameter=0, iReviewFrameNum=0
07-18 10:47:43.619 D/US_GpuController(  229): DoGpuIP: bShowOnScreen=0, iBFrameCount=0, iNumofCompAngle=3, iFocalNumber=1, bIsReview=0, bEnableSpatialCompounding=1, iReviewFrameNum_B=0, iColorFrameCount=0, iReviewFrameNum_Color=0, iFullScreenStatus=0, iPreviousFullScreenStatus=0, ptCommon->iPanelWidth=832, iPreviousPanelWidth=832, ptCommon->iPanelHeight=640, iPreviousPanelHeight=640, iPreviousiCFMModeYOffset=0, iCFMModeYOffset=160, iPreviousiColorSampleStart=0, iColorSampleStart=0, bFirstBRawAvailable=1, bFirstColorRawAvailable=0, iFrameCounter=71, bGpuRawAvailableB=1, bGpuRawAvailableColor=0, iDualStatus=0, iImgOrientUD=0, iPreviousCompoundingType=2, iCompoundingType=2, iPreviousBScanEndLine=256, iEndLineNum_B=256, iPreviousBScanStartLine=1, iStartLineNum_B=1, iPreviousSteeringAngle=-400, iSteeringAngle_B=0, iPreviousScanMode=1, iScanMode=1, usPreviousProbeType=1, usProbeType=1, fPreviousPhysicalDepth=40.000000, fpPhysicalDepth=40.000000, bIsDoUICallback=1, bDisableColorDisplay=0
07-18 10:47:43.629 D/US_ScanProcessController(  229): FrameProcessingListener: pCScanProcessController->m_FrameParameters_queue.size() = 4
07-18 10:47:43.629 D/US_StoreController(  229): CopyFrameData() iDataMode = 1, iFrameIndex = 1, iScanLineNum = 256, iSampleNum = 527, m_pStorePara->iInitStoreIndex = 0
07-18 10:47:43.639 D/US_ScanProcessController(  229): m_iReceivedBFrameSize=134912 134912, m_iReceivedColorFrameSize=0 0, m_iReceivedWaveFrameSize=0 0 (0, 0)
07-18 10:47:43.639 I/US_StoreController(  229): StoreFrameInMemory() m_pStorePara->iBStoreFrameIndex = 5, iCurrentCompoundIndex = 3, iCurrentENVIndex = 0, iScanLineNum = 256, iSampleNum = 527
07-18 10:47:43.639 D/US_ScanProcessController(  229): MultiFrameProcessing() send  condStartFrameProcessing (B), m_iSkipFocusIndex = -1, iCurrentFocusIndex = 1, m_iSkipCompoundIndex = -1, iCurrentCompoundIndex = 3
07-18 10:47:43.639 D/US_ScanProcessController(  229): iUpdateFrameType: 1: iReceivedFrameSize=409344 iReceivedScanLine=384
07-18 10:47:43.639 D/US_ParametersController(  229): UpdateEngineConfig, m_stEngineParameters.ModeConfig_SW->iStartLineNum_B=1 m_stEngineParameters.ModeConfig_SW->iEndLineNum_B=256 iLineDensity=1
07-18 10:47:43.639 D/US_ParametersController(  229): UpdateModeConfig, ModeConfig->NSI[Group_B]=5181 ModeConfig->MaxDepth[Group_B]=8744 ModeConfig->NumOfLineSample[Group_B]=1054
07-18 10:47:43.639 I/US_ParametersController(  229): ScanScheduling: iFrameType=1, b2DRefreash=0
07-18 10:47:43.639 D/US_ParametersController(  229): m_stEngineParameters.BeamformerConfig->NumOfSettingIndex=768
07-18 10:47:43.639 D/US_ParametersController(  229): iNumOfSteeringAngle=3 iNumOfFocalPoint=1 iNumOfScanLine=256 iNumOfRxBeam_B=2
07-18 10:47:43.639 V/Camera-JNI(  855): getProbeNameSC
07-18 10:47:43.639 V/Camera  (  855): getProbeNameSC
07-18 10:47:43.639 D/US_ScanProcessController(  229): SystemStatus =514  ProcessRequest=1024 iSystemMode=1
07-18 10:47:43.639 D/US_ScanProcessController(  229): iScanSequencyFrameSize=409344, AllocateFrameBuffer iUpdateFrameType=1 iFrameSize=137984
07-18 10:47:43.639 D/CameraClient(  229): getProbeNameSC (pid 855)
07-18 10:47:43.639 V/US_UltrasoundHALBase(  229): UltrasoundHALBase::getProbeNameSC() EN, probeID=3172
07-18 10:47:43.639 V/US_UltrasoundHALBase(  229): UltrasoundHALBase::getProbeNameSC() EX, ret_str = L12-4
07-18 10:47:43.639 V/Camera-JNI(  855): getProbeNameSC
07-18 10:47:43.639 V/Camera  (  855): getProbeNameSC
07-18 10:47:43.639 D/CameraClient(  229): getProbeNameSC (pid 855)
07-18 10:47:43.639 V/US_UltrasoundHALBase(  229): UltrasoundHALBase::getProbeNameSC() EN, probeID=3172
07-18 10:47:43.639 V/US_UltrasoundHALBase(  229): UltrasoundHALBase::getProbeNameSC() EX, ret_str = L12-4
07-18 10:47:43.639 V/Camera-JNI(  855): getProbeNameSC
07-18 10:47:43.639 V/Camera  (  855): getProbeNameSC
07-18 10:47:43.639 I/US_ScanProcessController(  229): MultiFrameReceiving EN : iBufferSize=136448, pRawFrame=0xb89ed488, ReceiveRawFrame table=19
07-18 10:47:43.639 D/CameraClient(  229): getProbeNameSC (pid 855)
07-18 10:47:43.639 V/US_UltrasoundHALBase(  229): UltrasoundHALBase::getProbeNameSC() EN, probeID=3172
07-18 10:47:43.639 V/US_UltrasoundHALBase(  229): UltrasoundHALBase::getProbeNameSC() EX, ret_str = L12-4
07-18 10:47:43.639 V/Camera-JNI(  855): getProbeNameSC
07-18 10:47:43.639 V/Camera  (  855): getProbeNameSC
07-18 10:47:43.639 D/CameraClient(  229): getProbeNameSC (pid 855)
07-18 10:47:43.639 V/US_UltrasoundHALBase(  229): UltrasoundHALBase::getProbeNameSC() EN, probeID=3172
07-18 10:47:43.639 V/US_UltrasoundHALBase(  229): UltrasoundHALBase::getProbeNameSC() EX, ret_str = L12-4
07-18 10:47:43.639 D/US_ScanProcessController(  229): FrameProcessingListener: process B frame, fpSleepTime = 7802.7, fpDiffTime = 13165.0, fpProcessFrameTime = 21.0, pstFrameParameters->iCompoundingType =2, pstFrameParameters->iCurrentCompoundIndex=2
07-18 10:47:43.639 D/US_GpuController(  229): DoGpuIP: bShowOnScreen=0, iBFrameCount=1, iNumofCompAngle=3, iFocalNumber=1, bIsReview=0, bEnableSpatialCompounding=1, iReviewFrameNum_B=0, iColorFrameCount=0, iReviewFrameNum_Color=0, iFullScreenStatus=0, iPreviousFullScreenStatus=0, ptCommon->iPanelWidth=832, iPreviousPanelWidth=832, ptCommon->iPanelHeight=640, iPreviousPanelHeight=640, iPreviousiCFMModeYOffset=0, iCFMModeYOffset=160, iPreviousiColorSampleStart=0, iColorSampleStart=0, bFirstBRawAvailable=1, bFirstColorRawAvailable=0, iFrameCounter=72, bGpuRawAvailableB=1, bGpuRawAvailableColor=0, iDualStatus=0, iImgOrientUD=0, iPreviousCompoundingType=2, iCompoundingType=2, iPreviousBScanEndLine=256, iEndLineNum_B=256, iPreviousBScanStartLine=1, iStartLineNum_B=1, iPreviousSteeringAngle=-400, iSteeringAngle_B=0, iPreviousScanMode=1, iScanMode=1, usPreviousProbeType=1, usProbeType=1, fPreviousPhysicalDepth=40.000000, fpPhysicalDepth=40.000000, bIsDoUICallback=1, bDisableColorDisplay=0
07-18 10:47:43.649 D/US_StoreController(  229): CopyFrameData() iDataMode = 1, iFrameIndex = 2, iScanLineNum = 256, iSampleNum = 527, m_pStorePara->iInitStoreIndex = 0
07-18 10:47:43.649 D/US_ScanProcessController(  229): m_iReceivedBFrameSize=134912 134912, m_iReceivedColorFrameSize=0 0, m_iReceivedWaveFrameSize=0 0 (0, 0)
07-18 10:47:43.649 I/US_StoreController(  229): StoreFrameInMemory() m_pStorePara->iBStoreFrameIndex = 6, iCurrentCompoundIndex = 1, iCurrentENVIndex = 0, iScanLineNum = 256, iSampleNum = 527
07-18 10:47:43.649 D/US_ScanProcessController(  229): MultiFrameProcessing() send  condStartFrameProcessing (B), m_iSkipFocusIndex = -1, iCurrentFocusIndex = 1, m_iSkipCompoundIndex = -1, iCurrentCompoundIndex = 1
07-18 10:47:43.649 I/US_ScanProcessController(  229): MultiFrameReceiving EN : iBufferSize=136448, pRawFrame=0xb89ed488, ReceiveRawFrame table=19
07-18 10:47:43.649 D/US_ScanProcessController(  229): FrameProcessingListener: process B frame, fpSleepTime = 2180.7, fpDiffTime = 18787.0, fpProcessFrameTime = 21.0, pstFrameParameters->iCompoundingType =2, pstFrameParameters->iCurrentCompoundIndex=3
07-18 10:47:43.659 D/US_GpuController(  229): DoGpuIP: bShowOnScreen=0, iBFrameCount=2, iNumofCompAngle=3, iFocalNumber=1, bIsReview=0, bEnableSpatialCompounding=1, iReviewFrameNum_B=0, iColorFrameCount=0, iReviewFrameNum_Color=0, iFullScreenStatus=0, iPreviousFullScreenStatus=0, ptCommon->iPanelWidth=832, iPreviousPanelWidth=832, ptCommon->iPanelHeight=640, iPreviousPanelHeight=640, iPreviousiCFMModeYOffset=0, iCFMModeYOffset=160, iPreviousiColorSampleStart=0, iColorSampleStart=0, bFirstBRawAvailable=1, bFirstColorRawAvailable=0, iFrameCounter=73, bGpuRawAvailableB=1, bGpuRawAvailableColor=0, iDualStatus=0, iImgOrientUD=0, iPreviousCompoundingType=2, iCompoundingType=2, iPreviousBScanEndLine=256, iEndLineNum_B=256, iPreviousBScanStartLine=1, iStartLineNum_B=1, iPreviousSteeringAngle=-400, iSteeringAngle_B=0, iPreviousScanMode=1, iScanMode=1, usPreviousProbeType=1, usProbeType=1, fPreviousPhysicalDepth=40.000000, fpPhysicalDepth=40.000000, bIsDoUICallback=1, bDisableColorDisplay=0
07-18 10:47:43.669 D/US_StoreController(  229): CopyFrameData() iDataMode = 1, iFrameIndex = 3, iScanLineNum = 256, iSampleNum = 527, m_pStorePara->iInitStoreIndex = 0
07-18 10:47:43.669 D/US_ScanProcessController(  229): m_iReceivedBFrameSize=134912 134912, m_iReceivedColorFrameSize=0 0, m_iReceivedWaveFrameSize=0 0 (0, 0)
07-18 10:47:43.669 I/US_StoreController(  229): StoreFrameInMemory() m_pStorePara->iBStoreFrameIndex = 7, iCurrentCompoundIndex = 2, iCurrentENVIndex = 0, iScanLineNum = 256, iSampleNum = 527
07-18 10:47:43.669 D/US_ScanProcessController(  229): MultiFrameProcessing() send  condStartFrameProcessing (B), m_iSkipFocusIndex = -1, iCurrentFocusIndex = 1, m_iSkipCompoundIndex = -1, iCurrentCompoundIndex = 2
07-18 10:47:43.669 I/US_ScanProcessController(  229): MultiFrameReceiving EN : iBufferSize=136448, pRawFrame=0xb89ed488, ReceiveRawFrame table=19
07-18 10:47:43.669 D/US_ScanProcessController(  229): FrameProcessingListener: process B frame, fpSleepTime = 7108.7, fpDiffTime = 13859.0, fpProcessFrameTime = 21.0, pstFrameParameters->iCompoundingType =2, pstFrameParameters->iCurrentCompoundIndex=1
07-18 10:47:43.669 D/US_GpuController(  229): DoGpuIP: bShowOnScreen=0, iBFrameCount=3, iNumofCompAngle=3, iFocalNumber=1, bIsReview=0, bEnableSpatialCompounding=1, iReviewFrameNum_B=0, iColorFrameCount=0, iReviewFrameNum_Color=0, iFullScreenStatus=0, iPreviousFullScreenStatus=0, ptCommon->iPanelWidth=832, iPreviousPanelWidth=832, ptCommon->iPanelHeight=640, iPreviousPanelHeight=640, iPreviousiCFMModeYOffset=0, iCFMModeYOffset=160, iPreviousiColorSampleStart=0, iColorSampleStart=0, bFirstBRawAvailable=1, bFirstColorRawAvailable=0, iFrameCounter=74, bGpuRawAvailableB=1, bGpuRawAvailableColor=0, iDualStatus=0, iImgOrientUD=0, iPreviousCompoundingType=2, iCompoundingType=2, iPreviousBScanEndLine=256, iEndLineNum_B=256, iPreviousBScanStartLine=1, iStartLineNum_B=1, iPreviousSteeringAngle=-400, iSteeringAngle_B=0, iPreviousScanMode=1, iScanMode=1, usPreviousProbeType=1, usProbeType=1, fPreviousPhysicalDepth=40.000000, fpPhysicalDepth=40.000000, bIsDoUICallback=1, bDisableColorDisplay=0
07-18 10:47:43.679 I/UI_ULTRASOUND(  855): [HighlightButton]THI updateValueText 0
07-18 10:47:43.679 V/Camera-JNI(  855): getCurrentPreset
07-18 10:47:43.679 V/Camera  (  855): getCurrentPreset
07-18 10:47:43.679 D/CameraClient(  229): getCurrentPreset (pid 855)
07-18 10:47:43.679 V/US_UltrasoundHALBase(  229): UltrasoundHALBase::getCurrentPreset() EN, probeID=3172
07-18 10:47:43.679 D/US_ParametersController(  229): GetCurrentPreset EN, probeID = 3172
07-18 10:47:43.679 V/US_UltrasoundHALBase(  229): UltrasoundHALBase::getCurrentPreset() EX, ret_str = Thyroid
07-18 10:47:43.679 I/UI_ULTRASOUND(  855): [HighlightButton]Full Screen updateValueText 0
07-18 10:47:43.679 I/UI_ULTRASOUND(  855): [HighlightButton]Zoom updateValueText 0
07-18 10:47:43.679 I/UI_ULTRASOUND(  855): [HighlightButton]Dual updateValueText 0
07-18 10:47:43.689 D/US_ScanProcessController(  229): m_iReceivedBFrameSize=134912 134912, m_iReceivedColorFrameSize=0 0, m_iReceivedWaveFrameSize=0 0 (0, 0)
07-18 10:47:43.689 I/US_StoreController(  229): StoreFrameInMemory() m_pStorePara->iBStoreFrameIndex = 8, iCurrentCompoundIndex = 3, iCurrentENVIndex = 0, iScanLineNum = 256, iSampleNum = 527
07-18 10:47:43.689 D/US_StoreController(  229): CopyFrameData() iDataMode = 1, iFrameIndex = 4, iScanLineNum = 256, iSampleNum = 527, m_pStorePara->iInitStoreIndex = 0
07-18 10:47:43.689 D/US_ScanProcessController(  229): MultiFrameProcessing() send  condStartFrameProcessing (B), m_iSkipFocusIndex = -1, iCurrentFocusIndex = 1, m_iSkipCompoundIndex = -1, iCurrentCompoundIndex = 3
07-18 10:47:43.689 D/US_ScanProcessController(  229): iUpdateFrameType: 1: iReceivedFrameSize=409344 iReceivedScanLine=384
07-18 10:47:43.689 D/US_ParametersController(  229): UpdateEngineConfig, m_stEngineParameters.ModeConfig_SW->iStartLineNum_B=1 m_stEngineParameters.ModeConfig_SW->iEndLineNum_B=256 iLineDensity=1
07-18 10:47:43.689 D/US_ParametersController(  229): UpdateModeConfig, ModeConfig->NSI[Group_B]=5181 ModeConfig->MaxDepth[Group_B]=8744 ModeConfig->NumOfLineSample[Group_B]=1054
07-18 10:47:43.689 I/US_ParametersController(  229): ScanScheduling: iFrameType=1, b2DRefreash=0
07-18 10:47:43.689 D/US_ParametersController(  229): m_stEngineParameters.BeamformerConfig->NumOfSettingIndex=768
07-18 10:47:43.689 D/US_ParametersController(  229): iNumOfSteeringAngle=3 iNumOfFocalPoint=1 iNumOfScanLine=256 iNumOfRxBeam_B=2
07-18 10:47:43.689 V/Camera-JNI(  855): setParameters
07-18 10:47:43.689 V/Camera  (  855): setParameters
07-18 10:47:43.689 V/US_UltrasoundHALBase(  229): UltrasoundHALBase::setParameters() EN
07-18 10:47:43.689 V/US_UltrasoundHALBase(  229): UltrasoundHALBase::setParameters(), setparametersqueue is on
07-18 10:47:43.689 V/US_UltrasoundHALBase(  229): UltrasoundHALBase::setParameters() EX
07-18 10:47:43.689 V/US_UltrasoundHALBase(  229): setParametersListener: partial parameters update, prepare native parameters. UI parms=us_i_b_steering_angle=0
07-18 10:47:43.689 D/US_ScanProcessController(  229): FrameProcessingListener: process B frame, fpSleepTime = 1139.7, fpDiffTime = 19828.0, fpProcessFrameTime = 21.0, pstFrameParameters->iCompoundingType =2, pstFrameParameters->iCurrentCompoundIndex=2
07-18 10:47:43.689 V/US_UltrasoundHALBase(  229): setParametersListener: after merged, parameter count=1, partial parameters len=23, 25920
07-18 10:47:43.689 I/UI_ULTRASOUND(  855): [HighlightButton]L/R updateValueText 0
07-18 10:47:43.689 I/UI_ULTRASOUND(  855): [HighlightButton]U/D updateValueText 0
07-18 10:47:43.689 V/US_UltrasoundHALBase(  229): UltrasoundHALBase::SetParametersToParametersController() EN
07-18 10:47:43.689 D/US_GpuController(  229): DoGpuIP: bShowOnScreen=1, iBFrameCount=4, iNumofCompAngle=3, iFocalNumber=1, bIsReview=0, bEnableSpatialCompounding=1, iReviewFrameNum_B=0, iColorFrameCount=0, iReviewFrameNum_Color=0, iFullScreenStatus=0, iPreviousFullScreenStatus=0, ptCommon->iPanelWidth=832, iPreviousPanelWidth=832, ptCommon->iPanelHeight=640, iPreviousPanelHeight=640, iPreviousiCFMModeYOffset=0, iCFMModeYOffset=160, iPreviousiColorSampleStart=0, iColorSampleStart=0, bFirstBRawAvailable=1, bFirstColorRawAvailable=0, iFrameCounter=75, bGpuRawAvailableB=1, bGpuRawAvailableColor=0, iDualStatus=0, iImgOrientUD=0, iPreviousCompoundingType=2, iCompoundingType=2, iPreviousBScanEndLine=256, iEndLineNum_B=256, iPreviousBScanStartLine=1, iStartLineNum_B=1, iPreviousSteeringAngle=-400, iSteeringAngle_B=0, iPreviousScanMode=1, iScanMode=1, usPreviousProbeType=1, usProbeType=1, fPreviousPhysicalDepth=40.000000, fpPhysicalDepth=40.000000, bIsDoUICallback=1, bDisableColorDisplay=0
07-18 10:47:43.689 V/US_UltrasoundHALBase(  229): UltrasoundHALBase::UpdateParaToAP() EN key = us_i_b_steering_angle, iValue = 0
07-18 10:47:43.689 V/US_UltrasoundHALBase(  229): UltrasoundHALBase::UpdateParaToAP() EX
07-18 10:47:43.689 V/US_UltrasoundHALBase(  229): UltrasoundHALBase::SetParametersToParametersController() EX
07-18 10:47:43.689 I/UI_ULTRASOUND(  855): [HighlightButton]Trap updateValueText 0
07-18 10:47:43.689 V/Camera-JNI(  855): setParameters
07-18 10:47:43.689 V/Camera  (  855): setParameters
07-18 10:47:43.689 V/US_UltrasoundHALBase(  229): UltrasoundHALBase::setParameters() EN
07-18 10:47:43.689 V/US_UltrasoundHALBase(  229): UltrasoundHALBase::setParameters(), setparametersqueue is on
07-18 10:47:43.689 V/US_UltrasoundHALBase(  229): UltrasoundHALBase::setParameters() EX
07-18 10:47:43.689 V/US_UltrasoundHALBase(  229): setParametersListener: partial parameters update, prepare native parameters. UI parms=us_i_trapezoid_status=0
07-18 10:47:43.689 V/US_UltrasoundHALBase(  229): setParametersListener: after merged, parameter count=1, partial parameters len=23, 25920
07-18 10:47:43.689 V/US_UltrasoundHALBase(  229): UltrasoundHALBase::SetParametersToParametersController() EN
07-18 10:47:43.699 V/US_UltrasoundHALBase(  229): UltrasoundHALBase::UpdateParaToAP() EN key = us_i_trapezoid_status, iValue = 0
07-18 10:47:43.699 V/US_UltrasoundHALBase(  229): UltrasoundHALBase::UpdateParaToAP() EX
07-18 10:47:43.699 V/US_UltrasoundHALBase(  229): UltrasoundHALBase::SetParametersToParametersController() EX
07-18 10:47:43.699 D/US_ScanProcessController(  229): SystemStatus =514  ProcessRequest=1024 iSystemMode=1
07-18 10:47:43.699 D/US_ScanProcessController(  229): iScanSequencyFrameSize=409344, AllocateFrameBuffer iUpdateFrameType=1 iFrameSize=137984
07-18 10:47:43.699 I/US_ScanProcessController(  229): MultiFrameReceiving EN : iBufferSize=136448, pRawFrame=0xb89ed488, ReceiveRawFrame table=19
07-18 10:47:43.699 I/UI_ULTRASOUND(  855): [HighlightButton]ENV updateValueText 0
07-18 10:47:43.699 E/BufferQueue(  855): [unnamed-855-0] dequeueBuffer: BufferQueue has been abandoned!
07-18 10:47:43.699 W/Adreno-EGLSUB(  229): <DequeueBuffer:606>: dequeue native buffer fail: No such device, buffer=0x0, handle=0x0
07-18 10:47:43.699 W/Adreno-EGL(  229): <qeglDrvAPI_eglSwapBuffers:3699>: EGL_BAD_SURFACE
07-18 10:47:43.699 D/US_StoreController(  229): CopyFrameData() iDataMode = 1, iFrameIndex = 5, iScanLineNum = 256, iSampleNum = 527, m_pStorePara->iInitStoreIndex = 0
07-18 10:47:43.699 I/UI_ULTRASOUND(  855): [FakeFramework]getFake$USSectorWidthIndex, width=256 , index=26
07-18 10:47:43.699 D/US_ScanProcessController(  229): m_iReceivedBFrameSize=134912 134912, m_iReceivedColorFrameSize=0 0, m_iReceivedWaveFrameSize=0 0 (0, 0)
07-18 10:47:43.699 I/US_StoreController(  229): StoreFrameInMemory() m_pStorePara->iBStoreFrameIndex = 9, iCurrentCompoundIndex = 1, iCurrentENVIndex = 0, iScanLineNum = 256, iSampleNum = 527
07-18 10:47:43.699 I/US_ScanProcessController(  229): MultiFrameReceiving EN : iBufferSize=136448, pRawFrame=0xb89ed488, ReceiveRawFrame table=19
07-18 10:47:43.699 I/UI_ULTRASOUND(  855): [HighlightButton]Probe Pos updateValueText 0
07-18 10:47:43.709 D/US_ScanProcessController(  229): FrameProcessingListener: process B frame, fpSleepTime = 7330.7, fpDiffTime = 13637.0, fpProcessFrameTime = 21.0, pstFrameParameters->iCompoundingType =2, pstFrameParameters->iCurrentCompoundIndex=3
07-18 10:47:43.709 E/BufferQueue(  855): [unnamed-855-0] dequeueBuffer: BufferQueue has been abandoned!
07-18 10:47:43.709 W/Adreno-EGLSUB(  229): <DequeueBuffer:606>: dequeue native buffer fail: No such device, buffer=0x0, handle=0x0
07-18 10:47:43.709 I/UI_ULTRASOUND(  855): [HighlightButton]Rotate updateValueText 0
07-18 10:47:43.719 V/Camera-JNI(  855): getProbeNameSC
07-18 10:47:43.719 V/Camera  (  855): getProbeNameSC
07-18 10:47:43.719 D/CameraClient(  229): getProbeNameSC (pid 855)
07-18 10:47:43.719 V/US_UltrasoundHALBase(  229): UltrasoundHALBase::getProbeNameSC() EN, probeID=3172
07-18 10:47:43.719 V/US_UltrasoundHALBase(  229): UltrasoundHALBase::getProbeNameSC() EX, ret_str = L12-4
07-18 10:47:43.719 V/Camera-JNI(  855): getProbeNameSC
07-18 10:47:43.719 V/Camera  (  855): getProbeNameSC
07-18 10:47:43.719 D/CameraClient(  229): getProbeNameSC (pid 855)
07-18 10:47:43.719 V/US_UltrasoundHALBase(  229): UltrasoundHALBase::getProbeNameSC() EN, probeID=3172
07-18 10:47:43.719 V/US_UltrasoundHALBase(  229): UltrasoundHALBase::getProbeNameSC() EX, ret_str = L12-4
07-18 10:47:43.719 V/Camera-JNI(  855): getProbeNameSC
07-18 10:47:43.719 V/Camera  (  855): getProbeNameSC
07-18 10:47:43.719 D/CameraClient(  229): getProbeNameSC (pid 855)
07-18 10:47:43.719 V/US_UltrasoundHALBase(  229): UltrasoundHALBase::getProbeNameSC() EN, probeID=3172
07-18 10:47:43.719 V/US_UltrasoundHALBase(  229): UltrasoundHALBase::getProbeNameSC() EX, ret_str = L12-4
07-18 10:47:43.719 V/Camera-JNI(  855): getProbeNameSC
07-18 10:47:43.719 V/Camera  (  855): getProbeNameSC
07-18 10:47:43.719 D/CameraClient(  229): getProbeNameSC (pid 855)
07-18 10:47:43.719 V/US_UltrasoundHALBase(  229): UltrasoundHALBase::getProbeNameSC() EN, probeID=3172
07-18 10:47:43.719 V/US_UltrasoundHALBase(  229): UltrasoundHALBase::getProbeNameSC() EX, ret_str = L12-4
07-18 10:47:43.719 D/US_ScanProcessController(  229): m_iReceivedBFrameSize=134912 134912, m_iReceivedColorFrameSize=0 0, m_iReceivedWaveFrameSize=0 0 (0, 0)
07-18 10:47:43.719 I/US_StoreController(  229): StoreFrameInMemory() m_pStorePara->iBStoreFrameIndex = 10, iCurrentCompoundIndex = 2, iCurrentENVIndex = 0, iScanLineNum = 256, iSampleNum = 527
07-18 10:47:43.719 D/US_ScanProcessController(  229): MultiFrameProcessing() send  condStartFrameProcessing (B), m_iSkipFocusIndex = 1, iCurrentFocusIndex = 1, m_iSkipCompoundIndex = 1, iCurrentCompoundIndex = 2
07-18 10:47:43.719 I/US_ScanProcessController(  229): MultiFrameReceiving EN : iBufferSize=136448, pRawFrame=0xb89ed488, ReceiveRawFrame table=19
07-18 10:47:43.719 D/ScanDisplayFragment(  855): ViewLayerChanged A false
07-18 10:47:43.719 D/ScanDisplayFragment(  855): ViewLayerChanged B false
07-18 10:47:43.719 D/ScanDisplayFragment(  855): ViewLayerChanged M false
07-18 10:47:43.729 D/ScanDisplayFragment(  855): ViewLayerChanged A false
07-18 10:47:43.729 D/ScanDisplayFragment(  855): ViewLayerChanged B false
07-18 10:47:43.729 D/ScanDisplayFragment(  855): ViewLayerChanged M false
07-18 10:47:43.729 D/US_ScanProcessController(  229): m_iReceivedBFrameSize=134912 134912, m_iReceivedColorFrameSize=0 0, m_iReceivedWaveFrameSize=0 0 (0, 0)
07-18 10:47:43.729 I/US_StoreController(  229): StoreFrameInMemory() m_pStorePara->iBStoreFrameIndex = 11, iCurrentCompoundIndex = 3, iCurrentENVIndex = 0, iScanLineNum = 256, iSampleNum = 527
07-18 10:47:43.729 D/US_ScanProcessController(  229): iUpdateFrameType: 1: iReceivedFrameSize=409344 iReceivedScanLine=384
07-18 10:47:43.739 D/US_ParametersController(  229): UpdateEngineConfig, m_stEngineParameters.ModeConfig_SW->iStartLineNum_B=1 m_stEngineParameters.ModeConfig_SW->iEndLineNum_B=256 iLineDensity=1
07-18 10:47:43.739 D/US_ParametersController(  229): UpdateModeConfig, ModeConfig->NSI[Group_B]=5181 ModeConfig->MaxDepth[Group_B]=8744 ModeConfig->NumOfLineSample[Group_B]=1054
07-18 10:47:43.739 I/US_ParametersController(  229): ScanScheduling: iFrameType=1, b2DRefreash=0
07-18 10:47:43.739 D/US_ParametersController(  229): m_stEngineParameters.BeamformerConfig->NumOfSettingIndex=768
07-18 10:47:43.739 D/US_ParametersController(  229): iNumOfSteeringAngle=3 iNumOfFocalPoint=1 iNumOfScanLine=256 iNumOfRxBeam_B=2
07-18 10:47:43.739 D/US_ScanProcessController(  229): SystemStatus =514  ProcessRequest=1024 iSystemMode=1
07-18 10:47:43.739 D/US_ScanProcessController(  229): iScanSequencyFrameSize=409344, AllocateFrameBuffer iUpdateFrameType=1 iFrameSize=137984
07-18 10:47:43.739 I/US_ScanProcessController(  229): MultiFrameReceiving EN : iBufferSize=136448, pRawFrame=0xb89ed488, ReceiveRawFrame table=19
07-18 10:47:43.749 V/Camera-JNI(  855): getCurrentPreset
07-18 10:47:43.749 V/Camera  (  855): getCurrentPreset
07-18 10:47:43.749 D/CameraClient(  229): getCurrentPreset (pid 855)
07-18 10:47:43.749 V/US_UltrasoundHALBase(  229): UltrasoundHALBase::getCurrentPreset() EN, probeID=3172
07-18 10:47:43.749 D/US_ParametersController(  229): GetCurrentPreset EN, probeID = 3172
07-18 10:47:43.749 V/US_UltrasoundHALBase(  229): UltrasoundHALBase::getCurrentPreset() EX, ret_str = Thyroid
07-18 10:47:43.749 I/UI_ULTRASOUND(  855): [VIVAApplication]userApplication userSelectPresetName Thyroid
07-18 10:47:43.749 I/UI_ULTRASOUND(  855): [VIVAApplication]userApplication Thyroid
07-18 10:47:43.749 E/BufferQueue(  855): [unnamed-855-0] dequeueBuffer: BufferQueue has been abandoned!
07-18 10:47:43.749 W/Adreno-EGLSUB(  229): <DequeueBuffer:606>: dequeue native buffer fail: No such device, buffer=0x0, handle=0x0
07-18 10:47:43.749 W/Adreno-EGL(  229): <qeglDrvAPI_eglSwapBuffers:3699>: EGL_BAD_SURFACE
07-18 10:47:43.749 D/ScanDisplayFragment(  855): ViewLayerChanged A false
07-18 10:47:43.749 D/ScanDisplayFragment(  855): ViewLayerChanged B false
07-18 10:47:43.749 D/ScanDisplayFragment(  855): ViewLayerChanged M false
07-18 10:47:43.749 D/US_StoreController(  229): CopyFrameData() iDataMode = 1, iFrameIndex = 6, iScanLineNum = 256, iSampleNum = 527, m_pStorePara->iInitStoreIndex = 0
07-18 10:47:43.749 D/ContainerLayout(  855): UpdatePainterViewOnStateChangeMEASURE_OBJ_CLEAR
07-18 10:47:43.749 D/US_ScanProcessController(  229): FrameProcessingListener: process B frame, fpSleepTime = -29106.3, fpDiffTime = 50074.0, fpProcessFrameTime = 21.0, pstFrameParameters->iCompoundingType =2, pstFrameParameters->iCurrentCompoundIndex=1
07-18 10:47:43.749 I/UI_ULTRASOUND(  855): [ControlHorizontalViewFactory]initPenetrationResolutionsSeekbar  mode= 1 level = 1
07-18 10:47:43.749 E/BufferQueue(  855): [unnamed-855-0] dequeueBuffer: BufferQueue has been abandoned!
07-18 10:47:43.749 W/Adreno-EGLSUB(  229): <DequeueBuffer:606>: dequeue native buffer fail: No such device, buffer=0x0, handle=0x0
07-18 10:47:43.749 D/US_ScanProcessController(  229): m_iReceivedBFrameSize=134912 134912, m_iReceivedColorFrameSize=0 0, m_iReceivedWaveFrameSize=0 0 (0, 0)
07-18 10:47:43.749 I/US_StoreController(  229): StoreFrameInMemory() m_pStorePara->iBStoreFrameIndex = 12, iCurrentCompoundIndex = 1, iCurrentENVIndex = 0, iScanLineNum = 256, iSampleNum = 527
07-18 10:47:43.749 D/US_ScanProcessController(  229): MultiFrameProcessing() send  condStartFrameProcessing (B), m_iSkipFocusIndex = 1, iCurrentFocusIndex = 1, m_iSkipCompoundIndex = 3, iCurrentCompoundIndex = 1
07-18 10:47:43.749 I/US_ScanProcessController(  229): MultiFrameReceiving EN : iBufferSize=136448, pRawFrame=0xb89ed488, ReceiveRawFrame table=19
07-18 10:47:43.749 W/System.err(  855): java.text.ParseException: Unparseable date: "" (at offset 0)
07-18 10:47:43.749 W/System.err(  855): 	at java.text.DateFormat.parse(DateFormat.java:555)
07-18 10:47:43.749 W/System.err(  855): 	at com.qisda.viva.fragments.PatientInformationFragment.updatePatientInfo(PatientInformationFragment.java:322)
07-18 10:47:43.749 W/System.err(  855): 	at com.qisda.viva.fragments.PatientInformationFragment.access$000(PatientInformationFragment.java:58)
07-18 10:47:43.749 W/System.err(  855): 	at com.qisda.viva.fragments.PatientInformationFragment$2.onReceive(PatientInformationFragment.java:96)
07-18 10:47:43.749 W/System.err(  855): 	at android.support.v4.content.LocalBroadcastManager.executePendingBroadcasts(LocalBroadcastManager.java:297)
07-18 10:47:43.749 W/System.err(  855): 	at android.support.v4.content.LocalBroadcastManager.sendBroadcastSync(LocalBroadcastManager.java:278)
07-18 10:47:43.749 W/System.err(  855): 	at com.qisda.viva.utils.ModeControlManager.updateSetAppScanningState(ModeControlManager.java:478)
07-18 10:47:43.749 W/System.err(  855): 	at com.qisda.viva.utils.ModeControlManager.setAPPScanningStateSync(ModeControlManager.java:601)
07-18 10:47:43.749 W/System.err(  855): 	at com.qisda.viva.fragments.ScanDisplayFragment.onSurfaceTextureAvailable(ScanDisplayFragment.java:818)
07-18 10:47:43.749 W/System.err(  855): 	at android.view.TextureView.getHardwareLayer(TextureView.java:385)
07-18 10:47:43.749 W/System.err(  855): 	at android.view.View.getDisplayList(View.java:13403)
07-18 10:47:43.749 W/System.err(  855): 	at android.view.View.getDisplayList(View.java:13479)
07-18 10:47:43.749 W/System.err(  855): 	at android.view.View.draw(View.java:14257)
07-18 10:47:43.749 W/System.err(  855): 	at android.view.ViewGroup.drawChild(ViewGroup.java:3103)
07-18 10:47:43.749 W/System.err(  855): 	at android.view.ViewGroup.dispatchDraw(ViewGroup.java:2940)
07-18 10:47:43.749 W/System.err(  855): 	at android.view.View.getDisplayList(View.java:13432)
07-18 10:47:43.749 W/System.err(  855): 	at android.view.View.getDisplayList(View.java:13479)
07-18 10:47:43.749 W/System.err(  855): 	at android.view.View.draw(View.java:14257)
07-18 10:47:43.749 W/System.err(  855): 	at android.view.ViewGroup.drawChild(ViewGroup.java:3103)
07-18 10:47:43.749 W/System.err(  855): 	at android.view.ViewGroup.dispatchDraw(ViewGroup.java:2940)
07-18 10:47:43.749 W/System.err(  855): 	at android.view.View.getDisplayList(View.java:13432)
07-18 10:47:43.749 W/System.err(  855): 	at android.view.View.getDisplayList(View.java:13479)
07-18 10:47:43.749 W/System.err(  855): 	at android.view.View.draw(View.java:14257)
07-18 10:47:43.749 W/System.err(  855): 	at android.view.ViewGroup.drawChild(ViewGroup.java:3103)
07-18 10:47:43.749 W/System.err(  855): 	at android.view.ViewGroup.dispatchDraw(ViewGroup.java:2940)
07-18 10:47:43.759 W/System.err(  855): 	at android.view.View.getDisplayList(View.java:13432)
07-18 10:47:43.759 W/System.err(  855): 	at android.view.View.getDisplayList(View.java:13479)
07-18 10:47:43.759 W/System.err(  855): 	at android.view.View.draw(View.java:14257)
07-18 10:47:43.759 W/System.err(  855): 	at android.view.ViewGroup.drawChild(ViewGroup.java:3103)
07-18 10:47:43.759 W/System.err(  855): 	at android.view.ViewGroup.dispatchDraw(ViewGroup.java:2940)
07-18 10:47:43.759 W/System.err(  855): 	at android.view.View.getDisplayList(View.java:13432)
07-18 10:47:43.759 W/System.err(  855): 	at android.view.View.getDisplayList(View.java:13479)
07-18 10:47:43.759 W/System.err(  855): 	at android.view.View.draw(View.java:14257)
07-18 10:47:43.759 W/System.err(  855): 	at android.view.ViewGroup.drawChild(ViewGroup.java:3103)
07-18 10:47:43.759 W/System.err(  855): 	at android.view.ViewGroup.dispatchDraw(ViewGroup.java:2940)
07-18 10:47:43.759 W/System.err(  855): 	at android.view.View.getDisplayList(View.java:13432)
07-18 10:47:43.759 W/System.err(  855): 	at android.view.View.getDisplayList(View.java:13479)
07-18 10:47:43.759 W/System.err(  855): 	at android.view.View.draw(View.java:14257)
07-18 10:47:43.759 W/System.err(  855): 	at android.view.ViewGroup.drawChild(ViewGroup.java:3103)
07-18 10:47:43.759 W/System.err(  855): 	at android.view.ViewGroup.dispatchDraw(ViewGroup.java:2940)
07-18 10:47:43.759 W/System.err(  855): 	at android.view.View.getDisplayList(View.java:13432)
07-18 10:47:43.759 W/System.err(  855): 	at android.view.View.getDisplayList(View.java:13479)
07-18 10:47:43.759 W/System.err(  855): 	at android.view.View.draw(View.java:14257)
07-18 10:47:43.759 W/System.err(  855): 	at android.view.ViewGroup.drawChild(ViewGroup.java:3103)
07-18 10:47:43.759 W/System.err(  855): 	at android.view.ViewGroup.dispatchDraw(ViewGroup.java:2940)
07-18 10:47:43.759 W/System.err(  855): 	at android.view.View.getDisplayList(View.java:13432)
07-18 10:47:43.759 W/System.err(  855): 	at android.view.View.getDisplayList(View.java:13479)
07-18 10:47:43.759 W/System.err(  855): 	at android.view.View.draw(View.java:14257)
07-18 10:47:43.759 W/System.err(  855): 	at android.view.ViewGroup.drawChild(ViewGroup.java:3103)
07-18 10:47:43.759 W/System.err(  855): 	at android.view.ViewGroup.dispatchDraw(ViewGroup.java:2940)
07-18 10:47:43.759 W/System.err(  855): 	at android.view.View.getDisplayList(View.java:13432)
07-18 10:47:43.759 W/System.err(  855): 	at android.view.View.getDisplayList(View.java:13479)
07-18 10:47:43.759 W/System.err(  855): 	at android.view.View.draw(View.java:14257)
07-18 10:47:43.759 W/System.err(  855): 	at android.view.ViewGroup.drawChild(ViewGroup.java:3103)
07-18 10:47:43.759 W/System.err(  855): 	at android.view.ViewGroup.dispatchDraw(ViewGroup.java:2940)
07-18 10:47:43.759 W/System.err(  855): 	at android.view.View.getDisplayList(View.java:13432)
07-18 10:47:43.759 W/System.err(  855): 	at android.view.View.getDisplayList(View.java:13479)
07-18 10:47:43.759 W/System.err(  855): 	at android.view.View.draw(View.java:14257)
07-18 10:47:43.759 W/System.err(  855): 	at android.view.ViewGroup.drawChild(ViewGroup.java:3103)
07-18 10:47:43.759 W/System.err(  855): 	at android.view.ViewGroup.dispatchDraw(ViewGroup.java:2940)
07-18 10:47:43.759 W/System.err(  855): 	at android.view.View.getDisplayList(View.java:13432)
07-18 10:47:43.759 W/System.err(  855): 	at android.view.View.getDisplayList(View.java:13479)
07-18 10:47:43.759 W/System.err(  855): 	at android.view.View.draw(View.java:14257)
07-18 10:47:43.759 W/System.err(  855): 	at android.view.ViewGroup.drawChild(ViewGroup.java:3103)
07-18 10:47:43.759 W/System.err(  855): 	at android.view.ViewGroup.dispatchDraw(ViewGroup.java:2940)
07-18 10:47:43.759 W/System.err(  855): 	at android.view.View.getDisplayList(View.java:13432)
07-18 10:47:43.759 W/System.err(  855): 	at android.view.View.getDisplayList(View.java:13479)
07-18 10:47:43.759 W/System.err(  855): 	at android.view.View.draw(View.java:14257)
07-18 10:47:43.759 W/System.err(  855): 	at android.view.ViewGroup.drawChild(ViewGroup.java:3103)
07-18 10:47:43.759 W/System.err(  855): 	at android.view.ViewGroup.dispatchDraw(ViewGroup.java:2940)
07-18 10:47:43.759 W/System.err(  855): 	at android.view.View.draw(View.java:14543)
07-18 10:47:43.759 W/System.err(  855): 	at android.widget.FrameLayout.draw(FrameLayout.java:472)
07-18 10:47:43.759 W/System.err(  855): 	at com.android.internal.policy.impl.PhoneWindow$DecorView.draw(PhoneWindow.java:2326)
07-18 10:47:43.759 W/System.err(  855): 	at android.view.View.getDisplayList(View.java:13437)
07-18 10:47:43.759 W/System.err(  855): 	at android.view.View.getDisplayList(View.java:13479)
07-18 10:47:43.759 W/System.err(  855): 	at android.view.HardwareRenderer$GlRenderer.buildDisplayList(HardwareRenderer.java:1570)
07-18 10:47:43.759 W/System.err(  855): 	at android.view.HardwareRenderer$GlRenderer.draw(HardwareRenderer.java:1449)
07-18 10:47:43.759 W/System.err(  855): 	at android.view.ViewRootImpl.draw(ViewRootImpl.java:2377)
07-18 10:47:43.759 E/BufferQueue(  855): [unnamed-855-0] dequeueBuffer: BufferQueue has been abandoned!
07-18 10:47:43.759 W/System.err(  855): 	at android.view.ViewRootImpl.performDraw(ViewRootImpl.java:2249)
07-18 10:47:43.759 W/Adreno-EGLSUB(  229): <DequeueBuffer:606>: dequeue native buffer fail: No such device, buffer=0x0, handle=0x0
07-18 10:47:43.759 W/Adreno-EGL(  229): <qeglDrvAPI_eglSwapBuffers:3699>: EGL_BAD_SURFACE
07-18 10:47:43.759 D/US_StoreController(  229): CopyFrameData() iDataMode = 1, iFrameIndex = 7, iScanLineNum = 256, iSampleNum = 527, m_pStorePara->iInitStoreIndex = 0
07-18 10:47:43.759 W/System.err(  855): 	at android.view.ViewRootImpl.performTraversals(ViewRootImpl.java:1879)
07-18 10:47:43.759 W/System.err(  855): 	at android.view.ViewRootImpl.doTraversal(ViewRootImpl.java:996)
07-18 10:47:43.759 W/System.err(  855): 	at android.view.ViewRootImpl$TraversalRunnable.run(ViewRootImpl.java:5600)
07-18 10:47:43.759 W/System.err(  855): 	at android.view.Choreographer$CallbackRecord.run(Choreographer.java:761)
07-18 10:47:43.759 W/System.err(  855): 	at android.view.Choreographer.doCallbacks(Choreographer.java:574)
07-18 10:47:43.759 W/System.err(  855): 	at android.view.Choreographer.doFrame(Choreographer.java:544)
07-18 10:47:43.759 W/System.err(  855): 	at android.view.Choreographer$FrameDisplayEventReceiver.run(Choreographer.java:747)
07-18 10:47:43.759 W/System.err(  855): 	at android.os.Handler.handleCallback(Handler.java:733)
07-18 10:47:43.759 W/System.err(  855): 	at android.os.Handler.dispatchMessage(Handler.java:95)
07-18 10:47:43.759 W/System.err(  855): 	at android.os.Looper.loop(Looper.java:136)
07-18 10:47:43.759 W/System.err(  855): 	at android.app.ActivityThread.main(ActivityThread.java:5034)
07-18 10:47:43.759 W/System.err(  855): 	at java.lang.reflect.Method.invokeNative(Native Method)
07-18 10:47:43.759 W/System.err(  855): 	at java.lang.reflect.Method.invoke(Method.java:515)
07-18 10:47:43.759 W/System.err(  855): 	at com.android.internal.os.ZygoteInit$MethodAndArgsCaller.run(ZygoteInit.java:786)
07-18 10:47:43.759 W/System.err(  855): 	at com.android.internal.os.ZygoteInit.main(ZygoteInit.java:602)
07-18 10:47:43.759 W/System.err(  855): 	at dalvik.system.NativeStart.main(Native Method)
07-18 10:47:43.759 V/Camera-JNI(  855): getCurrentPreset
07-18 10:47:43.759 V/Camera  (  855): getCurrentPreset
07-18 10:47:43.759 D/CameraClient(  229): getCurrentPreset (pid 855)
07-18 10:47:43.759 V/US_UltrasoundHALBase(  229): UltrasoundHALBase::getCurrentPreset() EN, probeID=3172
07-18 10:47:43.759 D/US_ParametersController(  229): GetCurrentPreset EN, probeID = 3172
07-18 10:47:43.759 V/US_UltrasoundHALBase(  229): UltrasoundHALBase::getCurrentPreset() EX, ret_str = Thyroid
07-18 10:47:43.769 V/Camera-JNI(  855): setPreviewTextureUS
07-18 10:47:43.769 V/Camera  (  855): setPreviewTarget(0x6082e008)
07-18 10:47:43.769 V/US_UltrasoundHALBase(  229): UltrasoundHALBase::isEnableGPU() EN
07-18 10:47:43.769 V/US_UltrasoundHALBase(  229): UltrasoundHALBase::isEnableGPU() EX, bIsEnableGPU = 1
07-18 10:47:43.769 V/US_UltrasoundHALBase(  229): UltrasoundHALBase::setEGLView() EN, width=832, height=640
07-18 10:47:43.769 I/US_QisdaUltrasoundBase(  229): QisdaUltrasoundBase::setEGLView() EN
07-18 10:47:43.769 I/US_ScanProcessController(  229): setEGLView EN
07-18 10:47:43.769 I/US_QisdaUltrasoundBase(  229): QisdaUltrasoundBase::setEGLView() EX
07-18 10:47:43.769 D/US_ParametersController(  229): SetPanelSize() iWidth = 832, iHeight = 640
07-18 10:47:43.769 V/US_UltrasoundHALBase(  229): UltrasoundHALBase::setEGLView() EX
07-18 10:47:43.769 V/Camera-JNI(  855): setParameters
07-18 10:47:43.769 V/Camera  (  855): setParameters
07-18 10:47:43.769 V/US_UltrasoundHALBase(  229): UltrasoundHALBase::setParameters() EN
07-18 10:47:43.769 V/US_UltrasoundHALBase(  229): UltrasoundHALBase::setParameters(), setparametersqueue is on
07-18 10:47:43.769 V/US_UltrasoundHALBase(  229): UltrasoundHALBase::setParameters() EX
07-18 10:47:43.769 V/US_UltrasoundHALBase(  229): setParametersListener: partial parameters update, prepare native parameters. UI parms=preview-size=832x640
07-18 10:47:43.769 V/Camera-JNI(  855): setScanView
07-18 10:47:43.769 V/Camera  (  855): setScanView
07-18 10:47:43.769 D/CameraClient(  229): setScanView (pid 855)
07-18 10:47:43.769 V/US_UltrasoundHALBase(  229): UltrasoundHALBase::setScanView() iViewType=0, iWidth=832, iHeight=640
07-18 10:47:43.769 V/US_UltrasoundHALBase(  229): UltrasoundHALBase::setScanView() EX
07-18 10:47:43.769 V/Camera-JNI(  855): setScanView
07-18 10:47:43.769 V/Camera  (  855): setScanView
07-18 10:47:43.769 D/CameraClient(  229): setScanView (pid 855)
07-18 10:47:43.769 V/US_UltrasoundHALBase(  229): UltrasoundHALBase::setScanView() iViewType=1, iWidth=416, iHeight=640
07-18 10:47:43.769 V/US_UltrasoundHALBase(  229): UltrasoundHALBase::setScanView() EX
07-18 10:47:43.769 V/Camera-JNI(  855): setScanView
07-18 10:47:43.769 V/Camera  (  855): setScanView
07-18 10:47:43.769 D/CameraClient(  229): setScanView (pid 855)
07-18 10:47:43.769 V/US_UltrasoundHALBase(  229): UltrasoundHALBase::setScanView() iViewType=2, iWidth=416, iHeight=640
07-18 10:47:43.769 V/US_UltrasoundHALBase(  229): UltrasoundHALBase::setScanView() EX
07-18 10:47:43.769 V/Camera-JNI(  855): setScanView
07-18 10:47:43.769 V/Camera  (  855): setScanView
07-18 10:47:43.769 D/CameraClient(  229): setScanView (pid 855)
07-18 10:47:43.769 V/US_UltrasoundHALBase(  229): UltrasoundHALBase::setScanView() iViewType=3, iWidth=832, iHeight=320
07-18 10:47:43.769 V/US_UltrasoundHALBase(  229): UltrasoundHALBase::setScanView() EX
07-18 10:47:43.769 V/Camera-JNI(  855): setScanView
07-18 10:47:43.769 V/Camera  (  855): setScanView
07-18 10:47:43.769 D/CameraClient(  229): setScanView (pid 855)
07-18 10:47:43.769 V/US_UltrasoundHALBase(  229): UltrasoundHALBase::setScanView() iViewType=6, iWidth=685, iHeight=275
07-18 10:47:43.769 V/US_UltrasoundHALBase(  229): UltrasoundHALBase::setScanView() EX
07-18 10:47:43.769 V/Camera-JNI(  855): setScanView
07-18 10:47:43.769 V/Camera  (  855): setScanView
07-18 10:47:43.769 D/CameraClient(  229): setScanView (pid 855)
07-18 10:47:43.769 V/US_UltrasoundHALBase(  229): UltrasoundHALBase::setScanView() iViewType=4, iWidth=416, iHeight=320
07-18 10:47:43.769 V/US_UltrasoundHALBase(  229): UltrasoundHALBase::setScanView() EX
07-18 10:47:43.769 V/US_UltrasoundHALBase(  229): setParametersListener: after merged, parameter count=1, 