07-18 10:47:34.749 D/US_ScanProcessController(  229): m_iReceivedBFrameSize=134912 134912, m_iReceivedColorFrameSize=0 0, m_iReceivedWaveFrameSize=0 0 (0, 0)
07-18 10:47:34.749 I/US_StoreController(  229): StoreFrameInMemory() m_pStorePara->iBStoreFrameIndex = 37, iCurrentCompoundIndex = 2, iCurrentENVIndex = 0, iScanLineNum = 256, iSampleNum = 527
07-18 10:47:34.749 I/US_ScanProcessController(  229): MultiFrameReceiving EN : iBufferSize=136448, pRawFrame=0x7c714008, ReceiveRawFrame table=19
07-18 10:47:34.749 E/qdoverlay(  224): Bad ov dump:  mdp_overlay z=0 fg=0 alpha=255 mask=-1 flags=0x20000 id=16
07-18 10:47:34.749 E/qdoverlay(  224): src msmfb_img w=1408 h=768 format=13 MDP_RGBA_8888
07-18 10:47:34.749 E/qdoverlay(  224): src_rect mdp_rect x=0 y=0 w=1366 h=768
07-18 10:47:34.749 E/qdoverlay(  224): dst_rect mdp_rect x=0 y=0 w=1280 h=719
07-18 10:47:34.749 E/qdoverlay(  224): Bad ov dump:  mdp_overlay z=0 fg=0 alpha=255 mask=-1 flags=0x20000 id=16
07-18 10:47:34.749 E/qdoverlay(  224): src msmfb_img w=1408 h=768 format=13 MDP_RGBA_8888
07-18 10:47:34.749 E/qdoverlay(  224): src_rect mdp_rect x=0 y=0 w=1366 h=768
07-18 10:47:34.749 E/qdoverlay(  224): dst_rect mdp_rect x=0 y=0 w=1280 h=719
07-18 10:47:34.759 D/US_ScanProcessController(  229): m_iReceivedBFrameSize=134912 134912, m_iReceivedColorFrameSize=0 0, m_iReceivedWaveFrameSize=0 0 (0, 0)
07-18 10:47:34.759 I/US_StoreController(  229): StoreFrameInMemory() m_pStorePara->iBStoreFrameIndex = 38, iCurrentCompoundIndex = 3, iCurrentENVIndex = 0, iScanLineNum = 256, iSampleNum = 527
07-18 10:47:34.759 D/US_ScanProcessController(  229): MultiFrameProcessing() send  condStartFrameProcessing (B), m_iSkipFocusIndex = 1, iCurrentFocusIndex = 1, m_iSkipCompoundIndex = 2, iCurrentCompoundIndex = 3
07-18 10:47:34.759 D/US_ScanProcessController(  229): iUpdateFrameType: 1: iReceivedFrameSize=409344 iReceivedScanLine=384
07-18 10:47:34.759 D/US_ParametersController(  229): UpdateEngineConfig, m_stEngineParameters.ModeConfig_SW->iStartLineNum_B=1 m_stEngineParameters.ModeConfig_SW->iEndLineNum_B=256 iLineDensity=1
07-18 10:47:34.759 D/US_ParametersController(  229): UpdateModeConfig, ModeConfig->NSI[Group_B]=5181 ModeConfig->MaxDepth[Group_B]=8744 ModeConfig->NumOfLineSample[Group_B]=1054
07-18 10:47:34.759 I/US_ParametersController(  229): ScanScheduling: iFrameType=1, b2DRefreash=0
07-18 10:47:34.759 D/US_ParametersController(  229): m_stEngineParameters.BeamformerConfig->NumOfSettingIndex=768
07-18 10:47:34.759 D/US_ParametersController(  229): iNumOfSteeringAngle=3 iNumOfFocalPoint=1 iNumOfScanLine=256 iNumOfRxBeam_B=2
07-18 10:47:34.769 D/US_ScanProcessController(  229): SystemStatus =514  ProcessRequest=1024 iSystemMode=1
07-18 10:47:34.769 D/US_ScanProcessController(  229): iScanSequencyFrameSize=409344, AllocateFrameBuffer iUpdateFrameType=1 iFrameSize=137984
07-18 10:47:34.769 I/US_ScanProcessController(  229): MultiFrameReceiving EN : iBufferSize=136448, pRawFrame=0x7c714008, ReceiveRawFrame table=19
07-18 10:47:34.769 E/qdoverlay(  224): Bad ov dump:  mdp_overlay z=0 fg=0 alpha=255 mask=-1 flags=0x20000 id=16
07-18 10:47:34.769 E/qdoverlay(  224): src msmfb_img w=1408 h=768 format=13 MDP_RGBA_8888
07-18 10:47:34.769 E/qdoverlay(  224): src_rect mdp_rect x=0 y=0 w=1366 h=768
07-18 10:47:34.769 E/qdoverlay(  224): dst_rect mdp_rect x=0 y=0 w=1280 h=719
07-18 10:47:34.769 E/qdoverlay(  224): Bad ov dump:  mdp_overlay z=0 fg=0 alpha=255 mask=-1 flags=0x20000 id=16
07-18 10:47:34.769 E/qdoverlay(  224): src msmfb_img w=1408 h=768 format=13 MDP_RGBA_8888
07-18 10:47:34.769 E/qdoverlay(  224): src_rect mdp_rect x=0 y=0 w=1366 h=768
07-18 10:47:34.769 E/qdoverlay(  224): dst_rect mdp_rect x=0 y=0 w=1280 h=719
07-18 10:47:34.779 D/US_ScanProcessController(  229): m_iReceivedBFrameSize=134912 134912, m_iReceivedColorFrameSize=0 0, m_iReceivedWaveFrameSize=0 0 (0, 0)
07-18 10:47:34.779 I/US_StoreController(  229): StoreFrameInMemory() m_pStorePara->iBStoreFrameIndex = 39, iCurrentCompoundIndex = 1, iCurrentENVIndex = 0, iScanLineNum = 256, iSampleNum = 527
07-18 10:47:34.779 D/US_ScanProcessController(  229): MultiFrameProcessing() send  condStartFrameProcessing (B), m_iSkipFocusIndex = 1, iCurrentFocusIndex = 1, m_iSkipCompoundIndex = 2, iCurrentCompoundIndex = 1
07-18 10:47:34.779 I/US_ScanProcessController(  229): MultiFrameReceiving EN : iBufferSize=136448, pRawFrame=0x7c714008, ReceiveRawFrame table=19
07-18 10:47:34.789 E/qdoverlay(  224): Bad ov dump:  mdp_overlay z=0 fg=0 alpha=255 mask=-1 flags=0x20000 id=16
07-18 10:47:34.789 E/qdoverlay(  224): src msmfb_img w=1408 h=768 format=13 MDP_RGBA_8888
07-18 10:47:34.789 E/qdoverlay(  224): src_rect mdp_rect x=0 y=0 w=1366 h=768
07-18 10:47:34.789 E/qdoverlay(  224): dst_rect mdp_rect x=0 y=0 w=1280 h=719
07-18 10:47:34.789 E/qdoverlay(  224): Bad ov dump:  mdp_overlay z=0 fg=0 alpha=255 mask=-1 flags=0x20000 id=16
07-18 10:47:34.789 E/qdoverlay(  224): src msmfb_img w=1408 h=768 format=13 MDP_RGBA_8888
07-18 10:47:34.789 E/qdoverlay(  224): src_rect mdp_rect x=0 y=0 w=1366 h=768
07-18 10:47:34.789 E/qdoverlay(  224): dst_rect mdp_rect x=0 y=0 w=1280 h=719
07-18 10:47:34.799 D/US_ScanProcessController(  229): m_iReceivedBFrameSize=134912 134912, m_iReceivedColorFrameSize=0 0, m_iReceivedWaveFrameSize=0 0 (0, 0)
07-18 10:47:34.799 I/US_StoreController(  229): StoreFrameInMemory() m_pStorePara->iBStoreFrameIndex = 40, iCurrentCompoundIndex = 2, iCurrentENVIndex = 0, iScanLineNum = 256, iSampleNum = 527
07-18 10:47:34.799 D/US_ScanProcessController(  229): MultiFrameProcessing() send  condStartFrameProcessing (B), m_iSkipFocusIndex = 1, iCurrentFocusIndex = 1, m_iSkipCompoundIndex = 2, iCurrentCompoundIndex = 2
07-18 10:47:34.799 I/US_ScanProcessController(  229): MultiFrameReceiving EN : iBufferSize=136448, pRawFrame=0x7c714008, ReceiveRawFrame table=19
07-18 10:47:34.799 E/qdoverlay(  224): Bad ov dump:  mdp_overlay z=0 fg=0 alpha=255 mask=-1 flags=0x20000 id=16
07-18 10:47:34.799 E/qdoverlay(  224): src msmfb_img w=1408 h=768 format=13 MDP_RGBA_8888
07-18 10:47:34.799 E/qdoverlay(  224): src_rect mdp_rect x=0 y=0 w=1366 h=768
07-18 10:47:34.799 E/qdoverlay(  224): dst_rect mdp_rect x=0 y=0 w=1280 h=719
07-18 10:47:34.799 E/qdoverlay(  224): Bad ov dump:  mdp_overlay z=0 fg=0 alpha=255 mask=-1 flags=0x20000 id=16
07-18 10:47:34.799 E/qdoverlay(  224): src msmfb_img w=1408 h=768 format=13 MDP_RGBA_8888
07-18 10:47:34.799 E/qdoverlay(  224): src_rect mdp_rect x=0 y=0 w=1366 h=768
07-18 10:47:34.799 E/qdoverlay(  224): dst_rect mdp_rect x=0 y=0 w=1280 h=719
07-18 10:47:34.809 D/US_ScanProcessController(  229): m_iReceivedBFrameSize=134912 134912, m_iReceivedColorFrameSize=0 0, m_iReceivedWaveFrameSize=0 0 (0, 0)
07-18 10:47:34.809 I/US_StoreController(  229): StoreFrameInMemory() m_pStorePara->iBStoreFrameIndex = 41, iCurrentCompoundIndex = 3, iCurrentENVIndex = 0, iScanLineNum = 256, iSampleNum = 527
07-18 10:47:34.809 D/US_ScanProcessController(  229): iUpdateFrameType: 1: iReceivedFrameSize=409344 iReceivedScanLine=384
07-18 10:47:34.809 D/US_ParametersController(  229): UpdateEngineConfig, m_stEngineParameters.ModeConfig_SW->iStartLineNum_B=1 m_stEngineParameters.ModeConfig_SW->iEndLineNum_B=256 iLineDensity=1
07-18 10:47:34.809 D/US_ParametersController(  229): UpdateModeConfig, ModeConfig->NSI[Group_B]=5181 ModeConfig->MaxDepth[Group_B]=8744 ModeConfig->NumOfLineSample[Group_B]=1054
07-18 10:47:34.809 I/US_ParametersController(  229): ScanScheduling: iFrameType=1, b2DRefreash=0
07-18 10:47:34.809 D/US_ParametersController(  229): m_stEngineParameters.BeamformerConfig->NumOfSettingIndex=768
07-18 10:47:34.809 D/US_ParametersController(  229): iNumOfSteeringAngle=3 iNumOfFocalPoint=1 iNumOfScanLine=256 iNumOfRxBeam_B=2
07-18 10:47:34.819 E/qdoverlay(  224): Bad ov dump:  mdp_overlay z=0 fg=0 alpha=255 mask=-1 flags=0x20000 id=16
07-18 10:47:34.819 E/qdoverlay(  224): src msmfb_img w=1408 h=768 format=13 MDP_RGBA_8888
07-18 10:47:34.819 E/qdoverlay(  224): src_rect mdp_rect x=0 y=0 w=1366 h=768
07-18 10:47:34.819 E/qdoverlay(  224): dst_rect mdp_rect x=0 y=0 w=1280 h=719
07-18 10:47:34.819 E/qdoverlay(  224): Bad ov dump:  mdp_overlay z=0 fg=0 alpha=255 mask=-1 flags=0x20000 id=16
07-18 10:47:34.819 E/qdoverlay(  224): src msmfb_img w=1408 h=768 format=13 MDP_RGBA_8888
07-18 10:47:34.819 E/qdoverlay(  224): src_rect mdp_rect x=0 y=0 w=1366 h=768
07-18 10:47:34.819 E/qdoverlay(  224): dst_rect mdp_rect x=0 y=0 w=1280 h=719
07-18 10:47:34.819 D/US_ScanProcessController(  229): SystemStatus =514  ProcessRequest=1024 iSystemMode=1
07-18 10:47:34.819 D/US_ScanProcessController(  229): iScanSequencyFrameSize=409344, AllocateFrameBuffer iUpdateFrameType=1 iFrameSize=137984
07-18 10:47:34.829 I/US_ScanProcessController(  229): MultiFrameReceiving EN : iBufferSize=136448, pRawFrame=0x7c714008, ReceiveRawFrame table=19
07-18 10:47:34.839 E/qdoverlay(  224): Bad ov dump:  mdp_overlay z=0 fg=0 alpha=255 mask=-1 flags=0x20000 id=16
07-18 10:47:34.839 E/qdoverlay(  224): src msmfb_img w=1408 h=768 format=13 MDP_RGBA_8888
07-18 10:47:34.839 E/qdoverlay(  224): src_rect mdp_rect x=0 y=0 w=1366 h=768
07-18 10:47:34.839 E/qdoverlay(  224): dst_rect mdp_rect x=0 y=0 w=1280 h=719
07-18 10:47:34.839 E/qdoverlay(  224): Bad ov dump:  mdp_overlay z=0 fg=0 alpha=255 mask=-1 flags=0x20000 id=16
07-18 10:47:34.839 E/qdoverlay(  224): src msmfb_img w=1408 h=768 format=13 MDP_RGBA_8888
07-18 10:47:34.839 E/qdoverlay(  224): src_rect mdp_rect x=0 y=0 w=1366 h=768
07-18 10:47:34.839 E/qdoverlay(  224): dst_rect mdp_rect x=0 y=0 w=1280 h=719
07-18 10:47:34.839 D/US_ScanProcessController(  229): m_iReceivedBFrameSize=134912 134912, m_iReceivedColorFrameSize=0 0, m_iReceivedWaveFrameSize=0 0 (0, 0)
07-18 10:47:34.839 I/US_StoreController(  229): StoreFrameInMemory() m_pStorePara->iBStoreFrameIndex = 42, iCurrentCompoundIndex = 1, iCurrentENVIndex = 0, iScanLineNum = 256, iSampleNum = 527
07-18 10:47:34.839 D/US_ScanProcessController(  229): MultiFrameProcessing() send  condStartFrameProcessing (B), m_iSkipFocusIndex = 1, iCurrentFocusIndex = 1, m_iSkipCompoundIndex = 3, iCurrentCompoundIndex = 1
07-18 10:47:34.839 I/US_ScanProcessController(  229): MultiFrameReceiving EN : iBufferSize=136448, pRawFrame=0x7c714008, ReceiveRawFrame table=19
07-18 10:47:34.849 E/qdoverlay(  224): Bad ov dump:  mdp_overlay z=0 fg=0 alpha=255 mask=-1 flags=0x20000 id=16
07-18 10:47:34.849 E/qdoverlay(  224): src msmfb_img w=1408 h=768 format=13 MDP_RGBA_8888
07-18 10:47:34.849 E/qdoverlay(  224): src_rect mdp_rect x=0 y=0 w=1366 h=768
07-18 10:47:34.849 E/qdoverlay(  224): dst_rect mdp_rect x=0 y=0 w=1280 h=719
07-18 10:47:34.849 E/qdoverlay(  224): Bad ov dump:  mdp_overlay z=0 fg=0 alpha=255 mask=-1 flags=0x20000 id=16
07-18 10:47:34.849 E/qdoverlay(  224): src msmfb_img w=1408 h=768 format=13 MDP_RGBA_8888
07-18 10:47:34.849 E/qdoverlay(  224): src_rect mdp_rect x=0 y=0 w=1366 h=768
07-18 10:47:34.849 E/qdoverlay(  224): dst_rect mdp_rect x=0 y=0 w=1280 h=719
07-18 10:47:34.859 D/US_ScanProcessController(  229): m_iReceivedBFrameSize=134912 134912, m_iReceivedColorFrameSize=0 0, m_iReceivedWaveFrameSize=0 0 (0, 0)
07-18 10:47:34.859 I/US_StoreController(  229): StoreFrameInMemory() m_pStorePara->iBStoreFrameIndex = 43, iCurrentCompoundIndex = 2, iCurrentENVIndex = 0, iScanLineNum = 256, iSampleNum = 527
07-18 10:47:34.859 I/US_ScanProcessController(  229): MultiFrameReceiving EN : iBufferSize=136448, pRawFrame=0x7c714008, ReceiveRawFrame table=19
07-18 10:47:34.869 D/US_ScanProcessController(  229): m_iReceivedBFrameSize=134912 134912, m_iReceivedColorFrameSize=0 0, m_iReceivedWaveFrameSize=0 0 (0, 0)
07-18 10:47:34.869 I/US_StoreController(  229): StoreFrameInMemory() m_pStorePara->iBStoreFrameIndex = 44, iCurrentCompoundIndex = 3, iCurrentENVIndex = 0, iScanLineNum = 256, iSampleNum = 527
07-18 10:47:34.869 D/US_ScanProcessController(  229): MultiFrameProcessing() send  condStartFrameProcessing (B), m_iSkipFocusIndex = 1, iCurrentFocusIndex = 1, m_iSkipCompoundIndex = 2, iCurrentCompoundIndex = 3
07-18 10:47:34.869 D/US_ScanProcessController(  229): iUpdateFrameType: 1: iReceivedFrameSize=409344 iReceivedScanLine=384
07-18 10:47:34.869 D/US_ParametersController(  229): UpdateEngineConfig, m_stEngineParameters.ModeConfig_SW->iStartLineNum_B=1 m_stEngineParameters.ModeConfig_SW->iEndLineNum_B=256 iLineDensity=1
07-18 10:47:34.869 D/US_ParametersController(  229): UpdateModeConfig, ModeConfig->NSI[Group_B]=5181 ModeConfig->MaxDepth[Group_B]=8744 ModeConfig->NumOfLineSample[Group_B]=1054
07-18 10:47:34.869 I/US_ParametersController(  229): ScanScheduling: iFrameType=1, b2DRefreash=0
07-18 10:47:34.869 D/US_ParametersController(  229): m_stEngineParameters.BeamformerConfig->NumOfSettingIndex=768
07-18 10:47:34.879 D/US_ParametersController(  229): iNumOfSteeringAngle=3 iNumOfFocalPoint=1 iNumOfScanLine=256 iNumOfRxBeam_B=2
07-18 10:47:34.879 D/US_ScanProcessController(  229): SystemStatus =514  ProcessRequest=1024 iSystemMode=1
07-18 10:47:34.879 D/US_ScanProcessController(  229): iScanSequencyFrameSize=409344, AllocateFrameBuffer iUpdateFrameType=1 iFrameSize=137984
07-18 10:47:34.879 I/US_ScanProcessController(  229): MultiFrameReceiving EN : iBufferSize=136448, pRawFrame=0x7c714008, ReceiveRawFrame table=19
07-18 10:47:34.889 D/US_ScanProcessController(  229): m_iReceivedBFrameSize=134912 134912, m_iReceivedColorFrameSize=0 0, m_iReceivedWaveFrameSize=0 0 (0, 0)
07-18 10:47:34.889 I/US_StoreController(  229): StoreFrameInMemory() m_pStorePara->iBStoreFrameIndex = 45, iCurrentCompoundIndex = 1, iCurrentENVIndex = 0, iScanLineNum = 256, iSampleNum = 527
07-18 10:47:34.889 I/US_ScanProcessController(  229): MultiFrameReceiving EN : iBufferSize=136448, pRawFrame=0x7c714008, ReceiveRawFrame table=19
07-18 10:47:34.899 D/US_ScanProcessController(  229): m_iReceivedBFrameSize=134912 134912, m_iReceivedColorFrameSize=0 0, m_iReceivedWaveFrameSize=0 0 (0, 0)
07-18 10:47:34.899 I/US_StoreController(  229): StoreFrameInMemory() m_pStorePara->iBStoreFrameIndex = 46, iCurrentCompoundIndex = 2, iCurrentENVIndex = 0, iScanLineNum = 256, iSampleNum = 527
07-18 10:47:34.899 D/US_ScanProcessController(  229): MultiFrameProcessing() send  condStartFrameProcessing (B), m_iSkipFocusIndex = 1, iCurrentFocusIndex = 1, m_iSkipCompoundIndex = 1, iCurrentCompoundIndex = 2
07-18 10:47:34.899 I/US_ScanProcessController(  229): MultiFrameReceiving EN : iBufferSize=136448, pRawFrame=0x7c714008, ReceiveRawFrame table=19
07-18 10:47:34.909 D/US_ScanProcessController(  229): m_iReceivedBFrameSize=134912 134912, m_iReceivedColorFrameSize=0 0, m_iReceivedWaveFrameSize=0 0 (0, 0)
07-18 10:47:34.909 I/US_StoreController(  229): StoreFrameInMemory() m_pStorePara->iBStoreFrameIndex = 47, iCurrentCompoundIndex = 3, iCurrentENVIndex = 0, iScanLineNum = 256, iSampleNum = 527
07-18 10:47:34.909 D/US_ScanProcessController(  229): iUpdateFrameType: 1: iReceivedFrameSize=409344 iReceivedScanLine=384
07-18 10:47:34.909 D/US_ParametersController(  229): UpdateEngineConfig, m_stEngineParameters.ModeConfig_SW->iStartLineNum_B=1 m_stEngineParameters.ModeConfig_SW->iEndLineNum_B=256 iLineDensity=1
07-18 10:47:34.909 D/US_ParametersController(  229): UpdateModeConfig, ModeConfig->NSI[Group_B]=5181 ModeConfig->MaxDepth[Group_B]=8744 ModeConfig->NumOfLineSample[Group_B]=1054
07-18 10:47:34.909 I/US_ParametersController(  229): ScanScheduling: iFrameType=1, b2DRefreash=0
07-18 10:47:34.909 D/US_ParametersController(  229): m_stEngineParameters.BeamformerConfig->NumOfSettingIndex=768
07-18 10:47:34.909 D/US_ParametersController(  229): iNumOfSteeringAngle=3 iNumOfFocalPoint=1 iNumOfScanLine=256 iNumOfRxBeam_B=2
07-18 10:47:34.919 D/US_ScanProcessController(  229): SystemStatus =514  ProcessRequest=1024 iSystemMode=1
07-18 10:47:34.919 D/US_ScanProcessController(  229): iScanSequencyFrameSize=409344, AllocateFrameBuffer iUpdateFrameType=1 iFrameSize=137984
07-18 10:47:34.919 I/US_ScanProcessController(  229): MultiFrameReceiving EN : iBufferSize=136448, pRawFrame=0x7c714008, ReceiveRawFrame table=19
07-18 10:47:34.929 D/US_ScanProcessController(  229): m_iReceivedBFrameSize=134912 134912, m_iReceivedColorFrameSize=0 0, m_iReceivedWaveFrameSize=0 0 (0, 0)
07-18 10:47:34.929 I/US_StoreController(  229): StoreFrameInMemory() m_pStorePara->iBStoreFrameIndex = 48, iCurrentCompoundIndex = 1, iCurrentENVIndex = 0, iScanLineNum = 256, iSampleNum = 527
07-18 10:47:34.929 D/US_ScanProcessController(  229): MultiFrameProcessing() send  condStartFrameProcessing (B), m_iSkipFocusIndex = 1, iCurrentFocusIndex = 1, m_iSkipCompoundIndex = 3, iCurrentCompoundIndex = 1
07-18 10:47:34.929 I/US_ScanProcessController(  229): MultiFrameReceiving EN : iBufferSize=136448, pRawFrame=0x7c714008, ReceiveRawFrame table=19
07-18 10:47:34.949 D/US_ScanProcessController(  229): m_iReceivedBFrameSize=134912 134912, m_iReceivedColorFrameSize=0 0, m_iReceivedWaveFrameSize=0 0 (0, 0)
07-18 10:47:34.949 I/US_StoreController(  229): StoreFrameInMemory() m_pStorePara->iBStoreFrameIndex = 49, iCurrentCompoundIndex = 2, iCurrentENVIndex = 0, iScanLineNum = 256, iSampleNum = 527
07-18 10:47:34.949 I/US_ScanProcessController(  229): MultiFrameReceiving EN : iBufferSize=136448, pRawFrame=0x7c714008, ReceiveRawFrame table=19
07-18 10:47:34.959 D/US_ScanProcessController(  229): m_iReceivedBFrameSize=134912 134912, m_iReceivedColorFrameSize=0 0, m_iReceivedWaveFrameSize=0 0 (0, 0)
07-18 10:47:34.959 I/US_StoreController(  229): StoreFrameInMemory() m_pStorePara->iBStoreFrameIndex = 50, iCurrentCompoundIndex = 3, iCurrentENVIndex = 0, iScanLineNum = 256, iSampleNum = 527
07-18 10:47:34.959 D/US_ScanProcessController(  229): MultiFrameProcessing() send  condStartFrameProcessing (B), m_iSkipFocusIndex = 1, iCurrentFocusIndex = 1, m_iSkipCompoundIndex = 2, iCurrentCompoundIndex = 3
07-18 10:47:34.959 D/US_ScanProcessController(  229): iUpdateFrameType: 1: iReceivedFrameSize=409344 iReceivedScanLine=384
07-18 10:47:34.959 D/US_ParametersController(  229): UpdateEngineConfig, m_stEngineParameters.ModeConfig_SW->iStartLineNum_B=1 m_stEngineParameters.ModeConfig_SW->iEndLineNum_B=256 iLineDensity=1
07-18 10:47:34.959 D/US_ParametersController(  229): UpdateModeConfig, ModeConfig->NSI[Group_B]=5181 ModeConfig->MaxDepth[Group_B]=8744 ModeConfig->NumOfLineSample[Group_B]=1054
07-18 10:47:34.959 I/US_ParametersController(  229): ScanScheduling: iFrameType=1, b2DRefreash=0
07-18 10:47:34.959 D/US_ParametersController(  229): m_stEngineParameters.BeamformerConfig->NumOfSettingIndex=768
07-18 10:47:34.959 D/US_ParametersController(  229): iNumOfSteeringAngle=3 iNumOfFocalPoint=1 iNumOfScanLine=256 iNumOfRxBeam_B=2
07-18 10:47:34.959 D/US_ScanProcessController(  229): SystemStatus =514  ProcessRequest=1024 iSystemMode=1
07-18 10:47:34.959 D/US_ScanProcessController(  229): iScanSequencyFrameSize=409344, AllocateFrameBuffer iUpdateFrameType=1 iFrameSize=137984
07-18 10:47:34.969 I/US_ScanProcessController(  229): MultiFrameReceiving EN : iBufferSize=136448, pRawFrame=0x7c714008, ReceiveRawFrame table=19
07-18 10:47:34.979 D/ConnectivityServiceHSM(  498): Actual State: DefaultConnectivityState, Current State: DefaultConnectivityState.processMessage what=111
07-18 10:47:34.979 D/ConnectivityServiceHSM(  498): Actual State: DefaultConnectivityState, Current State: DefaultConnectivityState.processMessage what=111
07-18 10:47:34.979 D/Tethering(  498): MasterInitialState.processMessage what=3
07-18 10:47:34.979 D/CaptivePortalTracker(  498): NoActiveNetworkState{ when=0 what=1 obj=NetworkInfo: type: WIFI[], state: DISCONNECTED/DISCONNECTED, reason: (unspecified), extra: <unknown ssid>, roaming: false, failover: false, isAvailable: true, isConnectedToProvisioningNetwork: false target=com.android.internal.util.StateMachine$SmHandler }
07-18 10:47:34.979 D/US_ScanProcessController(  229): m_iReceivedBFrameSize=134912 134912, m_iReceivedColorFrameSize=0 0, m_iReceivedWaveFrameSize=0 0 (0, 0)
07-18 10:47:34.979 I/US_StoreController(  229): StoreFrameInMemory() m_pStorePara->iBStoreFrameIndex = 51, iCurrentCompoundIndex = 1, iCurrentENVIndex = 0, iScanLineNum = 256, iSampleNum = 527
07-18 10:47:34.979 I/US_ScanProcessController(  229): MultiFrameReceiving EN : iBufferSize=136448, pRawFrame=0x7c714008, ReceiveRawFrame table=19
07-18 10:47:34.979 I/BootReceiver(  855): ----action onReceive(): android.net.conn.CONNECTIVITY_CHANGE
07-18 10:47:34.979 D/StatusBar.NetworkController(  582): updateConnectivity: intent=Intent { act=android.net.conn.CONNECTIVITY_CHANGE flg=0x4000010 (has extras) }
07-18 10:47:34.979 D/StatusBar.NetworkController(  582): updateConnectivity: networkInfo=NetworkInfo: type: ETHERNET[], state: CONNECTED/CONNECTED, reason: (unspecified), extra: (none), roaming: false, failover: false, isAvailable: true, isConnectedToProvisioningNetwork: false
07-18 10:47:34.979 D/StatusBar.NetworkController(  582): updateConnectivity: connectionStatus=0
07-18 10:47:34.979 E/StatusBar.NetworkController(  582): updateDataNetType NETWORK_TYPE_UNKNOWN
07-18 10:47:34.979 D/StatusBar.NetworkController(  582):  No service
07-18 10:47:34.979 D/StatusBar.NetworkController(  582): refreshViews: Data not connected!! Set no data type icon / Roaming
07-18 10:47:34.979 D/StatusBar.NetworkController(  582): refreshViews connected={ Ethernet } level=0 combinedSignalIconId=0x7f020099/com.android.systemui:drawable/stat_sys_ethernet_connected mobileLabel= wifiLabel=No Internet connection emergencyOnly=false combinedLabel=Ethernet mAirplaneMode=false mDataActivity=0 mPhoneSignalIconId=0x0 mQSPhoneSignalIconId=0x0 mDataDirectionIconId=0x0 mDataSignalIconId=0x0 mDataTypeIconId=0x0 mQSDataTypeIconId=0x0 mNoSimIconId=0x0 mWifiIconId=0x7f0200ae mQSWifiIconId=0x7f02006a mEthernetIconId=0x7f020099 mBluetoothTetherIconId=0x10805d4
07-18 10:47:34.979 D/Tethering(  498): MasterInitialState.processMessage what=3
07-18 10:47:34.979 D/CaptivePortalTracker(  498): NoActiveNetworkState{ when=-1ms what=1 obj=NetworkInfo: type: ETHERNET[], state: CONNECTED/CONNECTED, reason: (unspecified), extra: (none), roaming: false, failover: false, isAvailable: true, isConnectedToProvisioningNetwork: false target=com.android.internal.util.StateMachine$SmHandler }
07-18 10:47:34.979 D/CaptivePortalTracker(  498): NoActiveNetworkState not a wifi connectivity change, ignore
07-18 10:47:34.979 D/StatusBar.NetworkController(  582): updateConnectivity: intent=Intent { act=android.net.conn.CONNECTIVITY_CHANGE flg=0x4000010 (has extras) }
07-18 10:47:34.979 I/BootReceiver(  855): ----action onReceive(): android.net.conn.CONNECTIVITY_CHANGE
07-18 10:47:34.979 D/StatusBar.NetworkController(  582): updateConnectivity: networkInfo=NetworkInfo: type: ETHERNET[], state: CONNECTED/CONNECTED, reason: (unspecified), extra: (none), roaming: false, failover: false, isAvailable: true, isConnectedToProvisioningNetwork: false
07-18 10:47:34.979 D/StatusBar.NetworkController(  582): updateConnectivity: connectionStatus=0
07-18 10:47:34.979 E/StatusBar.NetworkController(  582): updateDataNetType NETWORK_TYPE_UNKNOWN
07-18 10:47:34.979 D/StatusBar.NetworkController(  582):  No service
07-18 10:47:34.979 D/StatusBar.NetworkController(  582): refreshViews: Data not connected!! Set no data type icon / Roaming
07-18 10:47:34.979 D/StatusBar.NetworkController(  582): refreshViews connected={ Ethernet } level=0 combinedSignalIconId=0x7f020099/com.android.systemui:drawable/stat_sys_ethernet_connected mobileLabel= wifiLabel=No Internet connection emergencyOnly=false combinedLabel=Ethernet mAirplaneMode=false mDataActivity=0 mPhoneSignalIconId=0x0 mQSPhoneSignalIconId=0x0 mDataDirectionIconId=0x0 mDataSignalIconId=0x0 mDataTypeIconId=0x0 mQSDataTypeIconId=0x0 mNoSimIconId=0x0 mWifiIconId=0x7f0200ae mQSWifiIconId=0x7f02006a mEthernetIconId=0x7f020099 mBluetoothTetherIconId=0x10805d4
07-18 10:47:34.979 E/ActivityThread(  498): Failed to find provider info for telephony
07-18 10:47:34.979 E/ActivityThread(  498): Failed to find provider info for telephony
07-18 10:47:34.989 D/US_ScanProcessController(  229): m_iReceivedBFrameSize=134912 134912, m_iReceivedColorFrameSize=0 0, m_iReceivedWaveFrameSize=0 0 (0, 0)
07-18 10:47:34.989 I/US_StoreController(  229): StoreFrameInMemory() m_pStorePara->iBStoreFrameIndex = 52, iCurrentCompoundIndex = 2, iCurrentENVIndex = 0, iScanLineNum = 256, iSampleNum = 527
07-18 10:47:34.989 D/US_ScanProcessController(  229): MultiFrameProcessing() send  condStartFrameProcessing (B), m_iSkipFocusIndex = 1, iCurrentFocusIndex = 1, m_iSkipCompoundIndex = 1, iCurrentCompoundIndex = 2
07-18 10:47:34.989 I/US_ScanProcessController(  229): MultiFrameReceiving EN : iBufferSize=136448, pRawFrame=0x7c714008, ReceiveRawFrame table=19
07-18 10:47:35.009 D/US_ScanProcessController(  229): m_iReceivedBFrameSize=134912 134912, m_iReceivedColorFrameSize=0 0, m_iReceivedWaveFrameSize=0 0 (0, 0)
07-18 10:47:35.009 I/US_StoreController(  229): StoreFrameInMemory() m_pStorePara->iBStoreFrameIndex = 53, iCurrentCompoundIndex = 3, iCurrentENVIndex = 0, iScanLineNum = 256, iSampleNum = 527
07-18 10:47:35.009 D/US_ScanProcessController(  229): iUpdateFrameType: 1: iReceivedFrameSize=409344 iReceivedScanLine=384
07-18 10:47:35.009 D/US_ParametersController(  229): UpdateEngineConfig, m_stEngineParameters.ModeConfig_SW->iStartLineNum_B=1 m_stEngineParameters.ModeConfig_SW->iEndLineNum_B=256 iLineDensity=1
07-18 10:47:35.009 D/US_ParametersController(  229): UpdateModeConfig, ModeConfig->NSI[Group_B]=5181 ModeConfig->MaxDepth[Group_B]=8744 ModeConfig->NumOfLineSample[Group_B]=1054
07-18 10:47:35.009 I/US_ParametersController(  229): ScanScheduling: iFrameType=1, b2DRefreash=0
07-18 10:47:35.009 D/US_ParametersController(  229): m_stEngineParameters.BeamformerConfig->NumOfSettingIndex=768
07-18 10:47:35.009 D/US_ParametersController(  229): iNumOfSteeringAngle=3 iNumOfFocalPoint=1 iNumOfScanLine=256 iNumOfRxBeam_B=2
07-18 10:47:35.019 D/US_ScanProcessController(  229): SystemStatus =514  ProcessRequest=1024 iSystemMode=1
07-18 10:47:35.019 D/US_ScanProcessController(  229): iScanSequencyFrameSize=409344, AllocateFrameBuffer iUpdateFrameType=1 iFrameSize=137984
07-18 10:47:35.019 I/US_ScanProcessController(  229): MultiFrameReceiving EN : iBufferSize=136448, pRawFrame=0x7c714008, ReceiveRawFrame table=19
07-18 10:47:35.029 D/US_ScanProcessController(  229): m_iReceivedBFrameSize=134912 134912, m_iReceivedColorFrameSize=0 0, m_iReceivedWaveFrameSize=0 0 (0, 0)
07-18 10:47:35.029 I/US_StoreController(  229): StoreFrameInMemory() m_pStorePara->iBStoreFrameIndex = 54, iCurrentCompoundIndex = 1, iCurrentENVIndex = 0, iScanLineNum = 256, iSampleNum = 527
07-18 10:47:35.029 D/US_ScanProcessController(  229): MultiFrameProcessing() send  condStartFrameProcessing (B), m_iSkipFocusIndex = 1, iCurrentFocusIndex = 1, m_iSkipCompoundIndex = 3, iCurrentCompoundIndex = 1
07-18 10:47:35.029 I/US_ScanProcessController(  229): MultiFrameReceiving EN : iBufferSize=136448, pRawFrame=0x7c714008, ReceiveRawFrame table=19
07-18 10:47:35.039 I/QCNEJ   (  498): |CORE:COM:RCVR| CNE creating socket
07-18 10:47:35.039 D/US_ScanProcessController(  229): m_iReceivedBFrameSize=134912 134912, m_iReceivedColorFrameSize=0 0, m_iReceivedWaveFrameSize=0 0 (0, 0)
07-18 10:47:35.039 I/US_StoreController(  229): StoreFrameInMemory() m_pStorePara->iBStoreFrameIndex = 55, iCurrentCompoundIndex = 2, iCurrentENVIndex = 0, iScanLineNum = 256, iSampleNum = 527
07-18 10:47:35.039 I/US_ScanProcessController(  229): MultiFrameReceiving EN : iBufferSize=136448, pRawFrame=0x7c714008, ReceiveRawFrame table=19
07-18 10:47:35.059 D/US_ScanProcessController(  229): m_iReceivedBFrameSize=134912 134912, m_iReceivedColorFrameSize=0 0, m_iReceivedWaveFrameSize=0 0 (0, 0)
07-18 10:47:35.059 I/US_StoreController(  229): StoreFrameInMemory() m_pStorePara->iBStoreFrameIndex = 56, iCurrentCompoundIndex = 3, iCurrentENVIndex = 0, iScanLineNum = 256, iSampleNum = 527
07-18 10:47:35.059 D/US_ScanProcessController(  229): MultiFrameProcessing() send  condStartFrameProcessing (B), m_iSkipFocusIndex = 1, iCurrentFocusIndex = 1, m_iSkipCompoundIndex = 2, iCurrentCompoundIndex = 3
07-18 10:47:35.059 D/US_ScanProcessController(  229): fpFrameTime_ms = 16.000000
07-18 10:47:35.059 D/US_ScanProcessController(  229): UpdateFrameRate() FPS = 62, iCPU1Temp = 50, iCPU2Temp = 45, iCPU3Temp = 51, iCPU4Temp = 46, ENG Temp = 34, iPOPTemp = 44
07-18 10:47:35.059 D/US_ScanProcessController(  229): iUpdateFrameType: 1: iReceivedFrameSize=409344 iReceivedScanLine=384
07-18 10:47:35.059 D/US_ParametersController(  229): UpdateEngineConfig, m_stEngineParameters.ModeConfig_SW->iStartLineNum_B=1 m_stEngineParameters.ModeConfig_SW->iEndLineNum_B=256 iLineDensity=1
07-18 10:47:35.059 D/US_ParametersController(  229): UpdateModeConfig, ModeConfig->NSI[Group_B]=5181 ModeConfig->MaxDepth[Group_B]=8744 ModeConfig->NumOfLineSample[Group_B]=1054
07-18 10:47:35.059 I/US_ParametersController(  229): ScanScheduling: iFrameType=1, b2DRefreash=0
07-18 10:47:35.059 D/US_ParametersController(  229): m_stEngineParameters.BeamformerConfig->NumOfSettingIndex=768
07-18 10:47:35.059 D/US_ParametersController(  229): iNumOfSteeringAngle=3 iNumOfFocalPoint=1 iNumOfScanLine=256 iNumOfRxBeam_B=2
07-18 10:47:35.069 D/US_ScanProcessController(  229): SystemStatus =514  ProcessRequest=1024 iSystemMode=1
07-18 10:47:35.069 D/US_ScanProcessController(  229): iScanSequencyFrameSize=409344, AllocateFrameBuffer iUpdateFrameType=1 iFrameSize=137984
07-18 10:47:35.069 I/US_ScanProcessController(  229): MultiFrameReceiving EN : iBufferSize=136448, pRawFrame=0x7c714008, ReceiveRawFrame table=19
07-18 10:47:35.079 D/US_ScanProcessController(  229): m_iReceivedBFrameSize=134912 134912, m_iReceivedColorFrameSize=0 0, m_iReceivedWaveFrameSize=0 0 (0, 0)
07-18 10:47:35.079 I/US_StoreController(  229): StoreFrameInMemory() m_pStorePara->iBStoreFrameIndex = 57, iCurrentCompoundIndex = 1, iCurrentENVIndex = 0, iScanLineNum = 256, iSampleNum = 527
07-18 10:47:35.079 D/US_ScanProcessController(  229): MultiFrameProcessing() send  condStartFrameProcessing (B), m_iSkipFocusIndex = 1, iCurrentFocusIndex = 1, m_iSkipCompoundIndex = 2, iCurrentCompoundIndex = 1
07-18 10:47:35.079 I/US_ScanProcessController(  229): MultiFrameReceiving EN : iBufferSize=136448, pRawFrame=0x7c714008, ReceiveRawFrame table=19
07-18 10:47:35.089 D/US_ScanProcessController(  229): m_iReceivedBFrameSize=134912 134912, m_iReceivedColorFrameSize=0 0, m_iReceivedWaveFrameSize=0 0 (0, 0)
07-18 10:47:35.089 I/US_StoreController(  229): StoreFrameInMemory() m_pStorePara->iBStoreFrameIndex = 58, iCurrentCompoundIndex = 2, iCurrentENVIndex = 0, iScanLineNum = 256, iSampleNum = 527
07-18 10:47:35.089 D/US_ScanProcessController(  229): MultiFrameProcessing() send  condStartFrameProcessing (B), m_iSkipFocusIndex = 1, iCurrentFocusIndex = 1, m_iSkipCompoundIndex = 2, iCurrentCompoundIndex = 2
07-18 10:47:35.089 I/US_ScanProcessController(  229): MultiFrameReceiving EN : iBufferSize=136448, pRawFrame=0x7c714008, ReceiveRawFrame table=19
07-18 10:47:35.099 E/US_VivaProUSB(  229): #### [B]    ,     ,    ,    ,    ,    ,    ,    ,    ,    ,    ,[P1][F0024][t35]
07-18 10:47:35.099 E/US_VivaProUSB(  229): #### [A]-42313,41447,    ,     ,    ,    ,    ,    ,2499,2499,2499,57830,-58429,    ,(-2,17,17)
07-18 10:47:35.109 D/US_ScanProcessController(  229): m_iReceivedBFrameSize=134912 134912, m_iReceivedColorFrameSize=0 0, m_iReceivedWaveFrameSize=0 0 (0, 0)
07-18 10:47:35.109 I/US_StoreController(  229): StoreFrameInMemory() m_pStorePara->iBStoreFrameIndex = 59, iCurrentCompoundIndex = 3, iCurrentENVIndex = 0, iScanLineNum = 256, iSampleNum = 527
07-18 10:47:35.109 D/US_ScanProcessController(  229): iUpdateFrameType: 1: iReceivedFrameSize=409344 iReceivedScanLine=384
07-18 10:47:35.109 D/US_ParametersController(  229): UpdateEngineConfig, m_stEngineParameters.ModeConfig_SW->iStartLineNum_B=1 m_stEngineParameters.ModeConfig_SW->iEndLineNum_B=256 iLineDensity=1
07-18 10:47:35.109 E/US_VivaProUSB(  229): void* GetErrCount(void*) 1435 total_setup_count=82, std_setup_count=0, vendor_setup_count=82 glReadDataFromFPGACount=4865 glRemovePacketsCount=4853 glInfoCount=28628 glInitCount=1
07-18 10:47:35.109 D/US_ParametersController(  229): UpdateModeConfig, ModeConfig->NSI[Group_B]=5181 ModeConfig->MaxDepth[Group_B]=8744 ModeConfig->NumOfLineSample[Group_B]=1054
07-18 10:47:35.109 I/US_ParametersController(  229): ScanScheduling: iFrameType=1, b2DRefreash=0
07-18 10:47:35.109 D/US_ParametersController(  229): m_stEngineParameters.BeamformerConfig->NumOfSettingIndex=768
07-18 10:47:35.109 D/US_ParametersController(  229): iNumOfSteeringAngle=3 iNumOfFocalPoint=1 iNumOfScanLine=256 iNumOfRxBeam_B=2
07-18 10:47:35.129 D/US_ScanProcessController(  229): SystemStatus =514  ProcessRequest=1024 iSystemMode=1
07-18 10:47:35.129 D/US_ScanProcessController(  229): iScanSequencyFrameSize=409344, AllocateFrameBuffer iUpdateFrameType=1 iFrameSize=137984
07-18 10:47:35.129 I/US_ScanProcessController(  229): MultiFrameReceiving EN : iBufferSize=136448, pRawFrame=0x7c714008, ReceiveRawFrame table=19
07-18 10:47:35.129 D/US_ScanProcessController(  229): m_iReceivedBFrameSize=134912 134912, m_iReceivedColorFrameSize=0 0, m_iReceivedWaveFrameSize=0 0 (0, 0)
07-18 10:47:35.129 I/US_StoreController(  229): StoreFrameInMemory() m_pStorePara->iBStoreFrameIndex = 60, iCurrentCompoundIndex = 1, iCurrentENVIndex = 0, iScanLineNum = 256, iSampleNum = 527
07-18 10:47:35.129 V/US_UltrasoundHALBase(  229): UltrasoundHALBase::UpdateEngineTempToAP() EN, iTemp=35
07-18 10:47:35.129 D/US_CallbackNotifier(  229): onUpdateEngineTemp() EN
07-18 10:47:35.139 V/US_UltrasoundHALBase(  229): UltrasoundHALBase::UpdateEngineTempToAP() EX
07-18 10:47:35.139 V/US_UltrasoundHALBase(  229): UltrasoundHALBase::UpdateSystemTempToAP() EN, iTemp=59
07-18 10:47:35.139 D/US_CallbackNotifier(  229): onUpdateSystemTemp() EN
07-18 10:47:35.139 V/US_UltrasoundHALBase(  229): UltrasoundHALBase::UpdateSystemTempToAP() EX
07-18 10:47:35.139 I/US_ScanProcessController(  229): MultiFrameReceiving EN : iBufferSize=136448, pRawFrame=0x7c714008, ReceiveRawFrame table=19
07-18 10:47:35.139 D/US_ScanProcessController(  229): m_iReceivedBFrameSize=134912 134912, m_iReceivedColorFrameSize=0 0, m_iReceivedWaveFrameSize=0 0 (0, 0)
07-18 10:47:35.139 I/US_StoreController(  229): StoreFrameInMemory() m_pStorePara->iBStoreFrameIndex = 61, iCurrentCompoundIndex = 2, iCurrentENVIndex = 0, iScanLineNum = 256, iSampleNum = 527
07-18 10:47:35.139 D/US_ScanProcessController(  229): MultiFrameProcessing() send  condStartFrameProcessing (B), m_iSkipFocusIndex = 1, iCurrentFocusIndex = 1, m_iSkipCompoundIndex = 1, iCurrentCompoundIndex = 2
07-18 10:47:35.139 I/US_ScanProcessController(  229): MultiFrameReceiving EN : iBufferSize=136448, pRawFrame=0x7c714008, ReceiveRawFrame table=19
07-18 10:47:35.159 D/US_ScanProcessController(  229): m_iReceivedBFrameSize=134912 134912, m_iReceivedColorFrameSize=0 0, m_iReceivedWaveFrameSize=0 0 (0, 0)
07-18 10:47:35.159 I/US_StoreController(  229): StoreFrameInMemory() m_pStorePara->iBStoreFrameIndex = 62, iCurrentCompoundIndex = 3, iCurrentENVIndex = 0, iScanLineNum = 256, iSampleNum = 527
07-18 10:47:35.159 D/US_ScanProcessController(  229): iUpdateFrameType: 1: iReceivedFrameSize=409344 iReceivedScanLine=384
07-18 10:47:35.159 D/US_ParametersController(  229): UpdateEngineConfig, m_stEngineParameters.ModeConfig_SW->iStartLineNum_B=1 m_stEngineParameters.ModeConfig_SW->iEndLineNum_B=256 iLineDensity=1
07-18 10:47:35.159 D/US_ParametersController(  229): UpdateModeConfig, ModeConfig->NSI[Group_B]=5181 ModeConfig->MaxDepth[Group_B]=8744 ModeConfig->NumOfLineSample[Group_B]=1054
07-18 10:47:35.159 I/US_ParametersController(  229): ScanScheduling: iFrameType=1, b2DRefreash=0
07-18 10:47:35.159 D/US_ParametersController(  229): m_stEngineParameters.BeamformerConfig->NumOfSettingIndex=768
07-18 10:47:35.159 D/US_ParametersController(  229): iNumOfSteeringAngle=3 iNumOfFocalPoint=1 iNumOfScanLine=256 iNumOfRxBeam_B=2
07-18 10:47:35.159 D/US_ScanProcessController(  229): SystemStatus =514  ProcessRequest=1024 iSystemMode=1
07-18 10:47:35.159 D/US_ScanProcessController(  229): iScanSequencyFrameSize=409344, AllocateFrameBuffer iUpdateFrameType=1 iFrameSize=137984
07-18 10:47:35.159 I/US_ScanProcessController(  229): MultiFrameReceiving EN : iBufferSize=136448, pRawFrame=0x7c714008, ReceiveRawFrame table=19
07-18 10:47:35.179 D/US_ScanProcessController(  229): m_iReceivedBFrameSize=134912 134912, m_iReceivedColorFrameSize=0 0, m_iReceivedWaveFrameSize=0 0 (0, 0)
07-18 10:47:35.179 I/US_StoreController(  229): StoreFrameInMemory() m_pStorePara->iBStoreFrameIndex = 63, iCurrentCompoundIndex = 1, iCurrentENVIndex = 0, iScanLineNum = 256, iSampleNum = 527
07-18 10:47:35.179 D/US_ScanProcessController(  229): MultiFrameProcessing() send  condStartFrameProcessing (B), m_iSkipFocusIndex = 1, iCurrentFocusIndex = 1, m_iSkipCompoundIndex = 3, iCurrentCompoundIndex = 1
07-18 10:47:35.179 I/US_ScanProcessController(  229): MultiFrameReceiving EN : iBufferSize=136448, pRawFrame=0x7c714008, ReceiveRawFrame table=19
07-18 10:47:35.189 D/US_ScanProcessController(  229): m_iReceivedBFrameSize=134912 134912, m_iReceivedColorFrameSize=0 0, m_iReceivedWaveFrameSize=0 0 (0, 0)
07-18 10:47:35.189 I/US_StoreController(  229): StoreFrameInMemory() m_pStorePara->iBStoreFrameIndex = 64, iCurrentCompoundIndex = 2, iCurrentENVIndex = 0, iScanLineNum = 256, iSampleNum = 527
07-18 10:47:35.189 I/US_ScanProcessController(  229): MultiFrameReceiving EN : iBufferSize=136448, pRawFrame=0x7c714008, ReceiveRawFrame table=19
07-18 10:47:35.209 D/US_ScanProcessController(  229): m_iReceivedBFrameSize=134912 134912, m_iReceivedColorFrameSize=0 0, m_iReceivedWaveFrameSize=0 0 (0, 0)
07-18 10:47:35.209 I/US_StoreController(  229): StoreFrameInMemory() m_pStorePara->iBStoreFrameIndex = 65, iCurrentCompoundIndex = 3, iCurrentENVIndex = 0, iScanLineNum = 256, iSampleNum = 527
07-18 10:47:35.209 D/US_ScanProcessController(  229): MultiFrameProcessing() send  condStartFrameProcessing (B), m_iSkipFocusIndex = 1, iCurrentFocusIndex = 1, m_iSkipCompoundIndex = 2, iCurrentCompoundIndex = 3
07-18 10:47:35.209 D/US_ScanProcessController(  229): iUpdateFrameType: 1: iReceivedFrameSize=409344 iReceivedScanLine=384
07-18 10:47:35.209 D/US_ParametersController(  229): UpdateEngineConfig, m_stEngineParameters.ModeConfig_SW->iStartLineNum_B=1 m_stEngineParameters.ModeConfig_SW->iEndLineNum_B=256 iLineDensity=1
07-18 10:47:35.209 D/US_ParametersController(  229): UpdateModeConfig, ModeConfig->NSI[Group_B]=5181 ModeConfig->MaxDepth[Group_B]=8744 ModeConfig->NumOfLineSample[Group_B]=1054
07-18 10:47:35.209 I/US_ParametersController(  229): ScanScheduling: iFrameType=1, b2DRefreash=0
07-18 10:47:35.209 D/US_ParametersController(  229): m_stEngineParameters.BeamformerConfig->NumOfSettingIndex=768
07-18 10:47:35.209 D/US_ParametersController(  229): iNumOfSteeringAngle=3 iNumOfFocalPoint=1 iNumOfScanLine=256 iNumOfRxBeam_B=2
07-18 10:47:35.229 D/US_ScanProcessController(  229): SystemStatus =514  ProcessRequest=1024 iSystemMode=1
07-18 10:47:35.229 D/US_ScanProcessController(  229): iScanSequencyFrameSize=409344, AllocateFrameBuffer iUpdateFrameType=1 iFrameSize=137984
07-18 10:47:35.229 I/US_ScanProcessController(  229): MultiFrameReceiving EN : iBufferSize=136448, pRawFrame=0x7c714008, ReceiveRawFrame table=19
07-18 10:47:35.239 D/US_ScanProcessController(  229): m_iReceivedBFrameSize=134912 134912, m_iReceivedColorFrameSize=0 0, m_iReceivedWaveFrameSize=0 0 (0, 0)
07-18 10:47:35.239 I/US_StoreController(  229): StoreFrameInMemory() m_pStorePara->iBStoreFrameIndex = 66, iCurrentCompoundIndex = 1, iCurrentENVIndex = 0, iScanLineNum = 256, iSampleNum = 527
07-18 10:47:35.239 D/US_ScanProcessController(  229): MultiFrameProcessing() send  condStartFrameProcessing (B), m_iSkipFocusIndex = 1, iCurrentFocusIndex = 1, m_iSkipCompoundIndex = 2, iCurrentCompoundIndex = 1
07-18 10:47:35.239 I/US_ScanProcessController(  229): MultiFrameReceiving EN : iBufferSize=136448, pRawFrame=0x7c714008, ReceiveRawFrame table=19
07-18 10:47:35.249 D/US_ScanProcessController(  229): m_iReceivedBFrameSize=134912 134912, m_iReceivedColorFrameSize=0 0, m_iReceivedWaveFrameSize=0 0 (0, 0)
07-18 10:47:35.249 I/US_StoreController(  229): StoreFrameInMemory() m_pStorePara->iBStoreFrameIndex = 67, iCurrentCompoundIndex = 2, iCurrentENVIndex = 0, iScanLineNum = 256, iSampleNum = 527
07-18 10:47:35.249 D/US_ScanProcessController(  229): MultiFrameProcessing() send  condStartFrameProcessing (B), m_iSkipFocusIndex = 1, iCurrentFocusIndex = 1, m_iSkipCompoundIndex = 2, iCurrentCompoundIndex = 2
07-18 10:47:35.249 I/US_ScanProcessController(  229): MultiFrameReceiving EN : iBufferSize=136448, pRawFrame=0x7c714008, ReceiveRawFrame table=19
07-18 10:47:35.259 D/US_ScanProcessController(  229): m_iReceivedBFrameSize=134912 134912, m_iReceivedColorFrameSize=0 0, m_iReceivedWaveFrameSize=0 0 (0, 0)
07-18 10:47:35.259 I/US_StoreController(  229): StoreFrameInMemory() m_pStorePara->iBStoreFrameIndex = 68, iCurrentCompoundIndex = 3, iCurrentENVIndex = 0, iScanLineNum = 256, iSampleNum = 527
07-18 10:47:35.259 D/US_ScanProcessController(  229): iUpdateFrameType: 1: iReceivedFrameSize=409344 iReceivedScanLine=384
07-18 10:47:35.259 D/US_ParametersController(  229): UpdateEngineConfig, m_stEngineParameters.ModeConfig_SW->iStartLineNum_B=1 m_stEngineParameters.ModeConfig_SW->iEndLineNum_B=256 iLineDensity=1
07-18 10:47:35.259 D/US_ParametersController(  229): UpdateModeConfig, ModeConfig->NSI[Group_B]=5181 ModeConfig->MaxDepth[Group_B]=8744 ModeConfig->NumOfLineSample[Group_B]=1054
07-18 10:47:35.259 I/US_ParametersController(  229): ScanScheduling: iFrameType=1, b2DRefreash=0
07-18 10:47:35.259 D/US_ParametersController(  229): m_stEngineParameters.BeamformerConfig->NumOfSettingIndex=768
07-18 10:47:35.259 D/US_ParametersController(  229): iNumOfSteeringAngle=3 iNumOfFocalPoint=1 iNumOfScanLine=256 iNumOfRxBeam_B=2
07-18 10:47:35.259 D/US_ScanProcessController(  229): SystemStatus =514  ProcessRequest=1024 iSystemMode=1
07-18 10:47:35.259 D/US_ScanProcessController(  229): iScanSequencyFrameSize=409344, AllocateFrameBuffer iUpdateFrameType=1 iFrameSize=137984
07-18 10:47:35.259 I/US_ScanProcessController(  229): MultiFrameReceiving EN : iBufferSize=136448, pRawFrame=0x7c714008, ReceiveRawFrame table=19
07-18 10:47:35.279 D/US_ScanProcessController(  229): m_iReceivedBFrameSize=134912 134912, m_iReceivedColorFrameSize=0 0, m_iReceivedWaveFrameSize=0 0 (0, 0)
07-18 10:47:35.279 I/US_StoreController(  229): StoreFrameInMemory() m_pStorePara->iBStoreFrameIndex = 69, iCurrentCompoundIndex = 1, iCurrentENVIndex = 0, iScanLineNum = 256, iSampleNum = 527
07-18 10:47:35.279 I/US_ScanProcessController(  229): MultiFrameReceiving EN : iBufferSize=136448, pRawFrame=0x7c714008, ReceiveRawFrame table=19
07-18 10:47:35.289 D/US_ScanProcessController(  229): m_iReceivedBFrameSize=134912 134912, m_iReceivedColorFrameSize=0 0, m_iReceivedWaveFrameSize=0 0 (0, 0)
07-18 10:47:35.289 I/US_StoreController(  229): StoreFrameInMemory() m_pStorePara->iBStoreFrameIndex = 70, iCurrentCompoundIndex = 2, iCurrentENVIndex = 0, iScanLineNum = 256, iSampleNum = 527
07-18 10:47:35.289 D/US_ScanProcessController(  229): MultiFrameProcessing() send  condStartFrameProcessing (B), m_iSkipFocusIndex = 1, iCurrentFocusIndex = 1, m_iSkipCompoundIndex = 1, iCurrentCompoundIndex = 2
07-18 10:47:35.289 I/US_ScanProcessController(  229): MultiFrameReceiving EN : iBufferSize=136448, pRawFrame=0x7c714008, ReceiveRawFrame table=19
07-18 10:47:35.309 D/US_ScanProcessController(  229): m_iReceivedBFrameSize=134912 134912, m_iReceivedColorFrameSize=0 0, m_iReceivedWaveFrameSize=0 0 (0, 0)
07-18 10:47:35.309 I/US_StoreController(  229): StoreFrameInMemory() m_pStorePara->iBStoreFrameIndex = 71, iCurrentCompoundIndex = 3, iCurrentENVIndex = 0, iScanLineNum = 256, iSampleNum = 527
07-18 10:47:35.309 D/US_ScanProcessController(  229): iUpdateFrameType: 1: iReceivedFrameSize=409344 iReceivedScanLine=384
07-18 10:47:35.309 D/US_ParametersController(  229): UpdateEngineConfig, m_stEngineParameters.ModeConfig_SW->iStartLineNum_B=1 m_stEngineParameters.ModeConfig_SW->iEndLineNum_B=256 iLineDensity=1
07-18 10:47:35.309 D/US_ParametersController(  229): UpdateModeConfig, ModeConfig->NSI[Group_B]=5181 ModeConfig->MaxDepth[Group_B]=8744 ModeConfig->NumOfLineSample[Group_B]=1054
07-18 10:47:35.309 I/US_ParametersController(  229): ScanScheduling: iFrameType=1, b2DRefreash=0
07-18 10:47:35.309 D/US_ParametersController(  229): m_stEngineParameters.BeamformerConfig->NumOfSettingIndex=768
07-18 10:47:35.309 D/US_ParametersController(  229): iNumOfSteeringAngle=3 iNumOfFocalPoint=1 iNumOfScanLine=256 iNumOfRxBeam_B=2
07-18 10:47:35.319 D/US_ScanProcessController(  229): SystemStatus =514  ProcessRequest=1024 iSystemMode=1
07-18 10:47:35.319 D/US_ScanProcessController(  229): iScanSequencyFrameSize=409344, AllocateFrameBuffer iUpdateFrameType=1 iFrameSize=137984
07-18 10:47:35.329 I/US_ScanProcessController(  229): MultiFrameReceiving EN : iBufferSize=136448, pRawFrame=0x7c714008, ReceiveRawFrame table=19
07-18 10:47:35.339 D/US_ScanProcessController(  229): m_iReceivedBFrameSize=134912 134912, m_iReceivedColorFrameSize=0 0, m_iReceivedWaveFrameSize=0 0 (0, 0)
07-18 10:47:35.339 I/US_StoreController(  229): StoreFrameInMemory() m_pStorePara->iBStoreFrameIndex = 72, iCurrentCompoundIndex = 1, iCurrentENVIndex = 0, iScanLineNum = 256, iSampleNum = 527
07-18 10:47:35.339 D/US_ScanProcessController(  229): MultiFrameProcessing() send  condStartFrameProcessing (B), m_iSkipFocusIndex = 1, iCurrentFocusIndex = 1, m_iSkipCompoundIndex = 3, iCurrentCompoundIndex = 1
07-18 10:47:35.339 I/US_ScanProcessController(  229): MultiFrameReceiving EN : iBufferSize=136448, pRawFrame=0x7c714008, ReceiveRawFrame table=19
07-18 10:47:35.349 D/US_ScanProcessController(  229): m_iReceivedBFrameSize=134912 134912, m_iReceivedColorFrameSize=0 0, m_iReceivedWaveFrameSize=0 0 (0, 0)
07-18 10:47:35.349 I/US_StoreController(  229): StoreFrameInMemory() m_pStorePara->iBStoreFrameIndex = 73, iCurrentCompoundIndex = 2, iCurrentENVIndex = 0, iScanLineNum = 256, iSampleNum = 527
07-18 10:47:35.349 D/US_ScanProcessController(  229): MultiFrameProcessing() send  condStartFrameProcessing (B), m_iSkipFocusIndex = 1, iCurrentFocusIndex = 1, m_iSkipCompoundIndex = 3, iCurrentCompoundIndex = 2
07-18 10:47:35.349 I/US_ScanProcessController(  229): MultiFrameReceiving EN : iBufferSize=136448, pRawFrame=0x7c714008, ReceiveRawFrame table=19
07-18 10:47:35.359 D/US_ScanProcessController(  229): m_iReceivedBFrameSize=134912 134912, m_iReceivedColorFrameSize=0 0, m_iReceivedWaveFrameSize=0 0 (0, 0)
07-18 10:47:35.359 I/US_StoreController(  229): StoreFrameInMemory() m_pStorePara->iBStoreFrameIndex = 74, iCurrentCompoundIndex = 3, iCurrentENVIndex = 0, iScanLineNum = 256, iSampleNum = 527
07-18 10:47:35.359 D/US_ScanProcessController(  229): MultiFrameProcessing() send  condStartFrameProcessing (B), m_iSkipFocusIndex = 1, iCurrentFocusIndex = 1, m_iSkipCompoundIndex = 3, iCurrentCompoundIndex = 3
07-18 10:47:35.359 D/US_ScanProcessController(  229): iUpdateFrameType: 1: iReceivedFrameSize=409344 iReceivedScanLine=384
07-18 10:47:35.359 D/US_ParametersController(  229): UpdateEngineConfig, m_stEngineParameters.ModeConfig_SW->iStartLineNum_B=1 m_stEngineParameters.ModeConfig_SW->iEndLineNum_B=256 iLineDensity=1
07-18 10:47:35.369 D/US_ParametersController(  229): UpdateModeConfig, ModeConfig->NSI[Group_B]=5181 ModeConfig->MaxDepth[Group_B]=8744 ModeConfig->NumOfLineSample[Group_B]=1054
07-18 10:47:35.369 I/US_ParametersController(  229): ScanScheduling: iFrameType=1, b2DRefreash=0
07-18 10:47:35.369 D/US_ParametersController(  229): m_stEngineParameters.BeamformerConfig->NumOfSettingIndex=768
07-18 10:47:35.369 D/US_ParametersController(  229): iNumOfSteeringAngle=3 iNumOfFocalPoint=1 iNumOfScanLine=256 iNumOfRxBeam_B=2
07-18 10:47:35.379 D/US_ScanProcessController(  229): SystemStatus =514  ProcessRequest=1024 iSystemMode=1
07-18 10:47:35.379 D/US_ScanProcessController(  229): iScanSequencyFrameSize=409344, AllocateFrameBuffer iUpdateFrameType=1 iFrameSize=137984
07-18 10:47:35.379 I/US_ScanProcessController(  229): MultiFrameReceiving EN : iBufferSize=136448, pRawFrame=0x7c714008, ReceiveRawFrame table=19
07-18 10:47:35.389 D/US_ScanProcessController(  229): m_iReceivedBFrameSize=134912 134912, m_iReceivedColorFrameSize=0 0, m_iReceivedWaveFrameSize=0 0 (0, 0)
07-18 10:47:35.389 I/US_StoreController(  229): StoreFrameInMemory() m_pStorePara->iBStoreFrameIndex = 75, iCurrentCompoundIndex = 1, iCurrentENVIndex = 0, iScanLineNum = 256, iSampleNum = 527
07-18 10:47:35.389 I/US_ScanProcessController(  229): MultiFrameReceiving EN : iBufferSize=136448, pRawFrame=0x7c714008, ReceiveRawFrame table=19
07-18 10:47:35.399 D/US_ScanProcessController(  229): m_iReceivedBFrameSize=134912 134912, m_iReceivedColorFrameSize=0 0, m_iReceivedWaveFrameSize=0 0 (0, 0)
07-18 10:47:35.399 I/US_StoreController(  229): StoreFrameInMemory() m_pStorePara->iBStoreFrameIndex = 76, iCurrentCompoundIndex = 2, iCurrentENVIndex = 0, iScanLineNum = 256, iSampleNum = 527
07-18 10:47:35.399 I/US_ScanProcessController(  229): MultiFrameReceiving EN : iBufferSize=136448, pRawFrame=0x7c714008, ReceiveRawFrame table=19
