07-18 10:47:24.699 I/ActivityManager(  498): Start proc com.android.email for broadcast com.android.email/.service.EmailBroadcastReceiver: pid=907 uid=10016 gids={50016, 3003, 1028, 1015}
07-18 10:47:24.779 W/FileUtils(  855): Failed to chmod(/storage/sata0/US/databases/vivapro-db): libcore.io.ErrnoException: chmod failed: EPERM (Operation not permitted)
07-18 10:47:24.819 D/ActivityThread(  907): Loading provider com.android.email.provider;com.android.email.notifier: com.android.email.provider.EmailProvider
07-18 10:47:24.859 W/ContextImpl(  655): Calling a method in the system process without a qualified user: android.app.ContextImpl.startService:1504 android.content.ContextWrapper.startService:494 android.content.ContextWrapper.startService:494 com.qualcomm.qti.services.secureui.BootReceiver.onReceive:30 android.app.ActivityThread.handleReceiver:2410 
07-18 10:47:24.859 I/fsck_msdos(  892): Begin to compare FAT
07-18 10:47:24.869 I/fsck_msdos(  892): ** Phase 2 - Check Cluster Chains 
07-18 10:47:24.869 I/fsck_msdos(  892): Begin to handle the cluster chain
07-18 10:47:24.879 I/ActivityManager(  498): Start proc com.android.music for broadcast com.android.music/.MediaButtonIntentReceiver: pid=931 uid=10020 gids={50020, 3003, 1028, 1015, 3002}
07-18 10:47:24.879 D/fsck_msdos(  892): rootDir->head :2
07-18 10:47:24.899 D/fsck_msdos(  892): Verify Filesystem information
07-18 10:47:24.899 W/fsck_msdos(  892): 73 files, 1939840 free (484960 clusters)
07-18 10:47:24.899 I/fsck_msdos(  892): free_rb_tree 
07-18 10:47:24.899 I/fsck_msdos(  892): free_fragment_tree
07-18 10:47:24.899 I/fsck_msdos(  892): free_fragment_tree
07-18 10:47:24.899 I/fsck_msdos(  892): free_fragment_tree: rb_tree is empty 
07-18 10:47:24.899 W/ContextImpl(  655): Calling a method in the system process without a qualified user: android.app.ContextImpl.bindService:1568 android.content.ContextWrapper.bindService:517 com.qualcomm.qti.services.secureui.WfdReceiver.<init>:37 com.qualcomm.qti.services.secureui.SecureUIService.run:91 java.lang.Thread.run:841 
07-18 10:47:24.899 W/ActivityManager(  498): Unable to start service Intent { act=com.qualcomm.wfd.service.WfdService } U=0: not found
07-18 10:47:24.909 I/Vold    (  215): Filesystem check completed OK
07-18 10:47:24.929 D/Vold    (  215): Volume sdcard1 state changing 3 (Checking) -> 4 (Mounted)
07-18 10:47:24.940 D/MountService(  498): volume state changed for /storage/sdcard1 (checking -> mounted)
07-18 10:47:24.940 W/MountService(  498): Duplicate state transition (mounted -> mounted) for /storage/emulated/0
07-18 10:47:24.940 D/MountService(  498): sendStorageIntent Intent { act=android.intent.action.MEDIA_MOUNTED dat=file:///storage/sdcard1 (has extras) } to UserHandle{-1}
07-18 10:47:24.940 I/ActivityManager(  498): Start proc com.android.externalstorage for broadcast com.android.externalstorage/.MountReceiver: pid=944 uid=10002 gids={50002, 1028, 1015, 1023}
07-18 10:47:25.009 I/ActivityManager(  498): Delay finish: com.android.email/.provider.WidgetProvider
07-18 10:47:25.019 W/ActivityManager(  498): Unable to start service Intent { cmp=com.android.email/.service.AttachmentDownloadService } U=0: not found
07-18 10:47:25.089 W/ActivityManager(  498): Unable to start service Intent { cmp=com.android.email/.service.AttachmentDownloadService } U=0: not found
07-18 10:47:25.109 I/ActivityManager(  498): Resuming delayed broadcast
07-18 10:47:25.129 W/ActivityManager(  498): Unable to start service Intent { act=com.android.email.EXCHANGE_INTENT pkg=com.android.exchange } U=0: not found
07-18 10:47:25.129 E/ActivityThread(  498): Failed to find provider info for telephony
07-18 10:47:25.779 V/EthernetMonitor(  498): get event eth0:16:
07-18 10:47:25.779 V/EthernetMonitor(  498): dev: eth0 ev 16
07-18 10:47:25.779 I/EthernetStateTracker(  498): report event 6 on dev eth0
07-18 10:47:25.779 V/EthernetStateTracker(  498): update network state tracker
07-18 10:47:25.779 V/EthernetMonitor(  498): go poll events
07-18 10:47:25.779 I/EthernetStateTracker(  498): reset device eth0
07-18 10:47:25.879 W/FileUtils(  855): Failed to chmod(/storage/sata0/US/shared_prefs/preference.xml): libcore.io.ErrnoException: chmod failed: EPERM (Operation not permitted)
07-18 10:47:26.069 I/EthernetStateTracker(  498): event: 6  DISCONNECTED ==> OBTAINING_IPADDR
07-18 10:47:26.069 I/EthernetStateTracker(  498): Broadcasting Ethernet: 2 OBTAINING_IPADDR
07-18 10:47:26.069 W/ContextImpl(  498): Calling a method in the system process without a qualified user: android.app.ContextImpl.sendStickyBroadcast:1306 android.net.ethernet.EthernetStateTracker.broadcastState:660 android.net.ethernet.EthernetStateTracker.updateState:461 android.net.ethernet.EthernetStateTracker.handleMessage:491 android.os.Handler.dispatchMessage:102 
07-18 10:47:26.069 I/EthernetStateTracker(  498): trigger dhcp for device eth0
07-18 10:47:26.069 D/EthernetStateTracker(  498): DhcpHandler: DHCP request started
07-18 10:47:26.129 V/EthernetMonitor(  498): get event eth0:20:
07-18 10:47:26.129 V/EthernetMonitor(  498): dev: eth0 ev 20
07-18 10:47:26.129 I/EthernetStateTracker(  498): report event 3 on dev eth0
07-18 10:47:26.129 V/EthernetStateTracker(  498): update network state tracker
07-18 10:47:26.129 V/EthernetMonitor(  498): go poll events
07-18 10:47:26.129 I/EthernetStateTracker(  498): event: 3  OBTAINING_IPADDR ==> CONNECTED
07-18 10:47:26.129 I/EthernetStateTracker(  498): Broadcasting Ethernet: 2 CONNECTED
07-18 10:47:26.129 W/ContextImpl(  498): Calling a method in the system process without a qualified user: android.app.ContextImpl.sendStickyBroadcast:1306 android.net.ethernet.EthernetStateTracker.broadcastState:660 android.net.ethernet.EthernetStateTracker.updateState:461 android.net.ethernet.EthernetStateTracker.handleMessage:474 android.os.Handler.dispatchMessage:102 
07-18 10:47:26.129 D/QcConnectivityService(  498): Setting TCP values: [0] which comes from [net.tcp.usercfg.default]
07-18 10:47:26.129 D/QcConnectivityService(  498): Setting TCP values: [1] which comes from [net.tcp.delack.default]
07-18 10:47:26.129 E/QcConnectivityService(  498): Unexpected mtu value: Handler (android.net.ethernet.EthernetStateTracker) {41b294c0}
07-18 10:47:26.129 E/QcConnectivityService(  498): no dns provided for ETHERNET - using 8.8.8.8
07-18 10:47:26.139 D/Nat464Xlat(  498): requiresClat: netType=9, hasIPv4Address=false
07-18 10:47:26.479 D/EthernetStateTracker(  498): DhcpHandler: DHCP request succeeded: {InterfaceName: eth0 LinkAddresses: [10.82.78.26/24,]  Routes: [10.82.78.0/24 -> 0.0.0.0,0.0.0.0/0 -> 10.82.78.254,] DnsAddresses: [10.82.12.11,10.82.12.12,] Domains: qgroup.corp.comMTU: 0} DHCP server /10.82.15.101 Vendor info  lease 604800 seconds
07-18 10:47:26.929 E/ActivityThread(  498): Failed to find provider info for telephony
07-18 10:47:27.149 I/ActivityManager(  498): START u0 {cmp=com.qisda.viva/.ScanModeActivity} from pid 855
07-18 10:47:27.159 I/EthernetManager(  855): Init Ethernet Manager, service: android.net.ethernet.IEthernetManager$Stub$Proxy@419d4660
07-18 10:47:27.299 W/ContextImpl(  855): Calling a method in the system process without a qualified user: android.app.ContextImpl.startService:1504 android.content.ContextWrapper.startService:494 com.qisda.viva.ScanModeActivity.onCreate:270 android.app.Activity.performCreate:5231 android.app.Instrumentation.callActivityOnCreate:1087 
07-18 10:47:27.299 W/ContextImpl(  855): Calling a method in the system process without a qualified user: android.app.ContextImpl.startService:1504 android.content.ContextWrapper.startService:494 com.qisda.viva.ScanModeActivity.onCreate:271 android.app.Activity.performCreate:5231 android.app.Instrumentation.callActivityOnCreate:1087 
07-18 10:47:27.359 W/ContextImpl(  855): Calling a method in the system process without a qualified user: android.app.ContextImpl.bindService:1568 android.content.ContextWrapper.bindService:517 com.qisda.viva.view.StatusBar.doBindService:578 com.qisda.viva.view.StatusBar.init:395 com.qisda.viva.fragments.DeviceStatusFragment.onCreateView:33 
07-18 10:47:29.159 E/ActivityThread(  498): Failed to find provider info for telephony
07-18 10:47:30.449 V/EthernetMonitor(  498): get event 
07-18 10:47:30.449 V/EthernetMonitor(  498): go poll events
07-18 10:47:30.459 V/EthernetMonitor(  498): get event 
07-18 10:47:30.459 V/EthernetMonitor(  498): go poll events
07-18 10:47:30.499 V/EthernetMonitor(  498): get event 
07-18 10:47:30.499 V/EthernetMonitor(  498): go poll events
07-18 10:47:30.499 V/EthernetMonitor(  498): get event 
07-18 10:47:30.499 V/EthernetMonitor(  498): go poll events
07-18 10:47:30.609 V/EthernetMonitor(  498): get event 
07-18 10:47:30.609 V/EthernetMonitor(  498): go poll events
07-18 10:47:31.109 V/EthernetMonitor(  498): get event 
07-18 10:47:31.109 V/EthernetMonitor(  498): go poll events
07-18 10:47:31.219 V/EthernetMonitor(  498): get event 
07-18 10:47:31.219 V/EthernetMonitor(  498): go poll events
07-18 10:47:31.219 V/EthernetMonitor(  498): get event 
07-18 10:47:31.219 V/EthernetMonitor(  498): go poll events
07-18 10:47:31.219 V/EthernetMonitor(  498): get event 
07-18 10:47:31.219 V/EthernetMonitor(  498): go poll events
07-18 10:47:31.219 V/EthernetMonitor(  498): get event 
07-18 10:47:31.219 V/EthernetMonitor(  498): go poll events
07-18 10:47:31.219 V/EthernetMonitor(  498): get event 
07-18 10:47:31.219 V/EthernetMonitor(  498): go poll events
07-18 10:47:31.219 V/EthernetMonitor(  498): get event 
07-18 10:47:31.219 V/EthernetMonitor(  498): go poll events
07-18 10:47:31.219 V/EthernetMonitor(  498): get event 
07-18 10:47:31.219 V/EthernetMonitor(  498): go poll events
07-18 10:47:31.249 V/EthernetMonitor(  498): get event 
07-18 10:47:31.249 V/EthernetMonitor(  498): go poll events
07-18 10:47:31.449 V/EthernetMonitor(  498): get event 
07-18 10:47:31.449 V/EthernetMonitor(  498): go poll events
07-18 10:47:31.729 V/EthernetMonitor(  498): get event 
07-18 10:47:31.729 V/EthernetMonitor(  498): go poll events
07-18 10:47:31.899 D/QcConnectivityService(  498): Captive portal check NetworkInfo: type: WIFI[], state: CONNECTING/CAPTIVE_PORTAL_CHECK, reason: (unspecified), extra: "DIR-615", roaming: false, failover: false, isAvailable: true, isConnectedToProvisioningNetwork: false
07-18 10:47:31.899 D/QcConnectivityService(  498): Tear down low priority net WIFI
07-18 10:47:31.899 D/QcConnectivityService(  498): handleInetConditionChange: net=0 != default=9 - ignore
07-18 10:47:31.949 V/EthernetMonitor(  498): get event 
07-18 10:47:31.949 V/EthernetMonitor(  498): go poll events
07-18 10:47:31.949 V/EthernetMonitor(  498): get event 
07-18 10:47:31.949 V/EthernetMonitor(  498): go poll events
07-18 10:47:31.949 V/EthernetMonitor(  498): get event 
07-18 10:47:31.949 V/EthernetMonitor(  498): go poll events
07-18 10:47:31.959 V/EthernetMonitor(  498): get event 
07-18 10:47:31.959 V/EthernetMonitor(  498): go poll events
07-18 10:47:31.969 D/QcConnectivityService(  498): Attempting to switch to BLUETOOTH_TETHER
07-18 10:47:31.969 D/QcConnectivityService(  498): Attempting to switch to ETHERNET
07-18 10:47:31.969 D/Nat464Xlat(  498): requiresClat: netType=1, hasIPv4Address=false
07-18 10:47:32.449 V/EthernetMonitor(  498): get event 
07-18 10:47:32.449 V/EthernetMonitor(  498): go poll events
07-18 10:47:33.249 W/ContextImpl(  855): Calling a method in the system process without a qualified user: android.app.ContextImpl.bindService:1568 android.content.ContextWrapper.bindService:517 com.qisda.viva.fragments.ControlHorizontalViewFragment.bindExportToExternalService:1378 com.qisda.viva.fragments.ControlHorizontalViewFragment.onStart:578 android.support.v4.app.Fragment.performStart:1528 
07-18 10:47:34.189 W/ActivityManager(  498): Launch timeout has expired, giving up wake lock!
--------- beginning of /dev/log/main
07-18 10:47:34.249 I/US_StoreController(  229): StoreFrameInMemory() m_pStorePara->iBStoreFrameIndex = 7, iCurrentCompoundIndex = 2, iCurrentENVIndex = 0, iScanLineNum = 256, iSampleNum = 527
07-18 10:47:34.249 D/US_ScanProcessController(  229): MultiFrameProcessing() send  condStartFrameProcessing (B), m_iSkipFocusIndex = 1, iCurrentFocusIndex = 1, m_iSkipCompoundIndex = 3, iCurrentCompoundIndex = 2
07-18 10:47:34.249 I/US_ScanProcessController(  229): MultiFrameReceiving EN : iBufferSize=136448, pRawFrame=0x7c714008, ReceiveRawFrame table=19
07-18 10:47:34.259 W/ActivityManager(  498): Activity ActivityRecord{41d0f390 u0 com.ultrasound.usstarter/.Starter t1 f} being finished, but not in LRU list
07-18 10:47:34.269 D/US_ScanProcessController(  229): m_iReceivedBFrameSize=134912 134912, m_iReceivedColorFrameSize=0 0, m_iReceivedWaveFrameSize=0 0 (0, 0)
07-18 10:47:34.269 I/US_StoreController(  229): StoreFrameInMemory() m_pStorePara->iBStoreFrameIndex = 8, iCurrentCompoundIndex = 3, iCurrentENVIndex = 0, iScanLineNum = 256, iSampleNum = 527
07-18 10:47:34.269 D/US_ScanProcessController(  229): MultiFrameProcessing() send  condStartFrameProcessing (B), m_iSkipFocusIndex = 1, iCurrentFocusIndex = 1, m_iSkipCompoundIndex = 3, iCurrentCompoundIndex = 3
07-18 10:47:34.269 D/US_ScanProcessController(  229): iUpdateFrameType: 1: iReceivedFrameSize=409344 iReceivedScanLine=384
07-18 10:47:34.269 D/US_ParametersController(  229): UpdateEngineConfig, m_stEngineParameters.ModeConfig_SW->iStartLineNum_B=1 m_stEngineParameters.ModeConfig_SW->iEndLineNum_B=256 iLineDensity=1
07-18 10:47:34.269 D/US_ParametersController(  229): UpdateModeConfig, ModeConfig->NSI[Group_B]=5181 ModeConfig->MaxDepth[Group_B]=8744 ModeConfig->NumOfLineSample[Group_B]=1054
07-18 10:47:34.269 I/US_ParametersController(  229): ScanScheduling: iFrameType=1, b2DRefreash=0
07-18 10:47:34.269 D/US_ParametersController(  229): m_stEngineParameters.BeamformerConfig->NumOfSettingIndex=768
07-18 10:47:34.269 D/US_ParametersController(  229): iNumOfSteeringAngle=3 iNumOfFocalPoint=1 iNumOfScanLine=256 iNumOfRxBeam_B=2
07-18 10:47:34.269 D/US_ScanProcessController(  229): SystemStatus =514  ProcessRequest=1024 iSystemMode=1
07-18 10:47:34.269 D/US_ScanProcessController(  229): iScanSequencyFrameSize=409344, AllocateFrameBuffer iUpdateFrameType=1 iFrameSize=137984
07-18 10:47:34.269 I/US_ScanProcessController(  229): MultiFrameReceiving EN : iBufferSize=136448, pRawFrame=0x7c714008, ReceiveRawFrame table=19
07-18 10:47:34.279 D/US_ScanProcessController(  229): m_iReceivedBFrameSize=134912 134912, m_iReceivedColorFrameSize=0 0, m_iReceivedWaveFrameSize=0 0 (0, 0)
07-18 10:47:34.279 I/US_StoreController(  229): StoreFrameInMemory() m_pStorePara->iBStoreFrameIndex = 9, iCurrentCompoundIndex = 1, iCurrentENVIndex = 0, iScanLineNum = 256, iSampleNum = 527
07-18 10:47:34.279 I/US_ScanProcessController(  229): MultiFrameReceiving EN : iBufferSize=136448, pRawFrame=0x7c714008, ReceiveRawFrame table=19
07-18 10:47:34.299 D/US_ScanProcessController(  229): m_iReceivedBFrameSize=134912 134912, m_iReceivedColorFrameSize=0 0, m_iReceivedWaveFrameSize=0 0 (0, 0)
07-18 10:47:34.299 I/US_StoreController(  229): StoreFrameInMemory() m_pStorePara->iBStoreFrameIndex = 10, iCurrentCompoundIndex = 2, iCurrentENVIndex = 0, iScanLineNum = 256, iSampleNum = 527
07-18 10:47:34.299 D/US_ScanProcessController(  229): MultiFrameProcessing() send  condStartFrameProcessing (B), m_iSkipFocusIndex = 1, iCurrentFocusIndex = 1, m_iSkipCompoundIndex = 1, iCurrentCompoundIndex = 2
07-18 10:47:34.299 I/US_ScanProcessController(  229): MultiFrameReceiving EN : iBufferSize=136448, pRawFrame=0x7c714008, ReceiveRawFrame table=19
07-18 10:47:34.299 E/qdoverlay(  224): Bad ov dump:  mdp_overlay z=0 fg=0 alpha=255 mask=-1 flags=0x20000 id=16
07-18 10:47:34.299 E/qdoverlay(  224): src msmfb_img w=1408 h=768 format=13 MDP_RGBA_8888
07-18 10:47:34.299 E/qdoverlay(  224): src_rect mdp_rect x=0 y=0 w=1366 h=768
07-18 10:47:34.299 E/qdoverlay(  224): dst_rect mdp_rect x=0 y=0 w=1280 h=719
07-18 10:47:34.299 E/qdoverlay(  224): Bad ov dump:  mdp_overlay z=0 fg=0 alpha=255 mask=-1 flags=0x20000 id=16
07-18 10:47:34.299 E/qdoverlay(  224): src msmfb_img w=1408 h=768 format=13 MDP_RGBA_8888
07-18 10:47:34.299 E/qdoverlay(  224): src_rect mdp_rect x=0 y=0 w=1366 h=768
07-18 10:47:34.299 E/qdoverlay(  224): dst_rect mdp_rect x=0 y=0 w=1280 h=719
07-18 10:47:34.309 D/US_ScanProcessController(  229): m_iReceivedBFrameSize=134912 134912, m_iReceivedColorFrameSize=0 0, m_iReceivedWaveFrameSize=0 0 (0, 0)
07-18 10:47:34.309 I/US_StoreController(  229): StoreFrameInMemory() m_pStorePara->iBStoreFrameIndex = 11, iCurrentCompoundIndex = 3, iCurrentENVIndex = 0, iScanLineNum = 256, iSampleNum = 527
07-18 10:47:34.309 D/US_ScanProcessController(  229): iUpdateFrameType: 1: iReceivedFrameSize=409344 iReceivedScanLine=384
07-18 10:47:34.309 D/US_ParametersController(  229): UpdateEngineConfig, m_stEngineParameters.ModeConfig_SW->iStartLineNum_B=1 m_stEngineParameters.ModeConfig_SW->iEndLineNum_B=256 iLineDensity=1
07-18 10:47:34.319 D/US_ParametersController(  229): UpdateModeConfig, ModeConfig->NSI[Group_B]=5181 ModeConfig->MaxDepth[Group_B]=8744 ModeConfig->NumOfLineSample[Group_B]=1054
07-18 10:47:34.319 I/US_ParametersController(  229): ScanScheduling: iFrameType=1, b2DRefreash=0
07-18 10:47:34.319 D/US_ParametersController(  229): m_stEngineParameters.BeamformerConfig->NumOfSettingIndex=768
07-18 10:47:34.319 D/US_ParametersController(  229): iNumOfSteeringAngle=3 iNumOfFocalPoint=1 iNumOfScanLine=256 iNumOfRxBeam_B=2
07-18 10:47:34.319 D/US_ScanProcessController(  229): SystemStatus =514  ProcessRequest=1024 iSystemMode=1
07-18 10:47:34.319 D/US_ScanProcessController(  229): iScanSequencyFrameSize=409344, AllocateFrameBuffer iUpdateFrameType=1 iFrameSize=137984
07-18 10:47:34.319 I/US_ScanProcessController(  229): MultiFrameReceiving EN : iBufferSize=136448, pRawFrame=0x7c714008, ReceiveRawFrame table=19
07-18 10:47:34.319 E/qdoverlay(  224): Bad ov dump:  mdp_overlay z=0 fg=0 alpha=255 mask=-1 flags=0x20000 id=16
07-18 10:47:34.319 E/qdoverlay(  224): src msmfb_img w=1408 h=768 format=13 MDP_RGBA_8888
07-18 10:47:34.319 E/qdoverlay(  224): src_rect mdp_rect x=0 y=0 w=1366 h=768
07-18 10:47:34.319 E/qdoverlay(  224): dst_rect mdp_rect x=0 y=0 w=1280 h=719
07-18 10:47:34.329 D/US_ScanProcessController(  229): m_iReceivedBFrameSize=134912 134912, m_iReceivedColorFrameSize=0 0, m_iReceivedWaveFrameSize=0 0 (0, 0)
07-18 10:47:34.329 I/US_StoreController(  229): StoreFrameInMemory() m_pStorePara->iBStoreFrameIndex = 12, iCurrentCompoundIndex = 1, iCurrentENVIndex = 0, iScanLineNum = 256, iSampleNum = 527
07-18 10:47:34.329 D/US_ScanProcessController(  229): MultiFrameProcessing() send  condStartFrameProcessing (B), m_iSkipFocusIndex = 1, iCurrentFocusIndex = 1, m_iSkipCompoundIndex = 3, iCurrentCompoundIndex = 1
07-18 10:47:34.329 I/US_ScanProcessController(  229): MultiFrameReceiving EN : iBufferSize=136448, pRawFrame=0x7c714008, ReceiveRawFrame table=19
07-18 10:47:34.349 D/US_ScanProcessController(  229): m_iReceivedBFrameSize=134912 134912, m_iReceivedColorFrameSize=0 0, m_iReceivedWaveFrameSize=0 0 (0, 0)
07-18 10:47:34.349 I/US_StoreController(  229): StoreFrameInMemory() m_pStorePara->iBStoreFrameIndex = 13, iCurrentCompoundIndex = 2, iCurrentENVIndex = 0, iScanLineNum = 256, iSampleNum = 527
07-18 10:47:34.349 I/US_ScanProcessController(  229): MultiFrameReceiving EN : iBufferSize=136448, pRawFrame=0x7c714008, ReceiveRawFrame table=19
07-18 10:47:34.359 D/US_ScanProcessController(  229): m_iReceivedBFrameSize=134912 134912, m_iReceivedColorFrameSize=0 0, m_iReceivedWaveFrameSize=0 0 (0, 0)
07-18 10:47:34.359 I/US_StoreController(  229): StoreFrameInMemory() m_pStorePara->iBStoreFrameIndex = 14, iCurrentCompoundIndex = 3, iCurrentENVIndex = 0, iScanLineNum = 256, iSampleNum = 527
07-18 10:47:34.359 D/US_ScanProcessController(  229): MultiFrameProcessing() send  condStartFrameProcessing (B), m_iSkipFocusIndex = 1, iCurrentFocusIndex = 1, m_iSkipCompoundIndex = 2, iCurrentCompoundIndex = 3
07-18 10:47:34.359 D/US_ScanProcessController(  229): iUpdateFrameType: 1: iReceivedFrameSize=409344 iReceivedScanLine=384
07-18 10:47:34.359 D/US_ParametersController(  229): UpdateEngineConfig, m_stEngineParameters.ModeConfig_SW->iStartLineNum_B=1 m_stEngineParameters.ModeConfig_SW->iEndLineNum_B=256 iLineDensity=1
07-18 10:47:34.359 D/US_ParametersController(  229): UpdateModeConfig, ModeConfig->NSI[Group_B]=5181 ModeConfig->MaxDepth[Group_B]=8744 ModeConfig->NumOfLineSample[Group_B]=1054
07-18 10:47:34.359 I/US_ParametersController(  229): ScanScheduling: iFrameType=1, b2DRefreash=0
07-18 10:47:34.369 D/US_ParametersController(  229): m_stEngineParameters.BeamformerConfig->NumOfSettingIndex=768
07-18 10:47:34.369 D/US_ParametersController(  229): iNumOfSteeringAngle=3 iNumOfFocalPoint=1 iNumOfScanLine=256 iNumOfRxBeam_B=2
07-18 10:47:34.369 D/US_ScanProcessController(  229): SystemStatus =514  ProcessRequest=1024 iSystemMode=1
07-18 10:47:34.369 D/US_ScanProcessController(  229): iScanSequencyFrameSize=409344, AllocateFrameBuffer iUpdateFrameType=1 iFrameSize=137984
07-18 10:47:34.369 I/US_ScanProcessController(  229): MultiFrameReceiving EN : iBufferSize=136448, pRawFrame=0x7c714008, ReceiveRawFrame table=19
07-18 10:47:34.379 D/US_ScanProcessController(  229): m_iReceivedBFrameSize=134912 134912, m_iReceivedColorFrameSize=0 0, m_iReceivedWaveFrameSize=0 0 (0, 0)
07-18 10:47:34.379 I/US_StoreController(  229): StoreFrameInMemory() m_pStorePara->iBStoreFrameIndex = 15, iCurrentCompoundIndex = 1, iCurrentENVIndex = 0, iScanLineNum = 256, iSampleNum = 527
07-18 10:47:34.379 I/US_ScanProcessController(  229): MultiFrameReceiving EN : iBufferSize=136448, pRawFrame=0x7c714008, ReceiveRawFrame table=19
07-18 10:47:34.399 D/US_ScanProcessController(  229): m_iReceivedBFrameSize=134912 134912, m_iReceivedColorFrameSize=0 0, m_iReceivedWaveFrameSize=0 0 (0, 0)
07-18 10:47:34.399 I/US_StoreController(  229): StoreFrameInMemory() m_pStorePara->iBStoreFrameIndex = 16, iCurrentCompoundIndex = 2, iCurrentENVIndex = 0, iScanLineNum = 256, iSampleNum = 527
07-18 10:47:34.399 D/US_ScanProcessController(  229): MultiFrameProcessing() send  condStartFrameProcessing (B), m_iSkipFocusIndex = 1, iCurrentFocusIndex = 1, m_iSkipCompoundIndex = 1, iCurrentCompoundIndex = 2
07-18 10:47:34.399 I/US_ScanProcessController(  229): MultiFrameReceiving EN : iBufferSize=136448, pRawFrame=0x7c714008, ReceiveRawFrame table=19
07-18 10:47:34.409 D/US_ScanProcessController(  229): m_iReceivedBFrameSize=134912 134912, m_iReceivedColorFrameSize=0 0, m_iReceivedWaveFrameSize=0 0 (0, 0)
07-18 10:47:34.409 I/US_StoreController(  229): StoreFrameInMemory() m_pStorePara->iBStoreFrameIndex = 17, iCurrentCompoundIndex = 3, iCurrentENVIndex = 0, iScanLineNum = 256, iSampleNum = 527
07-18 10:47:34.409 D/US_ScanProcessController(  229): iUpdateFrameType: 1: iReceivedFrameSize=409344 iReceivedScanLine=384
07-18 10:47:34.409 D/US_ParametersController(  229): UpdateEngineConfig, m_stEngineParameters.ModeConfig_SW->iStartLineNum_B=1 m_stEngineParameters.ModeConfig_SW->iEndLineNum_B=256 iLineDensity=1
07-18 10:47:34.409 D/US_ParametersController(  229): UpdateModeConfig, ModeConfig->NSI[Group_B]=5181 ModeConfig->MaxDepth[Group_B]=8744 ModeConfig->NumOfLineSample[Group_B]=1054
07-18 10:47:34.409 I/US_ParametersController(  229): ScanScheduling: iFrameType=1, b2DRefreash=0
07-18 10:47:34.409 D/US_ParametersController(  229): m_stEngineParameters.BeamformerConfig->NumOfSettingIndex=768
07-18 10:47:34.409 D/US_ParametersController(  229): iNumOfSteeringAngle=3 iNumOfFocalPoint=1 iNumOfScanLine=256 iNumOfRxBeam_B=2
07-18 10:47:34.419 D/US_ScanProcessController(  229): SystemStatus =514  ProcessRequest=1024 iSystemMode=1
07-18 10:47:34.419 D/US_ScanProcessController(  229): iScanSequencyFrameSize=409344, AllocateFrameBuffer iUpdateFrameType=1 iFrameSize=137984
07-18 10:47:34.419 I/US_ScanProcessController(  229): MultiFrameReceiving EN : iBufferSize=136448, pRawFrame=0x7c714008, ReceiveRawFrame table=19
07-18 10:47:34.429 D/US_ScanProcessController(  229): m_iReceivedBFrameSize=134912 134912, m_iReceivedColorFrameSize=0 0, m_iReceivedWaveFrameSize=0 0 (0, 0)
07-18 10:47:34.429 I/US_StoreController(  229): StoreFrameInMemory() m_pStorePara->iBStoreFrameIndex = 18, iCurrentCompoundIndex = 1, iCurrentENVIndex = 0, iScanLineNum = 256, iSampleNum = 527
07-18 10:47:34.429 D/US_ScanProcessController(  229): MultiFrameProcessing() send  condStartFrameProcessing (B), m_iSkipFocusIndex = 1, iCurrentFocusIndex = 1, m_iSkipCompoundIndex = 3, iCurrentCompoundIndex = 1
07-18 10:47:34.429 I/US_ScanProcessController(  229): MultiFrameReceiving EN : iBufferSize=136448, pRawFrame=0x7c714008, ReceiveRawFrame table=19
07-18 10:47:34.449 D/US_ScanProcessController(  229): m_iReceivedBFrameSize=134912 134912, m_iReceivedColorFrameSize=0 0, m_iReceivedWaveFrameSize=0 0 (0, 0)
07-18 10:47:34.449 I/US_StoreController(  229): StoreFrameInMemory() m_pStorePara->iBStoreFrameIndex = 19, iCurrentCompoundIndex = 2, iCurrentENVIndex = 0, iScanLineNum = 256, iSampleNum = 527
07-18 10:47:34.449 D/US_ScanProcessController(  229): MultiFrameProcessing() send  condStartFrameProcessing (B), m_iSkipFocusIndex = 1, iCurrentFocusIndex = 1, m_iSkipCompoundIndex = 3, iCurrentCompoundIndex = 2
07-18 10:47:34.449 I/US_ScanProcessController(  229): MultiFrameReceiving EN : iBufferSize=136448, pRawFrame=0x7c714008, ReceiveRawFrame table=19
07-18 10:47:34.459 D/US_ScanProcessController(  229): m_iReceivedBFrameSize=134912 134912, m_iReceivedColorFrameSize=0 0, m_iReceivedWaveFrameSize=0 0 (0, 0)
07-18 10:47:34.459 I/US_StoreController(  229): StoreFrameInMemory() m_pStorePara->iBStoreFrameIndex = 20, iCurrentCompoundIndex = 3, iCurrentENVIndex = 0, iScanLineNum = 256, iSampleNum = 527
07-18 10:47:34.459 D/US_ScanProcessController(  229): MultiFrameProcessing() send  condStartFrameProcessing (B), m_iSkipFocusIndex = 1, iCurrentFocusIndex = 1, m_iSkipCompoundIndex = 3, iCurrentCompoundIndex = 3
07-18 10:47:34.459 D/US_ScanProcessController(  229): iUpdateFrameType: 1: iReceivedFrameSize=409344 iReceivedScanLine=384
07-18 10:47:34.459 D/US_ParametersController(  229): UpdateEngineConfig, m_stEngineParameters.ModeConfig_SW->iStartLineNum_B=1 m_stEngineParameters.ModeConfig_SW->iEndLineNum_B=256 iLineDensity=1
07-18 10:47:34.459 D/US_ParametersController(  229): UpdateModeConfig, ModeConfig->NSI[Group_B]=5181 ModeConfig->MaxDepth[Group_B]=8744 ModeConfig->NumOfLineSample[Group_B]=1054
07-18 10:47:34.459 I/US_ParametersController(  229): ScanScheduling: iFrameType=1, b2DRefreash=0
07-18 10:47:34.459 D/US_ParametersController(  229): m_stEngineParameters.BeamformerConfig->NumOfSettingIndex=768
07-18 10:47:34.459 D/US_ParametersController(  229): iNumOfSteeringAngle=3 iNumOfFocalPoint=1 iNumOfScanLine=256 iNumOfRxBeam_B=2
07-18 10:47:34.469 D/US_ScanProcessController(  229): SystemStatus =514  ProcessRequest=1024 iSystemMode=1
07-18 10:47:34.469 D/US_ScanProcessController(  229): iScanSequencyFrameSize=409344, AllocateFrameBuffer iUpdateFrameType=1 iFrameSize=137984
07-18 10:47:34.469 I/US_ScanProcessController(  229): MultiFrameReceiving EN : iBufferSize=136448, pRawFrame=0x7c714008, ReceiveRawFrame table=19
07-18 10:47:34.479 D/US_ScanProcessController(  229): m_iReceivedBFrameSize=134912 134912, m_iReceivedColorFrameSize=0 0, m_iReceivedWaveFrameSize=0 0 (0, 0)
07-18 10:47:34.479 I/US_StoreController(  229): StoreFrameInMemory() m_pStorePara->iBStoreFrameIndex = 21, iCurrentCompoundIndex = 1, iCurrentENVIndex = 0, iScanLineNum = 256, iSampleNum = 527
07-18 10:47:34.479 I/US_ScanProcessController(  229): MultiFrameReceiving EN : iBufferSize=136448, pRawFrame=0x7c714008, ReceiveRawFrame table=19
07-18 10:47:34.499 D/US_ScanProcessController(  229): m_iReceivedBFrameSize=134912 134912, m_iReceivedColorFrameSize=0 0, m_iReceivedWaveFrameSize=0 0 (0, 0)
07-18 10:47:34.499 I/US_StoreController(  229): StoreFrameInMemory() m_pStorePara->iBStoreFrameIndex = 22, iCurrentCompoundIndex = 2, iCurrentENVIndex = 0, iScanLineNum = 256, iSampleNum = 527
07-18 10:47:34.499 I/US_ScanProcessController(  229): MultiFrameReceiving EN : iBufferSize=136448, pRawFrame=0x7c714008, ReceiveRawFrame table=19
07-18 10:47:34.509 D/US_ScanProcessController(  229): m_iReceivedBFrameSize=134912 134912, m_iReceivedColorFrameSize=0 0, m_iReceivedWaveFrameSize=0 0 (0, 0)
07-18 10:47:34.509 I/US_StoreController(  229): StoreFrameInMemory() m_pStorePara->iBStoreFrameIndex = 23, iCurrentCompoundIndex = 3, iCurrentENVIndex = 0, iScanLineNum = 256, iSampleNum = 527
07-18 10:47:34.509 D/US_ScanProcessController(  229): MultiFrameProcessing() send  condStartFrameProcessing (B), m_iSkipFocusIndex = 1, iCurrentFocusIndex = 1, m_iSkipCompoundIndex = 2, iCurrentCompoundIndex = 3
07-18 10:47:34.509 D/US_ScanProcessController(  229): iUpdateFrameType: 1: iReceivedFrameSize=409344 iReceivedScanLine=384
07-18 10:47:34.509 D/US_ParametersController(  229): UpdateEngineConfig, m_stEngineParameters.ModeConfig_SW->iStartLineNum_B=1 m_stEngineParameters.ModeConfig_SW->iEndLineNum_B=256 iLineDensity=1
07-18 10:47:34.509 D/US_ParametersController(  229): UpdateModeConfig, ModeConfig->NSI[Group_B]=5181 ModeConfig->MaxDepth[Group_B]=8744 ModeConfig->NumOfLineSample[Group_B]=1054
07-18 10:47:34.509 I/US_ParametersController(  229): ScanScheduling: iFrameType=1, b2DRefreash=0
07-18 10:47:34.509 D/US_ParametersController(  229): m_stEngineParameters.BeamformerConfig->NumOfSettingIndex=768
07-18 10:47:34.509 D/US_ParametersController(  229): iNumOfSteeringAngle=3 iNumOfFocalPoint=1 iNumOfScanLine=256 iNumOfRxBeam_B=2
07-18 10:47:34.519 D/US_ScanProcessController(  229): SystemStatus =514  ProcessRequest=1024 iSystemMode=1
07-18 10:47:34.519 D/US_ScanProcessController(  229): iScanSequencyFrameSize=409344, AllocateFrameBuffer iUpdateFrameType=1 iFrameSize=137984
07-18 10:47:34.519 I/US_ScanProcessController(  229): MultiFrameReceiving EN : iBufferSize=136448, pRawFrame=0x7c714008, ReceiveRawFrame table=19
07-18 10:47:34.529 D/US_ScanProcessController(  229): m_iReceivedBFrameSize=134912 134912, m_iReceivedColorFrameSize=0 0, m_iReceivedWaveFrameSize=0 0 (0, 0)
07-18 10:47:34.529 I/US_StoreController(  229): StoreFrameInMemory() m_pStorePara->iBStoreFrameIndex = 24, iCurrentCompoundIndex = 1, iCurrentENVIndex = 0, iScanLineNum = 256, iSampleNum = 527
07-18 10:47:34.529 I/US_ScanProcessController(  229): MultiFrameReceiving EN : iBufferSize=136448, pRawFrame=0x7c714008, ReceiveRawFrame table=19
07-18 10:47:34.549 D/US_ScanProcessController(  229): m_iReceivedBFrameSize=134912 134912, m_iReceivedColorFrameSize=0 0, m_iReceivedWaveFrameSize=0 0 (0, 0)
07-18 10:47:34.549 I/US_StoreController(  229): StoreFrameInMemory() m_pStorePara->iBStoreFrameIndex = 25, iCurrentCompoundIndex = 2, iCurrentENVIndex = 0, iScanLineNum = 256, iSampleNum = 527
07-18 10:47:34.549 D/US_ScanProcessController(  229): MultiFrameProcessing() send  condStartFrameProcessing (B), m_iSkipFocusIndex = 1, iCurrentFocusIndex = 1, m_iSkipCompoundIndex = 1, iCurrentCompoundIndex = 2
07-18 10:47:34.549 I/US_ScanProcessController(  229): MultiFrameReceiving EN : iBufferSize=136448, pRawFrame=0x7c714008, ReceiveRawFrame table=19
07-18 10:47:34.559 D/US_ScanProcessController(  229): m_iReceivedBFrameSize=134912 134912, m_iReceivedColorFrameSize=0 0, m_iReceivedWaveFrameSize=0 0 (0, 0)
07-18 10:47:34.569 I/US_StoreController(  229): StoreFrameInMemory() m_pStorePara->iBStoreFrameIndex = 26, iCurrentCompoundIndex = 3, iCurrentENVIndex = 0, iScanLineNum = 256, iSampleNum = 527
07-18 10:47:34.569 D/US_ScanProcessController(  229): MultiFrameProcessing() send  condStartFrameProcessing (B), m_iSkipFocusIndex = 1, iCurrentFocusIndex = 1, m_iSkipCompoundIndex = 1, iCurrentCompoundIndex = 3
07-18 10:47:34.569 D/US_ScanProcessController(  229): iUpdateFrameType: 1: iReceivedFrameSize=409344 iReceivedScanLine=384
07-18 10:47:34.569 D/US_ParametersController(  229): UpdateEngineConfig, m_stEngineParameters.ModeConfig_SW->iStartLineNum_B=1 m_stEngineParameters.ModeConfig_SW->iEndLineNum_B=256 iLineDensity=1
07-18 10:47:34.569 D/US_ParametersController(  229): UpdateModeConfig, ModeConfig->NSI[Group_B]=5181 ModeConfig->MaxDepth[Group_B]=8744 ModeConfig->NumOfLineSample[Group_B]=1054
07-18 10:47:34.569 I/US_ParametersController(  229): ScanScheduling: iFrameType=1, b2DRefreash=0
07-18 10:47:34.569 D/US_ParametersController(  229): m_stEngineParameters.BeamformerConfig->NumOfSettingIndex=768
07-18 10:47:34.569 D/US_ParametersController(  229): iNumOfSteeringAngle=3 iNumOfFocalPoint=1 iNumOfScanLine=256 iNumOfRxBeam_B=2
07-18 10:47:34.569 D/US_ScanProcessController(  229): SystemStatus =514  ProcessRequest=1024 iSystemMode=1
07-18 10:47:34.569 D/US_ScanProcessController(  229): iScanSequencyFrameSize=409344, AllocateFrameBuffer iUpdateFrameType=1 iFrameSize=137984
07-18 10:47:34.569 I/US_ScanProcessController(  229): MultiFrameReceiving EN : iBufferSize=136448, pRawFrame=0x7c714008, ReceiveRawFrame table=19
07-18 10:47:34.569 I/Timeline(  855): Timeline: Activity_idle id: android.os.BinderProxy@42469268 time:20306
07-18 10:47:34.579 D/US_ScanProcessController(  229): m_iReceivedBFrameSize=134912 134912, m_iReceivedColorFrameSize=0 0, m_iReceivedWaveFrameSize=0 0 (0, 0)
07-18 10:47:34.579 I/US_StoreController(  229): StoreFrameInMemory() m_pStorePara->iBStoreFrameIndex = 27, iCurrentCompoundIndex = 1, iCurrentENVIndex = 0, iScanLineNum = 256, iSampleNum = 527
07-18 10:47:34.579 D/US_ScanProcessController(  229): MultiFrameProcessing() send  condStartFrameProcessing (B), m_iSkipFocusIndex = 1, iCurrentFocusIndex = 1, m_iSkipCompoundIndex = 1, iCurrentCompoundIndex = 1
07-18 10:47:34.579 I/US_ScanProcessController(  229): MultiFrameReceiving EN : iBufferSize=136448, pRawFrame=0x7c714008, ReceiveRawFrame table=19
07-18 10:47:34.589 E/qdoverlay(  224): Bad ov dump:  mdp_overlay z=0 fg=0 alpha=255 mask=-1 flags=0x20000 id=16
07-18 10:47:34.589 E/qdoverlay(  224): src msmfb_img w=1408 h=768 format=13 MDP_RGBA_8888
07-18 10:47:34.589 E/qdoverlay(  224): src_rect mdp_rect x=0 y=0 w=1366 h=768
07-18 10:47:34.589 E/qdoverlay(  224): dst_rect mdp_rect x=0 y=0 w=1280 h=719
07-18 10:47:34.589 E/qdoverlay(  224): Bad ov dump:  mdp_overlay z=0 fg=0 alpha=255 mask=-1 flags=0x20000 id=16
07-18 10:47:34.589 E/qdoverlay(  224): src msmfb_img w=1408 h=768 format=13 MDP_RGBA_8888
07-18 10:47:34.589 E/qdoverlay(  224): src_rect mdp_rect x=0 y=0 w=1366 h=768
07-18 10:47:34.589 E/qdoverlay(  224): dst_rect mdp_rect x=0 y=0 w=1280 h=719
07-18 10:47:34.599 D/US_ScanProcessController(  229): m_iReceivedBFrameSize=134912 134912, m_iReceivedColorFrameSize=0 0, m_iReceivedWaveFrameSize=0 0 (0, 0)
07-18 10:47:34.599 I/US_StoreController(  229): StoreFrameInMemory() m_pStorePara->iBStoreFrameIndex = 28, iCurrentCompoundIndex = 2, iCurrentENVIndex = 0, iScanLineNum = 256, iSampleNum = 527
07-18 10:47:34.599 I/US_ScanProcessController(  229): MultiFrameReceiving EN : iBufferSize=136448, pRawFrame=0x7c714008, ReceiveRawFrame table=19
07-18 10:47:34.599 E/qdoverlay(  224): Bad ov dump:  mdp_overlay z=0 fg=0 alpha=255 mask=-1 flags=0x20000 id=16
07-18 10:47:34.599 E/qdoverlay(  224): src msmfb_img w=1408 h=768 format=13 MDP_RGBA_8888
07-18 10:47:34.599 E/qdoverlay(  224): src_rect mdp_rect x=0 y=0 w=1366 h=768
07-18 10:47:34.599 E/qdoverlay(  224): dst_rect mdp_rect x=0 y=0 w=1280 h=719
07-18 10:47:34.599 E/qdoverlay(  224): Bad ov dump:  mdp_overlay z=0 fg=0 alpha=255 mask=-1 flags=0x20000 id=16
07-18 10:47:34.599 E/qdoverlay(  224): src msmfb_img w=1408 h=768 format=13 MDP_RGBA_8888
07-18 10:47:34.599 E/qdoverlay(  224): src_rect mdp_rect x=0 y=0 w=1366 h=768
07-18 10:47:34.599 E/qdoverlay(  224): dst_rect mdp_rect x=0 y=0 w=1280 h=719
07-18 10:47:34.609 D/US_ScanProcessController(  229): m_iReceivedBFrameSize=134912 134912, m_iReceivedColorFrameSize=0 0, m_iReceivedWaveFrameSize=0 0 (0, 0)
07-18 10:47:34.609 I/US_StoreController(  229): StoreFrameInMemory() m_pStorePara->iBStoreFrameIndex = 29, iCurrentCompoundIndex = 3, iCurrentENVIndex = 0, iScanLineNum = 256, iSampleNum = 527
07-18 10:47:34.609 D/US_ScanProcessController(  229): iUpdateFrameType: 1: iReceivedFrameSize=409344 iReceivedScanLine=384
07-18 10:47:34.609 D/US_ParametersController(  229): UpdateEngineConfig, m_stEngineParameters.ModeConfig_SW->iStartLineNum_B=1 m_stEngineParameters.ModeConfig_SW->iEndLineNum_B=256 iLineDensity=1
07-18 10:47:34.609 D/US_ParametersController(  229): UpdateModeConfig, ModeConfig->NSI[Group_B]=5181 ModeConfig->MaxDepth[Group_B]=8744 ModeConfig->NumOfLineSample[Group_B]=1054
07-18 10:47:34.609 I/US_ParametersController(  229): ScanScheduling: iFrameType=1, b2DRefreash=0
07-18 10:47:34.609 D/US_ParametersController(  229): m_stEngineParameters.BeamformerConfig->NumOfSettingIndex=768
07-18 10:47:34.609 D/US_ParametersController(  229): iNumOfSteeringAngle=3 iNumOfFocalPoint=1 iNumOfScanLine=256 iNumOfRxBeam_B=2
07-18 10:47:34.619 D/US_ScanProcessController(  229): SystemStatus =514  ProcessRequest=1024 iSystemMode=1
07-18 10:47:34.619 D/US_ScanProcessController(  229): iScanSequencyFrameSize=409344, AllocateFrameBuffer iUpdateFrameType=1 iFrameSize=137984
07-18 10:47:34.619 I/US_ScanProcessController(  229): MultiFrameReceiving EN : iBufferSize=136448, pRawFrame=0x7c714008, ReceiveRawFrame table=19
07-18 10:47:34.619 E/qdoverlay(  224): Bad ov dump:  mdp_overlay z=0 fg=0 alpha=255 mask=-1 flags=0x20000 id=16
07-18 10:47:34.619 E/qdoverlay(  224): src msmfb_img w=1408 h=768 format=13 MDP_RGBA_8888
07-18 10:47:34.619 E/qdoverlay(  224): src_rect mdp_rect x=0 y=0 w=1366 h=768
07-18 10:47:34.619 E/qdoverlay(  224): dst_rect mdp_rect x=0 y=0 w=1280 h=719
07-18 10:47:34.619 E/qdoverlay(  224): Bad ov dump:  mdp_overlay z=0 fg=0 alpha=255 mask=-1 flags=0x20000 id=16
07-18 10:47:34.619 E/qdoverlay(  224): src msmfb_img w=1408 h=768 format=13 MDP_RGBA_8888
07-18 10:47:34.619 E/qdoverlay(  224): src_rect mdp_rect x=0 y=0 w=1366 h=768
07-18 10:47:34.619 E/qdoverlay(  224): dst_rect mdp_rect x=0 y=0 w=1280 h=719
07-18 10:47:34.629 D/US_ScanProcessController(  229): m_iReceivedBFrameSize=134912 134912, m_iReceivedColorFrameSize=0 0, m_iReceivedWaveFrameSize=0 0 (0, 0)
07-18 10:47:34.629 I/US_StoreController(  229): StoreFrameInMemory() m_pStorePara->iBStoreFrameIndex = 30, iCurrentCompoundIndex = 1, iCurrentENVIndex = 0, iScanLineNum = 256, iSampleNum = 527
07-18 10:47:34.629 D/US_ScanProcessController(  229): MultiFrameProcessing() send  condStartFrameProcessing (B), m_iSkipFocusIndex = 1, iCurrentFocusIndex = 1, m_iSkipCompoundIndex = 3, iCurrentCompoundIndex = 1
07-18 10:47:34.629 I/US_ScanProcessController(  229): MultiFrameReceiving EN : iBufferSize=136448, pRawFrame=0x7c714008, ReceiveRawFrame table=19
07-18 10:47:34.639 E/qdoverlay(  224): Bad ov dump:  mdp_overlay z=0 fg=0 alpha=255 mask=-1 flags=0x20000 id=16
07-18 10:47:34.639 E/qdoverlay(  224): src msmfb_img w=1408 h=768 format=13 MDP_RGBA_8888
07-18 10:47:34.639 E/qdoverlay(  224): src_rect mdp_rect x=0 y=0 w=1366 h=768
07-18 10:47:34.639 E/qdoverlay(  224): dst_rect mdp_rect x=0 y=0 w=1280 h=719
07-18 10:47:34.639 E/qdoverlay(  224): Bad ov dump:  mdp_overlay z=0 fg=0 alpha=255 mask=-1 flags=0x20000 id=16
07-18 10:47:34.639 E/qdoverlay(  224): src msmfb_img w=1408 h=768 format=13 MDP_RGBA_8888
07-18 10:47:34.639 E/qdoverlay(  224): src_rect mdp_rect x=0 y=0 w=1366 h=768
07-18 10:47:34.639 E/qdoverlay(  224): dst_rect mdp_rect x=0 y=0 w=1280 h=719
07-18 10:47:34.649 D/US_ScanProcessController(  229): m_iReceivedBFrameSize=134912 134912, m_iReceivedColorFrameSize=0 0, m_iReceivedWaveFrameSize=0 0 (0, 0)
07-18 10:47:34.649 I/US_StoreController(  229): StoreFrameInMemory() m_pStorePara->iBStoreFrameIndex = 31, iCurrentCompoundIndex = 2, iCurrentENVIndex = 0, iScanLineNum = 256, iSampleNum = 527
07-18 10:47:34.649 I/US_ScanProcessController(  229): MultiFrameReceiving EN : iBufferSize=136448, pRawFrame=0x7c714008, ReceiveRawFrame table=19
07-18 10:47:34.649 E/qdoverlay(  224): Bad ov dump:  mdp_overlay z=0 fg=0 alpha=255 mask=-1 flags=0x20000 id=16
07-18 10:47:34.649 E/qdoverlay(  224): src msmfb_img w=1408 h=768 format=13 MDP_RGBA_8888
07-18 10:47:34.649 E/qdoverlay(  224): src_rect mdp_rect x=0 y=0 w=1366 h=768
07-18 10:47:34.649 E/qdoverlay(  224): dst_rect mdp_rect x=0 y=0 w=1280 h=719
07-18 10:47:34.649 E/qdoverlay(  224): Bad ov dump:  mdp_overlay z=0 fg=0 alpha=255 mask=-1 flags=0x20000 id=16
07-18 10:47:34.649 E/qdoverlay(  224): src msmfb_img w=1408 h=768 format=13 MDP_RGBA_8888
07-18 10:47:34.649 E/qdoverlay(  224): src_rect mdp_rect x=0 y=0 w=1366 h=768
07-18 10:47:34.649 E/qdoverlay(  224): dst_rect mdp_rect x=0 y=0 w=1280 h=719
07-18 10:47:34.659 D/US_ScanProcessController(  229): m_iReceivedBFrameSize=134912 134912, m_iReceivedColorFrameSize=0 0, m_iReceivedWaveFrameSize=0 0 (0, 0)
07-18 10:47:34.659 I/US_StoreController(  229): StoreFrameInMemory() m_pStorePara->iBStoreFrameIndex = 32, iCurrentCompoundIndex = 3, iCurrentENVIndex = 0, iScanLineNum = 256, iSampleNum = 527
07-18 10:47:34.659 D/US_ScanProcessController(  229): MultiFrameProcessing() send  condStartFrameProcessing (B), m_iSkipFocusIndex = 1, iCurrentFocusIndex = 1, m_iSkipCompoundIndex = 2, iCurrentCompoundIndex = 3
07-18 10:47:34.659 D/US_ScanProcessController(  229): iUpdateFrameType: 1: iReceivedFrameSize=409344 iReceivedScanLine=384
07-18 10:47:34.659 D/US_ParametersController(  229): UpdateEngineConfig, m_stEngineParameters.ModeConfig_SW->iStartLineNum_B=1 m_stEngineParameters.ModeConfig_SW->iEndLineNum_B=256 iLineDensity=1
07-18 10:47:34.659 D/US_ParametersController(  229): UpdateModeConfig, ModeConfig->NSI[Group_B]=5181 ModeConfig->MaxDepth[Group_B]=8744 ModeConfig->NumOfLineSample[Group_B]=1054
07-18 10:47:34.659 I/US_ParametersController(  229): ScanScheduling: iFrameType=1, b2DRefreash=0
07-18 10:47:34.659 D/US_ParametersController(  229): m_stEngineParameters.BeamformerConfig->NumOfSettingIndex=768
07-18 10:47:34.659 D/US_ParametersController(  229): iNumOfSteeringAngle=3 iNumOfFocalPoint=1 iNumOfScanLine=256 iNumOfRxBeam_B=2
07-18 10:47:34.669 D/US_ScanProcessController(  229): SystemStatus =514  ProcessRequest=1024 iSystemMode=1
07-18 10:47:34.669 D/US_ScanProcessController(  229): iScanSequencyFrameSize=409344, AllocateFrameBuffer iUpdateFrameType=1 iFrameSize=137984
07-18 10:47:34.669 I/US_ScanProcessController(  229): MultiFrameReceiving EN : iBufferSize=136448, pRawFrame=0x7c714008, ReceiveRawFrame table=19
07-18 10:47:34.669 E/qdoverlay(  224): Bad ov dump:  mdp_overlay z=0 fg=0 alpha=255 mask=-1 flags=0x20000 id=16
07-18 10:47:34.669 E/qdoverlay(  224): src msmfb_img w=1408 h=768 format=13 MDP_RGBA_8888
07-18 10:47:34.669 E/qdoverlay(  224): src_rect mdp_rect x=0 y=0 w=1366 h=768
07-18 10:47:34.669 E/qdoverlay(  224): dst_rect mdp_rect x=0 y=0 w=1280 h=719
07-18 10:47:34.669 E/qdoverlay(  224): Bad ov dump:  mdp_overlay z=0 fg=0 alpha=255 mask=-1 flags=0x20000 id=16
07-18 10:47:34.669 E/qdoverlay(  224): src msmfb_img w=1408 h=768 format=13 MDP_RGBA_8888
07-18 10:47:34.669 E/qdoverlay(  224): src_rect mdp_rect x=0 y=0 w=1366 h=768
07-18 10:47:34.669 E/qdoverlay(  224): dst_rect mdp_rect x=0 y=0 w=1280 h=719
07-18 10:47:34.679 D/US_ScanProcessController(  229): m_iReceivedBFrameSize=134912 134912, m_iReceivedColorFrameSize=0 0, m_iReceivedWaveFrameSize=0 0 (0, 0)
07-18 10:47:34.679 I/US_StoreController(  229): StoreFrameInMemory() m_pStorePara->iBStoreFrameIndex = 33, iCurrentCompoundIndex = 1, iCurrentENVIndex = 0, iScanLineNum = 256, iSampleNum = 527
07-18 10:47:34.679 I/US_ScanProcessController(  229): MultiFrameReceiving EN : iBufferSize=136448, pRawFrame=0x7c714008, ReceiveRawFrame table=19
07-18 10:47:34.689 E/qdoverlay(  224): Bad ov dump:  mdp_overlay z=0 fg=0 alpha=255 mask=-1 flags=0x20000 id=16
07-18 10:47:34.689 E/qdoverlay(  224): src msmfb_img w=1408 h=768 format=13 MDP_RGBA_8888
07-18 10:47:34.689 E/qdoverlay(  224): src_rect mdp_rect x=0 y=0 w=1366 h=768
07-18 10:47:34.689 E/qdoverlay(  224): dst_rect mdp_rect x=0 y=0 w=1280 h=719
07-18 10:47:34.689 E/qdoverlay(  224): Bad ov dump:  mdp_overlay z=0 fg=0 alpha=255 mask=-1 flags=0x20000 id=16
07-18 10:47:34.689 E/qdoverlay(  224): src msmfb_img w=1408 h=768 format=13 MDP_RGBA_8888
07-18 10:47:34.689 E/qdoverlay(  224): src_rect mdp_rect x=0 y=0 w=1366 h=768
07-18 10:47:34.689 E/qdoverlay(  224): dst_rect mdp_rect x=0 y=0 w=1280 h=719
07-18 10:47:34.699 D/US_ScanProcessController(  229): m_iReceivedBFrameSize=134912 134912, m_iReceivedColorFrameSize=0 0, m_iReceivedWaveFrameSize=0 0 (0, 0)
07-18 10:47:34.699 I/US_StoreController(  229): StoreFrameInMemory() m_pStorePara->iBStoreFrameIndex = 34, iCurrentCompoundIndex = 2, iCurrentENVIndex = 0, iScanLineNum = 256, iSampleNum = 527
07-18 10:47:34.699 D/US_ScanProcessController(  229): MultiFrameProcessing() send  condStartFrameProcessing (B), m_iSkipFocusIndex = 1, iCurrentFocusIndex = 1, m_iSkipCompoundIndex = 1, iCurrentCompoundIndex = 2
07-18 10:47:34.699 I/US_ScanProcessController(  229): MultiFrameReceiving EN : iBufferSize=136448, pRawFrame=0x7c714008, ReceiveRawFrame table=19
07-18 10:47:34.699 E/qdoverlay(  224): Bad ov dump:  mdp_overlay z=0 fg=0 alpha=255 mask=-1 flags=0x20000 id=16
07-18 10:47:34.699 E/qdoverlay(  224): src msmfb_img w=1408 h=768 format=13 MDP_RGBA_8888
07-18 10:47:34.699 E/qdoverlay(  224): src_rect mdp_rect x=0 y=0 w=1366 h=768
07-18 10:47:34.699 E/qdoverlay(  224): dst_rect mdp_rect x=0 y=0 w=1280 h=719
07-18 10:47:34.699 E/qdoverlay(  224): Bad ov dump:  mdp_overlay z=0 fg=0 alpha=255 mask=-1 flags=0x20000 id=16
07-18 10:47:34.699 E/qdoverlay(  224): src msmfb_img w=1408 h=768 format=13 MDP_RGBA_8888
07-18 10:47:34.699 E/qdoverlay(  224): src_rect mdp_rect x=0 y=0 w=1366 h=768
07-18 10:47:34.699 E/qdoverlay(  224): dst_rect mdp_rect x=0 y=0 w=1280 h=719
07-18 10:47:34.709 D/US_ScanProcessController(  229): m_iReceivedBFrameSize=134912 134912, m_iReceivedColorFrameSize=0 0, m_iReceivedWaveFrameSize=0 0 (0, 0)
07-18 10:47:34.709 I/US_StoreController(  229): StoreFrameInMemory() m_pStorePara->iBStoreFrameIndex = 35, iCurrentCompoundIndex = 3, iCurrentENVIndex = 0, iScanLineNum = 256, iSampleNum = 527
07-18 10:47:34.709 D/US_ScanProcessController(  229): iUpdateFrameType: 1: iReceivedFrameSize=409344 iReceivedScanLine=384
07-18 10:47:34.709 D/US_ParametersController(  229): UpdateEngineConfig, m_stEngineParameters.ModeConfig_SW->iStartLineNum_B=1 m_stEngineParameters.ModeConfig_SW->iEndLineNum_B=256 iLineDensity=1
07-18 10:47:34.709 D/US_ParametersController(  229): UpdateModeConfig, ModeConfig->NSI[Group_B]=5181 ModeConfig->MaxDepth[Group_B]=8744 ModeConfig->NumOfLineSample[Group_B]=1054
07-18 10:47:34.709 I/US_ParametersController(  229): ScanScheduling: iFrameType=1, b2DRefreash=0
07-18 10:47:34.709 D/US_ParametersController(  229): m_stEngineParameters.BeamformerConfig->NumOfSettingIndex=768
07-18 10:47:34.709 D/US_ParametersController(  229): iNumOfSteeringAngle=3 iNumOfFocalPoint=1 iNumOfScanLine=256 iNumOfRxBeam_B=2
07-18 10:47:34.719 E/qdoverlay(  224): Bad ov dump:  mdp_overlay z=0 fg=0 alpha=255 mask=-1 flags=0x20000 id=16
07-18 10:47:34.719 E/qdoverlay(  224): src msmfb_img w=1408 h=768 format=13 MDP_RGBA_8888
07-18 10:47:34.719 E/qdoverlay(  224): src_rect mdp_rect x=0 y=0 w=1366 h=768
07-18 10:47:34.719 E/qdoverlay(  224): dst_rect mdp_rect x=0 y=0 w=1280 h=719
07-18 10:47:34.719 E/qdoverlay(  224): Bad ov dump:  mdp_overlay z=0 fg=0 alpha=255 mask=-1 flags=0x20000 id=16
07-18 10:47:34.719 E/qdoverlay(  224): src msmfb_img w=1408 h=768 format=13 MDP_RGBA_8888
07-18 10:47:34.719 E/qdoverlay(  224): src_rect mdp_rect x=0 y=0 w=1366 h=768
07-18 10:47:34.719 E/qdoverlay(  224): dst_rect mdp_rect x=0 y=0 w=1280 h=719
07-18 10:47:34.719 D/US_ScanProcessController(  229): SystemStatus =514  ProcessRequest=1024 iSystemMode=1
07-18 10:47:34.719 D/US_ScanProcessController(  229): iScanSequencyFrameSize=409344, AllocateFrameBuffer iUpdateFrameType=1 iFrameSize=137984
07-18 10:47:34.719 I/US_ScanProcessController(  229): MultiFrameReceiving EN : iBufferSize=136448, pRawFrame=0x7c714008, ReceiveRawFrame table=19
07-18 10:47:34.729 D/US_ScanProcessController(  229): m_iReceivedBFrameSize=134912 134912, m_iReceivedColorFrameSize=0 0, m_iReceivedWaveFrameSize=0 0 (0, 0)
07-18 10:47:34.729 I/US_StoreController(  229): StoreFrameInMemory() m_pStorePara->iBStoreFrameIndex = 36, iCurrentCompoundIndex = 1, iCurrentENVIndex = 0, iScanLineNum = 256, iSampleNum = 527
07-18 10:47:34.729 D/US_ScanProcessController(  229): MultiFrameProcessing() send  condStartFrameProcessing (B), m_iSkipFocusIndex = 1, iCurrentFocusIndex = 1, m_iSkipCompoundIndex = 3, iCurrentCompoundIndex = 1
07-18 10:47:34.729 I/US_ScanProcessController(  229): MultiFrameReceiving EN : iBufferSize=136448, pRawFrame=0x7c714008, ReceiveRawFrame table=19
07-18 10:47:34.739 E/qdoverlay(  224): Bad ov dump:  mdp_overlay z=0 fg=0 alpha=255 mask=-1 flags=0x20000 id=16
07-18 10:47:34.739 E/qdoverlay(  224): src msmfb_img w=1408 h=768 format=13 MDP_RGBA_8888
07-18 10:47:34.739 E/qdoverlay(  224): src_rect mdp_rect x=0 y=0 w=1366 h=768
07-18 10:47:34.739 E/qdoverlay(  224): dst_rect mdp_rect x=0 y=0 w=1280 h=719
07-18 10:47:34.739 E/qdoverlay(  224): Bad ov dump:  mdp_overlay z=0 fg=0 alpha=255 mask=-1 flags=0x20000 id=16
07-18 10:47:34.739 E/qdoverlay(  224): src msmfb_img w=1408 h=768 format=13 MDP_RGBA_8888
07-18 10:47:34.739 E/qdoverlay(  224): src_rect mdp_rect x=0 y=0 w=1366 h=768
07-18 10:47:34.739 E/qdoverlay(  224): dst_rect mdp_rect x=0 y=0 w=1280 h=719
